Microchip MPLAB XC8 Compiler V2.40

Linker command line:

-W5 \
  --edf=C:/Users/LPC-user/.mchp_packs/Microchip/PIC18F-J_DFP/1.7.159/xc8\pic\dat\20230817221043_en.msgs \
  -cn -h+dist/default/production\battery-tester.X.production.sym \
  --cmf=dist/default/production\battery-tester.X.production.cmf -z \
  -Q18F67J50 -oC:\Users\LPC-user\AppData\Local\Temp\xcAsh8.4 \
  --defsym=__MPLAB_BUILD=1 --fixupoverflow=error \
  -Mdist/default/production/battery-tester.X.production.map \
  --md=C:\Users\LPC-user\AppData\Local\Temp\xcAsh8.dat -E1 \
  -ver=XC8 Compiler --acfsm=1493 -ACODE=00h-01FFF7h -ACONST=00h-01FFF7h \
  -ASMALLCONST=01000h-010FFhx495,01FF00h-01FFF7h \
  -AMEDIUMCONST=01000h-0FFFFh,011000h-01FFF7h -ACOMRAM=01h-05Fh \
  -AABS1=00h-0F3Fh -ABIGRAM=01h-0F3Fh \
  -ARAM=060h-0FFh,0100h-01FFhx14,0F00h-0F3Fh -ABANK0=060h-0FFh \
  -ABANK1=0100h-01FFh -ABANK2=0200h-02FFh -ABANK3=0300h-03FFh \
  -ABANK4=0400h-04FFh -ABANK5=0500h-05FFh -ABANK6=0600h-06FFh \
  -ABANK7=0700h-07FFh -ABANK8=0800h-08FFh -ABANK9=0900h-09FFh \
  -ABANK10=0A00h-0AFFh -ABANK11=0B00h-0BFFh -ABANK12=0C00h-0CFFh \
  -ABANK13=0D00h-0DFFh -ABANK14=0E00h-0EFFh -ABANK15=0F00h-0F3Fh \
  -ASFR=0F40h-0F5Fh,0F60h-0FFFh -ABIGSFR=0F40h-0FFFh \
  -ACONFIG=01FFF8h-01FFFDh \
  -preset_vec=00h,intcode=08h,intcodelo,powerup,init -pramtop=01000h \
  -psmallconst=SMALLCONST -pmediumconst=MEDIUMCONST -pconst=CONST \
  -AFARRAM=00h-00h -pjflash_buffer=01F800h \
  -prdata=COMRAM,nvrram=COMRAM,nvbit=COMRAM,rbss=COMRAM,rbit=COMRAM \
  -pfarbss=FARRAM,fardata=FARRAM,nvFARRAM=FARRAM \
  -pintsave_regs=BIGRAM,bigbss=BIGRAM,bigdata=BIGRAM -pbss=RAM \
  -pidata=CODE,irdata=CODE,ibigdata=CODE,ifardata=CODE -prparam=COMRAM \
  C:\Users\LPC-user\AppData\Local\Temp\xcAsh8.o \
  dist/default/production\battery-tester.X.production.o 

Object code version is 3.11

Machine type is 18F67J50



                Name                               Link     Load   Length Selector   Space Scale
C:\Users\LPC-user\AppData\Local\Temp\xcAsh8.o
                config                            1FFF8    1FFF8        6        0       4
                init                                 60       60        4        4       0
                reset_vec                             0        0        4        0       0
dist/default/production\battery-tester.X.production.o
                intcode                               8        8       58        4       0
                config                            1FFF8    1FFF8        6        0       4
                temp                                 5F       5F        1        1       1
                mediumconst                        C962     C962     369E     64B1       0
                text102                           14F86    14F86      1C2     8000       0
                text101                           185B6    185B6       18     8000       0
                text100                           18584    18584       1A     8000       0
                text99                            186A2    186A2       10     8000       0
                text98                            18680    18680       12     8000       0
                text97                            173B2    173B2       B8     8000       0
                text96                            1830C    1830C       3E     8000       0
                text95                            17FBC    17FBC       5A     8000       0
                text94                            18386    18386       3C     8000       0
                text93                            17BC0    17BC0       88     8000       0
                text92                            152E2    152E2      182     8000       0
                text91                            18648    18648       14     8000       0
                text90                            18434    18434       38     8000       0
                text89                            18166    18166       50     8000       0
                text88                            18634    18634       14     8000       0
                text87                            18620    18620       14     8000       0
                text86                            1860C    1860C       14     8000       0
                text85                            185F8    185F8       14     8000       0
                text84                            185E4    185E4       14     8000       0
                text83                            17F60    17F60       5C     8000       0
                text82                            17DB8    17DB8       74     8000       0
                text81                            13F4E    13F4E      420     8000       0
                text80                            184A0    184A0       32     8000       0
                text79                            17D42    17D42       76     8000       0
                text78                            17868    17868       9A     8000       0
                text77                            172EE    172EE       C4     8000       0
                text76                            183C2    183C2       3A     8000       0
                text75                            17F00    17F00       60     8000       0
                text74                            1846C    1846C       34     8000       0
                text73                            17C48    17C48       82     8000       0
                text72                            181B6    181B6       48     8000       0
                text71                            1468C    1468C      270     8000       0
                text70                            183FC    183FC       38     8000       0
                text69                            17A24    17A24       8C     8000       0
                text68                            1856A    1856A       1A     8000       0
                text67                            184FE    184FE       26     8000       0
                text66                            13608    13608      4C8     8000       0
                text65                            17902    17902       92     8000       0
                text64                            17994    17994       90     8000       0
                text63                            15464    15464      174     8000       0
                text62                            14B44    14B44      248     8000       0
                text61                            13AD0    13AD0      47E     8000       0
                text60                            148FC    148FC      248     8000       0
                text59                            184D2    184D2       2C     8000       0
                text58                            181FE    181FE       46     8000       0
                text57                            155D8    155D8      15E     8000       0
                text56                            16DE0    16DE0       F0     8000       0
                text55                            17154    17154       D0     8000       0
                text54                            185CE    185CE       16     8000       0
                text53                            186C0    186C0        A     8000       0
                text52                            17224    17224       CA     8000       0
                text51                            18288    18288       44     8000       0
                text50                            17672    17672       AA     8000       0
                text49                            14D8C    14D8C      1FA     8000       0
                text48                            1436E    1436E      31E     8000       0
                text47                            18114    18114       52     8000       0
                text46                            180C2    180C2       52     8000       0
                text45                            167BA    167BA      10A     8000       0
                text44                            16578    16578      138     8000       0
                text43                            16440    16440      138     8000       0
                text42                            16BDC    16BDC      106     8000       0
                text41                            182CC    182CC       40     8000       0
                text40                            18524    18524       24     8000       0
                text39                            1771C    1771C       A8     8000       0
                text38                            17E9C    17E9C       64     8000       0
                text37                            162FA    162FA      146     8000       0
                text36                            161B4    161B4      146     8000       0
                text35                            16AD4    16AD4      108     8000       0
                text34                            1606E    1606E      146     8000       0
                text33                            175C6    175C6       AC     8000       0
                text32                            15F28    15F28      146     8000       0
                text31                            166B0    166B0      10A     8000       0
                text30                            17B38    17B38       88     8000       0
                text29                            169CC    169CC      108     8000       0
                text28                            159DE    159DE      154     8000       0
                text27                            168C4    168C4      108     8000       0
                text26                            15DD6    15DD6      152     8000       0
                text25                            1751A    1751A       AC     8000       0
                text24                            1588A    1588A      154     8000       0
                text23                            15736    15736      154     8000       0
                text22                            15C84    15C84      152     8000       0
                text21                            15B32    15B32      152     8000       0
                text20                            17080    17080       D4     8000       0
                text19                            15148    15148      19A     8000       0
                text18                            1806C    1806C       56     8000       0
                text17                            18016    18016       56     8000       0
                text16                            18244    18244       44     8000       0
                text15                            177C4    177C4       A4     8000       0
                text14                            17AB0    17AB0       88     8000       0
                text13                            16CE2    16CE2       FE     8000       0
                text12                            16FAC    16FAC       D4     8000       0
                text11                            1746A    1746A       B0     8000       0
                text10                            16ED0    16ED0       DC     8000       0
                text9                             10000    10000     3608     8000       0
                text8                             1866E    1866E       12     8000       0
                text7                             186B2    186B2        E     8000       0
                text6                             186D2    186D2        6     8000       0
                text5                             1865C    1865C       12     8000       0
                text4                             186CA    186CA        8     8000       0
                text3                             18692    18692       10     8000       0
                text2                             1859E    1859E       18     8000       0
                text1                             18548    18548       22     8000       0
                text0                             17CCA    17CCA       78     8000       0
                cstackCOMRAM                          1        1       5D        1       1
                cstackBANK0                          60       60       7D       60       1
                bssBIGRAM                           16C      16C      400      16C       1
                dataBANK1                           100      100       3C      100       1
                bssBANK1                            13C      13C       30      100       1
                dataBANK0                            F6       F6        2       60       1
                bssBANK0                             DD       DD       19       60       1
                bssCOMRAM                            5E       5E        1        1       1
                cinit                             17E2C    17E2C       70     8000       0
                idataBANK1                        1834A    1834A       3C     8000       0
                idataBANK0                        186D8    186D8        2     8000       0

TOTAL           Name                               Link     Load   Length     Space
        CLASS   CODE           
                intcode                               8        8       58         0
                init                                 60       60        4         0
                reset_vec                             0        0        4         0
                text102                           14F86    14F86      1C2         0
                text101                           185B6    185B6       18         0
                text100                           18584    18584       1A         0
                text99                            186A2    186A2       10         0
                text98                            18680    18680       12         0
                text97                            173B2    173B2       B8         0
                text96                            1830C    1830C       3E         0
                text95                            17FBC    17FBC       5A         0
                text94                            18386    18386       3C         0
                text93                            17BC0    17BC0       88         0
                text92                            152E2    152E2      182         0
                text91                            18648    18648       14         0
                text90                            18434    18434       38         0
                text89                            18166    18166       50         0
                text88                            18634    18634       14         0
                text87                            18620    18620       14         0
                text86                            1860C    1860C       14         0
                text85                            185F8    185F8       14         0
                text84                            185E4    185E4       14         0
                text83                            17F60    17F60       5C         0
                text82                            17DB8    17DB8       74         0
                text81                            13F4E    13F4E      420         0
                text80                            184A0    184A0       32         0
                text79                            17D42    17D42       76         0
                text78                            17868    17868       9A         0
                text77                            172EE    172EE       C4         0
                text76                            183C2    183C2       3A         0
                text75                            17F00    17F00       60         0
                text74                            1846C    1846C       34         0
                text73                            17C48    17C48       82         0
                text72                            181B6    181B6       48         0
                text71                            1468C    1468C      270         0
                text70                            183FC    183FC       38         0
                text69                            17A24    17A24       8C         0
                text68                            1856A    1856A       1A         0
                text67                            184FE    184FE       26         0
                text66                            13608    13608      4C8         0
                text65                            17902    17902       92         0
                text64                            17994    17994       90         0
                text63                            15464    15464      174         0
                text62                            14B44    14B44      248         0
                text61                            13AD0    13AD0      47E         0
                text60                            148FC    148FC      248         0
                text59                            184D2    184D2       2C         0
                text58                            181FE    181FE       46         0
                text57                            155D8    155D8      15E         0
                text56                            16DE0    16DE0       F0         0
                text55                            17154    17154       D0         0
                text54                            185CE    185CE       16         0
                text53                            186C0    186C0        A         0
                text52                            17224    17224       CA         0
                text51                            18288    18288       44         0
                text50                            17672    17672       AA         0
                text49                            14D8C    14D8C      1FA         0
                text48                            1436E    1436E      31E         0
                text47                            18114    18114       52         0
                text46                            180C2    180C2       52         0
                text45                            167BA    167BA      10A         0
                text44                            16578    16578      138         0
                text43                            16440    16440      138         0
                text42                            16BDC    16BDC      106         0
                text41                            182CC    182CC       40         0
                text40                            18524    18524       24         0
                text39                            1771C    1771C       A8         0
                text38                            17E9C    17E9C       64         0
                text37                            162FA    162FA      146         0
                text36                            161B4    161B4      146         0
                text35                            16AD4    16AD4      108         0
                text34                            1606E    1606E      146         0
                text33                            175C6    175C6       AC         0
                text32                            15F28    15F28      146         0
                text31                            166B0    166B0      10A         0
                text30                            17B38    17B38       88         0
                text29                            169CC    169CC      108         0
                text28                            159DE    159DE      154         0
                text27                            168C4    168C4      108         0
                text26                            15DD6    15DD6      152         0
                text25                            1751A    1751A       AC         0
                text24                            1588A    1588A      154         0
                text23                            15736    15736      154         0
                text22                            15C84    15C84      152         0
                text21                            15B32    15B32      152         0
                text20                            17080    17080       D4         0
                text19                            15148    15148      19A         0
                text18                            1806C    1806C       56         0
                text17                            18016    18016       56         0
                text16                            18244    18244       44         0
                text15                            177C4    177C4       A4         0
                text14                            17AB0    17AB0       88         0
                text13                            16CE2    16CE2       FE         0
                text12                            16FAC    16FAC       D4         0
                text11                            1746A    1746A       B0         0
                text10                            16ED0    16ED0       DC         0
                text9                             10000    10000     3608         0
                text8                             1866E    1866E       12         0
                text7                             186B2    186B2        E         0
                text6                             186D2    186D2        6         0
                text5                             1865C    1865C       12         0
                text4                             186CA    186CA        8         0
                text3                             18692    18692       10         0
                text2                             1859E    1859E       18         0
                text1                             18548    18548       22         0
                text0                             17CCA    17CCA       78         0
                cinit                             17E2C    17E2C       70         0
                idataBANK1                        1834A    1834A       3C         0
                idataBANK0                        186D8    186D8        2         0

        CLASS   CONST          

        CLASS   SMALLCONST     

        CLASS   MEDIUMCONST    
                mediumconst                        C962     C962     369E         0

        CLASS   COMRAM         
                temp                                 5F       5F        1         1
                cstackCOMRAM                          1        1       5D         1
                bssCOMRAM                            5E       5E        1         1

        CLASS   ABS1           

        CLASS   BIGRAM         
                bssBIGRAM                           16C      16C      400         1

        CLASS   RAM            

        CLASS   BANK0          
                cstackBANK0                          60       60       7D         1
                dataBANK0                            F6       F6        2         1
                bssBANK0                             DD       DD       19         1

        CLASS   BANK1          
                dataBANK1                           100      100       3C         1
                bssBANK1                            13C      13C       30         1

        CLASS   BANK2          

        CLASS   BANK3          

        CLASS   BANK4          

        CLASS   BANK5          

        CLASS   BANK6          

        CLASS   BANK7          

        CLASS   BANK8          

        CLASS   BANK9          

        CLASS   BANK10         

        CLASS   BANK11         

        CLASS   BANK12         

        CLASS   BANK13         

        CLASS   BANK14         

        CLASS   BANK15         

        CLASS   SFR            

        CLASS   BIGSFR         

        CLASS   CONFIG         
                config                            1FFF8    1FFF8        6         4

        CLASS   FARRAM         

        CLASS   HEAP           

        CLASS   STACK          

        CLASS   IDLOC          



SEGMENTS        Name                           Load    Length   Top    Selector   Space  Class

                reset_vec                      000000  000004  000004         0       0  CODE    
                cstackCOMRAM                   000001  00005F  000060         1       1  COMRAM  
                intcode                        000008  00005C  000064         4       0  CODE    
                cstackBANK0                    000060  000098  0000F8        60       1  BANK0   
                dataBANK1                      000100  00006C  00016C       100       1  BANK1   
                bssBIGRAM                      00016C  000400  00056C       16C       1  BIGRAM  
                mediumconst                    00C962  00369E  010000      64B1       0  MEDIUMCO
                text9                          010000  0086DA  0186DA      8000       0  CODE    


UNUSED ADDRESS RANGES

        Name                Unused          Largest block    Delta
        BANK0            000F8-000FF               8
        BANK10           00A00-00AFF             100
        BANK11           00B00-00BFF             100
        BANK12           00C00-00CFF             100
        BANK13           00D00-00DFF             100
        BANK14           00E00-00EFF             100
        BANK15           00F00-00F3F              40
        BANK5            0056C-005FF              94
        BANK6            00600-006FF             100
        BANK7            00700-007FF             100
        BANK8            00800-008FF             100
        BANK9            00900-009FF             100
        BIGRAM           000F8-000FF               8
                         0056C-00F3F             9D4
        BIGSFR           00F40-00FFF              C0
        CODE             00004-00007               4
                         00064-0C961            C8FE
                         186DA-1FFF7            791E
        CONST            00004-00007               4
                         00064-0C961            C8FE
                         186DA-1FFF7            791E
        MEDIUMCONST      01000-0C961            B962
                         186DA-1FFF7            791E
        RAM              000F8-000FF               8
                         0056C-00F3F             100
        SFR              00F40-00FFF              20
        SMALLCONST       01000-0C961             100
                         186DA-1FFF7             100

                                  Symbol Table

?___awdiv                                cstackCOMRAM  00001
?___lldiv                                cstackCOMRAM  0000A
?___llmod                                cstackCOMRAM  00001
?___lodiv                                cstackCOMRAM  00001
?___lomod                                cstackCOMRAM  00001
?___lwdiv                                cstackCOMRAM  00001
?___lwmod                                cstackCOMRAM  00001
?___wmul                                 cstackCOMRAM  00001
?_atoi                                   cstackCOMRAM  00007
?_isdigit                                cstackCOMRAM  00001
?_isspace                                cstackCOMRAM  00001
?_sprintf                                cstackBANK0   00060
?_vfprintf                               cstackCOMRAM  00054
Button_EventGet@key                      cstackCOMRAM  00003
Button_Init@i                            cstackCOMRAM  0000F
Button_Update@key                        cstackCOMRAM  00013
Button_Update@now_pressed                cstackCOMRAM  00012
CapacitanceDisplay@bat_param             cstackBANK0   00079
CellCount@bat_param                      cstackBANK0   00079
CellCount@set_mode                       cstackBANK0   0007B
ChargerMode@bat_param                    cstackCOMRAM  00022
ChargerMode@set_mode                     cstackCOMRAM  00024
ChemistryDisplay@bat_param               cstackCOMRAM  00022
ChemistryDisplay@set_mode                cstackCOMRAM  00024
CurrentDisplay@bat_param                 cstackBANK0   00079
CycleDisplay@bat_param                   cstackBANK0   00079
CycleSet@bat_param                       cstackBANK0   00079
CycleSet@set_mode                        cstackBANK0   0007B
GLCD_BufferRead@X                        cstackCOMRAM  00005
GLCD_BufferRead@Y                        cstackCOMRAM  00001
GLCD_BufferWrite@Data                    cstackCOMRAM  00002
GLCD_BufferWrite@X                       cstackCOMRAM  00006
GLCD_BufferWrite@Y                       cstackCOMRAM  00001
GLCD_DrawHLine@Color                     cstackCOMRAM  0000F
GLCD_DrawHLine@X1                        cstackCOMRAM  00011
GLCD_DrawHLine@X2                        cstackCOMRAM  0000D
GLCD_DrawHLine@Y                         cstackCOMRAM  0000E
GLCD_DrawHLine@t                         cstackCOMRAM  00010
GLCD_DrawRectangle@Color                 cstackCOMRAM  00024
GLCD_DrawRectangle@X1                    cstackCOMRAM  00025
GLCD_DrawRectangle@X2                    cstackCOMRAM  00022
GLCD_DrawRectangle@Y1                    cstackCOMRAM  00021
GLCD_DrawRectangle@Y2                    cstackCOMRAM  00023
GLCD_DrawVLine@Color                     cstackCOMRAM  0001E
GLCD_DrawVLine@X                         cstackCOMRAM  0001D
GLCD_DrawVLine@Y1                        cstackCOMRAM  00020
GLCD_DrawVLine@Y2                        cstackCOMRAM  0001C
GLCD_DrawVLine@t                         cstackCOMRAM  0001F
GLCD_FillRectangle@Color                 cstackCOMRAM  0001F
GLCD_FillRectangle@X1                    cstackCOMRAM  00020
GLCD_FillRectangle@X2                    cstackCOMRAM  0001D
GLCD_FillRectangle@Y1                    cstackCOMRAM  0001C
GLCD_FillRectangle@Y2                    cstackCOMRAM  0001E
GLCD_FillScreen@Color                    cstackCOMRAM  00007
GLCD_FillScreen@i                        cstackCOMRAM  00008
GLCD_FillScreen@j                        cstackCOMRAM  00009
GLCD_GotoX@X                             cstackCOMRAM  00001
GLCD_GotoXY@X                            cstackCOMRAM  00003
GLCD_GotoXY@Y                            cstackCOMRAM  00002
GLCD_GotoY@Y                             cstackCOMRAM  00001
GLCD_PrintChar@Character                 cstackCOMRAM  0000F
GLCD_PrintChar@data                      cstackCOMRAM  0001D
GLCD_PrintChar@data_next                 cstackCOMRAM  00012
GLCD_PrintChar@fontRead                  cstackCOMRAM  00018
GLCD_PrintChar@fontStart                 cstackCOMRAM  00014
GLCD_PrintChar@i                         cstackCOMRAM  0001B
GLCD_PrintChar@j                         cstackCOMRAM  0001C
GLCD_PrintChar@lines                     cstackCOMRAM  00017
GLCD_PrintChar@overflow                  cstackCOMRAM  0001A
GLCD_PrintChar@width                     cstackCOMRAM  00016
GLCD_PrintChar@x                         cstackCOMRAM  00013
GLCD_PrintChar@y                         cstackCOMRAM  00011
GLCD_PrintChar@y2                        cstackCOMRAM  00010
GLCD_PrintString@Text                    cstackCOMRAM  0001E
GLCD_Render@i                            cstackCOMRAM  00016
GLCD_Render@j                            cstackCOMRAM  00015
GLCD_SelectChip@Chip                     cstackCOMRAM  00001
GLCD_SelectChip@off                      cstackCOMRAM  00002
GLCD_Send@Data                           cstackCOMRAM  00001
GLCD_SendCommand@Chip                    cstackCOMRAM  00006
GLCD_SendCommand@Command                 cstackCOMRAM  00007
GLCD_SendData@Chip                       cstackCOMRAM  0000F
GLCD_SendData@Data                       cstackCOMRAM  00014
GLCD_SetFont@Height                      cstackCOMRAM  0000C
GLCD_SetFont@Invert                      cstackCOMRAM  0000E
GLCD_SetFont@Mode                        cstackCOMRAM  0000D
GLCD_SetFont@Name                        cstackCOMRAM  00009
GLCD_SetFont@Width                       cstackCOMRAM  0000B
GLCD_SetPixel@Color                      cstackCOMRAM  00008
GLCD_SetPixel@X                          cstackCOMRAM  0000B
GLCD_SetPixel@Y                          cstackCOMRAM  00007
GLCD_SetPixel@data                       cstackCOMRAM  0000C
GLCD_SetPixels@Color                     cstackCOMRAM  0000A
GLCD_SetPixels@X1                        cstackCOMRAM  00018
GLCD_SetPixels@X2                        cstackCOMRAM  00008
GLCD_SetPixels@Y1                        cstackCOMRAM  00007
GLCD_SetPixels@Y2                        cstackCOMRAM  00009
GLCD_SetPixels@data                      cstackCOMRAM  0001B
GLCD_SetPixels@h                         cstackCOMRAM  00015
GLCD_SetPixels@height                    cstackCOMRAM  0001A
GLCD_SetPixels@i                         cstackCOMRAM  00017
GLCD_SetPixels@mask                      cstackCOMRAM  00019
GLCD_SetPixels@offset                    cstackCOMRAM  00016
GLCD_SetPixels@width                     cstackCOMRAM  00014
GLCD_WaitBusy@Chip                       cstackCOMRAM  00004
GLCD_WaitBusy@status                     cstackCOMRAM  00005
Handle_Main_MenuNavigation@option        cstackCOMRAM  00026
Handle_Setting1_MenuNavigation@option    cstackCOMRAM  00026
Handle_Setting23_MenuNavigation@option   cstackCOMRAM  00026
Handle_Setting5_MenuNavigation@option    cstackCOMRAM  00026
ISR@counter_second                       bssBANK0      000EB
InitBattParameters@bat_param             cstackCOMRAM  00001
Menu@bat_param                           cstackBANK0   0007E
Menu@menu_change                         dataBANK0     000F7
Menu@menu_init                           bssBANK0      000F3
Menu@menu_pos                            bssBANK0      000F2
Menu@menu_selection                      bssBANK0      000F4
Menu@menu_type                           bssBANK0      000F5
Menu@param_pos                           dataBANK0     000F6
Menu@switch_param                        bssBANK0      000F1
Menu@val                                 cstackBANK0   00084
MinimumDischargeVoltage@bat_param        cstackBANK0   00079
MinimumDischargeVoltage@set_mode         cstackBANK0   0007B
Options1_Menu@bat_param                  cstackBANK0   0007C
Options2_Menu@bat_param                  cstackBANK0   0007C
Options3_Menu@bat_param                  cstackBANK0   0007C
Options4_Menu@bat_param                  cstackBANK0   0007C
Options5_Menu@bat_param                  cstackBANK0   0007C
SPI_Exchange@data                        cstackCOMRAM  00001
SetCellVotage@bat_param                  cstackBANK0   00079
SetCellVotage@set_mode                   cstackBANK0   0007B
SetChargingCurrent_1@bat_param           cstackBANK0   00079
SetChargingCurrent_1@set_mode            cstackBANK0   0007B
SetChargingCurrent_2@bat_param           cstackBANK0   00079
SetChargingCurrent_2@set_mode            cstackBANK0   0007B
SetChargingCurrent_3@bat_param           cstackBANK0   00079
SetChargingCurrent_3@set_mode            cstackBANK0   0007B
SetChargingCurrent_4@bat_param           cstackBANK0   00079
SetChargingCurrent_4@set_mode            cstackBANK0   0007B
SetDischargingCurrent_1@bat_param        cstackBANK0   00079
SetDischargingCurrent_1@set_mode         cstackBANK0   0007B
SetDischargingCurrent_2@bat_param        cstackBANK0   00079
SetDischargingCurrent_2@set_mode         cstackBANK0   0007B
SetDischargingCurrent_3@bat_param        cstackBANK0   00079
SetDischargingCurrent_3@set_mode         cstackBANK0   0007B
SetDischargingCurrent_4@bat_param        cstackBANK0   00079
SetDischargingCurrent_4@set_mode         cstackBANK0   0007B
SetMaxTime@bat_param                     cstackBANK0   00079
SetMaxTime@set_mode                      cstackBANK0   0007B
SetTemp@bat_param                        cstackBANK0   00079
SetTemp@set_mode                         cstackBANK0   0007B
SingleBat_Menu@bat_param                 cstackBANK0   0007B
TempDisplay@bat_param                    cstackBANK0   00079
TimeDisplay@bat_param                    cstackBANK0   00079
TrickleCurrent@bat_param                 cstackBANK0   00079
TrickleCurrent@set_mode                  cstackBANK0   0007B
TrickleVoltage@bat_param                 cstackBANK0   00079
TrickleVoltage@set_mode                  cstackBANK0   0007B
TwoBatMenu@F6069                         mediumconst   0C982
TwoBatMenu@F6071                         mediumconst   0C978
TwoBatMenu@F6073                         mediumconst   0C963
TwoBatMenu@F6075                         mediumconst   0C96E
UART_SendChar@data                       cstackCOMRAM  00001
VoltageDisplay@bat_param                 cstackBANK0   00079
_ButtonDown                              text85        185F8
_ButtonLeft                              text86        1860C
_ButtonOK                                text84        185E4
_ButtonRight                             text87        18620
_ButtonUp                                text88        18634
_Button_EventGet                         text90        18434
_Button_Event_Reset                      text89        18166
_Button_Init                             text102       14F86
_Button_Init$1636                        cstackCOMRAM  00007
_Button_Init$1637                        cstackCOMRAM  00009
_Button_Init$1638                        cstackCOMRAM  0000B
_Button_Init$1648                        cstackCOMRAM  0000D
_Button_Update                           text81        13F4E
_CCP3CONbits                             (abs)         00FB1
_CCPR3L                                  (abs)         00FB2
_CapacitanceDisplay                      text19        15148
_CellCount                               text45        167BA
_ChargerMode                             text44        16578
_ChemistryDisplay                        text43        16440
_CurrentDisplay                          text18        1806C
_CycleDisplay                            text17        18016
_CycleSet                                text42        16BDC
_Font5x8                                 mediumconst   0FB0C
_GLCD_BufferRead                         text80        184A0
_GLCD_BufferWrite                        text74        1846C
_GLCD_Clear                              text40        18524
_GLCD_Clear$173                          cstackCOMRAM  0000A
_GLCD_DrawHLine                          text72        181B6
_GLCD_DrawRectangle                      text69        17A24
_GLCD_DrawVLine                          text70        183FC
_GLCD_FillRectangle                      text68        1856A
_GLCD_FillScreen                         text41        182CC
_GLCD_GotoX                              text101       185B6
_GLCD_GotoXY                             text99        186A2
_GLCD_GotoY                              text100       18584
_GLCD_PrintChar                          text66        13608
_GLCD_PrintString                        text65        17902
_GLCD_Render                             text75        17F00
_GLCD_SelectChip                         text96        1830C
_GLCD_Send                               text97        173B2
_GLCD_SendCommand                        text94        18386
_GLCD_SendData                           text78        17868
_GLCD_SendData$160                       cstackCOMRAM  00012
_GLCD_SetFont                            text64        17994
_GLCD_SetPixel                           text73        17C48
_GLCD_SetPixels                          text71        1468C
_GLCD_SetPixels$210                      cstackCOMRAM  00010
_GLCD_SetPixels$211                      cstackCOMRAM  00012
_GLCD_Setup                              text93        17BC0
_GLCD_WaitBusy                           text95        17FBC
_Handle_Main_MenuNavigation              text63        15464
_Handle_Setting1_MenuNavigation          text62        14B44
_Handle_Setting23_MenuNavigation         text61        13AD0
_Handle_Setting5_MenuNavigation          text60        148FC
_INTCONbits                              (abs)         00FF2
_ISR                                     intcode       00008
_InitBattParameters                      text92        152E2
_Init_Timer0                             text91        18648
_LATAbits                                (abs)         00F89
_LATD                                    (abs)         00F8C
_LATE                                    (abs)         00F8D
_LATFbits                                (abs)         00F8E
_Menu                                    text9         10000
_MinimumDischargeVoltage                 text37        162FA
_OSCCONbits                              (abs)         00FD3
_OSCTUNEbits                             (abs)         00F9B
_Options1_Menu                           text39        1771C
_Options2_Menu                           text33        175C6
_Options3_Menu                           text30        17B38
_Options4_Menu                           text25        1751A
_Options5_Menu                           text20        17080
_PORTC                                   (abs)         00F82
_PORTE                                   (abs)         00F84
_PORTG                                   (abs)         00F86
_PR2                                     (abs)         00FCB
_Pulse_En                                text98        18680
_RCSTA2bits                              (abs)         00F9C
_SPBRG2                                  (abs)         00FAB
_SPI_Exchange                            text2         1859E
_SSP1BUF                                 (abs)         00FC9
_SSP1CON1bits                            (abs)         00FC6
_SSP1STATbits                            (abs)         00FC7
_SetCellVotage                           text36        161B4
_SetChargingCurrent_1                    text29        169CC
_SetChargingCurrent_2                    text28        159DE
_SetChargingCurrent_3                    text24        1588A
_SetChargingCurrent_4                    text23        15736
_SetDischargingCurrent_1                 text27        168C4
_SetDischargingCurrent_2                 text26        15DD6
_SetDischargingCurrent_3                 text22        15C84
_SetDischargingCurrent_4                 text21        15B32
_SetMaxTime                              text32        15F28
_SetTemp                                 text31        166B0
_SingleBat_Menu                          text10        16ED0
_T0CONbits                               (abs)         00FD5
_T2CONbits                               (abs)         00FCA
_TMR0                                    (abs)         00FD6
_TRISAbits                               (abs)         00F92
_TRISC                                   (abs)         00F94
_TRISCbits                               (abs)         00F94
_TRISD                                   (abs)         00F95
_TRISDbits                               (abs)         00F95
_TRISE                                   (abs)         00F96
_TRISFbits                               (abs)         00F97
_TRISG                                   (abs)         00F98
_TRISGbits                               (abs)         00F98
_TXREG2                                  (abs)         00FA9
_TXSTA2bits                              (abs)         00FA8
_Tahoma11x13                             mediumconst   0F26C
_Tekton_Pro_Ext27x28                     mediumconst   0C98C
_TempDisplay                             text16        18244
_TimeDisplay                             text13        16CE2
_TrickleCurrent                          text35        16AD4
_TrickleVoltage                          text34        1606E
_UART_SendChar                           text54        185CE
_VoltageDisplay                          text12        16FAC
__HRAM                                   (abs)         00000
__Habs1                                  abs1          00000
__Hbank0                                 bank0         00000
__Hbank1                                 bank1         00000
__Hbank10                                bank10        00000
__Hbank11                                bank11        00000
__Hbank12                                bank12        00000
__Hbank13                                bank13        00000
__Hbank14                                bank14        00000
__Hbank15                                bank15        00000
__Hbank2                                 bank2         00000
__Hbank3                                 bank3         00000
__Hbank4                                 bank4         00000
__Hbank5                                 bank5         00000
__Hbank6                                 bank6         00000
__Hbank7                                 bank7         00000
__Hbank8                                 bank8         00000
__Hbank9                                 bank9         00000
__Hbigbss                                bigbss        00000
__Hbigdata                               bigdata       00000
__Hbigram                                bigram        00000
__Hbigsfr                                bigsfr        00000
__Hbss                                   bss           00000
__HbssBANK0                              bssBANK0      00000
__HbssBANK1                              bssBANK1      00000
__HbssBIGRAM                             bssBIGRAM     00000
__HbssCOMRAM                             bssCOMRAM     00000
__Hcinit                                 cinit         00000
__Hclrtext                               clrtext       00000
__Hcomram                                comram        00000
__Hconfig                                config        1FFFE
__Hconst                                 const         00000
__HcstackBANK0                           cstackBANK0   00000
__HcstackCOMRAM                          cstackCOMRAM  00000
__Hdata                                  data          00000
__HdataBANK0                             dataBANK0     00000
__HdataBANK1                             dataBANK1     00000
__Hfarbss                                farbss        00000
__Hfardata                               fardata       00000
__Hheap                                  heap          00000
__Hibigdata                              ibigdata      00000
__Hidata                                 idata         00000
__HidataBANK0                            idataBANK0    00000
__HidataBANK1                            idataBANK1    00000
__Hidloc                                 idloc         00000
__Hifardata                              ifardata      00000
__Hinit                                  init          00064
__Hintcode                               intcode       00060
__Hintcode_body                          intcode_body  00000
__Hintcodelo                             intcodelo     00060
__Hintentry                              intentry      00000
__Hintret                                intret        00000
__Hintsave_regs                          intsave_regs  00000
__Hirdata                                irdata        00000
__Hjflash_buffer                         jflash_buffer 1F800
__Hmediumconst                           mediumconst   10000
__HnvFARRAM                              nvFARRAM      00000
__Hnvbit                                 nvbit         00000
__Hnvrram                                nvrram        00000
__Hparam                                 rparam        00000
__Hpowerup                               powerup       00060
__Hram                                   ram           00000
__Hramtop                                ramtop        01000
__Hrbit                                  rbit          00000
__Hrbss                                  rbss          00000
__Hrdata                                 rdata         00000
__Hreset_vec                             reset_vec     00004
__Hrparam                                rparam        00000
__Hsfr                                   sfr           00000
__Hsmallconst                            smallconst    00000
__Hspace_0                               (abs)         1F800
__Hspace_1                               (abs)         0056C
__Hspace_2                               (abs)         00000
__Hspace_4                               (abs)         3FFF6
__Hstack                                 stack         00000
__Hstruct                                struct        00000
__Htemp                                  temp          00060
__Htext                                  text          00000
__Htext0                                 text0         00000
__Htext1                                 text1         00000
__Htext10                                text10        00000
__Htext100                               text100       00000
__Htext101                               text101       00000
__Htext102                               text102       00000
__Htext11                                text11        00000
__Htext12                                text12        00000
__Htext13                                text13        00000
__Htext14                                text14        00000
__Htext15                                text15        00000
__Htext16                                text16        00000
__Htext17                                text17        00000
__Htext18                                text18        00000
__Htext19                                text19        00000
__Htext2                                 text2         00000
__Htext20                                text20        00000
__Htext21                                text21        00000
__Htext22                                text22        00000
__Htext23                                text23        00000
__Htext24                                text24        00000
__Htext25                                text25        00000
__Htext26                                text26        00000
__Htext27                                text27        00000
__Htext28                                text28        00000
__Htext29                                text29        00000
__Htext3                                 text3         00000
__Htext30                                text30        00000
__Htext31                                text31        00000
__Htext32                                text32        00000
__Htext33                                text33        00000
__Htext34                                text34        00000
__Htext35                                text35        00000
__Htext36                                text36        00000
__Htext37                                text37        00000
__Htext38                                text38        00000
__Htext39                                text39        00000
__Htext4                                 text4         00000
__Htext40                                text40        00000
__Htext41                                text41        00000
__Htext42                                text42        00000
__Htext43                                text43        00000
__Htext44                                text44        00000
__Htext45                                text45        00000
__Htext46                                text46        00000
__Htext47                                text47        00000
__Htext48                                text48        00000
__Htext49                                text49        00000
__Htext5                                 text5         00000
__Htext50                                text50        00000
__Htext51                                text51        00000
__Htext52                                text52        00000
__Htext53                                text53        00000
__Htext54                                text54        00000
__Htext55                                text55        00000
__Htext56                                text56        00000
__Htext57                                text57        00000
__Htext58                                text58        00000
__Htext59                                text59        00000
__Htext6                                 text6         00000
__Htext60                                text60        00000
__Htext61                                text61        00000
__Htext62                                text62        00000
__Htext63                                text63        00000
__Htext64                                text64        00000
__Htext65                                text65        00000
__Htext66                                text66        00000
__Htext67                                text67        00000
__Htext68                                text68        00000
__Htext69                                text69        00000
__Htext7                                 text7         00000
__Htext70                                text70        00000
__Htext71                                text71        00000
__Htext72                                text72        00000
__Htext73                                text73        00000
__Htext74                                text74        00000
__Htext75                                text75        00000
__Htext76                                text76        00000
__Htext77                                text77        00000
__Htext78                                text78        00000
__Htext79                                text79        00000
__Htext8                                 text8         00000
__Htext80                                text80        00000
__Htext81                                text81        00000
__Htext82                                text82        00000
__Htext83                                text83        00000
__Htext84                                text84        00000
__Htext85                                text85        00000
__Htext86                                text86        00000
__Htext87                                text87        00000
__Htext88                                text88        00000
__Htext89                                text89        00000
__Htext9                                 text9         00000
__Htext90                                text90        00000
__Htext91                                text91        00000
__Htext92                                text92        00000
__Htext93                                text93        00000
__Htext94                                text94        00000
__Htext95                                text95        00000
__Htext96                                text96        00000
__Htext97                                text97        00000
__Htext98                                text98        00000
__Htext99                                text99        00000
__LRAM                                   (abs)         00001
__Labs1                                  abs1          00000
__Lbank0                                 bank0         00000
__Lbank1                                 bank1         00000
__Lbank10                                bank10        00000
__Lbank11                                bank11        00000
__Lbank12                                bank12        00000
__Lbank13                                bank13        00000
__Lbank14                                bank14        00000
__Lbank15                                bank15        00000
__Lbank2                                 bank2         00000
__Lbank3                                 bank3         00000
__Lbank4                                 bank4         00000
__Lbank5                                 bank5         00000
__Lbank6                                 bank6         00000
__Lbank7                                 bank7         00000
__Lbank8                                 bank8         00000
__Lbank9                                 bank9         00000
__Lbigbss                                bigbss        00000
__Lbigdata                               bigdata       00000
__Lbigram                                bigram        00000
__Lbigsfr                                bigsfr        00000
__Lbss                                   bss           00000
__LbssBANK0                              bssBANK0      00000
__LbssBANK1                              bssBANK1      00000
__LbssBIGRAM                             bssBIGRAM     00000
__LbssCOMRAM                             bssCOMRAM     00000
__Lcinit                                 cinit         00000
__Lclrtext                               clrtext       00000
__Lcomram                                comram        00000
__Lconfig                                config        00000
__Lconst                                 const         00000
__LcstackBANK0                           cstackBANK0   00000
__LcstackCOMRAM                          cstackCOMRAM  00000
__Ldata                                  data          00000
__LdataBANK0                             dataBANK0     00000
__LdataBANK1                             dataBANK1     00000
__Lfarbss                                farbss        00000
__Lfardata                               fardata       00000
__Lheap                                  heap          00000
__Libigdata                              ibigdata      00000
__Lidata                                 idata         00000
__LidataBANK0                            idataBANK0    00000
__LidataBANK1                            idataBANK1    00000
__Lidloc                                 idloc         00000
__Lifardata                              ifardata      00000
__Linit                                  init          00060
__Lintcode                               intcode       00008
__Lintcode_body                          intcode_body  00000
__Lintcodelo                             intcodelo     00060
__Lintentry                              intentry      00000
__Lintret                                intret        00000
__Lintsave_regs                          intsave_regs  00000
__Lirdata                                irdata        00000
__Ljflash_buffer                         jflash_buffer 1F800
__Lmediumconst                           mediumconst   0C962
__LnvFARRAM                              nvFARRAM      00000
__Lnvbit                                 nvbit         00000
__Lnvrram                                nvrram        00000
__Lparam                                 rparam        00000
__Lpowerup                               powerup       00060
__Lram                                   ram           00000
__Lramtop                                ramtop        01000
__Lrbit                                  rbit          00000
__Lrbss                                  rbss          00000
__Lrdata                                 rdata         00000
__Lreset_vec                             reset_vec     00000
__Lrparam                                rparam        00000
__Lsfr                                   sfr           00000
__Lsmallconst                            smallconst    00000
__Lspace_0                               (abs)         00000
__Lspace_1                               (abs)         00000
__Lspace_2                               (abs)         00000
__Lspace_4                               (abs)         00000
__Lstack                                 stack         00000
__Lstruct                                struct        00000
__Ltemp                                  temp          0005F
__Ltext                                  text          00000
__Ltext0                                 text0         00000
__Ltext1                                 text1         00000
__Ltext10                                text10        00000
__Ltext100                               text100       00000
__Ltext101                               text101       00000
__Ltext102                               text102       00000
__Ltext11                                text11        00000
__Ltext12                                text12        00000
__Ltext13                                text13        00000
__Ltext14                                text14        00000
__Ltext15                                text15        00000
__Ltext16                                text16        00000
__Ltext17                                text17        00000
__Ltext18                                text18        00000
__Ltext19                                text19        00000
__Ltext2                                 text2         00000
__Ltext20                                text20        00000
__Ltext21                                text21        00000
__Ltext22                                text22        00000
__Ltext23                                text23        00000
__Ltext24                                text24        00000
__Ltext25                                text25        00000
__Ltext26                                text26        00000
__Ltext27                                text27        00000
__Ltext28                                text28        00000
__Ltext29                                text29        00000
__Ltext3                                 text3         00000
__Ltext30                                text30        00000
__Ltext31                                text31        00000
__Ltext32                                text32        00000
__Ltext33                                text33        00000
__Ltext34                                text34        00000
__Ltext35                                text35        00000
__Ltext36                                text36        00000
__Ltext37                                text37        00000
__Ltext38                                text38        00000
__Ltext39                                text39        00000
__Ltext4                                 text4         00000
__Ltext40                                text40        00000
__Ltext41                                text41        00000
__Ltext42                                text42        00000
__Ltext43                                text43        00000
__Ltext44                                text44        00000
__Ltext45                                text45        00000
__Ltext46                                text46        00000
__Ltext47                                text47        00000
__Ltext48                                text48        00000
__Ltext49                                text49        00000
__Ltext5                                 text5         00000
__Ltext50                                text50        00000
__Ltext51                                text51        00000
__Ltext52                                text52        00000
__Ltext53                                text53        00000
__Ltext54                                text54        00000
__Ltext55                                text55        00000
__Ltext56                                text56        00000
__Ltext57                                text57        00000
__Ltext58                                text58        00000
__Ltext59                                text59        00000
__Ltext6                                 text6         00000
__Ltext60                                text60        00000
__Ltext61                                text61        00000
__Ltext62                                text62        00000
__Ltext63                                text63        00000
__Ltext64                                text64        00000
__Ltext65                                text65        00000
__Ltext66                                text66        00000
__Ltext67                                text67        00000
__Ltext68                                text68        00000
__Ltext69                                text69        00000
__Ltext7                                 text7         00000
__Ltext70                                text70        00000
__Ltext71                                text71        00000
__Ltext72                                text72        00000
__Ltext73                                text73        00000
__Ltext74                                text74        00000
__Ltext75                                text75        00000
__Ltext76                                text76        00000
__Ltext77                                text77        00000
__Ltext78                                text78        00000
__Ltext79                                text79        00000
__Ltext8                                 text8         00000
__Ltext80                                text80        00000
__Ltext81                                text81        00000
__Ltext82                                text82        00000
__Ltext83                                text83        00000
__Ltext84                                text84        00000
__Ltext85                                text85        00000
__Ltext86                                text86        00000
__Ltext87                                text87        00000
__Ltext88                                text88        00000
__Ltext89                                text89        00000
__Ltext9                                 text9         00000
__Ltext90                                text90        00000
__Ltext91                                text91        00000
__Ltext92                                text92        00000
__Ltext93                                text93        00000
__Ltext94                                text94        00000
__Ltext95                                text95        00000
__Ltext96                                text96        00000
__Ltext97                                text97        00000
__Ltext98                                text98        00000
__Ltext99                                text99        00000
__S0                                     (abs)         186DA
__S1                                     (abs)         0056C
__S4                                     (abs)         00000
___GLCD                                  bssBANK0      000DD
___GLCD_Buffer                           bssBIGRAM     0016C
___GLCD_GotoX                            text79        17D42
___GLCD_GotoX$424                        cstackCOMRAM  0000A
___GLCD_GotoX@X                          cstackCOMRAM  0000E
___GLCD_GotoX@chip                       cstackCOMRAM  0000D
___GLCD_GotoX@cmd                        cstackCOMRAM  0000C
___GLCD_GotoY                            text76        183C2
___GLCD_GotoY@Y                          cstackCOMRAM  0000A
___GLCD_GotoY@cmd                        cstackCOMRAM  00009
___awdiv                                 text77        172EE
___awdiv@counter                         cstackCOMRAM  00005
___awdiv@dividend                        cstackCOMRAM  00001
___awdiv@divisor                         cstackCOMRAM  00003
___awdiv@quotient                        cstackCOMRAM  00007
___awdiv@sign                            cstackCOMRAM  00006
___extmem_base                           (abs)         20000
___heap_hi                               (abs)         00000
___heap_lo                               (abs)         00000
___inthi_sp                              stack         00000
___intlo_sp                              stack         00000
___lbdiv                                 text83        17F60
___lbdiv@counter                         cstackCOMRAM  00003
___lbdiv@dividend                        cstackCOMRAM  00002
___lbdiv@divisor                         cstackCOMRAM  00001
___lbdiv@quotient                        cstackCOMRAM  00004
___lldiv                                 text15        177C4
___lldiv@counter                         cstackCOMRAM  00016
___lldiv@dividend                        cstackCOMRAM  0000A
___lldiv@divisor                         cstackCOMRAM  0000E
___lldiv@quotient                        cstackCOMRAM  00012
___llmod                                 text14        17AB0
___llmod@counter                         cstackCOMRAM  00009
___llmod@dividend                        cstackCOMRAM  00001
___llmod@divisor                         cstackCOMRAM  00005
___lodiv                                 text56        16DE0
___lodiv@counter                         cstackCOMRAM  00019
___lodiv@dividend                        cstackCOMRAM  00001
___lodiv@divisor                         cstackCOMRAM  00009
___lodiv@quotient                        cstackCOMRAM  00011
___lomod                                 text55        17154
___lomod@counter                         cstackCOMRAM  00011
___lomod@dividend                        cstackCOMRAM  00001
___lomod@divisor                         cstackCOMRAM  00009
___lwdiv                                 text82        17DB8
___lwdiv@counter                         cstackCOMRAM  00007
___lwdiv@dividend                        cstackCOMRAM  00001
___lwdiv@divisor                         cstackCOMRAM  00003
___lwdiv@quotient                        cstackCOMRAM  00005
___lwmod                                 text38        17E9C
___lwmod@counter                         cstackCOMRAM  00005
___lwmod@dividend                        cstackCOMRAM  00001
___lwmod@divisor                         cstackCOMRAM  00003
___param_bank                            (abs)         00000
___rparam_used                           (abs)         00001
___sp                                    stack         00000
___wmul                                  text67        184FE
___wmul@multiplicand                     cstackCOMRAM  00003
___wmul@multiplier                       cstackCOMRAM  00001
___wmul@product                          cstackCOMRAM  00005
__accesstop                              (abs)         00060
__activetblptr                           (abs)         00003
__end_ofTwoBatMenu@F6069                 mediumconst   0C98C
__end_ofTwoBatMenu@F6071                 mediumconst   0C982
__end_ofTwoBatMenu@F6073                 mediumconst   0C96E
__end_ofTwoBatMenu@F6075                 mediumconst   0C978
__end_of_ButtonDown                      text85        1860C
__end_of_ButtonLeft                      text86        18620
__end_of_ButtonOK                        text84        185F8
__end_of_ButtonRight                     text87        18634
__end_of_ButtonUp                        text88        18648
__end_of_Button_EventGet                 text90        1846C
__end_of_Button_Event_Reset              text89        181B6
__end_of_Button_Init                     text102       15148
__end_of_Button_Update                   text81        1436E
__end_of_CapacitanceDisplay              text19        152E2
__end_of_CellCount                       text45        168C4
__end_of_ChargerMode                     text44        166B0
__end_of_ChemistryDisplay                text43        16578
__end_of_CurrentDisplay                  text18        180C2
__end_of_CycleDisplay                    text17        1806C
__end_of_CycleSet                        text42        16CE2
__end_of_Font5x8                         mediumconst   0FD4C
__end_of_GLCD_BufferRead                 text80        184D2
__end_of_GLCD_BufferWrite                text74        184A0
__end_of_GLCD_Clear                      text40        18548
__end_of_GLCD_DrawHLine                  text72        181FE
__end_of_GLCD_DrawRectangle              text69        17AB0
__end_of_GLCD_DrawVLine                  text70        18434
__end_of_GLCD_FillRectangle              text68        18584
__end_of_GLCD_FillScreen                 text41        1830C
__end_of_GLCD_GotoX                      text101       185CE
__end_of_GLCD_GotoXY                     text99        186B2
__end_of_GLCD_GotoY                      text100       1859E
__end_of_GLCD_PrintChar                  text66        13AD0
__end_of_GLCD_PrintString                text65        17994
__end_of_GLCD_Render                     text75        17F60
__end_of_GLCD_SelectChip                 text96        1834A
__end_of_GLCD_Send                       text97        1746A
__end_of_GLCD_SendCommand                text94        183C2
__end_of_GLCD_SendData                   text78        17902
__end_of_GLCD_SetFont                    text64        17A24
__end_of_GLCD_SetPixel                   text73        17CCA
__end_of_GLCD_SetPixels                  text71        148FC
__end_of_GLCD_Setup                      text93        17C48
__end_of_GLCD_WaitBusy                   text95        18016
__end_of_Handle_Main_MenuNavigation      text63        155D8
__end_of_Handle_Setting1_MenuNavigation  text62        14D8C
__end_of_Handle_Setting23_MenuNavigation text61        13F4E
__end_of_Handle_Setting5_MenuNavigation  text60        14B44
__end_of_ISR                             intcode       00060
__end_of_InitBattParameters              text92        15464
__end_of_Init_Timer0                     text91        1865C
__end_of_Menu                            text9         13608
__end_of_MinimumDischargeVoltage         text37        16440
__end_of_Options1_Menu                   text39        177C4
__end_of_Options2_Menu                   text33        17672
__end_of_Options3_Menu                   text30        17BC0
__end_of_Options4_Menu                   text25        175C6
__end_of_Options5_Menu                   text20        17154
__end_of_Pulse_En                        text98        18692
__end_of_SPI_Exchange                    text2         185B6
__end_of_SetCellVotage                   text36        162FA
__end_of_SetChargingCurrent_1            text29        16AD4
__end_of_SetChargingCurrent_2            text28        15B32
__end_of_SetChargingCurrent_3            text24        159DE
__end_of_SetChargingCurrent_4            text23        1588A
__end_of_SetDischargingCurrent_1         text27        169CC
__end_of_SetDischargingCurrent_2         text26        15F28
__end_of_SetDischargingCurrent_3         text22        15DD6
__end_of_SetDischargingCurrent_4         text21        15C84
__end_of_SetMaxTime                      text32        1606E
__end_of_SetTemp                         text31        167BA
__end_of_SingleBat_Menu                  text10        16FAC
__end_of_Tahoma11x13                     mediumconst   0FB0C
__end_of_Tekton_Pro_Ext27x28             mediumconst   0F26C
__end_of_TempDisplay                     text16        18288
__end_of_TimeDisplay                     text13        16DE0
__end_of_TrickleCurrent                  text35        16BDC
__end_of_TrickleVoltage                  text34        161B4
__end_of_UART_SendChar                   text54        185E4
__end_of_VoltageDisplay                  text12        17080
__end_of___GLCD_GotoX                    text79        17DB8
__end_of___GLCD_GotoY                    text76        183FC
__end_of___awdiv                         text77        173B2
__end_of___lbdiv                         text83        17FBC
__end_of___lldiv                         text15        17868
__end_of___llmod                         text14        17B38
__end_of___lodiv                         text56        16ED0
__end_of___lomod                         text55        17224
__end_of___lwdiv                         text82        17E2C
__end_of___lwmod                         text38        17F00
__end_of___wmul                          text67        18524
__end_of__initialization                 cinit         17E92
__end_of_atoi                            text57        15736
__end_of_batState                        text11        1751A
__end_of_fputc                           text52        172EE
__end_of_fputs                           text51        182CC
__end_of_isdigit                         text59        184FE
__end_of_isspace                         text58        18244
__end_of_main                            text0         17D42
__end_of_pad                             text50        1771C
__end_of_putch                           text53        186CA
__end_of_setSPI_Interface                text8         18680
__end_of_setupClock                      text7         186C0
__end_of_setupInterrupts                 text6         186D8
__end_of_setupPWM                        text5         1866E
__end_of_setupPorts                      text4         186D2
__end_of_setupUART                       text3         186A2
__end_of_sprintf                         text46        18114
__end_of_sst25vf_init_enable_write       text1         1856A
__end_of_utoa                            text49        14F86
__end_of_vfpfcnvrt                       text48        1468C
__end_of_vfprintf                        text47        18166
__initialization                         cinit         17E2C
__mediumconst                            mediumconst   0C962
__pbssBANK0                              bssBANK0      000DD
__pbssBANK1                              bssBANK1      0013C
__pbssBIGRAM                             bssBIGRAM     0016C
__pbssCOMRAM                             bssCOMRAM     0005E
__pcinit                                 cinit         17E2C
__pcstackBANK0                           cstackBANK0   00060
__pcstackCOMRAM                          cstackCOMRAM  00001
__pdataBANK0                             dataBANK0     000F6
__pdataBANK1                             dataBANK1     00100
__pidataBANK0                            idataBANK0    186D8
__pidataBANK1                            idataBANK1    1834A
__pintcode                               intcode       00008
__pmediumconst                           mediumconst   0C962
__ptext0                                 text0         17CCA
__ptext1                                 text1         18548
__ptext10                                text10        16ED0
__ptext100                               text100       18584
__ptext101                               text101       185B6
__ptext102                               text102       14F86
__ptext11                                text11        1746A
__ptext12                                text12        16FAC
__ptext13                                text13        16CE2
__ptext14                                text14        17AB0
__ptext15                                text15        177C4
__ptext16                                text16        18244
__ptext17                                text17        18016
__ptext18                                text18        1806C
__ptext19                                text19        15148
__ptext2                                 text2         1859E
__ptext20                                text20        17080
__ptext21                                text21        15B32
__ptext22                                text22        15C84
__ptext23                                text23        15736
__ptext24                                text24        1588A
__ptext25                                text25        1751A
__ptext26                                text26        15DD6
__ptext27                                text27        168C4
__ptext28                                text28        159DE
__ptext29                                text29        169CC
__ptext3                                 text3         18692
__ptext30                                text30        17B38
__ptext31                                text31        166B0
__ptext32                                text32        15F28
__ptext33                                text33        175C6
__ptext34                                text34        1606E
__ptext35                                text35        16AD4
__ptext36                                text36        161B4
__ptext37                                text37        162FA
__ptext38                                text38        17E9C
__ptext39                                text39        1771C
__ptext4                                 text4         186CA
__ptext40                                text40        18524
__ptext41                                text41        182CC
__ptext42                                text42        16BDC
__ptext43                                text43        16440
__ptext44                                text44        16578
__ptext45                                text45        167BA
__ptext46                                text46        180C2
__ptext47                                text47        18114
__ptext48                                text48        1436E
__ptext49                                text49        14D8C
__ptext5                                 text5         1865C
__ptext50                                text50        17672
__ptext51                                text51        18288
__ptext52                                text52        17224
__ptext53                                text53        186C0
__ptext54                                text54        185CE
__ptext55                                text55        17154
__ptext56                                text56        16DE0
__ptext57                                text57        155D8
__ptext58                                text58        181FE
__ptext59                                text59        184D2
__ptext6                                 text6         186D2
__ptext60                                text60        148FC
__ptext61                                text61        13AD0
__ptext62                                text62        14B44
__ptext63                                text63        15464
__ptext64                                text64        17994
__ptext65                                text65        17902
__ptext66                                text66        13608
__ptext67                                text67        184FE
__ptext68                                text68        1856A
__ptext69                                text69        17A24
__ptext7                                 text7         186B2
__ptext70                                text70        183FC
__ptext71                                text71        1468C
__ptext72                                text72        181B6
__ptext73                                text73        17C48
__ptext74                                text74        1846C
__ptext75                                text75        17F00
__ptext76                                text76        183C2
__ptext77                                text77        172EE
__ptext78                                text78        17868
__ptext79                                text79        17D42
__ptext8                                 text8         1866E
__ptext80                                text80        184A0
__ptext81                                text81        13F4E
__ptext82                                text82        17DB8
__ptext83                                text83        17F60
__ptext84                                text84        185E4
__ptext85                                text85        185F8
__ptext86                                text86        1860C
__ptext87                                text87        18620
__ptext88                                text88        18634
__ptext89                                text89        18166
__ptext9                                 text9         10000
__ptext90                                text90        18434
__ptext91                                text91        18648
__ptext92                                text92        152E2
__ptext93                                text93        17BC0
__ptext94                                text94        18386
__ptext95                                text95        17FBC
__ptext96                                text96        1830C
__ptext97                                text97        173B2
__ptext98                                text98        18680
__ptext99                                text99        186A2
__ramtop                                 ramtop        01000
__smallconst                             smallconst    00000
_atoi                                    text57        155D8
_batState                                text11        1746A
_button_counter                          bssBANK0      000ED
_counter_test                            bssBANK0      000EF
_dbuf                                    bssBANK1      0014C
_flags                                   bssCOMRAM     0005E
_fputc                                   text52        17224
_fputs                                   text51        18288
_instance                                dataBANK1     0010F
_isdigit                                 text59        184D2
_isspace                                 text58        181FE
_isspace$3946                            cstackCOMRAM  00005
_main                                    text0         17CCA
_pad                                     text50        17672
_prec                                    bssBANK0      000E9
_putch                                   text53        186C0
_setSPI_Interface                        text8         1866E
_setupClock                              text7         186B2
_setupInterrupts                         text6         186D2
_setupPWM                                text5         1865C
_setupPorts                              text4         186CA
_setupUART                               text3         18692
_sprintf                                 text46        180C2
_sst25vf_init_enable_write               text1         18548
_this                                    dataBANK1     00100
_time                                    bssBANK1      00148
_utoa                                    text49        14D8C
_vfpfcnvrt                               text48        1436E
_vfprintf                                text47        18114
_width                                   bssBANK0      000E7
atoi@n                                   cstackCOMRAM  0000E
atoi@neg                                 cstackCOMRAM  0000C
atoi@s                                   cstackCOMRAM  00007
batState@battery_number                  cstackCOMRAM  00022
batState@state                           cstackCOMRAM  00025
btemp                                    temp          0005F
end_of_initialization                    cinit         17E92
fputc@c                                  cstackCOMRAM  00003
fputc@fp                                 cstackCOMRAM  00005
fputs@c                                  cstackCOMRAM  00010
fputs@fp                                 cstackCOMRAM  0000E
fputs@i                                  cstackCOMRAM  00011
fputs@s                                  cstackCOMRAM  0000C
int$flags                                temp          0005F
intlevel0                                text          00000
intlevel1                                text          00000
intlevel2                                text          00000
intlevel3                                text          00000
isa$std                                  (abs)         00001
isa$xinst                                (abs)         00000
isdigit@c                                cstackCOMRAM  00001
isspace@c                                cstackCOMRAM  00001
main@bat_param                           cstackBANK0   00086
pad@buf                                  cstackCOMRAM  00015
pad@fp                                   cstackCOMRAM  00013
pad@i                                    cstackCOMRAM  0001A
pad@p                                    cstackCOMRAM  00017
pad@w                                    cstackCOMRAM  0001C
putch@txData                             cstackCOMRAM  00002
sprintf@ap                               cstackBANK0   0006C
sprintf@f                                cstackBANK0   0006E
sprintf@fmt                              cstackBANK0   00062
sprintf@s                                cstackBANK0   00060
stackhi                                  (abs)         00000
stacklo                                  (abs)         00000
start                                    init          00060
start_initialization                     cinit         17E2C
ttemp5                                   temp          00060
ttemp6                                   temp          00063
ttemp7                                   temp          00067
utoa@d                                   cstackCOMRAM  00020
utoa@fp                                  cstackCOMRAM  0001E
utoa@i                                   cstackCOMRAM  0003C
utoa@n                                   cstackCOMRAM  00034
utoa@p                                   cstackCOMRAM  00030
utoa@w                                   cstackCOMRAM  00032
vfpfcnvrt@ap                             cstackCOMRAM  00042
vfpfcnvrt@convarg                        cstackCOMRAM  00048
vfpfcnvrt@cp                             cstackCOMRAM  00052
vfpfcnvrt@done                           cstackCOMRAM  00050
vfpfcnvrt@fmt                            cstackCOMRAM  00040
vfpfcnvrt@fp                             cstackCOMRAM  0003E
vfprintf@ap                              cstackCOMRAM  00058
vfprintf@cfmt                            cstackCOMRAM  0005A
vfprintf@fmt                             cstackCOMRAM  00056
vfprintf@fp                              cstackCOMRAM  00054
wtemp8                                   temp          00060


MODULE INFORMATION

Module		Function		Class		Link	Load	Size
C:\Program Files\Microchip\xc8\v2.40\pic\sources\c99\common\nf_fputc.c
		_fputc         		CODE           	17224	0000	202

C:\Program Files\Microchip\xc8\v2.40\pic\sources\c99\common\nf_fputc.c estimated size: 202

C:\Program Files\Microchip\xc8\v2.40\pic\sources\c99\common\nf_sprintf.c
		_sprintf       		CODE           	180C2	0000	82

C:\Program Files\Microchip\xc8\v2.40\pic\sources\c99\common\nf_sprintf.c estimated size: 82

C:\Program Files\Microchip\xc8\v2.40\pic\sources\c99\common\lwdiv.c
		___lwdiv       		CODE           	17DB8	0000	116

C:\Program Files\Microchip\xc8\v2.40\pic\sources\c99\common\lwdiv.c estimated size: 116

C:\Program Files\Microchip\xc8\v2.40\pic\sources\c99\common\awdiv.c
		___awdiv       		CODE           	172EE	0000	196

C:\Program Files\Microchip\xc8\v2.40\pic\sources\c99\common\awdiv.c estimated size: 196

button.c
		_Button_EventGet		CODE           	18434	0000	56
		_Button_Event_Reset		CODE           	18166	0000	80
		_ButtonLeft    		CODE           	1860C	0000	20
		_ButtonOK      		CODE           	185E4	0000	20
		_Button_Init   		CODE           	14F86	0000	450
		_ButtonRight   		CODE           	18620	0000	20
		_ButtonUp      		CODE           	18634	0000	20
		_Button_Update 		CODE           	13F4E	0000	1056
		_ButtonDown    		CODE           	185F8	0000	20

button.c estimated size: 1742

C:\Program Files\Microchip\xc8\v2.40\pic\sources\c99\common\isspace.c
		_isspace       		CODE           	181FE	0000	70

C:\Program Files\Microchip\xc8\v2.40\pic\sources\c99\common\isspace.c estimated size: 70

settings.c
		_setupClock    		CODE           	186B2	0000	14
		_setupPWM      		CODE           	1865C	0000	18
		_setupInterrupts		CODE           	186D2	0000	6
		_setupPorts    		CODE           	186CA	0000	8
		_setupUART     		CODE           	18692	0000	16

settings.c estimated size: 62

C:\Program Files\Microchip\xc8\v2.40\pic\sources\c99\common\atoi.c
		_atoi          		CODE           	155D8	0000	350

C:\Program Files\Microchip\xc8\v2.40\pic\sources\c99\common\atoi.c estimated size: 350

C:\Program Files\Microchip\xc8\v2.40\pic\sources\c99\common\Umul16.c
		___wmul        		CODE           	184FE	0000	38

C:\Program Files\Microchip\xc8\v2.40\pic\sources\c99\common\Umul16.c estimated size: 38

LCD-KS0108/KS0108.c
		___GLCD_GotoX  		CODE           	17D42	0000	118
		___GLCD_GotoY  		CODE           	183C2	0000	58
		_GLCD_SelectChip		CODE           	1830C	0000	62
		_GLCD_BufferRead		CODE           	184A0	0000	50
		_GLCD_Render   		CODE           	17F00	0000	96
		_GLCD_FillRectangle		CODE           	1856A	0000	26
		_GLCD_GotoX    		CODE           	185B6	0000	24
		_GLCD_GotoY    		CODE           	18584	0000	26
		_GLCD_WaitBusy 		CODE           	17FBC	0000	90
		_GLCD_GotoXY   		CODE           	186A2	0000	16
		_GLCD_FillScreen		CODE           	182CC	0000	64
		_Pulse_En      		CODE           	18680	0000	18
		_GLCD_Send     		CODE           	173B2	0000	184
		_GLCD_Setup    		CODE           	17BC0	0000	136
		_GLCD_PrintString		CODE           	17902	0000	146
		_GLCD_DrawHLine		CODE           	181B6	0000	72
		_GLCD_DrawVLine		CODE           	183FC	0000	56
		_GLCD_SetFont  		CODE           	17994	0000	144
		_GLCD_SendCommand		CODE           	18386	0000	60
		_GLCD_SendData 		CODE           	17868	0000	154
		_GLCD_SetPixel 		CODE           	17C48	0000	130
		_GLCD_PrintChar		CODE           	13608	0000	1224
		_GLCD_DrawRectangle		CODE           	17A24	0000	140
		_GLCD_BufferWrite		CODE           	1846C	0000	52
		_GLCD_SetPixels		CODE           	1468C	0000	624
		_GLCD_Clear    		CODE           	18524	0000	36

LCD-KS0108/KS0108.c estimated size: 3806

interrupts.c
		_ISR           		CODE           	0008	0000	88
		_Init_Timer0   		CODE           	18648	0000	20

interrupts.c estimated size: 108

C:\Program Files\Microchip\xc8\v2.40\pic\sources\c99\common\__lldiv.c
		___lldiv       		CODE           	177C4	0000	164

C:\Program Files\Microchip\xc8\v2.40\pic\sources\c99\common\__lldiv.c estimated size: 164

menu_definitions.c
		_CycleDisplay  		CODE           	18016	0000	86
		_InitBattParameters		CODE           	152E2	0000	386
		_CellCount     		CODE           	167BA	0000	266
		_SetTemp       		CODE           	166B0	0000	266
		_SetDischargingCurrent_2		CODE           	15DD6	0000	338
		_CurrentDisplay		CODE           	1806C	0000	86
		_CycleSet      		CODE           	16BDC	0000	262
		_ChemistryDisplay		CODE           	16440	0000	312
		_TempDisplay   		CODE           	18244	0000	68
		_batState      		CODE           	1746A	0000	176
		_SetMaxTime    		CODE           	15F28	0000	326
		_MinimumDischargeVoltage		CODE           	162FA	0000	326
		_Options1_Menu 		CODE           	1771C	0000	168
		_Options2_Menu 		CODE           	175C6	0000	172
		_Options3_Menu 		CODE           	17B38	0000	136
		_Options4_Menu 		CODE           	1751A	0000	172
		_Options5_Menu 		CODE           	17080	0000	212
		_TimeDisplay   		CODE           	16CE2	0000	254
		_SetDischargingCurrent_1		CODE           	168C4	0000	264
		_SetDischargingCurrent_4		CODE           	15B32	0000	338
		_SetChargingCurrent_1		CODE           	169CC	0000	264
		_TrickleVoltage		CODE           	1606E	0000	326
		_SetChargingCurrent_2		CODE           	159DE	0000	340
		_CapacitanceDisplay		CODE           	15148	0000	410
		_TrickleCurrent		CODE           	16AD4	0000	264
		_SingleBat_Menu		CODE           	16ED0	0000	220
		_SetCellVotage 		CODE           	161B4	0000	326
		_SetChargingCurrent_3		CODE           	1588A	0000	340
		_VoltageDisplay		CODE           	16FAC	0000	212
		_ChargerMode   		CODE           	16578	0000	312
		_SetChargingCurrent_4		CODE           	15736	0000	340
		_SetDischargingCurrent_3		CODE           	15C84	0000	338

menu_definitions.c estimated size: 8306

menu_navigation.c
		_Handle_Main_MenuNavigation		CODE           	15464	0000	372
		_Handle_Setting23_MenuNavigation		CODE           	13AD0	0000	1150
		_Menu          		CODE           	10000	0000	13832
		_Handle_Setting1_MenuNavigation		CODE           	14B44	0000	584
		_Handle_Setting5_MenuNavigation		CODE           	148FC	0000	584

menu_navigation.c estimated size: 16522

C:\Program Files\Microchip\xc8\v2.40\pic\sources\c99\common\isdigit.c
		_isdigit       		CODE           	184D2	0000	44

C:\Program Files\Microchip\xc8\v2.40\pic\sources\c99\common\isdigit.c estimated size: 44

MMSP.c
		_SPI_Exchange  		CODE           	1859E	0000	24
		_setSPI_Interface		CODE           	1866E	0000	18

MMSP.c estimated size: 42

C:\Program Files\Microchip\xc8\v2.40\pic\sources\c99\common\lbdiv.c
		___lbdiv       		CODE           	17F60	0000	92

C:\Program Files\Microchip\xc8\v2.40\pic\sources\c99\common\lbdiv.c estimated size: 92

C:\Program Files\Microchip\xc8\v2.40\pic\sources\c99\common\nf_fputs.c
		_fputs         		CODE           	18288	0000	68

C:\Program Files\Microchip\xc8\v2.40\pic\sources\c99\common\nf_fputs.c estimated size: 68

C:\Program Files\Microchip\xc8\v2.40\pic\sources\c99\common\lomod.c
		___lomod       		CODE           	17154	0000	208

C:\Program Files\Microchip\xc8\v2.40\pic\sources\c99\common\lomod.c estimated size: 208

shared
		TwoBatMenu@F6071		MEDIUMCONST    	C978	0000	10
		TwoBatMenu@F6073		MEDIUMCONST    	C963	0000	11
		TwoBatMenu@F6075		MEDIUMCONST    	C96E	0000	10
		TwoBatMenu@F6069		MEDIUMCONST    	C982	0000	10
		__initialization		CODE           	17E2C	0000	102
		_Tekton_Pro_Ext27x28		MEDIUMCONST    	C98C	0000	10464
		_Font5x8       		MEDIUMCONST    	FB0C	0000	576
		_Tahoma11x13   		MEDIUMCONST    	F26C	0000	2208

shared estimated size: 13391

C:\Program Files\Microchip\xc8\v2.40\pic\sources\c99\common\lwmod.c
		___lwmod       		CODE           	17E9C	0000	100

C:\Program Files\Microchip\xc8\v2.40\pic\sources\c99\common\lwmod.c estimated size: 100

C:\Program Files\Microchip\xc8\v2.40\pic\sources\c99\common\llmod.c
		___llmod       		CODE           	17AB0	0000	136

C:\Program Files\Microchip\xc8\v2.40\pic\sources\c99\common\llmod.c estimated size: 136

peripherials/UART.c
		_putch         		CODE           	186C0	0000	10
		_UART_SendChar 		CODE           	185CE	0000	22

peripherials/UART.c estimated size: 32

C:\Program Files\Microchip\xc8\v2.40\pic\sources\c99\common\doprnt.c
		_vfpfcnvrt     		CODE           	1436E	0000	798
		_pad           		CODE           	17672	0000	170
		_vfprintf      		CODE           	18114	0000	82
		_utoa          		CODE           	14D8C	0000	506

C:\Program Files\Microchip\xc8\v2.40\pic\sources\c99\common\doprnt.c estimated size: 1556

main.c
		_main          		CODE           	17CCA	0000	120

main.c estimated size: 120

SST25VF.c
		_sst25vf_init_enable_write		CODE           	18548	0000	34

SST25VF.c estimated size: 34

C:\Program Files\Microchip\xc8\v2.40\pic\sources\c99\common\lodiv.c
		___lodiv       		CODE           	16DE0	0000	240

C:\Program Files\Microchip\xc8\v2.40\pic\sources\c99\common\lodiv.c estimated size: 240

