Microchip MPLAB XC8 Compiler V2.40

Linker command line:

-W5 \
  --edf=C:/Users/LPC-user/.mchp_packs/Microchip/PIC18F-J_DFP/1.7.159/xc8\pic\dat\20230817221043_en.msgs \
  -cn -h+dist/default/production\battery-tester.X.production.sym \
  --cmf=dist/default/production\battery-tester.X.production.cmf -z \
  -Q18F67J50 -oC:\Users\LPC-user\AppData\Local\Temp\xcAscvc.4 \
  --defsym=__MPLAB_BUILD=1 --fixupoverflow=error \
  -Mdist/default/production/battery-tester.X.production.map \
  --md=C:\Users\LPC-user\AppData\Local\Temp\xcAscvc.dat -E1 \
  -ver=XC8 Compiler --acfsm=1493 -ACODE=00h-01FFF7h -ACONST=00h-01FFF7h \
  -ASMALLCONST=01000h-010FFhx495,01FF00h-01FFF7h \
  -AMEDIUMCONST=01000h-0FFFFh,011000h-01FFF7h -ACOMRAM=01h-05Fh \
  -AABS1=00h-0F3Fh -ABIGRAM=01h-0F3Fh \
  -ARAM=060h-0FFh,0100h-01FFhx14,0F00h-0F3Fh -ABANK0=060h-0FFh \
  -ABANK1=0100h-01FFh -ABANK2=0200h-02FFh -ABANK3=0300h-03FFh \
  -ABANK4=0400h-04FFh -ABANK5=0500h-05FFh -ABANK6=0600h-06FFh \
  -ABANK7=0700h-07FFh -ABANK8=0800h-08FFh -ABANK9=0900h-09FFh \
  -ABANK10=0A00h-0AFFh -ABANK11=0B00h-0BFFh -ABANK12=0C00h-0CFFh \
  -ABANK13=0D00h-0DFFh -ABANK14=0E00h-0EFFh -ABANK15=0F00h-0F3Fh \
  -ASFR=0F40h-0F5Fh,0F60h-0FFFh -ABIGSFR=0F40h-0FFFh \
  -ACONFIG=01FFF8h-01FFFDh \
  -preset_vec=00h,intcode=08h,intcodelo,powerup,init -pramtop=01000h \
  -psmallconst=SMALLCONST -pmediumconst=MEDIUMCONST -pconst=CONST \
  -AFARRAM=00h-00h -pjflash_buffer=01F800h \
  -prdata=COMRAM,nvrram=COMRAM,nvbit=COMRAM,rbss=COMRAM,rbit=COMRAM \
  -pfarbss=FARRAM,fardata=FARRAM,nvFARRAM=FARRAM \
  -pintsave_regs=BIGRAM,bigbss=BIGRAM,bigdata=BIGRAM -pbss=RAM \
  -pidata=CODE,irdata=CODE,ibigdata=CODE,ifardata=CODE -prparam=COMRAM \
  C:\Users\LPC-user\AppData\Local\Temp\xcAscvc.o \
  dist/default/production\battery-tester.X.production.o 

Object code version is 3.11

Machine type is 18F67J50



                Name                               Link     Load   Length Selector   Space Scale
C:\Users\LPC-user\AppData\Local\Temp\xcAscvc.o
                config                            1FFF8    1FFF8        6        0       4
                init                                 62       62        4        4       0
                reset_vec                             0        0        4        0       0
dist/default/production\battery-tester.X.production.o
                intcode                               8        8       5A        4       0
                config                            1FFF8    1FFF8        6        0       4
                temp                                 5F       5F        1        1       1
                mediumconst                        C962     C962     369E     64B1       0
                text103                           15B56    15B56      1C2     8000       0
                text102                           19026    19026       18     C7A1       0
                text101                           18FF4    18FF4       1A     C7A1       0
                text100                           19124    19124       10     C88A       0
                text99                            190F0    190F0       12     C7A1       0
                text98                            17E02    17E02       B8     8000       0
                text97                            18D8A    18D8A       3E     8000       0
                text96                            18A90    18A90       5A     8000       0
                text95                            18DC8    18DC8       3C     8000       0
                text94                            186B0    186B0       88     8000       0
                text93                            13CFC    13CFC      4DE     8000       0
                text92                            190B8    190B8       14     C7A1       0
                text91                            18E76    18E76       38     8000       0
                text90                            18BE4    18BE4       50     8000       0
                text89                            190A4    190A4       14     C7A1       0
                text88                            19090    19090       14     C7A1       0
                text87                            1907C    1907C       14     C7A1       0
                text86                            19068    19068       14     C7A1       0
                text85                            19054    19054       14     C7A1       0
                text84                            189DA    189DA       5C     8000       0
                text83                            18830    18830       74     8000       0
                text82                            14B20    14B20      420     8000       0
                text81                            18EE2    18EE2       32     8000       0
                text80                            187BA    187BA       76     8000       0
                text79                            18358    18358       9A     8000       0
                text78                            17D3E    17D3E       C4     8000       0
                text77                            18E04    18E04       3A     8000       0
                text76                            1897A    1897A       60     8000       0
                text75                            18EAE    18EAE       34     8000       0
                text74                            18738    18738       82     8000       0
                text73                            18C34    18C34       48     8000       0
                text72                            1525E    1525E      270     8000       0
                text71                            18E3E    18E3E       38     8000       0
                text70                            18514    18514       8C     8000       0
                text69                            18FDA    18FDA       1A     C7A1       0
                text68                            18F6E    18F6E       26     C7A1       0
                text67                            141DA    141DA      4C8     8000       0
                text66                            183F2    183F2       92     8000       0
                text65                            18484    18484       90     8000       0
                text64                            15EB0    15EB0      174     8000       0
                text63                            15716    15716      248     8000       0
                text62                            146A2    146A2      47E     8000       0
                text61                            154CE    154CE      248     8000       0
                text60                            18F42    18F42       2C     C7A1       0
                text59                            18C7C    18C7C       46     8000       0
                text58                            16024    16024      15E     8000       0
                text57                            17830    17830       F0     8000       0
                text56                            17BA4    17BA4       D0     8000       0
                text55                            1903E    1903E       16     C7A1       0
                text54                            19142    19142        A     C88A       0
                text53                            17C74    17C74       CA     8000       0
                text52                            18D06    18D06       44     8000       0
                text51                            180C2    180C2       AA     8000       0
                text50                            1595E    1595E      1F8     8000       0
                text49                            14F40    14F40      31E     8000       0
                text48                            18B92    18B92       52     8000       0
                text47                            18B40    18B40       52     8000       0
                text46                            17310    17310      10A     8000       0
                text45                            16FC4    16FC4      138     8000       0
                text44                            16E8C    16E8C      138     8000       0
                text43                            17206    17206      10A     8000       0
                text42                            18D4A    18D4A       40     8000       0
                text41                            18F94    18F94       24     C7A1       0
                text40                            1816C    1816C       A8     8000       0
                text39                            18916    18916       64     8000       0
                text38                            16D46    16D46      146     8000       0
                text37                            16C00    16C00      146     8000       0
                text36                            1762A    1762A      108     8000       0
                text35                            16ABA    16ABA      146     8000       0
                text34                            18016    18016       AC     8000       0
                text33                            16974    16974      146     8000       0
                text32                            170FC    170FC      10A     8000       0
                text31                            18628    18628       88     8000       0
                text30                            17522    17522      108     8000       0
                text29                            1642A    1642A      154     8000       0
                text28                            1741A    1741A      108     8000       0
                text27                            16822    16822      152     8000       0
                text26                            17F6A    17F6A       AC     8000       0
                text25                            162D6    162D6      154     8000       0
                text24                            16182    16182      154     8000       0
                text23                            166D0    166D0      152     8000       0
                text22                            1657E    1657E      152     8000       0
                text21                            17AD0    17AD0       D4     8000       0
                text20                            15D18    15D18      198     8000       0
                text19                            18AEA    18AEA       56     8000       0
                text18                            18A36    18A36       5A     8000       0
                text17                            18CC2    18CC2       44     8000       0
                text16                            18214    18214       A4     8000       0
                text15                            185A0    185A0       88     8000       0
                text14                            17732    17732       FE     8000       0
                text13                            179FC    179FC       D4     8000       0
                text12                            17EBA    17EBA       B0     8000       0
                text11                            17920    17920       DC     8000       0
                text10                            136E0    136E0      61C     8000       0
                text9                             10000    10000     36E0     8000       0
                text8                             190DE    190DE       12     C7A1       0
                text7                             19134    19134        E     C88A       0
                text6                             19154    19154        6     C88A       0
                text5                             190CC    190CC       12     C7A1       0
                text4                             1914C    1914C        8     C88A       0
                text3                             19114    19114       10     C88A       0
                text2                             1900E    1900E       18     C7A1       0
                text1                             18FB8    18FB8       22     C7A1       0
                text0                             182B8    182B8       A0     8000       0
                cstackCOMRAM                          1        1       5D        1       1
                cstackBANK0                          A7       A7       26       60       1
                cstackBANK1                         100      100       E0      100       1
                bssBIGRAM                           22D      22D      400      22D       1
                dataBANK2                           200      200       2D      200       1
                bssBANK1                            1E0      1E0        2      100       1
                dataBANK0                            CD       CD       11       60       1
                bssBANK0                             60       60       47       60       1
                bssCOMRAM                            5E       5E        1        1       1
                cinit                             188A4    188A4       72     8000       0
                idataBANK2                        18F14    18F14       2D     8000       0
                idataBANK0                        19102    19102       11     C7A1       0

TOTAL           Name                               Link     Load   Length     Space
        CLASS   CODE           
                intcode                               8        8       5A         0
                init                                 62       62        4         0
                reset_vec                             0        0        4         0
                text103                           15B56    15B56      1C2         0
                text102                           19026    19026       18         0
                text101                           18FF4    18FF4       1A         0
                text100                           19124    19124       10         0
                text99                            190F0    190F0       12         0
                text98                            17E02    17E02       B8         0
                text97                            18D8A    18D8A       3E         0
                text96                            18A90    18A90       5A         0
                text95                            18DC8    18DC8       3C         0
                text94                            186B0    186B0       88         0
                text93                            13CFC    13CFC      4DE         0
                text92                            190B8    190B8       14         0
                text91                            18E76    18E76       38         0
                text90                            18BE4    18BE4       50         0
                text89                            190A4    190A4       14         0
                text88                            19090    19090       14         0
                text87                            1907C    1907C       14         0
                text86                            19068    19068       14         0
                text85                            19054    19054       14         0
                text84                            189DA    189DA       5C         0
                text83                            18830    18830       74         0
                text82                            14B20    14B20      420         0
                text81                            18EE2    18EE2       32         0
                text80                            187BA    187BA       76         0
                text79                            18358    18358       9A         0
                text78                            17D3E    17D3E       C4         0
                text77                            18E04    18E04       3A         0
                text76                            1897A    1897A       60         0
                text75                            18EAE    18EAE       34         0
                text74                            18738    18738       82         0
                text73                            18C34    18C34       48         0
                text72                            1525E    1525E      270         0
                text71                            18E3E    18E3E       38         0
                text70                            18514    18514       8C         0
                text69                            18FDA    18FDA       1A         0
                text68                            18F6E    18F6E       26         0
                text67                            141DA    141DA      4C8         0
                text66                            183F2    183F2       92         0
                text65                            18484    18484       90         0
                text64                            15EB0    15EB0      174         0
                text63                            15716    15716      248         0
                text62                            146A2    146A2      47E         0
                text61                            154CE    154CE      248         0
                text60                            18F42    18F42       2C         0
                text59                            18C7C    18C7C       46         0
                text58                            16024    16024      15E         0
                text57                            17830    17830       F0         0
                text56                            17BA4    17BA4       D0         0
                text55                            1903E    1903E       16         0
                text54                            19142    19142        A         0
                text53                            17C74    17C74       CA         0
                text52                            18D06    18D06       44         0
                text51                            180C2    180C2       AA         0
                text50                            1595E    1595E      1F8         0
                text49                            14F40    14F40      31E         0
                text48                            18B92    18B92       52         0
                text47                            18B40    18B40       52         0
                text46                            17310    17310      10A         0
                text45                            16FC4    16FC4      138         0
                text44                            16E8C    16E8C      138         0
                text43                            17206    17206      10A         0
                text42                            18D4A    18D4A       40         0
                text41                            18F94    18F94       24         0
                text40                            1816C    1816C       A8         0
                text39                            18916    18916       64         0
                text38                            16D46    16D46      146         0
                text37                            16C00    16C00      146         0
                text36                            1762A    1762A      108         0
                text35                            16ABA    16ABA      146         0
                text34                            18016    18016       AC         0
                text33                            16974    16974      146         0
                text32                            170FC    170FC      10A         0
                text31                            18628    18628       88         0
                text30                            17522    17522      108         0
                text29                            1642A    1642A      154         0
                text28                            1741A    1741A      108         0
                text27                            16822    16822      152         0
                text26                            17F6A    17F6A       AC         0
                text25                            162D6    162D6      154         0
                text24                            16182    16182      154         0
                text23                            166D0    166D0      152         0
                text22                            1657E    1657E      152         0
                text21                            17AD0    17AD0       D4         0
                text20                            15D18    15D18      198         0
                text19                            18AEA    18AEA       56         0
                text18                            18A36    18A36       5A         0
                text17                            18CC2    18CC2       44         0
                text16                            18214    18214       A4         0
                text15                            185A0    185A0       88         0
                text14                            17732    17732       FE         0
                text13                            179FC    179FC       D4         0
                text12                            17EBA    17EBA       B0         0
                text11                            17920    17920       DC         0
                text10                            136E0    136E0      61C         0
                text9                             10000    10000     36E0         0
                text8                             190DE    190DE       12         0
                text7                             19134    19134        E         0
                text6                             19154    19154        6         0
                text5                             190CC    190CC       12         0
                text4                             1914C    1914C        8         0
                text3                             19114    19114       10         0
                text2                             1900E    1900E       18         0
                text1                             18FB8    18FB8       22         0
                text0                             182B8    182B8       A0         0
                cinit                             188A4    188A4       72         0
                idataBANK2                        18F14    18F14       2D         0
                idataBANK0                        19102    19102       11         0

        CLASS   CONST          

        CLASS   SMALLCONST     

        CLASS   MEDIUMCONST    
                mediumconst                        C962     C962     369E         0

        CLASS   COMRAM         
                temp                                 5F       5F        1         1
                cstackCOMRAM                          1        1       5D         1
                bssCOMRAM                            5E       5E        1         1

        CLASS   ABS1           

        CLASS   BIGRAM         
                bssBIGRAM                           22D      22D      400         1

        CLASS   RAM            

        CLASS   BANK0          
                cstackBANK0                          A7       A7       26         1
                dataBANK0                            CD       CD       11         1
                bssBANK0                             60       60       47         1

        CLASS   BANK1          
                cstackBANK1                         100      100       E0         1
                bssBANK1                            1E0      1E0        2         1

        CLASS   BANK2          
                dataBANK2                           200      200       2D         1

        CLASS   BANK3          

        CLASS   BANK4          

        CLASS   BANK5          

        CLASS   BANK6          

        CLASS   BANK7          

        CLASS   BANK8          

        CLASS   BANK9          

        CLASS   BANK10         

        CLASS   BANK11         

        CLASS   BANK12         

        CLASS   BANK13         

        CLASS   BANK14         

        CLASS   BANK15         

        CLASS   SFR            

        CLASS   BIGSFR         

        CLASS   CONFIG         
                config                            1FFF8    1FFF8        6         4

        CLASS   FARRAM         

        CLASS   HEAP           

        CLASS   STACK          

        CLASS   IDLOC          



SEGMENTS        Name                           Load    Length   Top    Selector   Space  Class

                reset_vec                      000000  000004  000004         0       0  CODE    
                cstackCOMRAM                   000001  00005F  000060         1       1  COMRAM  
                intcode                        000008  00005E  000066         4       0  CODE    
                bssBANK0                       000060  00007E  0000DE        60       1  BANK0   
                cstackBANK1                    000100  0000E2  0001E2       100       1  BANK1   
                dataBANK2                      000200  00002D  00022D       200       1  BANK2   
                bssBIGRAM                      00022D  000400  00062D       22D       1  BIGRAM  
                mediumconst                    00C962  00369E  010000      64B1       0  MEDIUMCO
                text9                          010000  008F41  018F41      8000       0  CODE    
                text60                         018F42  0001D1  019113      C7A1       0  CODE    
                text3                          019114  000046  01915A      C88A       0  CODE    


UNUSED ADDRESS RANGES

        Name                Unused          Largest block    Delta
        BANK0            000DE-000FF              22
        BANK1            001E2-001FF              1E
        BANK10           00A00-00AFF             100
        BANK11           00B00-00BFF             100
        BANK12           00C00-00CFF             100
        BANK13           00D00-00DFF             100
        BANK14           00E00-00EFF             100
        BANK15           00F00-00F3F              40
        BANK6            0062D-006FF              D3
        BANK7            00700-007FF             100
        BANK8            00800-008FF             100
        BANK9            00900-009FF             100
        BIGRAM           000DE-000FF              22
                         001E2-001FF              1E
                         0062D-00F3F             913
        BIGSFR           00F40-00FFF              C0
        CODE             00004-00007               4
                         00066-0C961            C8FC
                         18F41-18F41               1
                         19113-19113               1
                         1915A-1FFF7            6E9E
        CONST            00004-00007               4
                         00066-0C961            C8FC
                         18F41-18F41               1
                         19113-19113               1
                         1915A-1FFF7            6E9E
        MEDIUMCONST      01000-0C961            B962
                         18F41-18F41               1
                         19113-19113               1
                         1915A-1FFF7            6E9E
        RAM              000DE-000FF              22
                         001E2-001FF              1E
                         0062D-00F3F             100
        SFR              00F40-00FFF              20
        SMALLCONST       01000-0C961             100
                         18F41-18F41               1
                         19113-19113               1
                         1915A-1FFF7             100

                                  Symbol Table

?___awdiv                                cstackCOMRAM  00001
?___lldiv                                cstackCOMRAM  0000A
?___llmod                                cstackCOMRAM  00001
?___lodiv                                cstackCOMRAM  00001
?___lomod                                cstackCOMRAM  00001
?___lwdiv                                cstackCOMRAM  00001
?___lwmod                                cstackCOMRAM  00001
?___wmul                                 cstackCOMRAM  00001
?_atoi                                   cstackCOMRAM  00007
?_isdigit                                cstackCOMRAM  00001
?_isspace                                cstackCOMRAM  00001
?_sprintf                                cstackBANK0   000A7
?_vfprintf                               cstackCOMRAM  00054
Button_EventGet@key                      cstackCOMRAM  00003
Button_Init@i                            cstackCOMRAM  0000F
Button_Update@key                        cstackCOMRAM  00013
Button_Update@now_pressed                cstackCOMRAM  00012
CapacitanceDisplay@bat_param             cstackBANK0   000C0
CellCount@bat_param                      cstackBANK0   000C0
CellCount@set_mode                       cstackBANK0   000C2
ChargerMode@bat_param                    cstackCOMRAM  00022
ChargerMode@set_mode                     cstackCOMRAM  00024
ChemistryDisplay@bat_param               cstackCOMRAM  00022
ChemistryDisplay@set_mode                cstackCOMRAM  00024
CurrentDisplay@bat_param                 cstackBANK0   000C0
CycleDisplay@bat_param                   cstackBANK0   000C0
CycleSet@bat_param                       cstackBANK0   000C0
CycleSet@set_mode                        cstackBANK0   000C2
GLCD_BufferRead@X                        cstackCOMRAM  00005
GLCD_BufferRead@Y                        cstackCOMRAM  00001
GLCD_BufferWrite@Data                    cstackCOMRAM  00002
GLCD_BufferWrite@X                       cstackCOMRAM  00006
GLCD_BufferWrite@Y                       cstackCOMRAM  00001
GLCD_DrawHLine@Color                     cstackCOMRAM  0000F
GLCD_DrawHLine@X1                        cstackCOMRAM  00011
GLCD_DrawHLine@X2                        cstackCOMRAM  0000D
GLCD_DrawHLine@Y                         cstackCOMRAM  0000E
GLCD_DrawHLine@t                         cstackCOMRAM  00010
GLCD_DrawRectangle@Color                 cstackCOMRAM  00024
GLCD_DrawRectangle@X1                    cstackCOMRAM  00025
GLCD_DrawRectangle@X2                    cstackCOMRAM  00022
GLCD_DrawRectangle@Y1                    cstackCOMRAM  00021
GLCD_DrawRectangle@Y2                    cstackCOMRAM  00023
GLCD_DrawVLine@Color                     cstackCOMRAM  0001E
GLCD_DrawVLine@X                         cstackCOMRAM  0001D
GLCD_DrawVLine@Y1                        cstackCOMRAM  00020
GLCD_DrawVLine@Y2                        cstackCOMRAM  0001C
GLCD_DrawVLine@t                         cstackCOMRAM  0001F
GLCD_FillRectangle@Color                 cstackCOMRAM  0001F
GLCD_FillRectangle@X1                    cstackCOMRAM  00020
GLCD_FillRectangle@X2                    cstackCOMRAM  0001D
GLCD_FillRectangle@Y1                    cstackCOMRAM  0001C
GLCD_FillRectangle@Y2                    cstackCOMRAM  0001E
GLCD_FillScreen@Color                    cstackCOMRAM  00007
GLCD_FillScreen@i                        cstackCOMRAM  00008
GLCD_FillScreen@j                        cstackCOMRAM  00009
GLCD_GotoX@X                             cstackCOMRAM  00001
GLCD_GotoXY@X                            cstackCOMRAM  00003
GLCD_GotoXY@Y                            cstackCOMRAM  00002
GLCD_GotoY@Y                             cstackCOMRAM  00001
GLCD_PrintChar@Character                 cstackCOMRAM  0000F
GLCD_PrintChar@data                      cstackCOMRAM  0001D
GLCD_PrintChar@data_next                 cstackCOMRAM  00012
GLCD_PrintChar@fontRead                  cstackCOMRAM  00018
GLCD_PrintChar@fontStart                 cstackCOMRAM  00014
GLCD_PrintChar@i                         cstackCOMRAM  0001B
GLCD_PrintChar@j                         cstackCOMRAM  0001C
GLCD_PrintChar@lines                     cstackCOMRAM  00017
GLCD_PrintChar@overflow                  cstackCOMRAM  0001A
GLCD_PrintChar@width                     cstackCOMRAM  00016
GLCD_PrintChar@x                         cstackCOMRAM  00013
GLCD_PrintChar@y                         cstackCOMRAM  00011
GLCD_PrintChar@y2                        cstackCOMRAM  00010
GLCD_PrintString@Text                    cstackCOMRAM  0001E
GLCD_Render@i                            cstackCOMRAM  00016
GLCD_Render@j                            cstackCOMRAM  00015
GLCD_SelectChip@Chip                     cstackCOMRAM  00001
GLCD_SelectChip@off                      cstackCOMRAM  00002
GLCD_Send@Data                           cstackCOMRAM  00001
GLCD_SendCommand@Chip                    cstackCOMRAM  00006
GLCD_SendCommand@Command                 cstackCOMRAM  00007
GLCD_SendData@Chip                       cstackCOMRAM  0000F
GLCD_SendData@Data                       cstackCOMRAM  00014
GLCD_SetFont@Height                      cstackCOMRAM  0000C
GLCD_SetFont@Invert                      cstackCOMRAM  0000E
GLCD_SetFont@Mode                        cstackCOMRAM  0000D
GLCD_SetFont@Name                        cstackCOMRAM  00009
GLCD_SetFont@Width                       cstackCOMRAM  0000B
GLCD_SetPixel@Color                      cstackCOMRAM  00008
GLCD_SetPixel@X                          cstackCOMRAM  0000B
GLCD_SetPixel@Y                          cstackCOMRAM  00007
GLCD_SetPixel@data                       cstackCOMRAM  0000C
GLCD_SetPixels@Color                     cstackCOMRAM  0000A
GLCD_SetPixels@X1                        cstackCOMRAM  00018
GLCD_SetPixels@X2                        cstackCOMRAM  00008
GLCD_SetPixels@Y1                        cstackCOMRAM  00007
GLCD_SetPixels@Y2                        cstackCOMRAM  00009
GLCD_SetPixels@data                      cstackCOMRAM  0001B
GLCD_SetPixels@h                         cstackCOMRAM  00015
GLCD_SetPixels@height                    cstackCOMRAM  0001A
GLCD_SetPixels@i                         cstackCOMRAM  00017
GLCD_SetPixels@mask                      cstackCOMRAM  00019
GLCD_SetPixels@offset                    cstackCOMRAM  00016
GLCD_SetPixels@width                     cstackCOMRAM  00014
GLCD_WaitBusy@Chip                       cstackCOMRAM  00004
GLCD_WaitBusy@status                     cstackCOMRAM  00005
Handle_Main_MenuNavigation@option        cstackCOMRAM  00026
Handle_Setting1_MenuNavigation@option    cstackCOMRAM  00026
Handle_Setting23_MenuNavigation@option   cstackCOMRAM  00026
Handle_Setting5_MenuNavigation@option    cstackCOMRAM  00026
ISR@counter_second                       bssBANK0      0007E
InitBattParameters@bat_param             cstackCOMRAM  00001
InitBattParameters@i                     cstackCOMRAM  00005
Menu@bat_param                           cstackBANK0   000C5
Menu@menu_change                         dataBANK0     000DD
Menu@menu_init                           bssBANK0      00084
Menu@menu_pos                            bssBANK0      00083
Menu@menu_selection                      bssBANK0      00085
Menu@menu_type                           bssBANK0      00086
Menu@param_pos                           dataBANK0     000DC
Menu@switch_param                        bssBANK0      00082
Menu@val                                 cstackBANK0   000CB
MinimumDischargeVoltage@bat_param        cstackBANK0   000C0
MinimumDischargeVoltage@set_mode         cstackBANK0   000C2
Options1_Menu@bat_param                  cstackBANK0   000C3
Options2_Menu@bat_param                  cstackBANK0   000C3
Options3_Menu@bat_param                  cstackBANK0   000C3
Options4_Menu@bat_param                  cstackBANK0   000C3
Options5_Menu@bat_param                  cstackBANK0   000C3
SPI_Exchange@data                        cstackCOMRAM  00001
SetCellVotage@bat_param                  cstackBANK0   000C0
SetCellVotage@set_mode                   cstackBANK0   000C2
SetChargingCurrent_1@bat_param           cstackBANK0   000C0
SetChargingCurrent_1@set_mode            cstackBANK0   000C2
SetChargingCurrent_2@bat_param           cstackBANK0   000C0
SetChargingCurrent_2@set_mode            cstackBANK0   000C2
SetChargingCurrent_3@bat_param           cstackBANK0   000C0
SetChargingCurrent_3@set_mode            cstackBANK0   000C2
SetChargingCurrent_4@bat_param           cstackBANK0   000C0
SetChargingCurrent_4@set_mode            cstackBANK0   000C2
SetDischargingCurrent_1@bat_param        cstackBANK0   000C0
SetDischargingCurrent_1@set_mode         cstackBANK0   000C2
SetDischargingCurrent_2@bat_param        cstackBANK0   000C0
SetDischargingCurrent_2@set_mode         cstackBANK0   000C2
SetDischargingCurrent_3@bat_param        cstackBANK0   000C0
SetDischargingCurrent_3@set_mode         cstackBANK0   000C2
SetDischargingCurrent_4@bat_param        cstackBANK0   000C0
SetDischargingCurrent_4@set_mode         cstackBANK0   000C2
SetMaxTime@bat_param                     cstackBANK0   000C0
SetMaxTime@set_mode                      cstackBANK0   000C2
SetTemp@bat_param                        cstackBANK0   000C0
SetTemp@set_mode                         cstackBANK0   000C2
SingleBat_Menu@bat_param                 cstackBANK0   000C2
TempDisplay@bat_param                    cstackBANK0   000C0
TimeDisplay@bat_param                    cstackBANK0   000C0
TrickleCurrent@bat_param                 cstackBANK0   000C0
TrickleCurrent@set_mode                  cstackBANK0   000C2
TrickleVoltage@bat_param                 cstackBANK0   000C0
TrickleVoltage@set_mode                  cstackBANK0   000C2
TwoBatMenu@F6105                         mediumconst   0C982
TwoBatMenu@F6107                         mediumconst   0C978
TwoBatMenu@F6109                         mediumconst   0C963
TwoBatMenu@F6111                         mediumconst   0C96E
UART_SendChar@data                       cstackCOMRAM  00001
VoltageDisplay@bat_param                 cstackBANK0   000C0
_ButtonDown                              text86        19068
_ButtonLeft                              text87        1907C
_ButtonOK                                text85        19054
_ButtonRight                             text88        19090
_ButtonUp                                text89        190A4
_Button_EventGet                         text91        18E76
_Button_Event_Reset                      text90        18BE4
_Button_Init                             text103       15B56
_Button_Init$1860                        cstackCOMRAM  00007
_Button_Init$1861                        cstackCOMRAM  00009
_Button_Init$1862                        cstackCOMRAM  0000B
_Button_Init$1872                        cstackCOMRAM  0000D
_Button_Update                           text82        14B20
_CCP3CONbits                             (abs)         00FB1
_CCPR3L                                  (abs)         00FB2
_CapacitanceDisplay                      text20        15D18
_CellCount                               text46        17310
_ChargerMode                             text45        16FC4
_ChemistryDisplay                        text44        16E8C
_CurrentDisplay                          text19        18AEA
_CycleDisplay                            text18        18A36
_CycleSet                                text43        17206
_Font5x8                                 mediumconst   0FB0C
_GLCD_BufferRead                         text81        18EE2
_GLCD_BufferWrite                        text75        18EAE
_GLCD_Clear                              text41        18F94
_GLCD_Clear$173                          cstackCOMRAM  0000A
_GLCD_DrawHLine                          text73        18C34
_GLCD_DrawRectangle                      text70        18514
_GLCD_DrawVLine                          text71        18E3E
_GLCD_FillRectangle                      text69        18FDA
_GLCD_FillScreen                         text42        18D4A
_GLCD_GotoX                              text102       19026
_GLCD_GotoXY                             text100       19124
_GLCD_GotoY                              text101       18FF4
_GLCD_PrintChar                          text67        141DA
_GLCD_PrintString                        text66        183F2
_GLCD_Render                             text76        1897A
_GLCD_SelectChip                         text97        18D8A
_GLCD_Send                               text98        17E02
_GLCD_SendCommand                        text95        18DC8
_GLCD_SendData                           text79        18358
_GLCD_SendData$160                       cstackCOMRAM  00012
_GLCD_SetFont                            text65        18484
_GLCD_SetPixel                           text74        18738
_GLCD_SetPixels                          text72        1525E
_GLCD_SetPixels$210                      cstackCOMRAM  00010
_GLCD_SetPixels$211                      cstackCOMRAM  00012
_GLCD_Setup                              text94        186B0
_GLCD_WaitBusy                           text96        18A90
_Handle_Main_MenuNavigation              text64        15EB0
_Handle_Setting1_MenuNavigation          text63        15716
_Handle_Setting23_MenuNavigation         text62        146A2
_Handle_Setting5_MenuNavigation          text61        154CE
_INTCONbits                              (abs)         00FF2
_ISR                                     intcode       00008
_InitBattParameters                      text93        13CFC
_Init_Timer0                             text92        190B8
_LATAbits                                (abs)         00F89
_LATD                                    (abs)         00F8C
_LATE                                    (abs)         00F8D
_LATFbits                                (abs)         00F8E
_Menu                                    text9         10000
_MinimumDischargeVoltage                 text38        16D46
_OSCCONbits                              (abs)         00FD3
_OSCTUNEbits                             (abs)         00F9B
_Options1_Menu                           text40        1816C
_Options2_Menu                           text34        18016
_Options3_Menu                           text31        18628
_Options4_Menu                           text26        17F6A
_Options5_Menu                           text21        17AD0
_PORTC                                   (abs)         00F82
_PORTE                                   (abs)         00F84
_PORTG                                   (abs)         00F86
_PR2                                     (abs)         00FCB
_Pulse_En                                text99        190F0
_RCSTA2bits                              (abs)         00F9C
_SPBRG2                                  (abs)         00FAB
_SPI_Exchange                            text2         1900E
_SSP1BUF                                 (abs)         00FC9
_SSP1CON1bits                            (abs)         00FC6
_SSP1STATbits                            (abs)         00FC7
_SetCellVotage                           text37        16C00
_SetChargingCurrent_1                    text30        17522
_SetChargingCurrent_2                    text29        1642A
_SetChargingCurrent_3                    text25        162D6
_SetChargingCurrent_4                    text24        16182
_SetDischargingCurrent_1                 text28        1741A
_SetDischargingCurrent_2                 text27        16822
_SetDischargingCurrent_3                 text23        166D0
_SetDischargingCurrent_4                 text22        1657E
_SetMaxTime                              text33        16974
_SetTemp                                 text32        170FC
_SingleBat_Menu                          text11        17920
_T0CONbits                               (abs)         00FD5
_T2CONbits                               (abs)         00FCA
_TMR0                                    (abs)         00FD6
_TRISAbits                               (abs)         00F92
_TRISC                                   (abs)         00F94
_TRISCbits                               (abs)         00F94
_TRISD                                   (abs)         00F95
_TRISDbits                               (abs)         00F95
_TRISE                                   (abs)         00F96
_TRISFbits                               (abs)         00F97
_TRISG                                   (abs)         00F98
_TRISGbits                               (abs)         00F98
_TXREG2                                  (abs)         00FA9
_TXSTA2bits                              (abs)         00FA8
_Tahoma11x13                             mediumconst   0F26C
_Tekton_Pro_Ext27x28                     mediumconst   0C98C
_TempDisplay                             text17        18CC2
_TimeDisplay                             text14        17732
_TrickleCurrent                          text36        1762A
_TrickleVoltage                          text35        16ABA
_UART_SendChar                           text55        1903E
_VoltageDisplay                          text13        179FC
__HRAM                                   (abs)         00000
__Habs1                                  abs1          00000
__Hbank0                                 bank0         00000
__Hbank1                                 bank1         00000
__Hbank10                                bank10        00000
__Hbank11                                bank11        00000
__Hbank12                                bank12        00000
__Hbank13                                bank13        00000
__Hbank14                                bank14        00000
__Hbank15                                bank15        00000
__Hbank2                                 bank2         00000
__Hbank3                                 bank3         00000
__Hbank4                                 bank4         00000
__Hbank5                                 bank5         00000
__Hbank6                                 bank6         00000
__Hbank7                                 bank7         00000
__Hbank8                                 bank8         00000
__Hbank9                                 bank9         00000
__Hbigbss                                bigbss        00000
__Hbigdata                               bigdata       00000
__Hbigram                                bigram        00000
__Hbigsfr                                bigsfr        00000
__Hbss                                   bss           00000
__HbssBANK0                              bssBANK0      00000
__HbssBANK1                              bssBANK1      00000
__HbssBIGRAM                             bssBIGRAM     00000
__HbssCOMRAM                             bssCOMRAM     00000
__Hcinit                                 cinit         00000
__Hclrtext                               clrtext       00000
__Hcomram                                comram        00000
__Hconfig                                config        1FFFE
__Hconst                                 const         00000
__HcstackBANK0                           cstackBANK0   00000
__HcstackBANK1                           cstackBANK1   00000
__HcstackCOMRAM                          cstackCOMRAM  00000
__Hdata                                  data          00000
__HdataBANK0                             dataBANK0     00000
__HdataBANK2                             dataBANK2     00000
__Hfarbss                                farbss        00000
__Hfardata                               fardata       00000
__Hheap                                  heap          00000
__Hibigdata                              ibigdata      00000
__Hidata                                 idata         00000
__HidataBANK0                            idataBANK0    00000
__HidataBANK2                            idataBANK2    00000
__Hidloc                                 idloc         00000
__Hifardata                              ifardata      00000
__Hinit                                  init          00066
__Hintcode                               intcode       00062
__Hintcode_body                          intcode_body  00000
__Hintcodelo                             intcodelo     00062
__Hintentry                              intentry      00000
__Hintret                                intret        00000
__Hintsave_regs                          intsave_regs  00000
__Hirdata                                irdata        00000
__Hjflash_buffer                         jflash_buffer 1F800
__Hmediumconst                           mediumconst   10000
__HnvFARRAM                              nvFARRAM      00000
__Hnvbit                                 nvbit         00000
__Hnvrram                                nvrram        00000
__Hparam                                 rparam        00000
__Hpowerup                               powerup       00062
__Hram                                   ram           00000
__Hramtop                                ramtop        01000
__Hrbit                                  rbit          00000
__Hrbss                                  rbss          00000
__Hrdata                                 rdata         00000
__Hreset_vec                             reset_vec     00004
__Hrparam                                rparam        00000
__Hsfr                                   sfr           00000
__Hsmallconst                            smallconst    00000
__Hspace_0                               (abs)         1F800
__Hspace_1                               (abs)         0062D
__Hspace_2                               (abs)         00000
__Hspace_4                               (abs)         3FFF6
__Hstack                                 stack         00000
__Hstruct                                struct        00000
__Htemp                                  temp          00060
__Htext                                  text          00000
__Htext0                                 text0         00000
__Htext1                                 text1         00000
__Htext10                                text10        00000
__Htext100                               text100       00000
__Htext101                               text101       00000
__Htext102                               text102       00000
__Htext103                               text103       00000
__Htext11                                text11        00000
__Htext12                                text12        00000
__Htext13                                text13        00000
__Htext14                                text14        00000
__Htext15                                text15        00000
__Htext16                                text16        00000
__Htext17                                text17        00000
__Htext18                                text18        00000
__Htext19                                text19        00000
__Htext2                                 text2         00000
__Htext20                                text20        00000
__Htext21                                text21        00000
__Htext22                                text22        00000
__Htext23                                text23        00000
__Htext24                                text24        00000
__Htext25                                text25        00000
__Htext26                                text26        00000
__Htext27                                text27        00000
__Htext28                                text28        00000
__Htext29                                text29        00000
__Htext3                                 text3         00000
__Htext30                                text30        00000
__Htext31                                text31        00000
__Htext32                                text32        00000
__Htext33                                text33        00000
__Htext34                                text34        00000
__Htext35                                text35        00000
__Htext36                                text36        00000
__Htext37                                text37        00000
__Htext38                                text38        00000
__Htext39                                text39        00000
__Htext4                                 text4         00000
__Htext40                                text40        00000
__Htext41                                text41        00000
__Htext42                                text42        00000
__Htext43                                text43        00000
__Htext44                                text44        00000
__Htext45                                text45        00000
__Htext46                                text46        00000
__Htext47                                text47        00000
__Htext48                                text48        00000
__Htext49                                text49        00000
__Htext5                                 text5         00000
__Htext50                                text50        00000
__Htext51                                text51        00000
__Htext52                                text52        00000
__Htext53                                text53        00000
__Htext54                                text54        00000
__Htext55                                text55        00000
__Htext56                                text56        00000
__Htext57                                text57        00000
__Htext58                                text58        00000
__Htext59                                text59        00000
__Htext6                                 text6         00000
__Htext60                                text60        00000
__Htext61                                text61        00000
__Htext62                                text62        00000
__Htext63                                text63        00000
__Htext64                                text64        00000
__Htext65                                text65        00000
__Htext66                                text66        00000
__Htext67                                text67        00000
__Htext68                                text68        00000
__Htext69                                text69        00000
__Htext7                                 text7         00000
__Htext70                                text70        00000
__Htext71                                text71        00000
__Htext72                                text72        00000
__Htext73                                text73        00000
__Htext74                                text74        00000
__Htext75                                text75        00000
__Htext76                                text76        00000
__Htext77                                text77        00000
__Htext78                                text78        00000
__Htext79                                text79        00000
__Htext8                                 text8         00000
__Htext80                                text80        00000
__Htext81                                text81        00000
__Htext82                                text82        00000
__Htext83                                text83        00000
__Htext84                                text84        00000
__Htext85                                text85        00000
__Htext86                                text86        00000
__Htext87                                text87        00000
__Htext88                                text88        00000
__Htext89                                text89        00000
__Htext9                                 text9         00000
__Htext90                                text90        00000
__Htext91                                text91        00000
__Htext92                                text92        00000
__Htext93                                text93        00000
__Htext94                                text94        00000
__Htext95                                text95        00000
__Htext96                                text96        00000
__Htext97                                text97        00000
__Htext98                                text98        00000
__Htext99                                text99        00000
__LRAM                                   (abs)         00001
__Labs1                                  abs1          00000
__Lbank0                                 bank0         00000
__Lbank1                                 bank1         00000
__Lbank10                                bank10        00000
__Lbank11                                bank11        00000
__Lbank12                                bank12        00000
__Lbank13                                bank13        00000
__Lbank14                                bank14        00000
__Lbank15                                bank15        00000
__Lbank2                                 bank2         00000
__Lbank3                                 bank3         00000
__Lbank4                                 bank4         00000
__Lbank5                                 bank5         00000
__Lbank6                                 bank6         00000
__Lbank7                                 bank7         00000
__Lbank8                                 bank8         00000
__Lbank9                                 bank9         00000
__Lbigbss                                bigbss        00000
__Lbigdata                               bigdata       00000
__Lbigram                                bigram        00000
__Lbigsfr                                bigsfr        00000
__Lbss                                   bss           00000
__LbssBANK0                              bssBANK0      00000
__LbssBANK1                              bssBANK1      00000
__LbssBIGRAM                             bssBIGRAM     00000
__LbssCOMRAM                             bssCOMRAM     00000
__Lcinit                                 cinit         00000
__Lclrtext                               clrtext       00000
__Lcomram                                comram        00000
__Lconfig                                config        00000
__Lconst                                 const         00000
__LcstackBANK0                           cstackBANK0   00000
__LcstackBANK1                           cstackBANK1   00000
__LcstackCOMRAM                          cstackCOMRAM  00000
__Ldata                                  data          00000
__LdataBANK0                             dataBANK0     00000
__LdataBANK2                             dataBANK2     00000
__Lfarbss                                farbss        00000
__Lfardata                               fardata       00000
__Lheap                                  heap          00000
__Libigdata                              ibigdata      00000
__Lidata                                 idata         00000
__LidataBANK0                            idataBANK0    00000
__LidataBANK2                            idataBANK2    00000
__Lidloc                                 idloc         00000
__Lifardata                              ifardata      00000
__Linit                                  init          00062
__Lintcode                               intcode       00008
__Lintcode_body                          intcode_body  00000
__Lintcodelo                             intcodelo     00062
__Lintentry                              intentry      00000
__Lintret                                intret        00000
__Lintsave_regs                          intsave_regs  00000
__Lirdata                                irdata        00000
__Ljflash_buffer                         jflash_buffer 1F800
__Lmediumconst                           mediumconst   0C962
__LnvFARRAM                              nvFARRAM      00000
__Lnvbit                                 nvbit         00000
__Lnvrram                                nvrram        00000
__Lparam                                 rparam        00000
__Lpowerup                               powerup       00062
__Lram                                   ram           00000
__Lramtop                                ramtop        01000
__Lrbit                                  rbit          00000
__Lrbss                                  rbss          00000
__Lrdata                                 rdata         00000
__Lreset_vec                             reset_vec     00000
__Lrparam                                rparam        00000
__Lsfr                                   sfr           00000
__Lsmallconst                            smallconst    00000
__Lspace_0                               (abs)         00000
__Lspace_1                               (abs)         00000
__Lspace_2                               (abs)         00000
__Lspace_4                               (abs)         00000
__Lstack                                 stack         00000
__Lstruct                                struct        00000
__Ltemp                                  temp          0005F
__Ltext                                  text          00000
__Ltext0                                 text0         00000
__Ltext1                                 text1         00000
__Ltext10                                text10        00000
__Ltext100                               text100       00000
__Ltext101                               text101       00000
__Ltext102                               text102       00000
__Ltext103                               text103       00000
__Ltext11                                text11        00000
__Ltext12                                text12        00000
__Ltext13                                text13        00000
__Ltext14                                text14        00000
__Ltext15                                text15        00000
__Ltext16                                text16        00000
__Ltext17                                text17        00000
__Ltext18                                text18        00000
__Ltext19                                text19        00000
__Ltext2                                 text2         00000
__Ltext20                                text20        00000
__Ltext21                                text21        00000
__Ltext22                                text22        00000
__Ltext23                                text23        00000
__Ltext24                                text24        00000
__Ltext25                                text25        00000
__Ltext26                                text26        00000
__Ltext27                                text27        00000
__Ltext28                                text28        00000
__Ltext29                                text29        00000
__Ltext3                                 text3         00000
__Ltext30                                text30        00000
__Ltext31                                text31        00000
__Ltext32                                text32        00000
__Ltext33                                text33        00000
__Ltext34                                text34        00000
__Ltext35                                text35        00000
__Ltext36                                text36        00000
__Ltext37                                text37        00000
__Ltext38                                text38        00000
__Ltext39                                text39        00000
__Ltext4                                 text4         00000
__Ltext40                                text40        00000
__Ltext41                                text41        00000
__Ltext42                                text42        00000
__Ltext43                                text43        00000
__Ltext44                                text44        00000
__Ltext45                                text45        00000
__Ltext46                                text46        00000
__Ltext47                                text47        00000
__Ltext48                                text48        00000
__Ltext49                                text49        00000
__Ltext5                                 text5         00000
__Ltext50                                text50        00000
__Ltext51                                text51        00000
__Ltext52                                text52        00000
__Ltext53                                text53        00000
__Ltext54                                text54        00000
__Ltext55                                text55        00000
__Ltext56                                text56        00000
__Ltext57                                text57        00000
__Ltext58                                text58        00000
__Ltext59                                text59        00000
__Ltext6                                 text6         00000
__Ltext60                                text60        00000
__Ltext61                                text61        00000
__Ltext62                                text62        00000
__Ltext63                                text63        00000
__Ltext64                                text64        00000
__Ltext65                                text65        00000
__Ltext66                                text66        00000
__Ltext67                                text67        00000
__Ltext68                                text68        00000
__Ltext69                                text69        00000
__Ltext7                                 text7         00000
__Ltext70                                text70        00000
__Ltext71                                text71        00000
__Ltext72                                text72        00000
__Ltext73                                text73        00000
__Ltext74                                text74        00000
__Ltext75                                text75        00000
__Ltext76                                text76        00000
__Ltext77                                text77        00000
__Ltext78                                text78        00000
__Ltext79                                text79        00000
__Ltext8                                 text8         00000
__Ltext80                                text80        00000
__Ltext81                                text81        00000
__Ltext82                                text82        00000
__Ltext83                                text83        00000
__Ltext84                                text84        00000
__Ltext85                                text85        00000
__Ltext86                                text86        00000
__Ltext87                                text87        00000
__Ltext88                                text88        00000
__Ltext89                                text89        00000
__Ltext9                                 text9         00000
__Ltext90                                text90        00000
__Ltext91                                text91        00000
__Ltext92                                text92        00000
__Ltext93                                text93        00000
__Ltext94                                text94        00000
__Ltext95                                text95        00000
__Ltext96                                text96        00000
__Ltext97                                text97        00000
__Ltext98                                text98        00000
__Ltext99                                text99        00000
__S0                                     (abs)         1915A
__S1                                     (abs)         0062D
__S4                                     (abs)         00000
___GLCD                                  bssBANK0      0006C
___GLCD_Buffer                           bssBIGRAM     0022D
___GLCD_GotoX                            text80        187BA
___GLCD_GotoX$424                        cstackCOMRAM  0000A
___GLCD_GotoX@X                          cstackCOMRAM  0000E
___GLCD_GotoX@chip                       cstackCOMRAM  0000D
___GLCD_GotoX@cmd                        cstackCOMRAM  0000C
___GLCD_GotoY                            text77        18E04
___GLCD_GotoY@Y                          cstackCOMRAM  0000A
___GLCD_GotoY@cmd                        cstackCOMRAM  00009
___awdiv                                 text78        17D3E
___awdiv@counter                         cstackCOMRAM  00005
___awdiv@dividend                        cstackCOMRAM  00001
___awdiv@divisor                         cstackCOMRAM  00003
___awdiv@quotient                        cstackCOMRAM  00007
___awdiv@sign                            cstackCOMRAM  00006
___extmem_base                           (abs)         20000
___heap_hi                               (abs)         00000
___heap_lo                               (abs)         00000
___inthi_sp                              stack         00000
___intlo_sp                              stack         00000
___lbdiv                                 text84        189DA
___lbdiv@counter                         cstackCOMRAM  00003
___lbdiv@dividend                        cstackCOMRAM  00002
___lbdiv@divisor                         cstackCOMRAM  00001
___lbdiv@quotient                        cstackCOMRAM  00004
___lldiv                                 text16        18214
___lldiv@counter                         cstackCOMRAM  00016
___lldiv@dividend                        cstackCOMRAM  0000A
___lldiv@divisor                         cstackCOMRAM  0000E
___lldiv@quotient                        cstackCOMRAM  00012
___llmod                                 text15        185A0
___llmod@counter                         cstackCOMRAM  00009
___llmod@dividend                        cstackCOMRAM  00001
___llmod@divisor                         cstackCOMRAM  00005
___lodiv                                 text57        17830
___lodiv@counter                         cstackCOMRAM  00019
___lodiv@dividend                        cstackCOMRAM  00001
___lodiv@divisor                         cstackCOMRAM  00009
___lodiv@quotient                        cstackCOMRAM  00011
___lomod                                 text56        17BA4
___lomod@counter                         cstackCOMRAM  00011
___lomod@dividend                        cstackCOMRAM  00001
___lomod@divisor                         cstackCOMRAM  00009
___lwdiv                                 text83        18830
___lwdiv@counter                         cstackCOMRAM  00007
___lwdiv@dividend                        cstackCOMRAM  00001
___lwdiv@divisor                         cstackCOMRAM  00003
___lwdiv@quotient                        cstackCOMRAM  00005
___lwmod                                 text39        18916
___lwmod@counter                         cstackCOMRAM  00005
___lwmod@dividend                        cstackCOMRAM  00001
___lwmod@divisor                         cstackCOMRAM  00003
___param_bank                            (abs)         00000
___rparam_used                           (abs)         00001
___sp                                    stack         00000
___wmul                                  text68        18F6E
___wmul@multiplicand                     cstackCOMRAM  00003
___wmul@multiplier                       cstackCOMRAM  00001
___wmul@product                          cstackCOMRAM  00005
__accesstop                              (abs)         00060
__activetblptr                           (abs)         00003
__end_ofTwoBatMenu@F6105                 mediumconst   0C98C
__end_ofTwoBatMenu@F6107                 mediumconst   0C982
__end_ofTwoBatMenu@F6109                 mediumconst   0C96E
__end_ofTwoBatMenu@F6111                 mediumconst   0C978
__end_of_ButtonDown                      text86        1907C
__end_of_ButtonLeft                      text87        19090
__end_of_ButtonOK                        text85        19068
__end_of_ButtonRight                     text88        190A4
__end_of_ButtonUp                        text89        190B8
__end_of_Button_EventGet                 text91        18EAE
__end_of_Button_Event_Reset              text90        18C34
__end_of_Button_Init                     text103       15D18
__end_of_Button_Update                   text82        14F40
__end_of_CapacitanceDisplay              text20        15EB0
__end_of_CellCount                       text46        1741A
__end_of_ChargerMode                     text45        170FC
__end_of_ChemistryDisplay                text44        16FC4
__end_of_CurrentDisplay                  text19        18B40
__end_of_CycleDisplay                    text18        18A90
__end_of_CycleSet                        text43        17310
__end_of_Font5x8                         mediumconst   0FD4C
__end_of_GLCD_BufferRead                 text81        18F14
__end_of_GLCD_BufferWrite                text75        18EE2
__end_of_GLCD_Clear                      text41        18FB8
__end_of_GLCD_DrawHLine                  text73        18C7C
__end_of_GLCD_DrawRectangle              text70        185A0
__end_of_GLCD_DrawVLine                  text71        18E76
__end_of_GLCD_FillRectangle              text69        18FF4
__end_of_GLCD_FillScreen                 text42        18D8A
__end_of_GLCD_GotoX                      text102       1903E
__end_of_GLCD_GotoXY                     text100       19134
__end_of_GLCD_GotoY                      text101       1900E
__end_of_GLCD_PrintChar                  text67        146A2
__end_of_GLCD_PrintString                text66        18484
__end_of_GLCD_Render                     text76        189DA
__end_of_GLCD_SelectChip                 text97        18DC8
__end_of_GLCD_Send                       text98        17EBA
__end_of_GLCD_SendCommand                text95        18E04
__end_of_GLCD_SendData                   text79        183F2
__end_of_GLCD_SetFont                    text65        18514
__end_of_GLCD_SetPixel                   text74        187BA
__end_of_GLCD_SetPixels                  text72        154CE
__end_of_GLCD_Setup                      text94        18738
__end_of_GLCD_WaitBusy                   text96        18AEA
__end_of_Handle_Main_MenuNavigation      text64        16024
__end_of_Handle_Setting1_MenuNavigation  text63        1595E
__end_of_Handle_Setting23_MenuNavigation text62        14B20
__end_of_Handle_Setting5_MenuNavigation  text61        15716
__end_of_ISR                             intcode       00062
__end_of_InitBattParameters              text93        141DA
__end_of_Init_Timer0                     text92        190CC
__end_of_Menu                            text9         136E0
__end_of_MinimumDischargeVoltage         text38        16E8C
__end_of_Options1_Menu                   text40        18214
__end_of_Options2_Menu                   text34        180C2
__end_of_Options3_Menu                   text31        186B0
__end_of_Options4_Menu                   text26        18016
__end_of_Options5_Menu                   text21        17BA4
__end_of_Pulse_En                        text99        19102
__end_of_SPI_Exchange                    text2         19026
__end_of_SetCellVotage                   text37        16D46
__end_of_SetChargingCurrent_1            text30        1762A
__end_of_SetChargingCurrent_2            text29        1657E
__end_of_SetChargingCurrent_3            text25        1642A
__end_of_SetChargingCurrent_4            text24        162D6
__end_of_SetDischargingCurrent_1         text28        17522
__end_of_SetDischargingCurrent_2         text27        16974
__end_of_SetDischargingCurrent_3         text23        16822
__end_of_SetDischargingCurrent_4         text22        166D0
__end_of_SetMaxTime                      text33        16ABA
__end_of_SetTemp                         text32        17206
__end_of_SingleBat_Menu                  text11        179FC
__end_of_Tahoma11x13                     mediumconst   0FB0C
__end_of_Tekton_Pro_Ext27x28             mediumconst   0F26C
__end_of_TempDisplay                     text17        18D06
__end_of_TimeDisplay                     text14        17830
__end_of_TrickleCurrent                  text36        17732
__end_of_TrickleVoltage                  text35        16C00
__end_of_UART_SendChar                   text55        19054
__end_of_VoltageDisplay                  text13        17AD0
__end_of___GLCD_GotoX                    text80        18830
__end_of___GLCD_GotoY                    text77        18E3E
__end_of___awdiv                         text78        17E02
__end_of___lbdiv                         text84        18A36
__end_of___lldiv                         text16        182B8
__end_of___llmod                         text15        18628
__end_of___lodiv                         text57        17920
__end_of___lomod                         text56        17C74
__end_of___lwdiv                         text83        188A4
__end_of___lwmod                         text39        1897A
__end_of___wmul                          text68        18F94
__end_of__initialization                 cinit         1890C
__end_of_atoi                            text58        16182
__end_of_batState                        text12        17F6A
__end_of_fputc                           text53        17D3E
__end_of_fputs                           text52        18D4A
__end_of_isdigit                         text60        18F6E
__end_of_isspace                         text59        18CC2
__end_of_main                            text0         18358
__end_of_pad                             text51        1816C
__end_of_putch                           text54        1914C
__end_of_setSPI_Interface                text8         190F0
__end_of_setupClock                      text7         19142
__end_of_setupInterrupts                 text6         1915A
__end_of_setupPWM                        text5         190DE
__end_of_setupPorts                      text4         19154
__end_of_setupUART                       text3         19124
__end_of_sprintf                         text47        18B92
__end_of_sst25vf_init_enable_write       text1         18FDA
__end_of_switch_between_battery_types    text10        13CFC
__end_of_utoa                            text50        15B56
__end_of_vfpfcnvrt                       text49        1525E
__end_of_vfprintf                        text48        18BE4
__initialization                         cinit         188A4
__mediumconst                            mediumconst   0C962
__pbssBANK0                              bssBANK0      00060
__pbssBANK1                              bssBANK1      001E0
__pbssBIGRAM                             bssBIGRAM     0022D
__pbssCOMRAM                             bssCOMRAM     0005E
__pcinit                                 cinit         188A4
__pcstackBANK0                           cstackBANK0   000A7
__pcstackBANK1                           cstackBANK1   00100
__pcstackCOMRAM                          cstackCOMRAM  00001
__pdataBANK0                             dataBANK0     000CD
__pdataBANK2                             dataBANK2     00200
__pidataBANK0                            idataBANK0    19102
__pidataBANK2                            idataBANK2    18F14
__pintcode                               intcode       00008
__pmediumconst                           mediumconst   0C962
__ptext0                                 text0         182B8
__ptext1                                 text1         18FB8
__ptext10                                text10        136E0
__ptext100                               text100       19124
__ptext101                               text101       18FF4
__ptext102                               text102       19026
__ptext103                               text103       15B56
__ptext11                                text11        17920
__ptext12                                text12        17EBA
__ptext13                                text13        179FC
__ptext14                                text14        17732
__ptext15                                text15        185A0
[...]
__ptext20                                text20        15D18
__ptext21                                text21        17AD0
__ptext22                                text22        1657E
__ptext23                                text23        166D0
__ptext24                                text24        16182
__ptext25                                text25        162D6
__ptext26                                text26        17F6A
__ptext27                                text27        16822
__ptext28                                text28        1741A
__ptext29                                text29        1642A
__ptext3                                 text3         19114
__ptext30                                text30        17522
__ptext31                                text31        18628
__ptext32                                text32        170FC
__ptext33                                text33        16974
__ptext34                                text34        18016
__ptext35                                text35        16ABA
__ptext36                                text36        1762A
__ptext37                                text37        16C00
__ptext38                                text38        16D46
__ptext39                                text39        18916
__ptext4                                 text4         1914C
__ptext40                                text40        1816C
__ptext41                                text41        18F94
__ptext42                                text42        18D4A
__ptext43                                text43        17206
__ptext44                                text44        16E8C
__ptext45                                text45        16FC4
__ptext46                                text46        17310
__ptext47                                text47        18B40
__ptext48                                text48        18B92
__ptext49                                text49        14F40
__ptext5                                 text5         190CC
__ptext50                                text50        1595E
__ptext51                                text51        180C2
__ptext52                                text52        18D06
__ptext53                                text53        17C74
__ptext54                                text54        19142
__ptext55                                text55        1903E
__ptext56                                text56        17BA4
__ptext57                                text57        17830
__ptext58                                text58        16024
__ptext59                                text59        18C7C
__ptext6                                 text6         19154
__ptext60                                text60        18F42
__ptext61                                text61        154CE
__ptext62                                text62        146A2
__ptext63                                text63        15716
__ptext64                                text64        15EB0
__ptext65                                text65        18484
__ptext66                                text66        183F2
__ptext67                                text67        141DA
__ptext68                                text68        18F6E
__ptext69                                text69        18FDA
__ptext7                                 text7         19134
__ptext70                                text70        18514
__ptext71                                text71        18E3E
__ptext72                                text72        1525E
__ptext73                                text73        18C34
__ptext74                                text74        18738
__ptext75                                text75        18EAE
__ptext76                                text76        1897A
__ptext77                                text77        18E04
__ptext78                                text78        17D3E
__ptext79                                text79        18358
__ptext8                                 text8         190DE
__ptext80                                text80        187BA
__ptext81                                text81        18EE2
__ptext82                                text82        14B20
__ptext83                                text83        18830
__ptext84                                text84        189DA
__ptext85                                text85        19054
__ptext86                                text86        19068
__ptext87                                text87        1907C
__ptext88                                text88        19090
__ptext89                                text89        190A4
__ptext9                                 text9         10000
__ptext90                                text90        18BE4
__ptext91                                text91        18E76
__ptext92                                text92        190B8
__ptext93                                text93        13CFC
__ptext94                                text94        186B0
__ptext95                                text95        18DC8
__ptext96                                text96        18A90
__ptext97                                text97        18D8A
__ptext98                                text98        17E02
__ptext99                                text99        190F0
__ramtop                                 ramtop        01000
__smallconst                             smallconst    00000
_atoi                                    text58        16024
_batState                                text12        17EBA
_button_counter                          bssBANK0      00080
_counter_test                            bssBANK1      001E0
_dbuf                                    bssBANK0      00087
_flags                                   bssCOMRAM     0005E
_fputc                                   text53        17C74
_fputs                                   text52        18D06
_instance                                dataBANK2     00200
_isdigit                                 text60        18F42
_isspace                                 text59        18C7C
_isspace$4495                            cstackCOMRAM  00005
_main                                    text0         182B8
_pad                                     text51        180C2
_prec                                    bssBANK0      0007C
_putch                                   text54        19142
_setSPI_Interface                        text8         190DE
_setupClock                              text7         19134
_setupInterrupts                         text6         19154
_setupPWM                                text5         190CC
_setupPorts                              text4         1914C
_setupUART                               text3         19114
_sprintf                                 text47        18B40
_sst25vf_init_enable_write               text1         18FB8
_switch_between_battery_types            text10        136E0
_this                                    dataBANK0     000CD
_time                                    bssBANK0      00076
_utoa                                    text50        1595E
_vfpfcnvrt                               text49        14F40
_vfprintf                                text48        18B92
_width                                   bssBANK0      0007A
atoi@n                                   cstackCOMRAM  0000E
atoi@neg                                 cstackCOMRAM  0000C
atoi@s                                   cstackCOMRAM  00007
batState@battery_number                  cstackCOMRAM  00022
batState@state                           cstackCOMRAM  00025
btemp                                    temp          0005F
end_of_initialization                    cinit         1890C
fputc@c                                  cstackCOMRAM  00003
fputc@fp                                 cstackCOMRAM  00005
fputs@c                                  cstackCOMRAM  00010
fputs@fp                                 cstackCOMRAM  0000E
fputs@i                                  cstackCOMRAM  00011
fputs@s                                  cstackCOMRAM  0000C
int$flags                                temp          0005F
intlevel0                                text          00000
intlevel1                                text          00000
intlevel2                                text          00000
intlevel3                                text          00000
isa$std                                  (abs)         00001
isa$xinst                                (abs)         00000
isdigit@c                                cstackCOMRAM  00001
isspace@c                                cstackCOMRAM  00001
main@bat_param                           cstackBANK1   00181
main@liion_settings                      cstackBANK1   00156
main@nimh_settings                       cstackBANK1   00100
main@pb_settings                         cstackBANK1   0012B
pad@buf                                  cstackCOMRAM  00015
pad@fp                                   cstackCOMRAM  00013
pad@i                                    cstackCOMRAM  0001A
pad@p                                    cstackCOMRAM  00017
pad@w                                    cstackCOMRAM  0001C
putch@txData                             cstackCOMRAM  00002
sprintf@ap                               cstackBANK0   000B3
sprintf@f                                cstackBANK0   000B5
sprintf@fmt                              cstackBANK0   000A9
sprintf@s                                cstackBANK0   000A7
stackhi                                  (abs)         00000
stacklo                                  (abs)         00000
start                                    init          00062
start_initialization                     cinit         188A4
switch_between_battery_types@bat_param   cstackCOMRAM  00001
ttemp5                                   temp          00060
ttemp6                                   temp          00063
ttemp7                                   temp          00067
utoa@d                                   cstackCOMRAM  00020
utoa@fp                                  cstackCOMRAM  0001E
utoa@i                                   cstackCOMRAM  0003C
utoa@n                                   cstackCOMRAM  00034
utoa@p                                   cstackCOMRAM  00030
utoa@w                                   cstackCOMRAM  00032
vfpfcnvrt@ap                             cstackCOMRAM  00042
vfpfcnvrt@convarg                        cstackCOMRAM  00048
vfpfcnvrt@cp                             cstackCOMRAM  00052
vfpfcnvrt@done                           cstackCOMRAM  00050
vfpfcnvrt@fmt                            cstackCOMRAM  00040
vfpfcnvrt@fp                             cstackCOMRAM  0003E
vfprintf@ap                              cstackCOMRAM  00058
vfprintf@cfmt                            cstackCOMRAM  0005A
vfprintf@fmt                             cstackCOMRAM  00056
vfprintf@fp                              cstackCOMRAM  00054
wtemp8                                   temp          00060


MODULE INFORMATION

Module		Function		Class		Link	Load	Size
C:\Program Files\Microchip\xc8\v2.40\pic\sources\c99\common\nf_fputc.c
		_fputc         		CODE           	17C74	0000	202

C:\Program Files\Microchip\xc8\v2.40\pic\sources\c99\common\nf_fputc.c estimated size: 202

C:\Program Files\Microchip\xc8\v2.40\pic\sources\c99\common\nf_sprintf.c
		_sprintf       		CODE           	18B40	0000	82

C:\Program Files\Microchip\xc8\v2.40\pic\sources\c99\common\nf_sprintf.c estimated size: 82

C:\Program Files\Microchip\xc8\v2.40\pic\sources\c99\common\lwdiv.c
		___lwdiv       		CODE           	18830	0000	116

C:\Program Files\Microchip\xc8\v2.40\pic\sources\c99\common\lwdiv.c estimated size: 116

C:\Program Files\Microchip\xc8\v2.40\pic\sources\c99\common\awdiv.c
		___awdiv       		CODE           	17D3E	0000	196

C:\Program Files\Microchip\xc8\v2.40\pic\sources\c99\common\awdiv.c estimated size: 196

button.c
		_Button_EventGet		CODE           	18E76	0000	56
		_Button_Event_Reset		CODE           	18BE4	0000	80
		_ButtonLeft    		CODE           	1907C	0000	20
		_ButtonOK      		CODE           	19054	0000	20
		_Button_Init   		CODE           	15B56	0000	450
		_ButtonRight   		CODE           	19090	0000	20
		_ButtonUp      		CODE           	190A4	0000	20
		_Button_Update 		CODE           	14B20	0000	1056
		_ButtonDown    		CODE           	19068	0000	20

button.c estimated size: 1742

C:\Program Files\Microchip\xc8\v2.40\pic\sources\c99\common\isspace.c
		_isspace       		CODE           	18C7C	0000	70

C:\Program Files\Microchip\xc8\v2.40\pic\sources\c99\common\isspace.c estimated size: 70

settings.c
		_setupClock    		CODE           	19134	0000	14
		_setupPWM      		CODE           	190CC	0000	18
		_setupInterrupts		CODE           	19154	0000	6
		_setupPorts    		CODE           	1914C	0000	8
		_setupUART     		CODE           	19114	0000	16

settings.c estimated size: 62

C:\Program Files\Microchip\xc8\v2.40\pic\sources\c99\common\atoi.c
		_atoi          		CODE           	16024	0000	350

C:\Program Files\Microchip\xc8\v2.40\pic\sources\c99\common\atoi.c estimated size: 350

C:\Program Files\Microchip\xc8\v2.40\pic\sources\c99\common\Umul16.c
		___wmul        		CODE           	18F6E	0000	38

C:\Program Files\Microchip\xc8\v2.40\pic\sources\c99\common\Umul16.c estimated size: 38

LCD-KS0108/KS0108.c
		___GLCD_GotoX  		CODE           	187BA	0000	118
		___GLCD_GotoY  		CODE           	18E04	0000	58
		_GLCD_SelectChip		CODE           	18D8A	0000	62
		_GLCD_BufferRead		CODE           	18EE2	0000	50
		_GLCD_Render   		CODE           	1897A	0000	96
		_GLCD_FillRectangle		CODE           	18FDA	0000	26
		_GLCD_GotoX    		CODE           	19026	0000	24
		_GLCD_GotoY    		CODE           	18FF4	0000	26
		_GLCD_WaitBusy 		CODE           	18A90	0000	90
		_GLCD_GotoXY   		CODE           	19124	0000	16
		_GLCD_FillScreen		CODE           	18D4A	0000	64
		_Pulse_En      		CODE           	190F0	0000	18
		_GLCD_Send     		CODE           	17E02	0000	184
		_GLCD_Setup    		CODE           	186B0	0000	136
		_GLCD_PrintString		CODE           	183F2	0000	146
		_GLCD_DrawHLine		CODE           	18C34	0000	72
		_GLCD_DrawVLine		CODE           	18E3E	0000	56
		_GLCD_SetFont  		CODE           	18484	0000	144
		_GLCD_SendCommand		CODE           	18DC8	0000	60
		_GLCD_SendData 		CODE           	18358	0000	154
		_GLCD_SetPixel 		CODE           	18738	0000	130
		_GLCD_PrintChar		CODE           	141DA	0000	1224
		_GLCD_DrawRectangle		CODE           	18514	0000	140
		_GLCD_BufferWrite		CODE           	18EAE	0000	52
		_GLCD_SetPixels		CODE           	1525E	0000	624
		_GLCD_Clear    		CODE           	18F94	0000	36

LCD-KS0108/KS0108.c estimated size: 3806

interrupts.c
		_ISR           		CODE           	0008	0000	90
		_Init_Timer0   		CODE           	190B8	0000	20

interrupts.c estimated size: 110

C:\Program Files\Microchip\xc8\v2.40\pic\sources\c99\common\__lldiv.c
		___lldiv       		CODE           	18214	0000	164

C:\Program Files\Microchip\xc8\v2.40\pic\sources\c99\common\__lldiv.c estimated size: 164

menu_definitions.c
		_CycleDisplay  		CODE           	18A36	0000	90
		_InitBattParameters		CODE           	13CFC	0000	1246
		_CellCount     		CODE           	17310	0000	266
		_SetTemp       		CODE           	170FC	0000	266
		_SetDischargingCurrent_2		CODE           	16822	0000	338
		_CurrentDisplay		CODE           	18AEA	0000	86
		_CycleSet      		CODE           	17206	0000	266
		_ChemistryDisplay		CODE           	16E8C	0000	312
		_TempDisplay   		CODE           	18CC2	0000	68
		_batState      		CODE           	17EBA	0000	176
		_SetMaxTime    		CODE           	16974	0000	326
		_MinimumDischargeVoltage		CODE           	16D46	0000	326
		_Options1_Menu 		CODE           	1816C	0000	168
		_Options2_Menu 		CODE           	18016	0000	172
		_Options3_Menu 		CODE           	18628	0000	136
		_Options4_Menu 		CODE           	17F6A	0000	172
		_Options5_Menu 		CODE           	17AD0	0000	212
		_TimeDisplay   		CODE           	17732	0000	254
		_SetDischargingCurrent_1		CODE           	1741A	0000	264
		_SetDischargingCurrent_4		CODE           	1657E	0000	338
		_SetChargingCurrent_1		CODE           	17522	0000	264
		_TrickleVoltage		CODE           	16ABA	0000	326
		_SetChargingCurrent_2		CODE           	1642A	0000	340
		_CapacitanceDisplay		CODE           	15D18	0000	408
		_TrickleCurrent		CODE           	1762A	0000	264
		_SingleBat_Menu		CODE           	17920	0000	220
		_SetCellVotage 		CODE           	16C00	0000	326
		_SetChargingCurrent_3		CODE           	162D6	0000	340
		_VoltageDisplay		CODE           	179FC	0000	212
		_ChargerMode   		CODE           	16FC4	0000	312
		_SetChargingCurrent_4		CODE           	16182	0000	340
		_SetDischargingCurrent_3		CODE           	166D0	0000	338

menu_definitions.c estimated size: 9172

menu_navigation.c
		_Handle_Main_MenuNavigation		CODE           	15EB0	0000	372
		_Handle_Setting23_MenuNavigation		CODE           	146A2	0000	1150
		_switch_between_battery_types		CODE           	136E0	0000	1564
		_Menu          		CODE           	10000	0000	14048
		_Handle_Setting1_MenuNavigation		CODE           	15716	0000	584
		_Handle_Setting5_MenuNavigation		CODE           	154CE	0000	584

menu_navigation.c estimated size: 18302

C:\Program Files\Microchip\xc8\v2.40\pic\sources\c99\common\isdigit.c
		_isdigit       		CODE           	18F42	0000	44

C:\Program Files\Microchip\xc8\v2.40\pic\sources\c99\common\isdigit.c estimated size: 44

MMSP.c
		_SPI_Exchange  		CODE           	1900E	0000	24
		_setSPI_Interface		CODE           	190DE	0000	18

MMSP.c estimated size: 42

C:\Program Files\Microchip\xc8\v2.40\pic\sources\c99\common\lbdiv.c
		___lbdiv       		CODE           	189DA	0000	92

C:\Program Files\Microchip\xc8\v2.40\pic\sources\c99\common\lbdiv.c estimated size: 92

C:\Program Files\Microchip\xc8\v2.40\pic\sources\c99\common\nf_fputs.c
		_fputs         		CODE           	18D06	0000	68

C:\Program Files\Microchip\xc8\v2.40\pic\sources\c99\common\nf_fputs.c estimated size: 68

C:\Program Files\Microchip\xc8\v2.40\pic\sources\c99\common\lomod.c
		___lomod       		CODE           	17BA4	0000	208

C:\Program Files\Microchip\xc8\v2.40\pic\sources\c99\common\lomod.c estimated size: 208

shared
		TwoBatMenu@F6111		MEDIUMCONST    	C96E	0000	10
		TwoBatMenu@F6105		MEDIUMCONST    	C982	0000	10
		TwoBatMenu@F6107		MEDIUMCONST    	C978	0000	10
		TwoBatMenu@F6109		MEDIUMCONST    	C963	0000	11
		__initialization		CODE           	188A4	0000	104
		_Tekton_Pro_Ext27x28		MEDIUMCONST    	C98C	0000	10464
		_Font5x8       		MEDIUMCONST    	FB0C	0000	576
		_Tahoma11x13   		MEDIUMCONST    	F26C	0000	2208

shared estimated size: 13393

C:\Program Files\Microchip\xc8\v2.40\pic\sources\c99\common\lwmod.c
		___lwmod       		CODE           	18916	0000	100

C:\Program Files\Microchip\xc8\v2.40\pic\sources\c99\common\lwmod.c estimated size: 100

C:\Program Files\Microchip\xc8\v2.40\pic\sources\c99\common\llmod.c
		___llmod       		CODE           	185A0	0000	136

C:\Program Files\Microchip\xc8\v2.40\pic\sources\c99\common\llmod.c estimated size: 136

peripherials/UART.c
		_putch         		CODE           	19142	0000	10
		_UART_SendChar 		CODE           	1903E	0000	22

peripherials/UART.c estimated size: 32

C:\Program Files\Microchip\xc8\v2.40\pic\sources\c99\common\doprnt.c
		_vfpfcnvrt     		CODE           	14F40	0000	798
		_pad           		CODE           	180C2	0000	170
		_vfprintf      		CODE           	18B92	0000	82
		_utoa          		CODE           	1595E	0000	504

C:\Program Files\Microchip\xc8\v2.40\pic\sources\c99\common\doprnt.c estimated size: 1554

main.c
		_main          		CODE           	182B8	0000	160

main.c estimated size: 160

SST25VF.c
		_sst25vf_init_enable_write		CODE           	18FB8	0000	34

SST25VF.c estimated size: 34

C:\Program Files\Microchip\xc8\v2.40\pic\sources\c99\common\lodiv.c
		___lodiv       		CODE           	17830	0000	240

C:\Program Files\Microchip\xc8\v2.40\pic\sources\c99\common\lodiv.c estimated size: 240

