Microchip MPLAB XC8 Compiler V2.40

Linker command line:

-W5 \
  --edf=C:/Users/LPC-user/.mchp_packs/Microchip/PIC18F-J_DFP/1.7.159/xc8\pic\dat\20230817221043_en.msgs \
  -cn -h+dist/default/production\battery-tester.X.production.sym \
  --cmf=dist/default/production\battery-tester.X.production.cmf -z \
  -Q18F67J50 -oC:\Users\LPC-user\AppData\Local\Temp\xcAs8m4.4 \
  --defsym=__MPLAB_BUILD=1 --fixupoverflow=error \
  -Mdist/default/production/battery-tester.X.production.map \
  --md=C:\Users\LPC-user\AppData\Local\Temp\xcAs8m4.dat -E1 \
  -ver=XC8 Compiler --acfsm=1493 -ACODE=00h-01FFF7h -ACONST=00h-01FFF7h \
  -ASMALLCONST=01000h-010FFhx495,01FF00h-01FFF7h \
  -AMEDIUMCONST=01000h-0FFFFh,011000h-01FFF7h -ACOMRAM=01h-05Fh \
  -AABS1=00h-0F3Fh -ABIGRAM=01h-0F3Fh \
  -ARAM=060h-0FFh,0100h-01FFhx14,0F00h-0F3Fh -ABANK0=060h-0FFh \
  -ABANK1=0100h-01FFh -ABANK2=0200h-02FFh -ABANK3=0300h-03FFh \
  -ABANK4=0400h-04FFh -ABANK5=0500h-05FFh -ABANK6=0600h-06FFh \
  -ABANK7=0700h-07FFh -ABANK8=0800h-08FFh -ABANK9=0900h-09FFh \
  -ABANK10=0A00h-0AFFh -ABANK11=0B00h-0BFFh -ABANK12=0C00h-0CFFh \
  -ABANK13=0D00h-0DFFh -ABANK14=0E00h-0EFFh -ABANK15=0F00h-0F3Fh \
  -ASFR=0F40h-0F5Fh,0F60h-0FFFh -ABIGSFR=0F40h-0FFFh \
  -ACONFIG=01FFF8h-01FFFDh \
  -preset_vec=00h,intcode=08h,intcodelo,powerup,init -pramtop=01000h \
  -psmallconst=SMALLCONST -pmediumconst=MEDIUMCONST -pconst=CONST \
  -AFARRAM=00h-00h -pjflash_buffer=01F800h \
  -prdata=COMRAM,nvrram=COMRAM,nvbit=COMRAM,rbss=COMRAM,rbit=COMRAM \
  -pfarbss=FARRAM,fardata=FARRAM,nvFARRAM=FARRAM \
  -pintsave_regs=BIGRAM,bigbss=BIGRAM,bigdata=BIGRAM -pbss=RAM \
  -pidata=CODE,irdata=CODE,ibigdata=CODE,ifardata=CODE -prparam=COMRAM \
  C:\Users\LPC-user\AppData\Local\Temp\xcAs8m4.o \
  dist/default/production\battery-tester.X.production.o 

Object code version is 3.11

Machine type is 18F67J50



                Name                               Link     Load   Length Selector   Space Scale
C:\Users\LPC-user\AppData\Local\Temp\xcAs8m4.o
                config                            1FFF8    1FFF8        6        0       4
                init                                 28       28        4        4       0
                reset_vec                             0        0        4        0       0
dist/default/production\battery-tester.X.production.o
                intcode                               8        8       20        4       0
                config                            1FFF8    1FFF8        6        0       4
                temp                                 56       56        1        1       1
                mediumconst                        CB66     CB66     349A     65B3       0
                text48                            113AC    113AC      1C0     8000       0
                text47                            1217E    1217E       14     9044       0
                text46                            1216A    1216A       14     9044       0
                text45                            12156    12156       14     9044       0
                text44                            12142    12142       14     9044       0
                text43                            1212E    1212E       14     9044       0
                text42                            11DCA    11DCA       5C     8000       0
                text41                            11C88    11C88       74     8000       0
                text40                            108D0    108D0      406     8000       0
                text39                            12028    12028       32     8000       0
                text38                            11FF4    11FF4       34     8000       0
                text37                            12102    12102       18     9044       0
                text36                            120EA    120EA       18     9044       0
                text35                            121C6    121C6       10     9044       0
                text34                            1156C    1156C       C4     8000       0
                text33                            12088    12088       26     9044       0
                text32                            10000    10000      4B0     8000       0
                text31                            118EE    118EE       90     8000       0
                text30                            104B0    104B0      420     8000       0
                text29                            11CFC    11CFC       6E     8000       0
                text28                            121A4    121A4       12     9044       0
                text27                            116F0    116F0       B8     8000       0
                text26                            11F08    11F08       3E     8000       0
                text25                            11E26    11E26       5A     8000       0
                text24                            11F46    11F46       3C     8000       0
                text23                            11A98    11A98       86     8000       0
                text22                            1211A    1211A       14     9044       0
                text21                            11EC8    11EC8       40     8000       0
                text20                            120AE    120AE       22     9044       0
                text19                            11B1E    11B1E       7E     8000       0
                text18                            11E80    11E80       48     8000       0
                text17                            10CD6    10CD6      260     8000       0
                text16                            11FBC    11FBC       38     8000       0
                text15                            10F36    10F36      248     8000       0
                text14                            11A0C    11A0C       8C     8000       0
                text13                            120D0    120D0       1A     9044       0
                text12                            11C12    11C12       76     8000       0
                text11                            11858    11858       96     8000       0
                text10                            11F82    11F82       3A     8000       0
                text9                             11D6A    11D6A       60     8000       0
                text8                             1197E    1197E       8E     8000       0
                text7                             117A8    117A8       B0     8000       0
                text6                             1117E    1117E      22E     8000       0
                text5                             121E6    121E6        E     90F3       0
                text4                             121FA    121FA        6     90F3       0
                text3                             12192    12192       12     9044       0
                text2                             121F4    121F4        6     90F3       0
                text1                             121B6    121B6       10     9044       0
                text0                             11630    11630       C0     8000       0
                cstackCOMRAM                          1        1       3B        1       1
                cstackBANK0                          60       60       49       60       1
                bssBIGRAM                            E2       E2      400       E2       1
                dataBANK0                            A9       A9       2D       60       1
                bssBANK0                             D6       D6        C       60       1
                dataCOMRAM                           3C       3C        F        1       1
                bssCOMRAM                            4B       4B        B        1       1
                cinit                             11B9C    11B9C       76     8000       0
                idataBANK0                        1205A    1205A       2D     8000       0
                idataCOMRAM                       121D6    121D6        F     9044       0

TOTAL           Name                               Link     Load   Length     Space
        CLASS   CODE           
                intcode                               8        8       20         0
                init                                 28       28        4         0
                reset_vec                             0        0        4         0
                text48                            113AC    113AC      1C0         0
                text47                            1217E    1217E       14         0
                text46                            1216A    1216A       14         0
                text45                            12156    12156       14         0
                text44                            12142    12142       14         0
                text43                            1212E    1212E       14         0
                text42                            11DCA    11DCA       5C         0
                text41                            11C88    11C88       74         0
                text40                            108D0    108D0      406         0
                text39                            12028    12028       32         0
                text38                            11FF4    11FF4       34         0
                text37                            12102    12102       18         0
                text36                            120EA    120EA       18         0
                text35                            121C6    121C6       10         0
                text34                            1156C    1156C       C4         0
                text33                            12088    12088       26         0
                text32                            10000    10000      4B0         0
                text31                            118EE    118EE       90         0
                text30                            104B0    104B0      420         0
                text29                            11CFC    11CFC       6E         0
                text28                            121A4    121A4       12         0
                text27                            116F0    116F0       B8         0
                text26                            11F08    11F08       3E         0
                text25                            11E26    11E26       5A         0
                text24                            11F46    11F46       3C         0
                text23                            11A98    11A98       86         0
                text22                            1211A    1211A       14         0
                text21                            11EC8    11EC8       40         0
                text20                            120AE    120AE       22         0
                text19                            11B1E    11B1E       7E         0
                text18                            11E80    11E80       48         0
                text17                            10CD6    10CD6      260         0
                text16                            11FBC    11FBC       38         0
                text15                            10F36    10F36      248         0
                text14                            11A0C    11A0C       8C         0
                text13                            120D0    120D0       1A         0
                text12                            11C12    11C12       76         0
                text11                            11858    11858       96         0
                text10                            11F82    11F82       3A         0
                text9                             11D6A    11D6A       60         0
                text8                             1197E    1197E       8E         0
                text7                             117A8    117A8       B0         0
                text6                             1117E    1117E      22E         0
                text5                             121E6    121E6        E         0
                text4                             121FA    121FA        6         0
                text3                             12192    12192       12         0
                text2                             121F4    121F4        6         0
                text1                             121B6    121B6       10         0
                text0                             11630    11630       C0         0
                cinit                             11B9C    11B9C       76         0
                idataBANK0                        1205A    1205A       2D         0
                idataCOMRAM                       121D6    121D6        F         0

        CLASS   CONST          

        CLASS   SMALLCONST     

        CLASS   MEDIUMCONST    
                mediumconst                        CB66     CB66     349A         0

        CLASS   COMRAM         
                temp                                 56       56        1         1
                cstackCOMRAM                          1        1       3B         1
                dataCOMRAM                           3C       3C        F         1
                bssCOMRAM                            4B       4B        B         1

        CLASS   ABS1           

        CLASS   BIGRAM         
                bssBIGRAM                            E2       E2      400         1

        CLASS   RAM            

        CLASS   BANK0          
                cstackBANK0                          60       60       49         1
                dataBANK0                            A9       A9       2D         1
                bssBANK0                             D6       D6        C         1

        CLASS   BANK1          

        CLASS   BANK2          

        CLASS   BANK3          

        CLASS   BANK4          

        CLASS   BANK5          

        CLASS   BANK6          

        CLASS   BANK7          

        CLASS   BANK8          

        CLASS   BANK9          

        CLASS   BANK10         

        CLASS   BANK11         

        CLASS   BANK12         

        CLASS   BANK13         

        CLASS   BANK14         

        CLASS   BANK15         

        CLASS   SFR            

        CLASS   BIGSFR         

        CLASS   CONFIG         
                config                            1FFF8    1FFF8        6         4

        CLASS   FARRAM         

        CLASS   HEAP           

        CLASS   STACK          

        CLASS   IDLOC          



SEGMENTS        Name                           Load    Length   Top    Selector   Space  Class

                reset_vec                      000000  000004  000004         0       0  CODE    
                cstackCOMRAM                   000001  000056  000057         1       1  COMRAM  
                intcode                        000008  000024  00002C         4       0  CODE    
                cstackBANK0                    000060  000082  0000E2        60       1  BANK0   
                bssBIGRAM                      0000E2  000400  0004E2        E2       1  BIGRAM  
                mediumconst                    00CB66  00349A  010000      65B3       0  MEDIUMCO
                text32                         010000  002087  012087      8000       0  CODE    
                text33                         012088  00015D  0121E5      9044       0  CODE    
                text5                          0121E6  00001A  012200      90F3       0  CODE    


UNUSED ADDRESS RANGES

        Name                Unused          Largest block    Delta
        BANK10           00A00-00AFF             100
        BANK11           00B00-00BFF             100
        BANK12           00C00-00CFF             100
        BANK13           00D00-00DFF             100
        BANK14           00E00-00EFF             100
        BANK15           00F00-00F3F              40
        BANK4            004E2-004FF              1E
        BANK5            00500-005FF             100
        BANK6            00600-006FF             100
        BANK7            00700-007FF             100
        BANK8            00800-008FF             100
        BANK9            00900-009FF             100
        BIGRAM           00057-0005F               9
                         004E2-00F3F             A5E
        BIGSFR           00F40-00FFF              C0
        CODE             00004-00007               4
                         0002C-0CB65            CB3A
                         12087-12087               1
                         121E5-121E5               1
                         12200-1FFF7            DDF8
        COMRAM           00057-0005F               9
        CONST            00004-00007               4
                         0002C-0CB65            CB3A
                         12087-12087               1
                         121E5-121E5               1
                         12200-1FFF7            DDF8
        MEDIUMCONST      01000-0CB65            BB66
                         12087-12087               1
                         121E5-121E5               1
                         12200-1FFF7            DDF8
        RAM              004E2-00F3F             100
        SFR              00F40-00FFF              20
        SMALLCONST       01000-0CB65             100
                         12087-12087               1
                         121E5-121E5               1
                         12200-1FFF7             100

                                  Symbol Table

?___awdiv                    cstackCOMRAM  00001
?___lwdiv                    cstackCOMRAM  00001
?___wmul                     cstackCOMRAM  00001
Button_Init@i                cstackCOMRAM  0000F
Button_Update@key            cstackCOMRAM  00013
Button_Update@now_pressed    cstackCOMRAM  00012
GLCD_BufferRead@X            cstackCOMRAM  00005
GLCD_BufferRead@Y            cstackCOMRAM  00001
GLCD_BufferWrite@Data        cstackCOMRAM  00002
GLCD_BufferWrite@X           cstackCOMRAM  00006
GLCD_BufferWrite@Y           cstackCOMRAM  00001
GLCD_DrawHLine@Color         cstackCOMRAM  0000F
GLCD_DrawHLine@X1            cstackCOMRAM  00011
GLCD_DrawHLine@X2            cstackCOMRAM  0000D
GLCD_DrawHLine@Y             cstackCOMRAM  0000E
GLCD_DrawHLine@t             cstackCOMRAM  00010
GLCD_DrawLine@Color          cstackCOMRAM  00024
GLCD_DrawLine@X1             cstackCOMRAM  00039
GLCD_DrawLine@X2             cstackCOMRAM  00022
GLCD_DrawLine@Y1             cstackCOMRAM  00021
GLCD_DrawLine@Y2             cstackCOMRAM  00023
GLCD_DrawLine@deltax         cstackCOMRAM  00034
GLCD_DrawLine@deltay         cstackCOMRAM  0002E
GLCD_DrawLine@error          cstackCOMRAM  00036
GLCD_DrawLine@slope          cstackCOMRAM  00035
GLCD_DrawLine@t              cstackCOMRAM  00030
GLCD_DrawLine@t_245          cstackCOMRAM  00031
GLCD_DrawLine@t_246          cstackCOMRAM  00032
GLCD_DrawLine@t_247          cstackCOMRAM  00033
GLCD_DrawLine@x              cstackCOMRAM  00037
GLCD_DrawLine@y              cstackCOMRAM  00038
GLCD_DrawLine@ystep          cstackCOMRAM  0002F
GLCD_DrawRectangle@Color     cstackCOMRAM  00024
GLCD_DrawRectangle@X1        cstackCOMRAM  00025
GLCD_DrawRectangle@X2        cstackCOMRAM  00022
GLCD_DrawRectangle@Y1        cstackCOMRAM  00021
GLCD_DrawRectangle@Y2        cstackCOMRAM  00023
GLCD_DrawVLine@Color         cstackCOMRAM  0001E
GLCD_DrawVLine@X             cstackCOMRAM  0001D
GLCD_DrawVLine@Y1            cstackCOMRAM  00020
GLCD_DrawVLine@Y2            cstackCOMRAM  0001C
GLCD_DrawVLine@t             cstackCOMRAM  0001F
GLCD_FillRectangle@Color     cstackCOMRAM  0001F
GLCD_FillRectangle@X1        cstackCOMRAM  00020
GLCD_FillRectangle@X2        cstackCOMRAM  0001D
GLCD_FillRectangle@Y1        cstackCOMRAM  0001C
GLCD_FillRectangle@Y2        cstackCOMRAM  0001E
GLCD_FillScreen@Color        cstackCOMRAM  00007
GLCD_FillScreen@i            cstackCOMRAM  00008
GLCD_FillScreen@j            cstackCOMRAM  00009
GLCD_GotoX@X                 cstackCOMRAM  00001
GLCD_GotoXY@X                cstackCOMRAM  00003
GLCD_GotoXY@Y                cstackCOMRAM  00002
GLCD_GotoY@Y                 cstackCOMRAM  00001
GLCD_PrintChar@Character     cstackCOMRAM  0000F
GLCD_PrintChar@data          cstackCOMRAM  0001D
GLCD_PrintChar@data_next     cstackCOMRAM  00012
GLCD_PrintChar@fontRead      cstackCOMRAM  00018
GLCD_PrintChar@fontStart     cstackCOMRAM  00013
GLCD_PrintChar@i             cstackCOMRAM  0001B
GLCD_PrintChar@j             cstackCOMRAM  0001C
GLCD_PrintChar@lines         cstackCOMRAM  00017
GLCD_PrintChar@overflow      cstackCOMRAM  0001A
GLCD_PrintChar@width         cstackCOMRAM  00016
GLCD_PrintChar@x             cstackCOMRAM  00015
GLCD_PrintChar@y             cstackCOMRAM  00011
GLCD_PrintChar@y2            cstackCOMRAM  00010
GLCD_PrintInteger@Value      cstackCOMRAM  00022
GLCD_PrintInteger@bcd        cstackCOMRAM  00026
GLCD_PrintString@Text        cstackCOMRAM  0001E
GLCD_Render@i                cstackCOMRAM  00016
GLCD_Render@j                cstackCOMRAM  00015
GLCD_SelectChip@Chip         cstackCOMRAM  00001
GLCD_SelectChip@off          cstackCOMRAM  00002
GLCD_Send@Data               cstackCOMRAM  00001
GLCD_SendCommand@Chip        cstackCOMRAM  00006
GLCD_SendCommand@Command     cstackCOMRAM  00007
GLCD_SendData@Chip           cstackCOMRAM  0000F
GLCD_SendData@Data           cstackCOMRAM  00014
GLCD_SetFont@Height          cstackCOMRAM  0000C
GLCD_SetFont@Invert          cstackCOMRAM  0000E
GLCD_SetFont@Mode            cstackCOMRAM  0000D
GLCD_SetFont@Name            cstackCOMRAM  00009
GLCD_SetFont@Width           cstackCOMRAM  0000B
GLCD_SetPixel@Color          cstackCOMRAM  00008
GLCD_SetPixel@X              cstackCOMRAM  0000B
GLCD_SetPixel@Y              cstackCOMRAM  00007
GLCD_SetPixel@data           cstackCOMRAM  0000C
GLCD_SetPixels@Color         cstackCOMRAM  0000A
GLCD_SetPixels@X1            cstackCOMRAM  00018
GLCD_SetPixels@X2            cstackCOMRAM  00008
GLCD_SetPixels@Y1            cstackCOMRAM  00007
GLCD_SetPixels@Y2            cstackCOMRAM  00009
GLCD_SetPixels@data          cstackCOMRAM  0001B
GLCD_SetPixels@h             cstackCOMRAM  00015
GLCD_SetPixels@height        cstackCOMRAM  0001A
GLCD_SetPixels@i             cstackCOMRAM  00017
GLCD_SetPixels@mask          cstackCOMRAM  00019
GLCD_SetPixels@offset        cstackCOMRAM  00016
GLCD_SetPixels@width         cstackCOMRAM  00014
GLCD_WaitBusy@Chip           cstackCOMRAM  00004
GLCD_WaitBusy@status         cstackCOMRAM  00005
Int2bcd@BCD                  cstackCOMRAM  00005
Int2bcd@Value                cstackCOMRAM  00001
Int2bcd@end                  cstackCOMRAM  00009
Int2bcd@i                    cstackCOMRAM  0000C
Int2bcd@isNegative           cstackCOMRAM  0000B
Int2bcd@offset               cstackCOMRAM  0000A
TwoBatMenu@F5869             mediumconst   0CBC6
TwoBatMenu@F5871             mediumconst   0CBBC
TwoBatMenu@F5873             mediumconst   0CB9D
TwoBatMenu@F5875             mediumconst   0CBB2
_ButtonDown                  text44        12142
_ButtonLeft                  text45        12156
_ButtonOK                    text43        1212E
_ButtonRight                 text46        1216A
_ButtonUp                    text47        1217E
_Button_Init                 text48        113AC
_Button_Init$1321            cstackCOMRAM  00007
_Button_Init$1322            cstackCOMRAM  00009
_Button_Init$1323            cstackCOMRAM  0000B
_Button_Init$1333            cstackCOMRAM  0000D
_Button_Update               text40        108D0
_CCP3CONbits                 (abs)         00FB1
_CCPR3L                      (abs)         00FB2
_Font5x8                     mediumconst   0FD59
_GLCD_BufferRead             text39        12028
_GLCD_BufferWrite            text38        11FF4
_GLCD_Clear                  text20        120AE
_GLCD_Clear$173              cstackCOMRAM  0000A
_GLCD_DrawHLine              text18        11E80
_GLCD_DrawLine               text15        10F36
_GLCD_DrawLine$242           cstackCOMRAM  00026
_GLCD_DrawLine$243           cstackCOMRAM  00028
_GLCD_DrawLine$248           cstackCOMRAM  0002A
_GLCD_DrawLine$249           cstackCOMRAM  0002C
_GLCD_DrawRectangle          text14        11A0C
_GLCD_DrawVLine              text16        11FBC
_GLCD_FillRectangle          text13        120D0
_GLCD_FillScreen             text21        11EC8
_GLCD_GotoX                  text37        12102
_GLCD_GotoXY                 text35        121C6
_GLCD_GotoY                  text36        120EA
_GLCD_PrintChar              text32        10000
_GLCD_PrintInteger           text29        11CFC
_GLCD_PrintString            text31        118EE
_GLCD_Render                 text9         11D6A
_GLCD_SelectChip             text26        11F08
_GLCD_Send                   text27        116F0
_GLCD_SendCommand            text24        11F46
_GLCD_SendData               text11        11858
_GLCD_SendData$160           cstackCOMRAM  00012
_GLCD_SetFont                text8         1197E
_GLCD_SetPixel               text19        11B1E
_GLCD_SetPixels              text17        10CD6
_GLCD_SetPixels$210          cstackCOMRAM  00010
_GLCD_SetPixels$211          cstackCOMRAM  00012
_GLCD_Setup                  text23        11A98
_GLCD_WaitBusy               text25        11E26
_INTCONbits                  (abs)         00FF2
_ISR                         intcode       00008
_Init_Timer0                 text22        1211A
_Int2bcd                     text30        104B0
_LATAbits                    (abs)         00F89
_LATD                        (abs)         00F8C
_LATE                        (abs)         00F8D
_OSCCONbits                  (abs)         00FD3
_OSCTUNEbits                 (abs)         00F9B
_PORTC                       (abs)         00F82
_PORTE                       (abs)         00F84
_PORTG                       (abs)         00F86
_PR2                         (abs)         00FCB
_Pulse_En                    text28        121A4
_RCSTA2bits                  (abs)         00F9C
_SPBRG2                      (abs)         00FAB
_T0CONbits                   (abs)         00FD5
_T2CONbits                   (abs)         00FCA
_TMR0                        (abs)         00FD6
_TRISAbits                   (abs)         00F92
_TRISC                       (abs)         00F94
_TRISD                       (abs)         00F95
_TRISDbits                   (abs)         00F95
_TRISE                       (abs)         00F96
_TRISG                       (abs)         00F98
_TRISGbits                   (abs)         00F98
_TXREG2                      (abs)         00FA9
_TXSTA2bits                  (abs)         00FA8
_Tahoma11x13                 mediumconst   0F4B9
_Tekton_Pro_Ext27x28         mediumconst   0CBD9
__HRAM                       (abs)         00000
__Habs1                      abs1          00000
__Hbank0                     bank0         00000
__Hbank1                     bank1         00000
__Hbank10                    bank10        00000
__Hbank11                    bank11        00000
__Hbank12                    bank12        00000
__Hbank13                    bank13        00000
__Hbank14                    bank14        00000
__Hbank15                    bank15        00000
__Hbank2                     bank2         00000
__Hbank3                     bank3         00000
__Hbank4                     bank4         00000
__Hbank5                     bank5         00000
__Hbank6                     bank6         00000
__Hbank7                     bank7         00000
__Hbank8                     bank8         00000
__Hbank9                     bank9         00000
__Hbigbss                    bigbss        00000
__Hbigdata                   bigdata       00000
__Hbigram                    bigram        00000
__Hbigsfr                    bigsfr        00000
__Hbss                       bss           00000
__HbssBANK0                  bssBANK0      00000
__HbssBIGRAM                 bssBIGRAM     00000
__HbssCOMRAM                 bssCOMRAM     00000
__Hcinit                     cinit         00000
__Hclrtext                   clrtext       00000
__Hcomram                    comram        00000
__Hconfig                    config        1FFFE
__Hconst                     const         00000
__HcstackBANK0               cstackBANK0   00000
__HcstackCOMRAM              cstackCOMRAM  00000
__Hdata                      data          00000
__HdataBANK0                 dataBANK0     00000
__HdataCOMRAM                dataCOMRAM    00000
__Hfarbss                    farbss        00000
__Hfardata                   fardata       00000
__Hheap                      heap          00000
__Hibigdata                  ibigdata      00000
__Hidata                     idata         00000
__HidataBANK0                idataBANK0    00000
__HidataCOMRAM               idataCOMRAM   00000
__Hidloc                     idloc         00000
__Hifardata                  ifardata      00000
__Hinit                      init          0002C
__Hintcode                   intcode       00028
__Hintcode_body              intcode_body  00000
__Hintcodelo                 intcodelo     00028
__Hintentry                  intentry      00000
__Hintret                    intret        00000
__Hintsave_regs              intsave_regs  00000
__Hirdata                    irdata        00000
__Hjflash_buffer             jflash_buffer 1F800
__Hmediumconst               mediumconst   10000
__HnvFARRAM                  nvFARRAM      00000
__Hnvbit                     nvbit         00000
__Hnvrram                    nvrram        00000
__Hparam                     rparam        00000
__Hpowerup                   powerup       00028
__Hram                       ram           00000
__Hramtop                    ramtop        01000
__Hrbit                      rbit          00000
__Hrbss                      rbss          00000
__Hrdata                     rdata         00000
__Hreset_vec                 reset_vec     00004
__Hrparam                    rparam        00000
__Hsfr                       sfr           00000
__Hsmallconst                smallconst    00000
__Hspace_0                   (abs)         1F800
__Hspace_1                   (abs)         004E2
__Hspace_2                   (abs)         00000
__Hspace_4                   (abs)         3FFF6
__Hstack                     stack         00000
__Hstruct                    struct        00000
__Htemp                      temp          00057
__Htext                      text          00000
__Htext0                     text0         00000
__Htext1                     text1         00000
__Htext10                    text10        00000
__Htext11                    text11        00000
__Htext12                    text12        00000
__Htext13                    text13        00000
__Htext14                    text14        00000
__Htext15                    text15        00000
__Htext16                    text16        00000
__Htext17                    text17        00000
__Htext18                    text18        00000
__Htext19                    text19        00000
__Htext2                     text2         00000
__Htext20                    text20        00000
__Htext21                    text21        00000
__Htext22                    text22        00000
__Htext23                    text23        00000
__Htext24                    text24        00000
__Htext25                    text25        00000
__Htext26                    text26        00000
__Htext27                    text27        00000
__Htext28                    text28        00000
__Htext29                    text29        00000
__Htext3                     text3         00000
__Htext30                    text30        00000
__Htext31                    text31        00000
__Htext32                    text32        00000
__Htext33                    text33        00000
__Htext34                    text34        00000
__Htext35                    text35        00000
__Htext36                    text36        00000
__Htext37                    text37        00000
__Htext38                    text38        00000
__Htext39                    text39        00000
__Htext4                     text4         00000
__Htext40                    text40        00000
__Htext41                    text41        00000
__Htext42                    text42        00000
__Htext43                    text43        00000
__Htext44                    text44        00000
__Htext45                    text45        00000
__Htext46                    text46        00000
__Htext47                    text47        00000
__Htext48                    text48        00000
__Htext5                     text5         00000
__Htext6                     text6         00000
__Htext7                     text7         00000
__Htext8                     text8         00000
__Htext9                     text9         00000
__LRAM                       (abs)         00001
__Labs1                      abs1          00000
__Lbank0                     bank0         00000
__Lbank1                     bank1         00000
__Lbank10                    bank10        00000
__Lbank11                    bank11        00000
__Lbank12                    bank12        00000
__Lbank13                    bank13        00000
__Lbank14                    bank14        00000
__Lbank15                    bank15        00000
__Lbank2                     bank2         00000
__Lbank3                     bank3         00000
__Lbank4                     bank4         00000
__Lbank5                     bank5         00000
__Lbank6                     bank6         00000
__Lbank7                     bank7         00000
__Lbank8                     bank8         00000
__Lbank9                     bank9         00000
__Lbigbss                    bigbss        00000
__Lbigdata                   bigdata       00000
__Lbigram                    bigram        00000
__Lbigsfr                    bigsfr        00000
__Lbss                       bss           00000
__LbssBANK0                  bssBANK0      00000
__LbssBIGRAM                 bssBIGRAM     00000
__LbssCOMRAM                 bssCOMRAM     00000
__Lcinit                     cinit         00000
__Lclrtext                   clrtext       00000
__Lcomram                    comram        00000
__Lconfig                    config        00000
__Lconst                     const         00000
__LcstackBANK0               cstackBANK0   00000
__LcstackCOMRAM              cstackCOMRAM  00000
__Ldata                      data          00000
__LdataBANK0                 dataBANK0     00000
__LdataCOMRAM                dataCOMRAM    00000
__Lfarbss                    farbss        00000
__Lfardata                   fardata       00000
__Lheap                      heap          00000
__Libigdata                  ibigdata      00000
__Lidata                     idata         00000
__LidataBANK0                idataBANK0    00000
__LidataCOMRAM               idataCOMRAM   00000
__Lidloc                     idloc         00000
__Lifardata                  ifardata      00000
__Linit                      init          00028
__Lintcode                   intcode       00008
__Lintcode_body              intcode_body  00000
__Lintcodelo                 intcodelo     00028
__Lintentry                  intentry      00000
__Lintret                    intret        00000
__Lintsave_regs              intsave_regs  00000
__Lirdata                    irdata        00000
__Ljflash_buffer             jflash_buffer 1F800
__Lmediumconst               mediumconst   0CB66
__LnvFARRAM                  nvFARRAM      00000
__Lnvbit                     nvbit         00000
__Lnvrram                    nvrram        00000
__Lparam                     rparam        00000
__Lpowerup                   powerup       00028
__Lram                       ram           00000
__Lramtop                    ramtop        01000
__Lrbit                      rbit          00000
__Lrbss                      rbss          00000
__Lrdata                     rdata         00000
__Lreset_vec                 reset_vec     00000
__Lrparam                    rparam        00000
__Lsfr                       sfr           00000
__Lsmallconst                smallconst    00000
__Lspace_0                   (abs)         00000
__Lspace_1                   (abs)         00000
__Lspace_2                   (abs)         00000
__Lspace_4                   (abs)         00000
__Lstack                     stack         00000
__Lstruct                    struct        00000
__Ltemp                      temp          00056
__Ltext                      text          00000
__Ltext0                     text0         00000
__Ltext1                     text1         00000
__Ltext10                    text10        00000
__Ltext11                    text11        00000
__Ltext12                    text12        00000
__Ltext13                    text13        00000
__Ltext14                    text14        00000
__Ltext15                    text15        00000
__Ltext16                    text16        00000
__Ltext17                    text17        00000
__Ltext18                    text18        00000
__Ltext19                    text19        00000
__Ltext2                     text2         00000
__Ltext20                    text20        00000
__Ltext21                    text21        00000
__Ltext22                    text22        00000
__Ltext23                    text23        00000
__Ltext24                    text24        00000
__Ltext25                    text25        00000
__Ltext26                    text26        00000
__Ltext27                    text27        00000
__Ltext28                    text28        00000
__Ltext29                    text29        00000
__Ltext3                     text3         00000
__Ltext30                    text30        00000
__Ltext31                    text31        00000
__Ltext32                    text32        00000
__Ltext33                    text33        00000
__Ltext34                    text34        00000
__Ltext35                    text35        00000
__Ltext36                    text36        00000
__Ltext37                    text37        00000
__Ltext38                    text38        00000
__Ltext39                    text39        00000
__Ltext4                     text4         00000
__Ltext40                    text40        00000
__Ltext41                    text41        00000
__Ltext42                    text42        00000
__Ltext43                    text43        00000
__Ltext44                    text44        00000
__Ltext45                    text45        00000
__Ltext46                    text46        00000
__Ltext47                    text47        00000
__Ltext48                    text48        00000
__Ltext5                     text5         00000
__Ltext6                     text6         00000
__Ltext7                     text7         00000
__Ltext8                     text8         00000
__Ltext9                     text9         00000
__S0                         (abs)         12200
__S1                         (abs)         004E2
__S4                         (abs)         00000
___GLCD                      bssCOMRAM     0004B
___GLCD_Buffer               bssBIGRAM     000E2
___GLCD_GotoX                text12        11C12
___GLCD_GotoX$424            cstackCOMRAM  0000A
___GLCD_GotoX@X              cstackCOMRAM  0000E
___GLCD_GotoX@chip           cstackCOMRAM  0000D
___GLCD_GotoX@cmd            cstackCOMRAM  0000C
___GLCD_GotoY                text10        11F82
___GLCD_GotoY@Y              cstackCOMRAM  0000A
___GLCD_GotoY@cmd            cstackCOMRAM  00009
___awdiv                     text34        1156C
___awdiv@counter             cstackCOMRAM  00005
___awdiv@dividend            cstackCOMRAM  00001
___awdiv@divisor             cstackCOMRAM  00003
___awdiv@quotient            cstackCOMRAM  00007
___awdiv@sign                cstackCOMRAM  00006
___extmem_base               (abs)         20000
___heap_hi                   (abs)         00000
___heap_lo                   (abs)         00000
___inthi_sp                  stack         00000
___intlo_sp                  stack         00000
___lbdiv                     text42        11DCA
___lbdiv@counter             cstackCOMRAM  00003
___lbdiv@dividend            cstackCOMRAM  00002
___lbdiv@divisor             cstackCOMRAM  00001
___lbdiv@quotient            cstackCOMRAM  00004
___lwdiv                     text41        11C88
___lwdiv@counter             cstackCOMRAM  00007
___lwdiv@dividend            cstackCOMRAM  00001
___lwdiv@divisor             cstackCOMRAM  00003
___lwdiv@quotient            cstackCOMRAM  00005
___param_bank                (abs)         00000
___rparam_used               (abs)         00001
___sp                        stack         00000
___wmul                      text33        12088
___wmul@multiplicand         cstackCOMRAM  00003
___wmul@multiplier           cstackCOMRAM  00001
___wmul@product              cstackCOMRAM  00005
__accesstop                  (abs)         00060
__activetblptr               (abs)         00003
__end_ofTwoBatMenu@F5869     mediumconst   0CBD0
__end_ofTwoBatMenu@F5871     mediumconst   0CBC6
__end_ofTwoBatMenu@F5873     mediumconst   0CBA8
__end_ofTwoBatMenu@F5875     mediumconst   0CBBC
__end_of_ButtonDown          text44        12156
__end_of_ButtonLeft          text45        1216A
__end_of_ButtonOK            text43        12142
__end_of_ButtonRight         text46        1217E
__end_of_ButtonUp            text47        12192
__end_of_Button_Init         text48        1156C
__end_of_Button_Update       text40        10CD6
__end_of_Font5x8             mediumconst   0FF99
__end_of_GLCD_BufferRead     text39        1205A
__end_of_GLCD_BufferWrite    text38        12028
__end_of_GLCD_Clear          text20        120D0
__end_of_GLCD_DrawHLine      text18        11EC8
__end_of_GLCD_DrawLine       text15        1117E
__end_of_GLCD_DrawRectangle  text14        11A98
__end_of_GLCD_DrawVLine      text16        11FF4
__end_of_GLCD_FillRectangle  text13        120EA
__end_of_GLCD_FillScreen     text21        11F08
__end_of_GLCD_GotoX          text37        1211A
__end_of_GLCD_GotoXY         text35        121D6
__end_of_GLCD_GotoY          text36        12102
__end_of_GLCD_PrintChar      text32        104B0
__end_of_GLCD_PrintInteger   text29        11D6A
__end_of_GLCD_PrintString    text31        1197E
__end_of_GLCD_Render         text9         11DCA
__end_of_GLCD_SelectChip     text26        11F46
__end_of_GLCD_Send           text27        117A8
__end_of_GLCD_SendCommand    text24        11F82
__end_of_GLCD_SendData       text11        118EE
__end_of_GLCD_SetFont        text8         11A0C
__end_of_GLCD_SetPixel       text19        11B9C
__end_of_GLCD_SetPixels      text17        10F36
__end_of_GLCD_Setup          text23        11B1E
__end_of_GLCD_WaitBusy       text25        11E80
__end_of_ISR                 intcode       00028
__end_of_Init_Timer0         text22        1212E
__end_of_Int2bcd             text30        108D0
__end_of_Pulse_En            text28        121B6
__end_of_Tahoma11x13         mediumconst   0FD59
__end_of_Tekton_Pro_Ext27x28 mediumconst   0F4B9
__end_of___GLCD_GotoX        text12        11C88
__end_of___GLCD_GotoY        text10        11FBC
__end_of___awdiv             text34        11630
__end_of___lbdiv             text42        11E26
__end_of___lwdiv             text41        11CFC
__end_of___wmul              text33        120AE
__end_of__initialization     cinit         11C08
__end_of_batState            text7         11858
__end_of_main                text0         116F0
__end_of_mainMenu            text6         113AC
__end_of_setupClock          text5         121F4
__end_of_setupInterrupts     text4         12200
__end_of_setupPWM            text3         121A4
__end_of_setupPorts          text2         121FA
__end_of_setupUART           text1         121C6
__end_ofmainMenu@F5878       mediumconst   0CB86
__end_ofmainMenu@F5880       mediumconst   0CB77
__end_ofmainMenu@F5882       mediumconst   0CB92
__end_ofmainMenu@F5884       mediumconst   0CBB2
__end_ofmainMenu@F5886       mediumconst   0CBD9
__end_ofmainMenu@F5888       mediumconst   0CB9D
__initialization             cinit         11B9C
__mediumconst                mediumconst   0CB66
__pbssBANK0                  bssBANK0      000D6
__pbssBIGRAM                 bssBIGRAM     000E2
__pbssCOMRAM                 bssCOMRAM     0004B
__pcinit                     cinit         11B9C
__pcstackBANK0               cstackBANK0   00060
__pcstackCOMRAM              cstackCOMRAM  00001
__pdataBANK0                 dataBANK0     000A9
__pdataCOMRAM                dataCOMRAM    0003C
__pidataBANK0                idataBANK0    1205A
__pidataCOMRAM               idataCOMRAM   121D6
__pintcode                   intcode       00008
__pmediumconst               mediumconst   0CB66
__ptext0                     text0         11630
__ptext1                     text1         121B6
__ptext10                    text10        11F82
__ptext11                    text11        11858
__ptext12                    text12        11C12
__ptext13                    text13        120D0
__ptext14                    text14        11A0C
__ptext15                    text15        10F36
__ptext16                    text16        11FBC
__ptext17                    text17        10CD6
__ptext18                    text18        11E80
__ptext19                    text19        11B1E
__ptext2                     text2         121F4
__ptext20                    text20        120AE
__ptext21                    text21        11EC8
__ptext22                    text22        1211A
__ptext23                    text23        11A98
__ptext24                    text24        11F46
__ptext25                    text25        11E26
__ptext26                    text26        11F08
__ptext27                    text27        116F0
__ptext28                    text28        121A4
__ptext29                    text29        11CFC
__ptext3                     text3         12192
__ptext30                    text30        104B0
__ptext31                    text31        118EE
__ptext32                    text32        10000
__ptext33                    text33        12088
__ptext34                    text34        1156C
__ptext35                    text35        121C6
__ptext36                    text36        120EA
__ptext37                    text37        12102
__ptext38                    text38        11FF4
__ptext39                    text39        12028
__ptext4                     text4         121FA
__ptext40                    text40        108D0
__ptext41                    text41        11C88
__ptext42                    text42        11DCA
__ptext43                    text43        1212E
__ptext44                    text44        12142
__ptext45                    text45        12156
__ptext46                    text46        1216A
__ptext47                    text47        1217E
__ptext48                    text48        113AC
__ptext5                     text5         121E6
__ptext6                     text6         1117E
__ptext7                     text7         117A8
__ptext8                     text8         1197E
__ptext9                     text9         11D6A
__ramtop                     ramtop        01000
__smallconst                 smallconst    00000
_batState                    text7         117A8
_button_counter              bssCOMRAM     00055
_instance                    dataBANK0     000A9
_main                        text0         11630
_mainMenu                    text6         1117E
_setupClock                  text5         121E6
_setupInterrupts             text4         121FA
_setupPWM                    text3         12192
_setupPorts                  text2         121F4
_setupUART                   text1         121B6
_this                        dataCOMRAM    0003C
batState@battery_number      cstackCOMRAM  00022
batState@state               cstackCOMRAM  00025
btemp                        temp          00056
end_of_initialization        cinit         11C08
int$flags                    temp          00056
intlevel0                    text          00000
intlevel1                    text          00000
intlevel2                    text          00000
intlevel3                    text          00000
isa$std                      (abs)         00001
isa$xinst                    (abs)         00000
main@i                       cstackCOMRAM  0003A
main@inc                     cstackCOMRAM  0003B
mainMenu@F5878               mediumconst   0CB77
mainMenu@F5880               mediumconst   0CB67
mainMenu@F5882               mediumconst   0CB86
mainMenu@F5884               mediumconst   0CBA8
mainMenu@F5886               mediumconst   0CBD0
mainMenu@F5888               mediumconst   0CB92
mainMenu@capacity            cstackBANK0   0007F
mainMenu@current             cstackBANK0   00060
mainMenu@cycle               cstackBANK0   00096
mainMenu@temp                cstackBANK0   000A0
mainMenu@time                cstackBANK0   0008B
mainMenu@voltage             cstackBANK0   00070
stackhi                      (abs)         00000
stacklo                      (abs)         00000
start                        init          00028
start_initialization         cinit         11B9C
ttemp5                       temp          00057
ttemp6                       temp          0005A
ttemp7                       temp          0005E
wtemp8                       temp          00057


MODULE INFORMATION

Module		Function		Class		Link	Load	Size
C:\Program Files\Microchip\xc8\v2.40\pic\sources\c99\common\lwdiv.c
		___lwdiv       		CODE           	11C88	0000	116

C:\Program Files\Microchip\xc8\v2.40\pic\sources\c99\common\lwdiv.c estimated size: 116

C:\Program Files\Microchip\xc8\v2.40\pic\sources\c99\common\awdiv.c
		___awdiv       		CODE           	1156C	0000	196

C:\Program Files\Microchip\xc8\v2.40\pic\sources\c99\common\awdiv.c estimated size: 196

button.c
		_ButtonLeft    		CODE           	12156	0000	20
		_ButtonOK      		CODE           	1212E	0000	20
		_Button_Init   		CODE           	113AC	0000	448
		_ButtonRight   		CODE           	1216A	0000	20
		_ButtonUp      		CODE           	1217E	0000	20
		_Button_Update 		CODE           	108D0	0000	1030
		_ButtonDown    		CODE           	12142	0000	20

button.c estimated size: 1578

settings.c
		_setupClock    		CODE           	121E6	0000	14
		_setupPWM      		CODE           	12192	0000	18
		_setupInterrupts		CODE           	121FA	0000	6
		_setupPorts    		CODE           	121F4	0000	6
		_setupUART     		CODE           	121B6	0000	16

settings.c estimated size: 60

C:\Program Files\Microchip\xc8\v2.40\pic\sources\c99\common\Umul16.c
		___wmul        		CODE           	12088	0000	38

C:\Program Files\Microchip\xc8\v2.40\pic\sources\c99\common\Umul16.c estimated size: 38

LCD-KS0108/KS0108.c
		___GLCD_GotoX  		CODE           	11C12	0000	118
		___GLCD_GotoY  		CODE           	11F82	0000	58
		_GLCD_SelectChip		CODE           	11F08	0000	62
		_Int2bcd       		CODE           	104B0	0000	1056
		_GLCD_BufferRead		CODE           	12028	0000	50
		_GLCD_Render   		CODE           	11D6A	0000	96
		_GLCD_FillRectangle		CODE           	120D0	0000	26
		_GLCD_GotoX    		CODE           	12102	0000	24
		_GLCD_GotoY    		CODE           	120EA	0000	24
		_GLCD_WaitBusy 		CODE           	11E26	0000	90
		_GLCD_GotoXY   		CODE           	121C6	0000	16
		_GLCD_FillScreen		CODE           	11EC8	0000	64
		_GLCD_DrawLine 		CODE           	10F36	0000	584
		_Pulse_En      		CODE           	121A4	0000	18
		_GLCD_Send     		CODE           	116F0	0000	184
		_GLCD_Setup    		CODE           	11A98	0000	134
		_GLCD_PrintString		CODE           	118EE	0000	144
		_GLCD_DrawHLine		CODE           	11E80	0000	72
		_GLCD_DrawVLine		CODE           	11FBC	0000	56
		_GLCD_SetFont  		CODE           	1197E	0000	142
		_GLCD_SendCommand		CODE           	11F46	0000	60
		_GLCD_SendData 		CODE           	11858	0000	150
		_GLCD_SetPixel 		CODE           	11B1E	0000	126
		_GLCD_PrintChar		CODE           	10000	0000	1200
		_GLCD_PrintInteger		CODE           	11CFC	0000	110
		_GLCD_DrawRectangle		CODE           	11A0C	0000	140
		_GLCD_BufferWrite		CODE           	11FF4	0000	52
		_GLCD_SetPixels		CODE           	10CD6	0000	608
		_GLCD_Clear    		CODE           	120AE	0000	34

LCD-KS0108/KS0108.c estimated size: 5498

interrupts.c
		_ISR           		CODE           	0008	0000	32
		_Init_Timer0   		CODE           	1211A	0000	20

interrupts.c estimated size: 52

C:\Program Files\Microchip\xc8\v2.40\pic\sources\c99\common\lbdiv.c
		___lbdiv       		CODE           	11DCA	0000	92

C:\Program Files\Microchip\xc8\v2.40\pic\sources\c99\common\lbdiv.c estimated size: 92

shared
		TwoBatMenu@F5871		MEDIUMCONST    	CBBC	0000	10
		TwoBatMenu@F5873		MEDIUMCONST    	CB9D	0000	11
		TwoBatMenu@F5875		MEDIUMCONST    	CBB2	0000	10
		TwoBatMenu@F5869		MEDIUMCONST    	CBC6	0000	10
		__initialization		CODE           	11B9C	0000	108
		_Tekton_Pro_Ext27x28		MEDIUMCONST    	CBD9	0000	10464
		mainMenu@F5880 		MEDIUMCONST    	CB67	0000	16
		mainMenu@F5882 		MEDIUMCONST    	CB86	0000	12
		mainMenu@F5884 		MEDIUMCONST    	CBA8	0000	10
		mainMenu@F5886 		MEDIUMCONST    	CBD0	0000	9
		mainMenu@F5878 		MEDIUMCONST    	CB77	0000	15
		mainMenu@F5888 		MEDIUMCONST    	CB92	0000	11
		_Font5x8       		MEDIUMCONST    	FD59	0000	576
		_Tahoma11x13   		MEDIUMCONST    	F4B9	0000	2208

shared estimated size: 13470

menu.c
		_batState      		CODE           	117A8	0000	176
		_mainMenu      		CODE           	1117E	0000	558

menu.c estimated size: 734

main.c
		_main          		CODE           	11630	0000	192

main.c estimated size: 192

