Microchip MPLAB XC8 Compiler V2.40

Linker command line:

-W9 \
  --edf=C:/Users/RaD/.mchp_packs/Microchip/PIC18F-J_DFP/1.7.159/xc8\pic\dat\20230817221043_en.msgs \
  -cn -h+dist/default/production\battery-tester.X.production.sym \
  --cmf=dist/default/production\battery-tester.X.production.cmf -z \
  -Q18F67J50 -oC:\Users\RaD\AppData\Local\Temp\xcAs7bo.4 \
  --defsym=__MPLAB_BUILD=1 --fixupoverflow=error \
  -Mdist/default/production/battery-tester.X.production.map \
  --md=C:\Users\RaD\AppData\Local\Temp\xcAs7bo.dat -E1 -ver=XC8 Compiler \
  --acfsm=1493 -ACODE=00h-01FFF7h -ACONST=00h-01FFF7h \
  -ASMALLCONST=01000h-010FFhx495,01FF00h-01FFF7h \
  -AMEDIUMCONST=01000h-0FFFFh,011000h-01FFF7h -ACOMRAM=01h-05Fh \
  -AABS1=00h-0F3Fh -ABIGRAM=01h-0F3Fh \
  -ARAM=060h-0FFh,0100h-01FFhx14,0F00h-0F3Fh -ABANK0=060h-0FFh \
  -ABANK1=0100h-01FFh -ABANK2=0200h-02FFh -ABANK3=0300h-03FFh \
  -ABANK4=0400h-04FFh -ABANK5=0500h-05FFh -ABANK6=0600h-06FFh \
  -ABANK7=0700h-07FFh -ABANK8=0800h-08FFh -ABANK9=0900h-09FFh \
  -ABANK10=0A00h-0AFFh -ABANK11=0B00h-0BFFh -ABANK12=0C00h-0CFFh \
  -ABANK13=0D00h-0DFFh -ABANK14=0E00h-0EFFh -ABANK15=0F00h-0F3Fh \
  -ASFR=0F40h-0F5Fh,0F60h-0FFFh -ABIGSFR=0F40h-0FFFh \
  -ACONFIG=01FFF8h-01FFFDh \
  -preset_vec=00h,intcode=08h,intcodelo,powerup,init -pramtop=01000h \
  -psmallconst=SMALLCONST -pmediumconst=MEDIUMCONST -pconst=CONST \
  -AFARRAM=00h-00h -pjflash_buffer=01F800h \
  -prdata=COMRAM,nvrram=COMRAM,nvbit=COMRAM,rbss=COMRAM,rbit=COMRAM \
  -pfarbss=FARRAM,fardata=FARRAM,nvFARRAM=FARRAM \
  -pintsave_regs=BIGRAM,bigbss=BIGRAM,bigdata=BIGRAM -pbss=RAM \
  -pidata=CODE,irdata=CODE,ibigdata=CODE,ifardata=CODE -prparam=COMRAM \
  C:\Users\RaD\AppData\Local\Temp\xcAs7bo.o \
  dist/default/production\battery-tester.X.production.o 

Object code version is 3.11

Machine type is 18F67J50



                Name                               Link     Load   Length Selector   Space Scale
C:\Users\RaD\AppData\Local\Temp\xcAs7bo.o
                config                            1FFF8    1FFF8        6        0       4
                init                                 62       62        4        4       0
                reset_vec                             0        0        4        0       0
dist/default/production\battery-tester.X.production.o
                intcode                               8        8       5A        4       0
                config                            1FFF8    1FFF8        6        0       4
                temp                                 5F       5F        1        1       1
                mediumconst                        C812     C812     37EE     6409       0
                text138                           17356    17356      1C2     8000       0
                text137                           1B464    1B464       18     D94B       0
                text136                           1B432    1B432       1A     D94B       0
                text135                           1B550    1B550       10     D94B       0
                text134                           1B52E    1B52E       12     D94B       0
                text133                           19B24    19B24       B8     8000       0
                text132                           1AF6E    1AF6E       3E     8000       0
                text131                           1AAC8    1AAC8       5A     8000       0
                text130                           1AFAC    1AFAC       3C     8000       0
                text129                           1A66E    1A66E       88     8000       0
                text128                           14C38    14C38      51A     8000       0
                text127                           1B4F6    1B4F6       14     D94B       0
                text126                           1B0CA    1B0CA       38     8000       0
                text125                           1AC1E    1AC1E       50     8000       0
                text124                           1B4E2    1B4E2       14     D94B       0
                text123                           1B4CE    1B4CE       14     D94B       0
                text122                           1B4BA    1B4BA       14     D94B       0
                text121                           1B4A6    1B4A6       14     D94B       0
                text120                           1B492    1B492       14     D94B       0
                text119                           1AA12    1AA12       5C     8000       0
                text118                           1A86E    1A86E       74     8000       0
                text117                           15F10    15F10      420     8000       0
                text116                           1B234    1B234       32     8000       0
                text115                           1A7F8    1A7F8       76     8000       0
                text114                           1A28A    1A28A       9A     8000       0
                text113                           1999E    1999E       C4     8000       0
                text112                           1AFE8    1AFE8       3A     8000       0
                text111                           1A9B2    1A9B2       60     8000       0
                text110                           1B138    1B138       34     8000       0
                text109                           1A6F6    1A6F6       82     8000       0
                text108                           1AD54    1AD54       48     8000       0
                text107                           165E8    165E8      270     8000       0
                text106                           1B092    1B092       38     8000       0
                text105                           1A4D2    1A4D2       8C     8000       0
                text104                           1B418    1B418       1A     D94B       0
                text103                           1B36C    1B36C       26     D94B       0
                text102                           15152    15152      4C8     8000       0
                text101                           1A324    1A324       92     8000       0
                text100                           1A3B6    1A3B6       90     8000       0
                text99                            17838    17838      174     8000       0
                text98                            16AA0    16AA0      248     8000       0
                text97                            1561A    1561A      47E     8000       0
                text96                            16858    16858      248     8000       0
                text95                            1B2EE    1B2EE       2C     D94B       0
                text94                            1AD9C    1AD9C       46     8000       0
                text93                            17C78    17C78      15E     8000       0
                text92                            176B0    176B0      188     8000       0
                text91                            17B14    17B14      164     8000       0
                text90                            1AF2E    1AF2E       40     8000       0
                text89                            1B47C    1B47C       16     D94B       0
                text88                            1B59A    1B59A        A     DAB8       0
                text87                            198D4    198D4       CA     8000       0
                text86                            1AE6A    1AE6A       44     8000       0
                text85                            19DF0    19DF0       AE     8000       0
                text84                            16330    16330      2B8     8000       0
                text83                            19484    19484       F0     8000       0
                text82                            19804    19804       D0     8000       0
                text81                            1715A    1715A      1FC     8000       0
                text80                            1B05A    1B05A       38     8000       0
                text79                            1B2C2    1B2C2       2C     D94B       0
                text78                            1B296    1B296       2C     D94B       0
                text77                            1B022    1B022       38     8000       0
                text76                            16F2A    16F2A      230     8000       0
                text75                            15A98    15A98      478     8000       0
                text74                            1AB78    1AB78       54     8000       0
                text73                            1ABCC    1ABCC       52     8000       0
                text72                            18F64    18F64      10A     8000       0
                text71                            18C18    18C18      138     8000       0
                text70                            18AE0    18AE0      138     8000       0
                text69                            18E5A    18E5A      10A     8000       0
                text68                            1AEEE    1AEEE       40     8000       0
                text67                            1B392    1B392       24     D94B       0
                text66                            1A09E    1A09E       A8     8000       0
                text65                            1A94E    1A94E       64     8000       0
                text64                            1899A    1899A      146     8000       0
                text63                            18854    18854      146     8000       0
                text62                            1927E    1927E      108     8000       0
                text61                            1870E    1870E      146     8000       0
                text60                            19F4A    19F4A       AC     8000       0
                text59                            185C8    185C8      146     8000       0
                text58                            18D50    18D50      10A     8000       0
                text57                            1A5E6    1A5E6       88     8000       0
                text56                            19176    19176      108     8000       0
                text55                            1807E    1807E      154     8000       0
                text54                            1906E    1906E      108     8000       0
                text53                            18476    18476      152     8000       0
                text52                            19E9E    19E9E       AC     8000       0
                text51                            17F2A    17F2A      154     8000       0
                text50                            17DD6    17DD6      154     8000       0
                text49                            18324    18324      152     8000       0
                text48                            181D2    181D2      152     8000       0
                text47                            19730    19730       D4     8000       0
                text46                            17518    17518      198     8000       0
                text45                            1AB22    1AB22       56     8000       0
                text44                            1AA6E    1AA6E       5A     8000       0
                text43                            19D40    19D40       B0     8000       0
                text42                            1AE26    1AE26       44     8000       0
                text41                            1A146    1A146       A4     8000       0
                text40                            1A55E    1A55E       88     8000       0
                text39                            19386    19386       FE     8000       0
                text38                            1965C    1965C       D4     8000       0
                text37                            19C90    19C90       B0     8000       0
                text36                            19574    19574       E8     8000       0
                text35                            1B44C    1B44C       18     D94B       0
                text34                            1ACBC    1ACBC       4E     8000       0
                text33                            19FF6    19FF6       A8     8000       0
                text32                            1B202    1B202       32     8000       0
                text31                            1B344    1B344       28     D94B       0
                text30                            1AD0A    1AD0A       4A     8000       0
                text29                            1A446    1A446       8C     8000       0
                text28                            1460C    1460C      62C     8000       0
                text27                            1B3D8    1B3D8       22     D94B       0
                text26                            1B31A    1B31A       2A     D94B       0
                text25                            1B1D0    1B1D0       32     8000       0
                text24                            1B19E    1B19E       32     8000       0
                text23                            1AC6E    1AC6E       4E     8000       0
                text22                            1B58C    1B58C        E     DAB8       0
                text21                            1ADE2    1ADE2       44     8000       0
                text20                            1A8E2    1A8E2       6C     8000       0
                text19                            1AEAE    1AEAE       40     8000       0
                text18                            16CE8    16CE8      242     8000       0
                text17                            19A62    19A62       C2     8000       0
                text16                            13872    13872      6EA     8000       0
                text15                            1B57E    1B57E        E     DAB8       0
                text14                            10000    10000     3872     8000       0
                text13                            1B3FA    1B3FA       1E     D94B       0
                text12                            1B102    1B102       36     8000       0
                text11                            19BDC    19BDC       B4     8000       0
                text10                            1B16C    1B16C       32     8000       0
                text9                             1A1EA    1A1EA       A0     8000       0
                text8                             13F5C    13F5C      6B0     8000       0
                text7                             1B51C    1B51C       12     D94B       0
                text6                             1B570    1B570        E     DAB8       0
                text5                             1B5AC    1B5AC        6     DAB8       0
                text4                             1B50A    1B50A       12     D94B       0
                text3                             1B5A4    1B5A4        8     DAB8       0
                text2                             1B540    1B540       10     D94B       0
                text1                             1B3B6    1B3B6       22     D94B       0
                text0                             179AC    179AC      168     8000       0
                cstackCOMRAM                          1        1       5C        1       1
                cstackBANK0                          A1       A1       2B       60       1
                cstackBANK1                         100      100       96      100       1
                cstackBANK2                         200      200       E3      200       1
                bssBIGRAM                           2E5      2E5      400      2E5       1
                bssBANK2                            2E3      2E3        2      200       1
                dataBANK1                           196      196       2F      100       1
                bssBANK1                            1C5      1C5        5      100       1
                dataBANK0                            CC       CC        F       60       1
                bssBANK0                             60       60       41       60       1
                bssCOMRAM                            5D       5D        2        1       1
                cinit                             1A778    1A778       80     8000       0
                idataBANK1                        1B266    1B266       2F     8000       0
                idataBANK0                        1B560    1B560        F     D94B       0

TOTAL           Name                               Link     Load   Length     Space
        CLASS   CODE           
                intcode                               8        8       5A         0
                init                                 62       62        4         0
                reset_vec                             0        0        4         0
                text138                           17356    17356      1C2         0
                text137                           1B464    1B464       18         0
                text136                           1B432    1B432       1A         0
                text135                           1B550    1B550       10         0
                text134                           1B52E    1B52E       12         0
                text133                           19B24    19B24       B8         0
                text132                           1AF6E    1AF6E       3E         0
                text131                           1AAC8    1AAC8       5A         0
                text130                           1AFAC    1AFAC       3C         0
                text129                           1A66E    1A66E       88         0
                text128                           14C38    14C38      51A         0
                text127                           1B4F6    1B4F6       14         0
                text126                           1B0CA    1B0CA       38         0
                text125                           1AC1E    1AC1E       50         0
                text124                           1B4E2    1B4E2       14         0
                text123                           1B4CE    1B4CE       14         0
                text122                           1B4BA    1B4BA       14         0
                text121                           1B4A6    1B4A6       14         0
                text120                           1B492    1B492       14         0
                text119                           1AA12    1AA12       5C         0
                text118                           1A86E    1A86E       74         0
                text117                           15F10    15F10      420         0
                text116                           1B234    1B234       32         0
                text115                           1A7F8    1A7F8       76         0
                text114                           1A28A    1A28A       9A         0
                text113                           1999E    1999E       C4         0
                text112                           1AFE8    1AFE8       3A         0
                text111                           1A9B2    1A9B2       60         0
                text110                           1B138    1B138       34         0
                text109                           1A6F6    1A6F6       82         0
                text108                           1AD54    1AD54       48         0
                text107                           165E8    165E8      270         0
                text106                           1B092    1B092       38         0
                text105                           1A4D2    1A4D2       8C         0
                text104                           1B418    1B418       1A         0
                text103                           1B36C    1B36C       26         0
                text102                           15152    15152      4C8         0
                text101                           1A324    1A324       92         0
                text100                           1A3B6    1A3B6       90         0
                text99                            17838    17838      174         0
                text98                            16AA0    16AA0      248         0
                text97                            1561A    1561A      47E         0
                text96                            16858    16858      248         0
                text95                            1B2EE    1B2EE       2C         0
                text94                            1AD9C    1AD9C       46         0
                text93                            17C78    17C78      15E         0
                text92                            176B0    176B0      188         0
                text91                            17B14    17B14      164         0
                text90                            1AF2E    1AF2E       40         0
                text89                            1B47C    1B47C       16         0
                text88                            1B59A    1B59A        A         0
                text87                            198D4    198D4       CA         0
                text86                            1AE6A    1AE6A       44         0
                text85                            19DF0    19DF0       AE         0
                text84                            16330    16330      2B8         0
                text83                            19484    19484       F0         0
                text82                            19804    19804       D0         0
                text81                            1715A    1715A      1FC         0
                text80                            1B05A    1B05A       38         0
                text79                            1B2C2    1B2C2       2C         0
                text78                            1B296    1B296       2C         0
                text77                            1B022    1B022       38         0
                text76                            16F2A    16F2A      230         0
                text75                            15A98    15A98      478         0
                text74                            1AB78    1AB78       54         0
                text73                            1ABCC    1ABCC       52         0
                text72                            18F64    18F64      10A         0
                text71                            18C18    18C18      138         0
                text70                            18AE0    18AE0      138         0
                text69                            18E5A    18E5A      10A         0
                text68                            1AEEE    1AEEE       40         0
                text67                            1B392    1B392       24         0
                text66                            1A09E    1A09E       A8         0
                text65                            1A94E    1A94E       64         0
                text64                            1899A    1899A      146         0
                text63                            18854    18854      146         0
                text62                            1927E    1927E      108         0
                text61                            1870E    1870E      146         0
                text60                            19F4A    19F4A       AC         0
                text59                            185C8    185C8      146         0
                text58                            18D50    18D50      10A         0
                text57                            1A5E6    1A5E6       88         0
                text56                            19176    19176      108         0
                text55                            1807E    1807E      154         0
                text54                            1906E    1906E      108         0
                text53                            18476    18476      152         0
                text52                            19E9E    19E9E       AC         0
                text51                            17F2A    17F2A      154         0
                text50                            17DD6    17DD6      154         0
                text49                            18324    18324      152         0
                text48                            181D2    181D2      152         0
                text47                            19730    19730       D4         0
                text46                            17518    17518      198         0
                text45                            1AB22    1AB22       56         0
                text44                            1AA6E    1AA6E       5A         0
                text43                            19D40    19D40       B0         0
                text42                            1AE26    1AE26       44         0
                text41                            1A146    1A146       A4         0
                text40                            1A55E    1A55E       88         0
                text39                            19386    19386       FE         0
                text38                            1965C    1965C       D4         0
                text37                            19C90    19C90       B0         0
                text36                            19574    19574       E8         0
                text35                            1B44C    1B44C       18         0
                text34                            1ACBC    1ACBC       4E         0
                text33                            19FF6    19FF6       A8         0
                text32                            1B202    1B202       32         0
                text31                            1B344    1B344       28         0
                text30                            1AD0A    1AD0A       4A         0
                text29                            1A446    1A446       8C         0
                text28                            1460C    1460C      62C         0
                text27                            1B3D8    1B3D8       22         0
                text26                            1B31A    1B31A       2A         0
                text25                            1B1D0    1B1D0       32         0
                text24                            1B19E    1B19E       32         0
                text23                            1AC6E    1AC6E       4E         0
                text22                            1B58C    1B58C        E         0
                text21                            1ADE2    1ADE2       44         0
                text20                            1A8E2    1A8E2       6C         0
                text19                            1AEAE    1AEAE       40         0
                text18                            16CE8    16CE8      242         0
                text17                            19A62    19A62       C2         0
                text16                            13872    13872      6EA         0
                text15                            1B57E    1B57E        E         0
                text14                            10000    10000     3872         0
                text13                            1B3FA    1B3FA       1E         0
                text12                            1B102    1B102       36         0
                text11                            19BDC    19BDC       B4         0
                text10                            1B16C    1B16C       32         0
                text9                             1A1EA    1A1EA       A0         0
                text8                             13F5C    13F5C      6B0         0
                text7                             1B51C    1B51C       12         0
                text6                             1B570    1B570        E         0
                text5                             1B5AC    1B5AC        6         0
                text4                             1B50A    1B50A       12         0
                text3                             1B5A4    1B5A4        8         0
                text2                             1B540    1B540       10         0
                text1                             1B3B6    1B3B6       22         0
                text0                             179AC    179AC      168         0
                cinit                             1A778    1A778       80         0
                idataBANK1                        1B266    1B266       2F         0
                idataBANK0                        1B560    1B560        F         0

        CLASS   CONST          

        CLASS   SMALLCONST     

        CLASS   MEDIUMCONST    
                mediumconst                        C812     C812     37EE         0

        CLASS   COMRAM         
                temp                                 5F       5F        1         1
                cstackCOMRAM                          1        1       5C         1
                bssCOMRAM                            5D       5D        2         1

        CLASS   ABS1           

        CLASS   BIGRAM         
                bssBIGRAM                           2E5      2E5      400         1

        CLASS   RAM            

        CLASS   BANK0          
                cstackBANK0                          A1       A1       2B         1
                dataBANK0                            CC       CC        F         1
                bssBANK0                             60       60       41         1

        CLASS   BANK1          
                cstackBANK1                         100      100       96         1
                dataBANK1                           196      196       2F         1
                bssBANK1                            1C5      1C5        5         1

        CLASS   BANK2          
                cstackBANK2                         200      200       E3         1
                bssBANK2                            2E3      2E3        2         1

        CLASS   BANK3          

        CLASS   BANK4          

        CLASS   BANK5          

        CLASS   BANK6          

        CLASS   BANK7          

        CLASS   BANK8          

        CLASS   BANK9          

        CLASS   BANK10         

        CLASS   BANK11         

        CLASS   BANK12         

        CLASS   BANK13         

        CLASS   BANK14         

        CLASS   BANK15         

        CLASS   SFR            

        CLASS   BIGSFR         

        CLASS   CONFIG         
                config                            1FFF8    1FFF8        6         4

        CLASS   FARRAM         

        CLASS   HEAP           

        CLASS   STACK          

        CLASS   IDLOC          



SEGMENTS        Name                           Load    Length   Top    Selector   Space  Class

                reset_vec                      000000  000004  000004         0       0  CODE    
                cstackCOMRAM                   000001  00005F  000060         1       1  COMRAM  
                intcode                        000008  00005E  000066         4       0  CODE    
                bssBANK0                       000060  00007B  0000DB        60       1  BANK0   
                cstackBANK1                    000100  0000CA  0001CA       100       1  BANK1   
                cstackBANK2                    000200  0000E5  0002E5       200       1  BANK2   
                bssBIGRAM                      0002E5  000400  0006E5       2E5       1  BIGRAM  
                mediumconst                    00C812  0037EE  010000      6409       0  MEDIUMCO
                text14                         010000  00B295  01B295      8000       0  CODE    
                text78                         01B296  0002D9  01B56F      D94B       0  CODE    
                text6                          01B570  000042  01B5B2      DAB8       0  CODE    


UNUSED ADDRESS RANGES

        Name                Unused          Largest block    Delta
        BANK0            000DB-000FF              25
        BANK1            001CA-001FF              36
        BANK10           00A00-00AFF             100
        BANK11           00B00-00BFF             100
        BANK12           00C00-00CFF             100
        BANK13           00D00-00DFF             100
        BANK14           00E00-00EFF             100
        BANK15           00F00-00F3F              40
        BANK6            006E5-006FF              1B
        BANK7            00700-007FF             100
        BANK8            00800-008FF             100
        BANK9            00900-009FF             100
        BIGRAM           000DB-000FF              25
                         001CA-001FF              36
                         006E5-00F3F             85B
        BIGSFR           00F40-00FFF              C0
        CODE             00004-00007               4
                         00066-0C811            C7AC
                         1B295-1B295               1
                         1B56F-1B56F               1
                         1B5B2-1FFF7            4A46
        CONST            00004-00007               4
                         00066-0C811            C7AC
                         1B295-1B295               1
                         1B56F-1B56F               1
                         1B5B2-1FFF7            4A46
        MEDIUMCONST      01000-0C811            B812
                         1B295-1B295               1
                         1B56F-1B56F               1
                         1B5B2-1FFF7            4A46
        RAM              000DB-000FF              25
                         001CA-001FF              36
                         006E5-00F3F             100
        SFR              00F40-00FFF              20
        SMALLCONST       01000-0C811             100
                         1B295-1B295               1
                         1B56F-1B56F               1
                         1B5B2-1FFF7             100

                                  Symbol Table

?___aodiv                                                cstackCOMRAM  00001
?___aomod                                                cstackCOMRAM  00001
?___awdiv                                                cstackCOMRAM  00001
?___lldiv                                                cstackCOMRAM  0000A
?___llmod                                                cstackCOMRAM  00001
?___lodiv                                                cstackCOMRAM  00001
?___lomod                                                cstackCOMRAM  00001
?___lwdiv                                                cstackCOMRAM  00001
?___lwmod                                                cstackCOMRAM  00001
?___wmul                                                 cstackCOMRAM  00019
?_abs                                                    cstackCOMRAM  00013
?_atoi                                                   cstackCOMRAM  0001F
?_check_current_param_offset                             cstackCOMRAM  0001F
?_check_parameters_offset_position                       cstackCOMRAM  0000A
?_isalpha                                                cstackCOMRAM  00001
?_isdigit                                                cstackCOMRAM  00001
?_islower                                                cstackCOMRAM  00001
?_isspace                                                cstackCOMRAM  00001
?_isupper                                                cstackCOMRAM  00001
?_printf                                                 cstackBANK0   000A7
?_save_table_to_param                                    cstackCOMRAM  00001
?_sprintf                                                cstackBANK0   000A7
?_toupper                                                cstackCOMRAM  00005
?_vfprintf                                               cstackBANK0   000A1
Button_EventGet@key                                      cstackCOMRAM  00003
Button_Init@i                                            cstackCOMRAM  0000F
Button_Update@key                                        cstackCOMRAM  00013
Button_Update@now_pressed                                cstackCOMRAM  00012
CapacitanceDisplay@bat_param                             cstackBANK0   000C0
CellCount@bat_param                                      cstackBANK0   000C0
CellCount@set_mode                                       cstackBANK0   000C2
ChargerMode@bat_param                                    cstackCOMRAM  00038
ChargerMode@set_mode                                     cstackCOMRAM  0003A
ChemistryDisplay@bat_param                               cstackCOMRAM  00038
ChemistryDisplay@set_mode                                cstackCOMRAM  0003A
CurrentDisplay@bat_param                                 cstackBANK0   000C0
CycleDisplay@bat_param                                   cstackBANK0   000C0
CycleSet@bat_param                                       cstackBANK0   000C0
CycleSet@set_mode                                        cstackBANK0   000C2
GLCD_BufferRead@X                                        cstackCOMRAM  00005
GLCD_BufferRead@Y                                        cstackCOMRAM  00001
GLCD_BufferWrite@Data                                    cstackCOMRAM  00002
GLCD_BufferWrite@X                                       cstackCOMRAM  00006
GLCD_BufferWrite@Y                                       cstackCOMRAM  00001
GLCD_DrawHLine@Color                                     cstackCOMRAM  0000F
GLCD_DrawHLine@X1                                        cstackCOMRAM  00011
GLCD_DrawHLine@X2                                        cstackCOMRAM  0000D
GLCD_DrawHLine@Y                                         cstackCOMRAM  0000E
GLCD_DrawHLine@t                                         cstackCOMRAM  00010
GLCD_DrawRectangle@Color                                 cstackCOMRAM  00024
GLCD_DrawRectangle@X1                                    cstackCOMRAM  00025
GLCD_DrawRectangle@X2                                    cstackCOMRAM  00022
GLCD_DrawRectangle@Y1                                    cstackCOMRAM  00021
GLCD_DrawRectangle@Y2                                    cstackCOMRAM  00023
GLCD_DrawVLine@Color                                     cstackCOMRAM  0001E
GLCD_DrawVLine@X                                         cstackCOMRAM  0001D
GLCD_DrawVLine@Y1                                        cstackCOMRAM  00020
GLCD_DrawVLine@Y2                                        cstackCOMRAM  0001C
GLCD_DrawVLine@t                                         cstackCOMRAM  0001F
GLCD_FillRectangle@Color                                 cstackCOMRAM  0001F
GLCD_FillRectangle@X1                                    cstackCOMRAM  00020
GLCD_FillRectangle@X2                                    cstackCOMRAM  0001D
GLCD_FillRectangle@Y1                                    cstackCOMRAM  0001C
GLCD_FillRectangle@Y2                                    cstackCOMRAM  0001E
GLCD_FillScreen@Color                                    cstackCOMRAM  00007
GLCD_FillScreen@i                                        cstackCOMRAM  00008
GLCD_FillScreen@j                                        cstackCOMRAM  00009
GLCD_GotoX@X                                             cstackCOMRAM  00001
GLCD_GotoXY@X                                            cstackCOMRAM  00003
GLCD_GotoXY@Y                                            cstackCOMRAM  00002
GLCD_GotoY@Y                                             cstackCOMRAM  00001
GLCD_PrintChar@Character                                 cstackCOMRAM  00025
GLCD_PrintChar@data                                      cstackCOMRAM  00033
GLCD_PrintChar@data_next                                 cstackCOMRAM  00028
GLCD_PrintChar@fontRead                                  cstackCOMRAM  0002E
GLCD_PrintChar@fontStart                                 cstackCOMRAM  0002A
GLCD_PrintChar@i                                         cstackCOMRAM  00031
GLCD_PrintChar@j                                         cstackCOMRAM  00032
GLCD_PrintChar@lines                                     cstackCOMRAM  0002D
GLCD_PrintChar@overflow                                  cstackCOMRAM  00030
GLCD_PrintChar@width                                     cstackCOMRAM  0002C
GLCD_PrintChar@x                                         cstackCOMRAM  00029
GLCD_PrintChar@y                                         cstackCOMRAM  00027
GLCD_PrintChar@y2                                        cstackCOMRAM  00026
GLCD_PrintString@Text                                    cstackCOMRAM  00034
GLCD_Render@i                                            cstackCOMRAM  00016
GLCD_Render@j                                            cstackCOMRAM  00015
GLCD_SelectChip@Chip                                     cstackCOMRAM  00001
GLCD_SelectChip@off                                      cstackCOMRAM  00002
GLCD_Send@Data                                           cstackCOMRAM  00001
GLCD_SendCommand@Chip                                    cstackCOMRAM  00006
GLCD_SendCommand@Command                                 cstackCOMRAM  00007
GLCD_SendData@Chip                                       cstackCOMRAM  0000F
GLCD_SendData@Data                                       cstackCOMRAM  00014
GLCD_SetFont@Height                                      cstackCOMRAM  0000C
GLCD_SetFont@Invert                                      cstackCOMRAM  0000E
GLCD_SetFont@Mode                                        cstackCOMRAM  0000D
GLCD_SetFont@Name                                        cstackCOMRAM  00009
GLCD_SetFont@Width                                       cstackCOMRAM  0000B
GLCD_SetPixel@Color                                      cstackCOMRAM  00008
GLCD_SetPixel@X                                          cstackCOMRAM  0000B
GLCD_SetPixel@Y                                          cstackCOMRAM  00007
GLCD_SetPixel@data                                       cstackCOMRAM  0000C
GLCD_SetPixels@Color                                     cstackCOMRAM  0000A
GLCD_SetPixels@X1                                        cstackCOMRAM  00018
GLCD_SetPixels@X2                                        cstackCOMRAM  00008
GLCD_SetPixels@Y1                                        cstackCOMRAM  00007
GLCD_SetPixels@Y2                                        cstackCOMRAM  00009
GLCD_SetPixels@data                                      cstackCOMRAM  0001B
GLCD_SetPixels@h                                         cstackCOMRAM  00015
GLCD_SetPixels@height                                    cstackCOMRAM  0001A
GLCD_SetPixels@i                                         cstackCOMRAM  00017
GLCD_SetPixels@mask                                      cstackCOMRAM  00019
GLCD_SetPixels@offset                                    cstackCOMRAM  00016
GLCD_SetPixels@width                                     cstackCOMRAM  00014
GLCD_WaitBusy@Chip                                       cstackCOMRAM  00004
GLCD_WaitBusy@status                                     cstackCOMRAM  00005
Handle_Main_MenuNavigation@option                        cstackCOMRAM  00038
Handle_Setting1_MenuNavigation@option                    cstackCOMRAM  00038
Handle_Setting23_MenuNavigation@option                   cstackCOMRAM  00038
Handle_Setting5_MenuNavigation@option                    cstackCOMRAM  00038
ISR@counter_second                                       bssBANK0      0007C
InitBattParameters@bat_param                             cstackCOMRAM  00001
InitBattParameters@i                                     cstackCOMRAM  00005
MemoryDisplay@bat_param                                  cstackBANK0   000C0
Menu@bat_param                                           cstackBANK1   00194
Menu@menu_change                                         dataBANK1     00197
Menu@menu_init                                           bssBANK1      001C7
Menu@menu_pos                                            bssBANK1      001C6
Menu@menu_selection                                      bssBANK1      001C8
Menu@menu_type                                           bssBANK1      001C9
Menu@param_pos                                           dataBANK1     00196
Menu@switch_param                                        bssBANK1      001C5
Menu@val                                                 cstackBANK0   000CA
MinimumDischargeVoltage@bat_param                        cstackBANK0   000C0
MinimumDischargeVoltage@set_mode                         cstackBANK0   000C2
Options1_Menu@bat_param                                  cstackBANK0   000C3
Options2_Menu@bat_param                                  cstackBANK0   000C3
Options3_Menu@bat_param                                  cstackBANK0   000C3
Options4_Menu@bat_param                                  cstackBANK0   000C3
Options5_Menu@bat_param                                  cstackBANK0   000C3
SPI_Exchange@data                                        cstackCOMRAM  00001
SetCellVotage@bat_param                                  cstackBANK0   000C0
SetCellVotage@set_mode                                   cstackBANK0   000C2
SetChargingCurrent_1@bat_param                           cstackBANK0   000C0
SetChargingCurrent_1@set_mode                            cstackBANK0   000C2
SetChargingCurrent_2@bat_param                           cstackBANK0   000C0
SetChargingCurrent_2@set_mode                            cstackBANK0   000C2
SetChargingCurrent_3@bat_param                           cstackBANK0   000C0
SetChargingCurrent_3@set_mode                            cstackBANK0   000C2
SetChargingCurrent_4@bat_param                           cstackBANK0   000C0
SetChargingCurrent_4@set_mode                            cstackBANK0   000C2
SetDischargingCurrent_1@bat_param                        cstackBANK0   000C0
SetDischargingCurrent_1@set_mode                         cstackBANK0   000C2
SetDischargingCurrent_2@bat_param                        cstackBANK0   000C0
SetDischargingCurrent_2@set_mode                         cstackBANK0   000C2
SetDischargingCurrent_3@bat_param                        cstackBANK0   000C0
SetDischargingCurrent_3@set_mode                         cstackBANK0   000C2
SetDischargingCurrent_4@bat_param                        cstackBANK0   000C0
SetDischargingCurrent_4@set_mode                         cstackBANK0   000C2
SetMaxTime@bat_param                                     cstackBANK0   000C0
SetMaxTime@set_mode                                      cstackBANK0   000C2
SetTemp@bat_param                                        cstackBANK0   000C0
SetTemp@set_mode                                         cstackBANK0   000C2
SingleBat_Menu@bat_param                                 cstackBANK0   000C2
TempDisplay@bat_param                                    cstackBANK0   000C0
TimeDisplay@bat_param                                    cstackBANK0   000C0
TrickleCurrent@bat_param                                 cstackBANK0   000C0
TrickleCurrent@set_mode                                  cstackBANK0   000C2
TrickleVoltage@bat_param                                 cstackBANK0   000C0
TrickleVoltage@set_mode                                  cstackBANK0   000C2
TwoBatMenu@F6114                                         mediumconst   0C832
TwoBatMenu@F6116                                         mediumconst   0C828
TwoBatMenu@F6118                                         mediumconst   0C813
TwoBatMenu@F6120                                         mediumconst   0C81E
UART_SendChar@data                                       cstackCOMRAM  00001
VoltageDisplay@bat_param                                 cstackBANK0   000C0
_ButtonDown                                              text121       1B4A6
_ButtonLeft                                              text122       1B4BA
_ButtonOK                                                text120       1B492
_ButtonRight                                             text123       1B4CE
_ButtonUp                                                text124       1B4E2
_Button_EventGet                                         text126       1B0CA
_Button_Event_Reset                                      text125       1AC1E
_Button_Init                                             text138       17356
_Button_Init$1977                                        cstackCOMRAM  00007
_Button_Init$1978                                        cstackCOMRAM  00009
_Button_Init$1979                                        cstackCOMRAM  0000B
_Button_Init$1989                                        cstackCOMRAM  0000D
_Button_Update                                           text117       15F10
_CCP3CONbits                                             (abs)         00FB1
_CCPR3L                                                  (abs)         00FB2
_CapacitanceDisplay                                      text46        17518
_CellCount                                               text72        18F64
_ChargerMode                                             text71        18C18
_ChemistryDisplay                                        text70        18AE0
_CurrentDisplay                                          text45        1AB22
_CycleDisplay                                            text44        1AA6E
_CycleSet                                                text69        18E5A
_Font5x8                                                 mediumconst   0F9BC
_GLCD_BufferRead                                         text116       1B234
_GLCD_BufferWrite                                        text110       1B138
_GLCD_Clear                                              text67        1B392
_GLCD_Clear$173                                          cstackCOMRAM  0000A
_GLCD_DrawHLine                                          text108       1AD54
_GLCD_DrawRectangle                                      text105       1A4D2
_GLCD_DrawVLine                                          text106       1B092
_GLCD_FillRectangle                                      text104       1B418
_GLCD_FillScreen                                         text68        1AEEE
_GLCD_GotoX                                              text137       1B464
_GLCD_GotoXY                                             text135       1B550
_GLCD_GotoY                                              text136       1B432
_GLCD_PrintChar                                          text102       15152
_GLCD_PrintString                                        text101       1A324
_GLCD_Render                                             text111       1A9B2
_GLCD_SelectChip                                         text132       1AF6E
_GLCD_Send                                               text133       19B24
_GLCD_SendCommand                                        text130       1AFAC
_GLCD_SendData                                           text114       1A28A
_GLCD_SendData$160                                       cstackCOMRAM  00012
_GLCD_SetFont                                            text100       1A3B6
_GLCD_SetPixel                                           text109       1A6F6
_GLCD_SetPixels                                          text107       165E8
_GLCD_SetPixels$210                                      cstackCOMRAM  00010
_GLCD_SetPixels$211                                      cstackCOMRAM  00012
_GLCD_Setup                                              text129       1A66E
_GLCD_WaitBusy                                           text131       1AAC8
_Handle_Main_MenuNavigation                              text99        17838
_Handle_Setting1_MenuNavigation                          text98        16AA0
_Handle_Setting23_MenuNavigation                         text97        1561A
_Handle_Setting5_MenuNavigation                          text96        16858
_INTCONbits                                              (abs)         00FF2
_ISR                                                     intcode       00008
_InitBattParameters                                      text128       14C38
_Init_Timer0                                             text127       1B4F6
_LATAbits                                                (abs)         00F89
_LATD                                                    (abs)         00F8C
_LATE                                                    (abs)         00F8D
_LATFbits                                                (abs)         00F8E
_MemoryDisplay                                           text43        19D40
_Menu                                                    text14        10000
_MinimumDischargeVoltage                                 text64        1899A
_OSCCONbits                                              (abs)         00FD3
_OSCTUNEbits                                             (abs)         00F9B
_Options1_Menu                                           text66        1A09E
_Options2_Menu                                           text60        19F4A
_Options3_Menu                                           text57        1A5E6
_Options4_Menu                                           text52        19E9E
_Options5_Menu                                           text47        19730
_PORTC                                                   (abs)         00F82
_PORTE                                                   (abs)         00F84
_PORTG                                                   (abs)         00F86
_PR2                                                     (abs)         00FCB
_Pulse_En                                                text134       1B52E
_RCSTA2bits                                              (abs)         00F9C
_SPBRG2                                                  (abs)         00FAB
_SPI_Exchange                                            text35        1B44C
_SSP1BUF                                                 (abs)         00FC9
_SSP1CON1bits                                            (abs)         00FC6
_SSP1STATbits                                            (abs)         00FC7
_SetCellVotage                                           text63        18854
_SetChargingCurrent_1                                    text56        19176
_SetChargingCurrent_2                                    text55        1807E
_SetChargingCurrent_3                                    text51        17F2A
_SetChargingCurrent_4                                    text50        17DD6
_SetDischargingCurrent_1                                 text54        1906E
_SetDischargingCurrent_2                                 text53        18476
_SetDischargingCurrent_3                                 text49        18324
_SetDischargingCurrent_4                                 text48        181D2
_SetMaxTime                                              text59        185C8
_SetTemp                                                 text58        18D50
_SingleBat_Menu                                          text36        19574
_T0CONbits                                               (abs)         00FD5
_T2CONbits                                               (abs)         00FCA
_TMR0                                                    (abs)         00FD6
_TRISAbits                                               (abs)         00F92
_TRISC                                                   (abs)         00F94
_TRISCbits                                               (abs)         00F94
_TRISD                                                   (abs)         00F95
_TRISDbits                                               (abs)         00F95
_TRISE                                                   (abs)         00F96
_TRISFbits                                               (abs)         00F97
_TRISG                                                   (abs)         00F98
_TRISGbits                                               (abs)         00F98
_TXREG2                                                  (abs)         00FA9
_TXSTA2bits                                              (abs)         00FA8
_Tahoma11x13                                             mediumconst   0F11C
_Tekton_Pro_Ext27x28                                     mediumconst   0C83C
_TempDisplay                                             text42        1AE26
_TimeDisplay                                             text39        19386
_TrickleCurrent                                          text62        1927E
_TrickleVoltage                                          text61        1870E
_UART_SendChar                                           text89        1B47C
_VoltageDisplay                                          text38        1965C
__HRAM                                                   (abs)         00000
__Habs1                                                  abs1          00000
__Hbank0                                                 bank0         00000
__Hbank1                                                 bank1         00000
__Hbank10                                                bank10        00000
__Hbank11                                                bank11        00000
__Hbank12                                                bank12        00000
__Hbank13                                                bank13        00000
__Hbank14                                                bank14        00000
__Hbank15                                                bank15        00000
__Hbank2                                                 bank2         00000
__Hbank3                                                 bank3         00000
__Hbank4                                                 bank4         00000
__Hbank5                                                 bank5         00000
__Hbank6                                                 bank6         00000
__Hbank7                                                 bank7         00000
__Hbank8                                                 bank8         00000
__Hbank9                                                 bank9         00000
__Hbigbss                                                bigbss        00000
__Hbigdata                                               bigdata       00000
__Hbigram                                                bigram        00000
__Hbigsfr                                                bigsfr        00000
__Hbss                                                   bss           00000
__HbssBANK0                                              bssBANK0      00000
__HbssBANK1                                              bssBANK1      00000
__HbssBANK2                                              bssBANK2      00000
__HbssBIGRAM                                             bssBIGRAM     00000
__HbssCOMRAM                                             bssCOMRAM     00000
__Hcinit                                                 cinit         00000
__Hclrtext                                               clrtext       00000
__Hcomram                                                comram        00000
__Hconfig                                                config        1FFFE
__Hconst                                                 const         00000
__HcstackBANK0                                           cstackBANK0   00000
__HcstackBANK1                                           cstackBANK1   00000
__HcstackBANK2                                           cstackBANK2   00000
__HcstackCOMRAM                                          cstackCOMRAM  00000
__Hdata                                                  data          00000
__HdataBANK0                                             dataBANK0     00000
__HdataBANK1                                             dataBANK1     00000
__Hfarbss                                                farbss        00000
__Hfardata                                               fardata       00000
__Hheap                                                  heap          00000
__Hibigdata                                              ibigdata      00000
__Hidata                                                 idata         00000
__HidataBANK0                                            idataBANK0    00000
__HidataBANK1                                            idataBANK1    00000
__Hidloc                                                 idloc         00000
__Hifardata                                              ifardata      00000
__Hinit                                                  init          00066
__Hintcode                                               intcode       00062
__Hintcode_body                                          intcode_body  00000
__Hintcodelo                                             intcodelo     00062
__Hintentry                                              intentry      00000
__Hintret                                                intret        00000
__Hintsave_regs                                          intsave_regs  00000
__Hirdata                                                irdata        00000
__Hjflash_buffer                                         jflash_buffer 1F800
__Hmediumconst                                           mediumconst   10000
__HnvFARRAM                                              nvFARRAM      00000
__Hnvbit                                                 nvbit         00000
__Hnvrram                                                nvrram        00000
__Hparam                                                 rparam        00000
__Hpowerup                                               powerup       00062
__Hram                                                   ram           00000
__Hramtop                                                ramtop        01000
__Hrbit                                                  rbit          00000
__Hrbss                                                  rbss          00000
__Hrdata                                                 rdata         00000
__Hreset_vec                                             reset_vec     00004
__Hrparam                                                rparam        00000
__Hsfr                                                   sfr           00000
__Hsmallconst                                            smallconst    00000
__Hspace_0                                               (abs)         1F800
__Hspace_1                                               (abs)         006E5
__Hspace_2                                               (abs)         00000
__Hspace_4                                               (abs)         3FFF6
__Hstack                                                 stack         00000
__Hstruct                                                struct        00000
__Htemp                                                  temp          00060
__Htext                                                  text          00000
__Htext0                                                 text0         00000
__Htext1                                                 text1         00000
__Htext10                                                text10        00000
__Htext100                                               text100       00000
__Htext101                                               text101       00000
__Htext102                                               text102       00000
__Htext103                                               text103       00000
__Htext104                                               text104       00000
__Htext105                                               text105       00000
__Htext106                                               text106       00000
__Htext107                                               text107       00000
__Htext108                                               text108       00000
__Htext109                                               text109       00000
__Htext11                                                text11        00000
__Htext110                                               text110       00000
__Htext111                                               text111       00000
__Htext112                                               text112       00000
__Htext113                                               text113       00000
__Htext114                                               text114       00000
__Htext115                                               text115       00000
__Htext116                                               text116       00000
__Htext117                                               text117       00000
__Htext118                                               text118       00000
__Htext119                                               text119       00000
__Htext12                                                text12        00000
__Htext120                                               text120       00000
__Htext121                                               text121       00000
__Htext122                                               text122       00000
__Htext123                                               text123       00000
__Htext124                                               text124       00000
__Htext125                                               text125       00000
__Htext126                                               text126       00000
__Htext127                                               text127       00000
__Htext128                                               text128       00000
__Htext129                                               text129       00000
__Htext13                                                text13        00000
__Htext130                                               text130       00000
__Htext131                                               text131       00000
__Htext132                                               text132       00000
__Htext133                                               text133       00000
__Htext134                                               text134       00000
__Htext135                                               text135       00000
__Htext136                                               text136       00000
__Htext137                                               text137       00000
__Htext138                                               text138       00000
__Htext14                                                text14        00000
__Htext15                                                text15        00000
__Htext16                                                text16        00000
__Htext17                                                text17        00000
__Htext18                                                text18        00000
__Htext19                                                text19        00000
__Htext2                                                 text2         00000
__Htext20                                                text20        00000
__Htext21                                                text21        00000
__Htext22                                                text22        00000
__Htext23                                                text23        00000
__Htext24                                                text24        00000
__Htext25                                                text25        00000
__Htext26                                                text26        00000
__Htext27                                                text27        00000
__Htext28                                                text28        00000
__Htext29                                                text29        00000
__Htext3                                                 text3         00000
__Htext30                                                text30        00000
__Htext31                                                text31        00000
__Htext32                                                text32        00000
__Htext33                                                text33        00000
__Htext34                                                text34        00000
__Htext35                                                text35        00000
__Htext36                                                text36        00000
__Htext37                                                text37        00000
__Htext38                                                text38        00000
__Htext39                                                text39        00000
__Htext4                                                 text4         00000
__Htext40                                                text40        00000
__Htext41                                                text41        00000
__Htext42                                                text42        00000
__Htext43                                                text43        00000
__Htext44                                                text44        00000
__Htext45                                                text45        00000
__Htext46                                                text46        00000
__Htext47                                                text47        00000
__Htext48                                                text48        00000
__Htext49                                                text49        00000
__Htext5                                                 text5         00000
__Htext50                                                text50        00000
__Htext51                                                text51        00000
__Htext52                                                text52        00000
__Htext53                                                text53        00000
__Htext54                                                text54        00000
__Htext55                                                text55        00000
__Htext56                                                text56        00000
__Htext57                                                text57        00000
__Htext58                                                text58        00000
__Htext59                                                text59        00000
__Htext6                                                 text6         00000
__Htext60                                                text60        00000
__Htext61                                                text61        00000
__Htext62                                                text62        00000
__Htext63                                                text63        00000
__Htext64                                                text64        00000
__Htext65                                                text65        00000
__Htext66                                                text66        00000
__Htext67                                                text67        00000
__Htext68                                                text68        00000
__Htext69                                                text69        00000
__Htext7                                                 text7         00000
__Htext70                                                text70        00000
__Htext71                                                text71        00000
__Htext72                                                text72        00000
__Htext73                                                text73        00000
__Htext74                                                text74        00000
__Htext75                                                text75        00000
__Htext76                                                text76        00000
__Htext77                                                text77        00000
__Htext78                                                text78        00000
__Htext79                                                text79        00000
__Htext8                                                 text8         00000
__Htext80                                                text80        00000
__Htext81                                                text81        00000
__Htext82                                                text82        00000
__Htext83                                                text83        00000
__Htext84                                                text84        00000
__Htext85                                                text85        00000
__Htext86                                                text86        00000
__Htext87                                                text87        00000
__Htext88                                                text88        00000
__Htext89                                                text89        00000
__Htext9                                                 text9         00000
__Htext90                                                text90        00000
__Htext91                                                text91        00000
__Htext92                                                text92        00000
__Htext93                                                text93        00000
__Htext94                                                text94        00000
__Htext95                                                text95        00000
__Htext96                                                text96        00000
__Htext97                                                text97        00000
__Htext98                                                text98        00000
__Htext99                                                text99        00000
__LRAM                                                   (abs)         00001
__Labs1                                                  abs1          00000
__Lbank0                                                 bank0         00000
__Lbank1                                                 bank1         00000
__Lbank10                                                bank10        00000
__Lbank11                                                bank11        00000
__Lbank12                                                bank12        00000
__Lbank13                                                bank13        00000
__Lbank14                                                bank14        00000
__Lbank15                                                bank15        00000
__Lbank2                                                 bank2         00000
__Lbank3                                                 bank3         00000
__Lbank4                                                 bank4         00000
__Lbank5                                                 bank5         00000
__Lbank6                                                 bank6         00000
__Lbank7                                                 bank7         00000
__Lbank8                                                 bank8         00000
__Lbank9                                                 bank9         00000
__Lbigbss                                                bigbss        00000
__Lbigdata                                               bigdata       00000
__Lbigram                                                bigram        00000
__Lbigsfr                                                bigsfr        00000
__Lbss                                                   bss           00000
__LbssBANK0                                              bssBANK0      00000
__LbssBANK1                                              bssBANK1      00000
__LbssBANK2                                              bssBANK2      00000
__LbssBIGRAM                                             bssBIGRAM     00000
__LbssCOMRAM                                             bssCOMRAM     00000
__Lcinit                                                 cinit         00000
__Lclrtext                                               clrtext       00000
__Lcomram                                                comram        00000
__Lconfig                                                config        00000
__Lconst                                                 const         00000
__LcstackBANK0                                           cstackBANK0   00000
__LcstackBANK1                                           cstackBANK1   00000
__LcstackBANK2                                           cstackBANK2   00000
__LcstackCOMRAM                                          cstackCOMRAM  00000
__Ldata                                                  data          00000
__LdataBANK0                                             dataBANK0     00000
__LdataBANK1                                             dataBANK1     00000
__Lfarbss                                                farbss        00000
__Lfardata                                               fardata       00000
__Lheap                                                  heap          00000
__Libigdata                                              ibigdata      00000
__Lidata                                                 idata         00000
__LidataBANK0                                            idataBANK0    00000
__LidataBANK1                                            idataBANK1    00000
__Lidloc                                                 idloc         00000
__Lifardata                                              ifardata      00000
__Linit                                                  init          00062
__Lintcode                                               intcode       00008
__Lintcode_body                                          intcode_body  00000
__Lintcodelo                                             intcodelo     00062
__Lintentry                                              intentry      00000
__Lintret                                                intret        00000
__Lintsave_regs                                          intsave_regs  00000
__Lirdata                                                irdata        00000
__Ljflash_buffer                                         jflash_buffer 1F800
__Lmediumconst                                           mediumconst   0C812
__LnvFARRAM                                              nvFARRAM      00000
__Lnvbit                                                 nvbit         00000
__Lnvrram                                                nvrram        00000
__Lparam                                                 rparam        00000
__Lpowerup                                               powerup       00062
__Lram                                                   ram           00000
__Lramtop                                                ramtop        01000
__Lrbit                                                  rbit          00000
__Lrbss                                                  rbss          00000
__Lrdata                                                 rdata         00000
__Lreset_vec                                             reset_vec     00000
__Lrparam                                                rparam        00000
__Lsfr                                                   sfr           00000
__Lsmallconst                                            smallconst    00000
__Lspace_0                                               (abs)         00000
__Lspace_1                                               (abs)         00000
__Lspace_2                                               (abs)         00000
__Lspace_4                                               (abs)         00000
__Lstack                                                 stack         00000
[...]
isalpha@c                                                cstackCOMRAM  00001
isdigit@c                                                cstackCOMRAM  00001
islower@c                                                cstackCOMRAM  00001
isspace@c                                                cstackCOMRAM  00001
isupper@c                                                cstackCOMRAM  00001
main@bat_param                                           cstackBANK2   00281
main@liion_settings                                      cstackBANK2   00256
main@nimh_settings                                       cstackBANK2   00200
main@pb_settings                                         cstackBANK2   0022B
measurment_erase@i                                       cstackCOMRAM  00006
memory_and_cycle_positions@bat_param                     cstackCOMRAM  00001
pad@buf                                                  cstackCOMRAM  00015
pad@fp                                                   cstackCOMRAM  00013
pad@i                                                    cstackCOMRAM  0001A
pad@p                                                    cstackCOMRAM  00017
pad@w                                                    cstackCOMRAM  0001C
print_data_tab@i                                         cstackBANK0   000B2
print_data_tab@lenght                                    cstackBANK0   000B1
print_data_tab@tab                                       cstackBANK0   000AF
print_tab@i                                              cstackBANK0   000B2
print_tab@lenght                                         cstackBANK0   000B1
print_tab@tab                                            cstackBANK0   000AF
printf@ap                                                cstackCOMRAM  0005A
printf@fmt                                               cstackBANK0   000A7
putch@txData                                             cstackCOMRAM  00002
read_bytes@add                                           cstackCOMRAM  00002
read_bytes@data                                          cstackCOMRAM  00006
read_bytes@i                                             cstackCOMRAM  00009
read_bytes@lenght                                        cstackCOMRAM  00008
read_parameters_from_flash@bat_param                     cstackBANK0   000B3
read_parameters_from_flash@i                             cstackBANK1   00194
read_parameters_from_flash@param_tab                     cstackBANK1   00100
read_parameters_from_flash@parameter_position            cstackBANK1   00195
represent_value_in_binary@j                              cstackBANK0   000B2
represent_value_in_binary@value                          cstackBANK0   000B1
save_param_to_table@data                                 cstackCOMRAM  00001
save_param_to_table@j                                    cstackCOMRAM  0000F
save_param_to_table@length                               cstackCOMRAM  00003
save_param_to_table@param_tab                            cstackCOMRAM  00006
save_param_to_table@parameter_position                   cstackCOMRAM  00004
save_parameters_to_flash@bat_param                       cstackBANK0   000C1
save_parameters_to_flash@i                               cstackBANK1   00190
save_parameters_to_flash@param_tab                       cstackBANK1   00100
save_parameters_to_flash@parameter_position              cstackBANK1   00191
save_table_to_param@data                                 cstackCOMRAM  0000C
save_table_to_param@j                                    cstackCOMRAM  0000F
save_table_to_param@length                               cstackCOMRAM  0000E
save_table_to_param@param_tab                            cstackCOMRAM  00003
save_table_to_param@parameter_position                   cstackCOMRAM  00001
sector_erase@add                                         cstackCOMRAM  00004
sprintf@ap                                               cstackBANK0   000B3
sprintf@f                                                cstackBANK0   000B5
sprintf@fmt                                              cstackBANK0   000A9
sprintf@s                                                cstackBANK0   000A7
stackhi                                                  (abs)         00000
stacklo                                                  (abs)         00000
start                                                    init          00062
start_initialization                                     cinit         1A778
switch_between_battery_types@bat_param                   cstackCOMRAM  00001
switch_between_battery_types@init                        cstackCOMRAM  00003
toupper@c                                                cstackCOMRAM  00005
ttemp5                                                   temp          00060
ttemp6                                                   temp          00063
ttemp7                                                   temp          00067
update_wear_leveling_static_buffer@addr                  cstackBANK0   000BB
update_wear_leveling_static_buffer@current_param_address cstackBANK0   000B6
update_wear_leveling_static_buffer@i                     cstackBANK0   000C0
update_wear_leveling_static_buffer@j                     cstackBANK0   000BF
update_wear_leveling_static_buffer@lenght                cstackBANK0   000BD
update_wear_leveling_static_buffer@wear_leveling_type    cstackBANK0   000BA
utoa@d                                                   cstackCOMRAM  00020
utoa@fp                                                  cstackCOMRAM  0001E
utoa@i                                                   cstackCOMRAM  0003C
utoa@n                                                   cstackCOMRAM  00034
utoa@p                                                   cstackCOMRAM  00030
utoa@w                                                   cstackCOMRAM  00032
vfpfcnvrt@ap                                             cstackCOMRAM  00046
vfpfcnvrt@convarg                                        cstackCOMRAM  0004E
vfpfcnvrt@cp                                             cstackCOMRAM  00056
vfpfcnvrt@done                                           cstackCOMRAM  0004C
vfpfcnvrt@fmt                                            cstackCOMRAM  00044
vfpfcnvrt@fp                                             cstackCOMRAM  00042
vfprintf@ap                                              cstackBANK0   000A5
vfprintf@cfmt                                            cstackCOMRAM  00058
vfprintf@fmt                                             cstackBANK0   000A3
vfprintf@fp                                              cstackBANK0   000A1
write_byte@add                                           cstackCOMRAM  00004
write_byte@data                                          cstackCOMRAM  00008
write_byte_table_auto_address_increment@add              cstackCOMRAM  00021
write_byte_table_auto_address_increment@data             cstackCOMRAM  00025
write_byte_table_auto_address_increment@i                cstackCOMRAM  0002A
write_byte_table_auto_address_increment@length           cstackCOMRAM  00027
wtemp8                                                   temp          00060
xtoa@c                                                   cstackCOMRAM  00041
xtoa@d                                                   cstackCOMRAM  00020
xtoa@fp                                                  cstackCOMRAM  0001E
xtoa@i                                                   cstackCOMRAM  0003F
xtoa@n                                                   cstackCOMRAM  00037
xtoa@p                                                   cstackCOMRAM  00033
xtoa@w                                                   cstackCOMRAM  00035
xtoa@x                                                   cstackCOMRAM  00028


MODULE INFORMATION

Module		Function		Class		Link	Load	Size
C:\Program Files\Microchip\xc8\v2.40\pic\sources\c99\common\nf_fputc.c
		_fputc         		CODE           	198D4	0000	202

C:\Program Files\Microchip\xc8\v2.40\pic\sources\c99\common\nf_fputc.c estimated size: 202

C:\Program Files\Microchip\xc8\v2.40\pic\sources\c99\common\toupper.c
		_toupper       		CODE           	1B022	0000	56

C:\Program Files\Microchip\xc8\v2.40\pic\sources\c99\common\toupper.c estimated size: 56

C:\Program Files\Microchip\xc8\v2.40\pic\sources\c99\common\nf_sprintf.c
		_sprintf       		CODE           	1ABCC	0000	82

C:\Program Files\Microchip\xc8\v2.40\pic\sources\c99\common\nf_sprintf.c estimated size: 82

C:\Program Files\Microchip\xc8\v2.40\pic\sources\c99\common\lwdiv.c
		___lwdiv       		CODE           	1A86E	0000	116

C:\Program Files\Microchip\xc8\v2.40\pic\sources\c99\common\lwdiv.c estimated size: 116

C:\Program Files\Microchip\xc8\v2.40\pic\sources\c99\common\isalpha.c
		_isalpha       		CODE           	1B05A	0000	56

C:\Program Files\Microchip\xc8\v2.40\pic\sources\c99\common\isalpha.c estimated size: 56

C:\Program Files\Microchip\xc8\v2.40\pic\sources\c99\common\awdiv.c
		___awdiv       		CODE           	1999E	0000	196

C:\Program Files\Microchip\xc8\v2.40\pic\sources\c99\common\awdiv.c estimated size: 196

button.c
		_Button_EventGet		CODE           	1B0CA	0000	56
		_Button_Event_Reset		CODE           	1AC1E	0000	80
		_ButtonLeft    		CODE           	1B4BA	0000	20
		_ButtonOK      		CODE           	1B492	0000	20
		_Button_Init   		CODE           	17356	0000	450
		_ButtonRight   		CODE           	1B4CE	0000	20
		_ButtonUp      		CODE           	1B4E2	0000	20
		_Button_Update 		CODE           	15F10	0000	1056
		_ButtonDown    		CODE           	1B4A6	0000	20

button.c estimated size: 1742

C:\Program Files\Microchip\xc8\v2.40\pic\sources\c99\common\isspace.c
		_isspace       		CODE           	1AD9C	0000	70

C:\Program Files\Microchip\xc8\v2.40\pic\sources\c99\common\isspace.c estimated size: 70

settings.c
		_setupClock    		CODE           	1B570	0000	14
		_setupPWM      		CODE           	1B50A	0000	18
		_setupInterrupts		CODE           	1B5AC	0000	6
		_setupPorts    		CODE           	1B5A4	0000	8
		_setupUART     		CODE           	1B540	0000	16
		_delay_ms      		CODE           	1B102	0000	54

settings.c estimated size: 116

C:\Program Files\Microchip\xc8\v2.40\pic\sources\c99\common\atoi.c
		_atoi          		CODE           	17C78	0000	350

C:\Program Files\Microchip\xc8\v2.40\pic\sources\c99\common\atoi.c estimated size: 350

C:\Program Files\Microchip\xc8\v2.40\pic\sources\c99\common\Umul16.c
		___wmul        		CODE           	1B36C	0000	38

C:\Program Files\Microchip\xc8\v2.40\pic\sources\c99\common\Umul16.c estimated size: 38

LCD-KS0108/KS0108.c
		___GLCD_GotoX  		CODE           	1A7F8	0000	118
		___GLCD_GotoY  		CODE           	1AFE8	0000	58
		_GLCD_SelectChip		CODE           	1AF6E	0000	62
		_GLCD_BufferRead		CODE           	1B234	0000	50
		_GLCD_Render   		CODE           	1A9B2	0000	96
		_GLCD_FillRectangle		CODE           	1B418	0000	26
		_GLCD_GotoX    		CODE           	1B464	0000	24
		_GLCD_GotoY    		CODE           	1B432	0000	26
		_GLCD_WaitBusy 		CODE           	1AAC8	0000	90
		_GLCD_GotoXY   		CODE           	1B550	0000	16
		_GLCD_FillScreen		CODE           	1AEEE	0000	64
		_Pulse_En      		CODE           	1B52E	0000	18
		_GLCD_Send     		CODE           	19B24	0000	184
		_GLCD_Setup    		CODE           	1A66E	0000	136
		_GLCD_PrintString		CODE           	1A324	0000	146
		_GLCD_DrawHLine		CODE           	1AD54	0000	72
		_GLCD_DrawVLine		CODE           	1B092	0000	56
		_GLCD_SetFont  		CODE           	1A3B6	0000	144
		_GLCD_SendCommand		CODE           	1AFAC	0000	60
		_GLCD_SendData 		CODE           	1A28A	0000	154
		_GLCD_SetPixel 		CODE           	1A6F6	0000	130
		_GLCD_PrintChar		CODE           	15152	0000	1224
		_GLCD_DrawRectangle		CODE           	1A4D2	0000	140
		_GLCD_BufferWrite		CODE           	1B138	0000	52
		_GLCD_SetPixels		CODE           	165E8	0000	624
		_GLCD_Clear    		CODE           	1B392	0000	36

LCD-KS0108/KS0108.c estimated size: 3806

interrupts.c
		_ISR           		CODE           	0008	0000	90
		_Init_Timer0   		CODE           	1B4F6	0000	20

interrupts.c estimated size: 110

C:\Program Files\Microchip\xc8\v2.40\pic\sources\c99\common\__lldiv.c
		___lldiv       		CODE           	1A146	0000	164

C:\Program Files\Microchip\xc8\v2.40\pic\sources\c99\common\__lldiv.c estimated size: 164

C:\Program Files\Microchip\xc8\v2.40\pic\sources\c99\common\abs.c
		_abs           		CODE           	1AF2E	0000	64

C:\Program Files\Microchip\xc8\v2.40\pic\sources\c99\common\abs.c estimated size: 64

C:\Program Files\Microchip\xc8\v2.40\pic\sources\c99\common\printf.c
		_printf        		CODE           	1B344	0000	40

C:\Program Files\Microchip\xc8\v2.40\pic\sources\c99\common\printf.c estimated size: 40

menu_definitions.c
		_CycleDisplay  		CODE           	1AA6E	0000	90
		_InitBattParameters		CODE           	14C38	0000	1306
		_CellCount     		CODE           	18F64	0000	266
		_SetTemp       		CODE           	18D50	0000	266
		_SetDischargingCurrent_2		CODE           	18476	0000	338
		_CurrentDisplay		CODE           	1AB22	0000	86
		_CycleSet      		CODE           	18E5A	0000	266
		_ChemistryDisplay		CODE           	18AE0	0000	312
		_TempDisplay   		CODE           	1AE26	0000	68
		_batState      		CODE           	19C90	0000	176
		_MemoryDisplay 		CODE           	19D40	0000	176
		_SetMaxTime    		CODE           	185C8	0000	326
		_MinimumDischargeVoltage		CODE           	1899A	0000	326
		_Options1_Menu 		CODE           	1A09E	0000	168
		_Options2_Menu 		CODE           	19F4A	0000	172
		_Options3_Menu 		CODE           	1A5E6	0000	136
		_Options4_Menu 		CODE           	19E9E	0000	172
		_Options5_Menu 		CODE           	19730	0000	212
		_TimeDisplay   		CODE           	19386	0000	254
		_SetDischargingCurrent_1		CODE           	1906E	0000	264
		_SetDischargingCurrent_4		CODE           	181D2	0000	338
		_SetChargingCurrent_1		CODE           	19176	0000	264
		_TrickleVoltage		CODE           	1870E	0000	326
		_SetChargingCurrent_2		CODE           	1807E	0000	340
		_CapacitanceDisplay		CODE           	17518	0000	408
		_TrickleCurrent		CODE           	1927E	0000	264
		_SingleBat_Menu		CODE           	19574	0000	232
		_SetCellVotage 		CODE           	18854	0000	326
		_SetChargingCurrent_3		CODE           	17F2A	0000	340
		_VoltageDisplay		CODE           	1965C	0000	212
		_ChargerMode   		CODE           	18C18	0000	312
		_SetChargingCurrent_4		CODE           	17DD6	0000	340
		_SetDischargingCurrent_3		CODE           	18324	0000	338

menu_definitions.c estimated size: 9420

menu_navigation.c
		_Handle_Main_MenuNavigation		CODE           	17838	0000	372
		_Handle_Setting23_MenuNavigation		CODE           	1561A	0000	1150
		_switch_between_battery_types		CODE           	1460C	0000	1580
		_Menu          		CODE           	10000	0000	14450
		_Handle_Setting1_MenuNavigation		CODE           	16AA0	0000	584
		_Handle_Setting5_MenuNavigation		CODE           	16858	0000	584

menu_navigation.c estimated size: 18720

C:\Program Files\Microchip\xc8\v2.40\pic\sources\c99\common\isdigit.c
		_isdigit       		CODE           	1B2EE	0000	44

C:\Program Files\Microchip\xc8\v2.40\pic\sources\c99\common\isdigit.c estimated size: 44

MMSP.c
		_SPI_Exchange  		CODE           	1B44C	0000	24
		_setSPI_Interface		CODE           	1B51C	0000	18

MMSP.c estimated size: 42

C:\Program Files\Microchip\xc8\v2.40\pic\sources\c99\common\lbdiv.c
		___lbdiv       		CODE           	1AA12	0000	92

C:\Program Files\Microchip\xc8\v2.40\pic\sources\c99\common\lbdiv.c estimated size: 92

C:\Program Files\Microchip\xc8\v2.40\pic\sources\c99\common\nf_fputs.c
		_fputs         		CODE           	1AE6A	0000	68

C:\Program Files\Microchip\xc8\v2.40\pic\sources\c99\common\nf_fputs.c estimated size: 68

C:\Program Files\Microchip\xc8\v2.40\pic\sources\c99\common\lomod.c
		___lomod       		CODE           	19804	0000	208

C:\Program Files\Microchip\xc8\v2.40\pic\sources\c99\common\lomod.c estimated size: 208

C:\Program Files\Microchip\xc8\v2.40\pic\sources\c99\common\aomod.c
		___aomod       		CODE           	17B14	0000	356

C:\Program Files\Microchip\xc8\v2.40\pic\sources\c99\common\aomod.c estimated size: 356

shared
		TwoBatMenu@F6120		MEDIUMCONST    	C81E	0000	10
		TwoBatMenu@F6114		MEDIUMCONST    	C832	0000	10
		TwoBatMenu@F6116		MEDIUMCONST    	C828	0000	10
		TwoBatMenu@F6118		MEDIUMCONST    	C813	0000	11
		__initialization		CODE           	1A778	0000	118
		_Tekton_Pro_Ext27x28		MEDIUMCONST    	C83C	0000	10464
		_Font5x8       		MEDIUMCONST    	F9BC	0000	576
		_Tahoma11x13   		MEDIUMCONST    	F11C	0000	2208

shared estimated size: 13407

C:\Program Files\Microchip\xc8\v2.40\pic\sources\c99\common\lwmod.c
		___lwmod       		CODE           	1A94E	0000	100

C:\Program Files\Microchip\xc8\v2.40\pic\sources\c99\common\lwmod.c estimated size: 100

C:\Program Files\Microchip\xc8\v2.40\pic\sources\c99\common\llmod.c
		___llmod       		CODE           	1A55E	0000	136

C:\Program Files\Microchip\xc8\v2.40\pic\sources\c99\common\llmod.c estimated size: 136

peripherials/UART.c
		_print_tab     		CODE           	1ADE2	0000	68
		_putch         		CODE           	1B59A	0000	10
		_print_data_tab		CODE           	1AD0A	0000	74
		_UART_SendChar 		CODE           	1B47C	0000	22

peripherials/UART.c estimated size: 174

C:\Program Files\Microchip\xc8\v2.40\pic\sources\c99\common\isupper.c
		_isupper       		CODE           	1B2C2	0000	44

C:\Program Files\Microchip\xc8\v2.40\pic\sources\c99\common\isupper.c estimated size: 44

C:\Program Files\Microchip\xc8\v2.40\pic\sources\c99\common\doprnt.c
		_vfpfcnvrt     		CODE           	15A98	0000	1144
		_pad           		CODE           	19DF0	0000	174
		_dtoa          		CODE           	16330	0000	696
		_vfprintf      		CODE           	1AB78	0000	84
		_utoa          		CODE           	1715A	0000	508
		_xtoa          		CODE           	16F2A	0000	560

C:\Program Files\Microchip\xc8\v2.40\pic\sources\c99\common\doprnt.c estimated size: 3166

main.c
		_main          		CODE           	179AC	0000	360
		_init_settings_ptr		CODE           	19BDC	0000	180

main.c estimated size: 540

memory.c
		_check_current_param_offset		CODE           	1B202	0000	50
		_check_if_any_changes_in_parameters		CODE           	1B57E	0000	14
		_save_table_to_param		CODE           	1A1EA	0000	160
		_represent_value_in_binary		CODE           	1A8E2	0000	108
		_read_parameters_from_flash		CODE           	13F5C	0000	1712
		_save_parameters_to_flash		CODE           	13872	0000	1770
		_parameter_erase		CODE           	1B58C	0000	14
		_save_param_to_table		CODE           	1A446	0000	140
		_check_parameters_offset_position		CODE           	19FF6	0000	168
		_memory_and_cycle_positions		CODE           	1B16C	0000	50
		_update_wear_leveling_static_buffer		CODE           	16CE8	0000	578
		_measurment_erase		CODE           	1AC6E	0000	78

memory.c estimated size: 4842

SST25VF.c
		_chip_erase    		CODE           	1B3FA	0000	30
		_block_erase   		CODE           	1B1D0	0000	50
		_sector_erase  		CODE           	1B19E	0000	50
		_check_write_en		CODE           	1B31A	0000	42
		_read_bytes    		CODE           	1ACBC	0000	78
		_check_busy    		CODE           	1B3D8	0000	34
		_write_byte    		CODE           	1AEAE	0000	64
		_sst25vf_init_enable_write		CODE           	1B3B6	0000	34
		_write_byte_table_auto_address_increment		CODE           	19A62	0000	194

SST25VF.c estimated size: 576

C:\Program Files\Microchip\xc8\v2.40\pic\sources\c99\common\lodiv.c
		___lodiv       		CODE           	19484	0000	240

C:\Program Files\Microchip\xc8\v2.40\pic\sources\c99\common\lodiv.c estimated size: 240

C:\Program Files\Microchip\xc8\v2.40\pic\sources\c99\common\islower.c
		_islower       		CODE           	1B296	0000	44

C:\Program Files\Microchip\xc8\v2.40\pic\sources\c99\common\islower.c estimated size: 44

C:\Program Files\Microchip\xc8\v2.40\pic\sources\c99\common\aodiv.c
		___aodiv       		CODE           	176B0	0000	392

C:\Program Files\Microchip\xc8\v2.40\pic\sources\c99\common\aodiv.c estimated size: 392

