Microchip MPLAB XC8 Compiler V2.40

Linker command line:

-W9 \
  --edf=C:/Users/RaD/.mchp_packs/Microchip/PIC18F-J_DFP/1.7.159/xc8\pic\dat\20230817221043_en.msgs \
  -cn -h+dist/default/production\battery-tester.X.production.sym \
  --cmf=dist/default/production\battery-tester.X.production.cmf -z \
  -Q18F67J50 -oC:\Users\RaD\AppData\Local\Temp\xcAs7nc.4 \
  --defsym=__MPLAB_BUILD=1 --fixupoverflow=error \
  -Mdist/default/production/battery-tester.X.production.map \
  --md=C:\Users\RaD\AppData\Local\Temp\xcAs7nc.dat -E1 -ver=XC8 Compiler \
  --acfsm=1493 -ACODE=00h-01FFF7h -ACONST=00h-01FFF7h \
  -ASMALLCONST=01000h-010FFhx495,01FF00h-01FFF7h \
  -AMEDIUMCONST=01000h-0FFFFh,011000h-01FFF7h -ACOMRAM=01h-05Fh \
  -AABS1=00h-0F3Fh -ABIGRAM=01h-0F3Fh \
  -ARAM=060h-0FFh,0100h-01FFhx14,0F00h-0F3Fh -ABANK0=060h-0FFh \
  -ABANK1=0100h-01FFh -ABANK2=0200h-02FFh -ABANK3=0300h-03FFh \
  -ABANK4=0400h-04FFh -ABANK5=0500h-05FFh -ABANK6=0600h-06FFh \
  -ABANK7=0700h-07FFh -ABANK8=0800h-08FFh -ABANK9=0900h-09FFh \
  -ABANK10=0A00h-0AFFh -ABANK11=0B00h-0BFFh -ABANK12=0C00h-0CFFh \
  -ABANK13=0D00h-0DFFh -ABANK14=0E00h-0EFFh -ABANK15=0F00h-0F3Fh \
  -ASFR=0F40h-0F5Fh,0F60h-0FFFh -ABIGSFR=0F40h-0FFFh \
  -ACONFIG=01FFF8h-01FFFDh \
  -preset_vec=00h,intcode=08h,intcodelo,powerup,init -pramtop=01000h \
  -psmallconst=SMALLCONST -pmediumconst=MEDIUMCONST -pconst=CONST \
  -AFARRAM=00h-00h -pjflash_buffer=01F800h \
  -prdata=COMRAM,nvrram=COMRAM,nvbit=COMRAM,rbss=COMRAM,rbit=COMRAM \
  -pfarbss=FARRAM,fardata=FARRAM,nvFARRAM=FARRAM \
  -pintsave_regs=BIGRAM,bigbss=BIGRAM,bigdata=BIGRAM -pbss=RAM \
  -pidata=CODE,irdata=CODE,ibigdata=CODE,ifardata=CODE -prparam=COMRAM \
  C:\Users\RaD\AppData\Local\Temp\xcAs7nc.o \
  dist/default/production\battery-tester.X.production.o 

Object code version is 3.11

Machine type is 18F67J50



                Name                               Link     Load   Length Selector   Space Scale
C:\Users\RaD\AppData\Local\Temp\xcAs7nc.o
                config                            1FFF8    1FFF8        6        0       4
                init                                 62       62        4        4       0
                reset_vec                             0        0        4        0       0
dist/default/production\battery-tester.X.production.o
                intcode                               8        8       5A        4       0
                config                            1FFF8    1FFF8        6        0       4
                temp                                 5F       5F        1        1       1
                mediumconst                        C84E     C84E     37B2     6427       0
                text134                           16FA4    16FA4      1C2     8000       0
                text133                           1B09E    1B09E       18     D755       0
                text132                           1B06C    1B06C       1A     D755       0
                text131                           1B19C    1B19C       10     D8C6       0
                text130                           1B168    1B168       12     D755       0
                text129                           198F4    198F4       B8     8000       0
                text128                           1AC1A    1AC1A       3E     8000       0
                text127                           1A7C2    1A7C2       5A     8000       0
                text126                           1AC58    1AC58       3C     8000       0
                text125                           1A374    1A374       88     8000       0
                text124                           14AC8    14AC8      51A     8000       0
                text123                           1B130    1B130       14     D755       0
                text122                           1AD76    1AD76       38     8000       0
                text121                           1A918    1A918       50     8000       0
                text120                           1B11C    1B11C       14     D755       0
                text119                           1B108    1B108       14     D755       0
                text118                           1B0F4    1B0F4       14     D755       0
                text117                           1B0E0    1B0E0       14     D755       0
                text116                           1B0CC    1B0CC       14     D755       0
                text115                           1A70C    1A70C       5C     8000       0
                text114                           1A568    1A568       74     8000       0
                text113                           15DA0    15DA0      420     8000       0
                text112                           1AE4A    1AE4A       32     8000       0
                text111                           1A47E    1A47E       76     8000       0
                text110                           19F02    19F02       9A     8000       0
                text109                           1976E    1976E       C4     8000       0
                text108                           1AC94    1AC94       3A     8000       0
                text107                           1A6AC    1A6AC       60     8000       0
                text106                           1ADE4    1ADE4       34     8000       0
                text105                           1A3FC    1A3FC       82     8000       0
                text104                           1AA00    1AA00       48     8000       0
                text103                           16478    16478      270     8000       0
                text102                           1AD3E    1AD3E       38     8000       0
                text101                           1A1D8    1A1D8       8C     8000       0
                text100                           1B052    1B052       1A     D755       0
                text99                            1AFA6    1AFA6       26     D755       0
                text98                            14FE2    14FE2      4C8     8000       0
                text97                            19F9C    19F9C       92     8000       0
                text96                            1A02E    1A02E       90     8000       0
                text95                            17620    17620      174     8000       0
                text94                            16930    16930      248     8000       0
                text93                            154AA    154AA      47E     8000       0
                text92                            166E8    166E8      248     8000       0
                text91                            1AF02    1AF02       2C     D755       0
                text90                            1AA48    1AA48       46     8000       0
                text89                            178F8    178F8      15E     8000       0
                text88                            17498    17498      188     8000       0
                text87                            17794    17794      164     8000       0
                text86                            1ABDA    1ABDA       40     8000       0
                text85                            1B0B6    1B0B6       16     D755       0
                text84                            1B1D6    1B1D6        A     D8C6       0
                text83                            196A4    196A4       CA     8000       0
                text82                            1AB16    1AB16       44     8000       0
                text81                            19B10    19B10       AE     8000       0
                text80                            161C0    161C0      2B8     8000       0
                text79                            19260    19260       F0     8000       0
                text78                            195D4    195D4       D0     8000       0
                text77                            16DA8    16DA8      1FC     8000       0
                text76                            1AD06    1AD06       38     8000       0
                text75                            1AED6    1AED6       2C     D755       0
                text74                            1AEAA    1AEAA       2C     D755       0
                text73                            1ACCE    1ACCE       38     8000       0
                text72                            16B78    16B78      230     8000       0
                text71                            15928    15928      478     8000       0
                text70                            1A872    1A872       54     8000       0
                text69                            1A8C6    1A8C6       52     8000       0
                text68                            18D40    18D40      10A     8000       0
                text67                            189F4    189F4      138     8000       0
                text66                            188BC    188BC      138     8000       0
                text65                            18C36    18C36      10A     8000       0
                text64                            1AB9A    1AB9A       40     8000       0
                text63                            1AFCC    1AFCC       24     D755       0
                text62                            19D16    19D16       A8     8000       0
                text61                            1A648    1A648       64     8000       0
                text60                            18776    18776      146     8000       0
                text59                            18630    18630      146     8000       0
                text58                            1905A    1905A      108     8000       0
                text57                            184EA    184EA      146     8000       0
                text56                            19C6A    19C6A       AC     8000       0
                text55                            183A4    183A4      146     8000       0
                text54                            18B2C    18B2C      10A     8000       0
                text53                            1A2EC    1A2EC       88     8000       0
                text52                            18F52    18F52      108     8000       0
                text51                            17E5A    17E5A      154     8000       0
                text50                            18E4A    18E4A      108     8000       0
                text49                            18252    18252      152     8000       0
                text48                            19BBE    19BBE       AC     8000       0
                text47                            17D06    17D06      154     8000       0
                text46                            17BB2    17BB2      154     8000       0
                text45                            18100    18100      152     8000       0
                text44                            17FAE    17FAE      152     8000       0
                text43                            19500    19500       D4     8000       0
                text42                            17300    17300      198     8000       0
                text41                            1A81C    1A81C       56     8000       0
                text40                            1A768    1A768       5A     8000       0
                text39                            1AAD2    1AAD2       44     8000       0
                text38                            19DBE    19DBE       A4     8000       0
                text37                            1A264    1A264       88     8000       0
                text36                            19162    19162       FE     8000       0
                text35                            1942C    1942C       D4     8000       0
                text34                            19A60    19A60       B0     8000       0
                text33                            19350    19350       DC     8000       0
                text32                            1B086    1B086       18     D755       0
                text31                            1A968    1A968       4E     8000       0
                text30                            1A0BE    1A0BE       8E     8000       0
                text29                            1AF80    1AF80       26     D755       0
                text28                            1AF58    1AF58       28     D755       0
                text27                            1A9B6    1A9B6       4A     8000       0
                text26                            1A14C    1A14C       8C     8000       0
                text25                            1449C    1449C      62C     8000       0
                text24                            1B012    1B012       22     D755       0
                text23                            1AF2E    1AF2E       2A     D755       0
                text22                            1AE18    1AE18       32     8000       0
                text21                            1B1C8    1B1C8        E     D8C6       0
                text20                            1AA8E    1AA8E       44     8000       0
                text19                            1A5DC    1A5DC       6C     8000       0
                text18                            1AB5A    1AB5A       40     8000       0
                text17                            17166    17166      19A     8000       0
                text16                            19832    19832       C2     8000       0
                text15                            13704    13704      6E8     8000       0
                text14                            1B1BA    1B1BA        E     D8C6       0
                text13                            10000    10000     3704     8000       0
                text12                            1B034    1B034       1E     D755       0
                text11                            1ADAE    1ADAE       36     8000       0
                text10                            199AC    199AC       B4     8000       0
                text9                             19E62    19E62       A0     8000       0
                text8                             13DEC    13DEC      6B0     8000       0
                text7                             1B156    1B156       12     D755       0
                text6                             1B1AC    1B1AC        E     D8C6       0
                text5                             1B1E8    1B1E8        6     D8C6       0
                text4                             1B144    1B144       12     D755       0
                text3                             1B1E0    1B1E0        8     D8C6       0
                text2                             1B18C    1B18C       10     D8C6       0
                text1                             1AFF0    1AFF0       22     D755       0
                text0                             17A56    17A56      15C     8000       0
                cstackCOMRAM                          1        1       5C        1       1
                cstackBANK0                          A6       A6       2C       60       1
                cstackBANK1                         100      100       96      100       1
                cstackBANK2                         200      200       E0      200       1
                bssBIGRAM                           2E2      2E2      400      2E2       1
                bssBANK2                            2E0      2E0        2      200       1
                dataBANK1                           196      196       2D      100       1
                dataBANK0                            D2       D2       11       60       1
                bssBANK0                             60       60       46       60       1
                bssCOMRAM                            5D       5D        2        1       1
                cinit                             1A4F4    1A4F4       74     8000       0
                idataBANK1                        1AE7C    1AE7C       2D     8000       0
                idataBANK0                        1B17A    1B17A       11     D755       0

TOTAL           Name                               Link     Load   Length     Space
        CLASS   CODE           
                intcode                               8        8       5A         0
                init                                 62       62        4         0
                reset_vec                             0        0        4         0
                text134                           16FA4    16FA4      1C2         0
                text133                           1B09E    1B09E       18         0
                text132                           1B06C    1B06C       1A         0
                text131                           1B19C    1B19C       10         0
                text130                           1B168    1B168       12         0
                text129                           198F4    198F4       B8         0
                text128                           1AC1A    1AC1A       3E         0
                text127                           1A7C2    1A7C2       5A         0
                text126                           1AC58    1AC58       3C         0
                text125                           1A374    1A374       88         0
                text124                           14AC8    14AC8      51A         0
                text123                           1B130    1B130       14         0
                text122                           1AD76    1AD76       38         0
                text121                           1A918    1A918       50         0
                text120                           1B11C    1B11C       14         0
                text119                           1B108    1B108       14         0
                text118                           1B0F4    1B0F4       14         0
                text117                           1B0E0    1B0E0       14         0
                text116                           1B0CC    1B0CC       14         0
                text115                           1A70C    1A70C       5C         0
                text114                           1A568    1A568       74         0
                text113                           15DA0    15DA0      420         0
                text112                           1AE4A    1AE4A       32         0
                text111                           1A47E    1A47E       76         0
                text110                           19F02    19F02       9A         0
                text109                           1976E    1976E       C4         0
                text108                           1AC94    1AC94       3A         0
                text107                           1A6AC    1A6AC       60         0
                text106                           1ADE4    1ADE4       34         0
                text105                           1A3FC    1A3FC       82         0
                text104                           1AA00    1AA00       48         0
                text103                           16478    16478      270         0
                text102                           1AD3E    1AD3E       38         0
                text101                           1A1D8    1A1D8       8C         0
                text100                           1B052    1B052       1A         0
                text99                            1AFA6    1AFA6       26         0
                text98                            14FE2    14FE2      4C8         0
                text97                            19F9C    19F9C       92         0
                text96                            1A02E    1A02E       90         0
                text95                            17620    17620      174         0
                text94                            16930    16930      248         0
                text93                            154AA    154AA      47E         0
                text92                            166E8    166E8      248         0
                text91                            1AF02    1AF02       2C         0
                text90                            1AA48    1AA48       46         0
                text89                            178F8    178F8      15E         0
                text88                            17498    17498      188         0
                text87                            17794    17794      164         0
                text86                            1ABDA    1ABDA       40         0
                text85                            1B0B6    1B0B6       16         0
                text84                            1B1D6    1B1D6        A         0
                text83                            196A4    196A4       CA         0
                text82                            1AB16    1AB16       44         0
                text81                            19B10    19B10       AE         0
                text80                            161C0    161C0      2B8         0
                text79                            19260    19260       F0         0
                text78                            195D4    195D4       D0         0
                text77                            16DA8    16DA8      1FC         0
                text76                            1AD06    1AD06       38         0
                text75                            1AED6    1AED6       2C         0
                text74                            1AEAA    1AEAA       2C         0
                text73                            1ACCE    1ACCE       38         0
                text72                            16B78    16B78      230         0
                text71                            15928    15928      478         0
                text70                            1A872    1A872       54         0
                text69                            1A8C6    1A8C6       52         0
                text68                            18D40    18D40      10A         0
                text67                            189F4    189F4      138         0
                text66                            188BC    188BC      138         0
                text65                            18C36    18C36      10A         0
                text64                            1AB9A    1AB9A       40         0
                text63                            1AFCC    1AFCC       24         0
                text62                            19D16    19D16       A8         0
                text61                            1A648    1A648       64         0
                text60                            18776    18776      146         0
                text59                            18630    18630      146         0
                text58                            1905A    1905A      108         0
                text57                            184EA    184EA      146         0
                text56                            19C6A    19C6A       AC         0
                text55                            183A4    183A4      146         0
                text54                            18B2C    18B2C      10A         0
                text53                            1A2EC    1A2EC       88         0
                text52                            18F52    18F52      108         0
                text51                            17E5A    17E5A      154         0
                text50                            18E4A    18E4A      108         0
                text49                            18252    18252      152         0
                text48                            19BBE    19BBE       AC         0
                text47                            17D06    17D06      154         0
                text46                            17BB2    17BB2      154         0
                text45                            18100    18100      152         0
                text44                            17FAE    17FAE      152         0
                text43                            19500    19500       D4         0
                text42                            17300    17300      198         0
                text41                            1A81C    1A81C       56         0
                text40                            1A768    1A768       5A         0
                text39                            1AAD2    1AAD2       44         0
                text38                            19DBE    19DBE       A4         0
                text37                            1A264    1A264       88         0
                text36                            19162    19162       FE         0
                text35                            1942C    1942C       D4         0
                text34                            19A60    19A60       B0         0
                text33                            19350    19350       DC         0
                text32                            1B086    1B086       18         0
                text31                            1A968    1A968       4E         0
                text30                            1A0BE    1A0BE       8E         0
                text29                            1AF80    1AF80       26         0
                text28                            1AF58    1AF58       28         0
                text27                            1A9B6    1A9B6       4A         0
                text26                            1A14C    1A14C       8C         0
                text25                            1449C    1449C      62C         0
                text24                            1B012    1B012       22         0
                text23                            1AF2E    1AF2E       2A         0
                text22                            1AE18    1AE18       32         0
                text21                            1B1C8    1B1C8        E         0
                text20                            1AA8E    1AA8E       44         0
                text19                            1A5DC    1A5DC       6C         0
                text18                            1AB5A    1AB5A       40         0
                text17                            17166    17166      19A         0
                text16                            19832    19832       C2         0
                text15                            13704    13704      6E8         0
                text14                            1B1BA    1B1BA        E         0
                text13                            10000    10000     3704         0
                text12                            1B034    1B034       1E         0
                text11                            1ADAE    1ADAE       36         0
                text10                            199AC    199AC       B4         0
                text9                             19E62    19E62       A0         0
                text8                             13DEC    13DEC      6B0         0
                text7                             1B156    1B156       12         0
                text6                             1B1AC    1B1AC        E         0
                text5                             1B1E8    1B1E8        6         0
                text4                             1B144    1B144       12         0
                text3                             1B1E0    1B1E0        8         0
                text2                             1B18C    1B18C       10         0
                text1                             1AFF0    1AFF0       22         0
                text0                             17A56    17A56      15C         0
                cinit                             1A4F4    1A4F4       74         0
                idataBANK1                        1AE7C    1AE7C       2D         0
                idataBANK0                        1B17A    1B17A       11         0

        CLASS   CONST          

        CLASS   SMALLCONST     

        CLASS   MEDIUMCONST    
                mediumconst                        C84E     C84E     37B2         0

        CLASS   COMRAM         
                temp                                 5F       5F        1         1
                cstackCOMRAM                          1        1       5C         1
                bssCOMRAM                            5D       5D        2         1

        CLASS   ABS1           

        CLASS   BIGRAM         
                bssBIGRAM                           2E2      2E2      400         1

        CLASS   RAM            

        CLASS   BANK0          
                cstackBANK0                          A6       A6       2C         1
                dataBANK0                            D2       D2       11         1
                bssBANK0                             60       60       46         1

        CLASS   BANK1          
                cstackBANK1                         100      100       96         1
                dataBANK1                           196      196       2D         1

        CLASS   BANK2          
                cstackBANK2                         200      200       E0         1
                bssBANK2                            2E0      2E0        2         1

        CLASS   BANK3          

        CLASS   BANK4          

        CLASS   BANK5          

        CLASS   BANK6          

        CLASS   BANK7          

        CLASS   BANK8          

        CLASS   BANK9          

        CLASS   BANK10         

        CLASS   BANK11         

        CLASS   BANK12         

        CLASS   BANK13         

        CLASS   BANK14         

        CLASS   BANK15         

        CLASS   SFR            

        CLASS   BIGSFR         

        CLASS   CONFIG         
                config                            1FFF8    1FFF8        6         4

        CLASS   FARRAM         

        CLASS   HEAP           

        CLASS   STACK          

        CLASS   IDLOC          



SEGMENTS        Name                           Load    Length   Top    Selector   Space  Class

                reset_vec                      000000  000004  000004         0       0  CODE    
                cstackCOMRAM                   000001  00005F  000060         1       1  COMRAM  
                intcode                        000008  00005E  000066         4       0  CODE    
                bssBANK0                       000060  000083  0000E3        60       1  BANK0   
                cstackBANK1                    000100  0000C3  0001C3       100       1  BANK1   
                cstackBANK2                    000200  0000E2  0002E2       200       1  BANK2   
                bssBIGRAM                      0002E2  000400  0006E2       2E2       1  BIGRAM  
                mediumconst                    00C84E  0037B2  010000      6427       0  MEDIUMCO
                text13                         010000  00AEA9  01AEA9      8000       0  CODE    
                text74                         01AEAA  0002E1  01B18B      D755       0  CODE    
                text2                          01B18C  000062  01B1EE      D8C6       0  CODE    


UNUSED ADDRESS RANGES

        Name                Unused          Largest block    Delta
        BANK0            000E3-000FF              1D
        BANK1            001C3-001FF              3D
        BANK10           00A00-00AFF             100
        BANK11           00B00-00BFF             100
        BANK12           00C00-00CFF             100
        BANK13           00D00-00DFF             100
        BANK14           00E00-00EFF             100
        BANK15           00F00-00F3F              40
        BANK6            006E2-006FF              1E
        BANK7            00700-007FF             100
        BANK8            00800-008FF             100
        BANK9            00900-009FF             100
        BIGRAM           000E3-000FF              1D
                         001C3-001FF              3D
                         006E2-00F3F             85E
        BIGSFR           00F40-00FFF              C0
        CODE             00004-00007               4
                         00066-0C84D            C7E8
                         1AEA9-1AEA9               1
                         1B18B-1B18B               1
                         1B1EE-1FFF7            4E0A
        CONST            00004-00007               4
                         00066-0C84D            C7E8
                         1AEA9-1AEA9               1
                         1B18B-1B18B               1
                         1B1EE-1FFF7            4E0A
        MEDIUMCONST      01000-0C84D            B84E
                         1AEA9-1AEA9               1
                         1B18B-1B18B               1
                         1B1EE-1FFF7            4E0A
        RAM              000E3-000FF              1D
                         001C3-001FF              3D
                         006E2-00F3F             100
        SFR              00F40-00FFF              20
        SMALLCONST       01000-0C84D             100
                         1AEA9-1AEA9               1
                         1B18B-1B18B               1
                         1B1EE-1FFF7             100

                                  Symbol Table

?___aodiv                                                cstackCOMRAM  00001
?___aomod                                                cstackCOMRAM  00001
?___awdiv                                                cstackCOMRAM  00001
?___lldiv                                                cstackCOMRAM  0000A
?___llmod                                                cstackCOMRAM  00001
?___lodiv                                                cstackCOMRAM  00001
?___lomod                                                cstackCOMRAM  00001
?___lwdiv                                                cstackCOMRAM  00001
?___lwmod                                                cstackCOMRAM  00001
?___wmul                                                 cstackCOMRAM  00015
?_abs                                                    cstackCOMRAM  00013
?_atoi                                                   cstackCOMRAM  0001B
?_check_current_param_offset                             cstackCOMRAM  0001B
?_check_offset_position                                  cstackCOMRAM  0000A
?_isalpha                                                cstackCOMRAM  00001
?_isdigit                                                cstackCOMRAM  00001
?_islower                                                cstackCOMRAM  00001
?_isspace                                                cstackCOMRAM  00001
?_isupper                                                cstackCOMRAM  00001
?_printf                                                 cstackBANK0   000AC
?_save_table_to_param                                    cstackCOMRAM  00001
?_sprintf                                                cstackBANK0   000AC
?_toupper                                                cstackCOMRAM  00005
?_vfprintf                                               cstackBANK0   000A6
Button_EventGet@key                                      cstackCOMRAM  00003
Button_Init@i                                            cstackCOMRAM  0000F
Button_Update@key                                        cstackCOMRAM  00013
Button_Update@now_pressed                                cstackCOMRAM  00012
CapacitanceDisplay@bat_param                             cstackBANK0   000C5
CellCount@bat_param                                      cstackBANK0   000C5
CellCount@set_mode                                       cstackBANK0   000C7
ChargerMode@bat_param                                    cstackCOMRAM  00034
ChargerMode@set_mode                                     cstackCOMRAM  00036
ChemistryDisplay@bat_param                               cstackCOMRAM  00034
ChemistryDisplay@set_mode                                cstackCOMRAM  00036
CurrentDisplay@bat_param                                 cstackBANK0   000C5
CycleDisplay@bat_param                                   cstackBANK0   000C5
CycleSet@bat_param                                       cstackBANK0   000C5
CycleSet@set_mode                                        cstackBANK0   000C7
GLCD_BufferRead@X                                        cstackCOMRAM  00005
GLCD_BufferRead@Y                                        cstackCOMRAM  00001
GLCD_BufferWrite@Data                                    cstackCOMRAM  00002
GLCD_BufferWrite@X                                       cstackCOMRAM  00006
GLCD_BufferWrite@Y                                       cstackCOMRAM  00001
GLCD_DrawHLine@Color                                     cstackCOMRAM  0000F
GLCD_DrawHLine@X1                                        cstackCOMRAM  00011
GLCD_DrawHLine@X2                                        cstackCOMRAM  0000D
GLCD_DrawHLine@Y                                         cstackCOMRAM  0000E
GLCD_DrawHLine@t                                         cstackCOMRAM  00010
GLCD_DrawRectangle@Color                                 cstackCOMRAM  00024
GLCD_DrawRectangle@X1                                    cstackCOMRAM  00025
GLCD_DrawRectangle@X2                                    cstackCOMRAM  00022
GLCD_DrawRectangle@Y1                                    cstackCOMRAM  00021
GLCD_DrawRectangle@Y2                                    cstackCOMRAM  00023
GLCD_DrawVLine@Color                                     cstackCOMRAM  0001E
GLCD_DrawVLine@X                                         cstackCOMRAM  0001D
GLCD_DrawVLine@Y1                                        cstackCOMRAM  00020
GLCD_DrawVLine@Y2                                        cstackCOMRAM  0001C
GLCD_DrawVLine@t                                         cstackCOMRAM  0001F
GLCD_FillRectangle@Color                                 cstackCOMRAM  0001F
GLCD_FillRectangle@X1                                    cstackCOMRAM  00020
GLCD_FillRectangle@X2                                    cstackCOMRAM  0001D
GLCD_FillRectangle@Y1                                    cstackCOMRAM  0001C
GLCD_FillRectangle@Y2                                    cstackCOMRAM  0001E
GLCD_FillScreen@Color                                    cstackCOMRAM  00007
GLCD_FillScreen@i                                        cstackCOMRAM  00008
GLCD_FillScreen@j                                        cstackCOMRAM  00009
GLCD_GotoX@X                                             cstackCOMRAM  00001
GLCD_GotoXY@X                                            cstackCOMRAM  00003
GLCD_GotoXY@Y                                            cstackCOMRAM  00002
GLCD_GotoY@Y                                             cstackCOMRAM  00001
GLCD_PrintChar@Character                                 cstackCOMRAM  00021
GLCD_PrintChar@data                                      cstackCOMRAM  0002F
GLCD_PrintChar@data_next                                 cstackCOMRAM  00024
GLCD_PrintChar@fontRead                                  cstackCOMRAM  0002A
GLCD_PrintChar@fontStart                                 cstackCOMRAM  00026
GLCD_PrintChar@i                                         cstackCOMRAM  0002D
GLCD_PrintChar@j                                         cstackCOMRAM  0002E
GLCD_PrintChar@lines                                     cstackCOMRAM  00029
GLCD_PrintChar@overflow                                  cstackCOMRAM  0002C
GLCD_PrintChar@width                                     cstackCOMRAM  00028
GLCD_PrintChar@x                                         cstackCOMRAM  00025
GLCD_PrintChar@y                                         cstackCOMRAM  00023
GLCD_PrintChar@y2                                        cstackCOMRAM  00022
GLCD_PrintString@Text                                    cstackCOMRAM  00030
GLCD_Render@i                                            cstackCOMRAM  00016
GLCD_Render@j                                            cstackCOMRAM  00015
GLCD_SelectChip@Chip                                     cstackCOMRAM  00001
GLCD_SelectChip@off                                      cstackCOMRAM  00002
GLCD_Send@Data                                           cstackCOMRAM  00001
GLCD_SendCommand@Chip                                    cstackCOMRAM  00006
GLCD_SendCommand@Command                                 cstackCOMRAM  00007
GLCD_SendData@Chip                                       cstackCOMRAM  0000F
GLCD_SendData@Data                                       cstackCOMRAM  00014
GLCD_SetFont@Height                                      cstackCOMRAM  0000C
GLCD_SetFont@Invert                                      cstackCOMRAM  0000E
GLCD_SetFont@Mode                                        cstackCOMRAM  0000D
GLCD_SetFont@Name                                        cstackCOMRAM  00009
GLCD_SetFont@Width                                       cstackCOMRAM  0000B
GLCD_SetPixel@Color                                      cstackCOMRAM  00008
GLCD_SetPixel@X                                          cstackCOMRAM  0000B
GLCD_SetPixel@Y                                          cstackCOMRAM  00007
GLCD_SetPixel@data                                       cstackCOMRAM  0000C
GLCD_SetPixels@Color                                     cstackCOMRAM  0000A
GLCD_SetPixels@X1                                        cstackCOMRAM  00018
GLCD_SetPixels@X2                                        cstackCOMRAM  00008
GLCD_SetPixels@Y1                                        cstackCOMRAM  00007
GLCD_SetPixels@Y2                                        cstackCOMRAM  00009
GLCD_SetPixels@data                                      cstackCOMRAM  0001B
GLCD_SetPixels@h                                         cstackCOMRAM  00015
GLCD_SetPixels@height                                    cstackCOMRAM  0001A
GLCD_SetPixels@i                                         cstackCOMRAM  00017
GLCD_SetPixels@mask                                      cstackCOMRAM  00019
GLCD_SetPixels@offset                                    cstackCOMRAM  00016
GLCD_SetPixels@width                                     cstackCOMRAM  00014
GLCD_WaitBusy@Chip                                       cstackCOMRAM  00004
GLCD_WaitBusy@status                                     cstackCOMRAM  00005
Handle_Main_MenuNavigation@option                        cstackCOMRAM  00034
Handle_Setting1_MenuNavigation@option                    cstackCOMRAM  00034
Handle_Setting23_MenuNavigation@option                   cstackCOMRAM  00034
Handle_Setting5_MenuNavigation@option                    cstackCOMRAM  00034
ISR@counter_second                                       bssBANK0      0007C
InitBattParameters@bat_param                             cstackCOMRAM  00001
InitBattParameters@i                                     cstackCOMRAM  00005
Menu@bat_param                                           cstackBANK0   000CA
Menu@menu_change                                         dataBANK0     000E2
Menu@menu_init                                           bssBANK0      00083
Menu@menu_pos                                            bssBANK0      00082
Menu@menu_selection                                      bssBANK0      00084
Menu@menu_type                                           bssBANK0      00085
Menu@param_pos                                           dataBANK0     000E1
Menu@switch_param                                        bssBANK0      00081
Menu@val                                                 cstackBANK0   000D0
MinimumDischargeVoltage@bat_param                        cstackBANK0   000C5
MinimumDischargeVoltage@set_mode                         cstackBANK0   000C7
Options1_Menu@bat_param                                  cstackBANK0   000C8
Options2_Menu@bat_param                                  cstackBANK0   000C8
Options3_Menu@bat_param                                  cstackBANK0   000C8
Options4_Menu@bat_param                                  cstackBANK0   000C8
Options5_Menu@bat_param                                  cstackBANK0   000C8
SPI_Exchange@data                                        cstackCOMRAM  00001
SetCellVotage@bat_param                                  cstackBANK0   000C5
SetCellVotage@set_mode                                   cstackBANK0   000C7
SetChargingCurrent_1@bat_param                           cstackBANK0   000C5
SetChargingCurrent_1@set_mode                            cstackBANK0   000C7
SetChargingCurrent_2@bat_param                           cstackBANK0   000C5
SetChargingCurrent_2@set_mode                            cstackBANK0   000C7
SetChargingCurrent_3@bat_param                           cstackBANK0   000C5
SetChargingCurrent_3@set_mode                            cstackBANK0   000C7
SetChargingCurrent_4@bat_param                           cstackBANK0   000C5
SetChargingCurrent_4@set_mode                            cstackBANK0   000C7
SetDischargingCurrent_1@bat_param                        cstackBANK0   000C5
SetDischargingCurrent_1@set_mode                         cstackBANK0   000C7
SetDischargingCurrent_2@bat_param                        cstackBANK0   000C5
SetDischargingCurrent_2@set_mode                         cstackBANK0   000C7
SetDischargingCurrent_3@bat_param                        cstackBANK0   000C5
SetDischargingCurrent_3@set_mode                         cstackBANK0   000C7
SetDischargingCurrent_4@bat_param                        cstackBANK0   000C5
SetDischargingCurrent_4@set_mode                         cstackBANK0   000C7
SetMaxTime@bat_param                                     cstackBANK0   000C5
SetMaxTime@set_mode                                      cstackBANK0   000C7
SetTemp@bat_param                                        cstackBANK0   000C5
SetTemp@set_mode                                         cstackBANK0   000C7
SingleBat_Menu@bat_param                                 cstackBANK0   000C7
TempDisplay@bat_param                                    cstackBANK0   000C5
TimeDisplay@bat_param                                    cstackBANK0   000C5
TrickleCurrent@bat_param                                 cstackBANK0   000C5
TrickleCurrent@set_mode                                  cstackBANK0   000C7
TrickleVoltage@bat_param                                 cstackBANK0   000C5
TrickleVoltage@set_mode                                  cstackBANK0   000C7
TwoBatMenu@F6107                                         mediumconst   0C86E
TwoBatMenu@F6109                                         mediumconst   0C864
TwoBatMenu@F6111                                         mediumconst   0C84F
TwoBatMenu@F6113                                         mediumconst   0C85A
UART_SendChar@data                                       cstackCOMRAM  00001
VoltageDisplay@bat_param                                 cstackBANK0   000C5
_ButtonDown                                              text117       1B0E0
_ButtonLeft                                              text118       1B0F4
_ButtonOK                                                text116       1B0CC
_ButtonRight                                             text119       1B108
_ButtonUp                                                text120       1B11C
_Button_EventGet                                         text122       1AD76
_Button_Event_Reset                                      text121       1A918
_Button_Init                                             text134       16FA4
_Button_Init$1963                                        cstackCOMRAM  00007
_Button_Init$1964                                        cstackCOMRAM  00009
_Button_Init$1965                                        cstackCOMRAM  0000B
_Button_Init$1975                                        cstackCOMRAM  0000D
_Button_Update                                           text113       15DA0
_CCP3CONbits                                             (abs)         00FB1
_CCPR3L                                                  (abs)         00FB2
_CapacitanceDisplay                                      text42        17300
_CellCount                                               text68        18D40
_ChargerMode                                             text67        189F4
_ChemistryDisplay                                        text66        188BC
_CurrentDisplay                                          text41        1A81C
_CycleDisplay                                            text40        1A768
_CycleSet                                                text65        18C36
_Font5x8                                                 mediumconst   0F9F8
_GLCD_BufferRead                                         text112       1AE4A
_GLCD_BufferWrite                                        text106       1ADE4
_GLCD_Clear                                              text63        1AFCC
_GLCD_Clear$173                                          cstackCOMRAM  0000A
_GLCD_DrawHLine                                          text104       1AA00
_GLCD_DrawRectangle                                      text101       1A1D8
_GLCD_DrawVLine                                          text102       1AD3E
_GLCD_FillRectangle                                      text100       1B052
_GLCD_FillScreen                                         text64        1AB9A
_GLCD_GotoX                                              text133       1B09E
_GLCD_GotoXY                                             text131       1B19C
_GLCD_GotoY                                              text132       1B06C
_GLCD_PrintChar                                          text98        14FE2
_GLCD_PrintString                                        text97        19F9C
_GLCD_Render                                             text107       1A6AC
_GLCD_SelectChip                                         text128       1AC1A
_GLCD_Send                                               text129       198F4
_GLCD_SendCommand                                        text126       1AC58
_GLCD_SendData                                           text110       19F02
_GLCD_SendData$160                                       cstackCOMRAM  00012
_GLCD_SetFont                                            text96        1A02E
_GLCD_SetPixel                                           text105       1A3FC
_GLCD_SetPixels                                          text103       16478
_GLCD_SetPixels$210                                      cstackCOMRAM  00010
_GLCD_SetPixels$211                                      cstackCOMRAM  00012
_GLCD_Setup                                              text125       1A374
_GLCD_WaitBusy                                           text127       1A7C2
_Handle_Main_MenuNavigation                              text95        17620
_Handle_Setting1_MenuNavigation                          text94        16930
_Handle_Setting23_MenuNavigation                         text93        154AA
_Handle_Setting5_MenuNavigation                          text92        166E8
_INTCONbits                                              (abs)         00FF2
_ISR                                                     intcode       00008
_InitBattParameters                                      text124       14AC8
_Init_Timer0                                             text123       1B130
_LATAbits                                                (abs)         00F89
_LATD                                                    (abs)         00F8C
_LATE                                                    (abs)         00F8D
_LATFbits                                                (abs)         00F8E
_Menu                                                    text13        10000
_MinimumDischargeVoltage                                 text60        18776
_OSCCONbits                                              (abs)         00FD3
_OSCTUNEbits                                             (abs)         00F9B
_Options1_Menu                                           text62        19D16
_Options2_Menu                                           text56        19C6A
_Options3_Menu                                           text53        1A2EC
_Options4_Menu                                           text48        19BBE
_Options5_Menu                                           text43        19500
_PORTC                                                   (abs)         00F82
_PORTE                                                   (abs)         00F84
_PORTG                                                   (abs)         00F86
_PR2                                                     (abs)         00FCB
_Pulse_En                                                text130       1B168
_RCSTA2bits                                              (abs)         00F9C
_SPBRG2                                                  (abs)         00FAB
_SPI_Exchange                                            text32        1B086
_SSP1BUF                                                 (abs)         00FC9
_SSP1CON1bits                                            (abs)         00FC6
_SSP1STATbits                                            (abs)         00FC7
_SetCellVotage                                           text59        18630
_SetChargingCurrent_1                                    text52        18F52
_SetChargingCurrent_2                                    text51        17E5A
_SetChargingCurrent_3                                    text47        17D06
_SetChargingCurrent_4                                    text46        17BB2
_SetDischargingCurrent_1                                 text50        18E4A
_SetDischargingCurrent_2                                 text49        18252
_SetDischargingCurrent_3                                 text45        18100
_SetDischargingCurrent_4                                 text44        17FAE
_SetMaxTime                                              text55        183A4
_SetTemp                                                 text54        18B2C
_SingleBat_Menu                                          text33        19350
_T0CONbits                                               (abs)         00FD5
_T2CONbits                                               (abs)         00FCA
_TMR0                                                    (abs)         00FD6
_TRISAbits                                               (abs)         00F92
_TRISC                                                   (abs)         00F94
_TRISCbits                                               (abs)         00F94
_TRISD                                                   (abs)         00F95
_TRISDbits                                               (abs)         00F95
_TRISE                                                   (abs)         00F96
_TRISFbits                                               (abs)         00F97
_TRISG                                                   (abs)         00F98
_TRISGbits                                               (abs)         00F98
_TXREG2                                                  (abs)         00FA9
_TXSTA2bits                                              (abs)         00FA8
_Tahoma11x13                                             mediumconst   0F158
_Tekton_Pro_Ext27x28                                     mediumconst   0C878
_TempDisplay                                             text39        1AAD2
_TimeDisplay                                             text36        19162
_TrickleCurrent                                          text58        1905A
_TrickleVoltage                                          text57        184EA
_UART_SendChar                                           text85        1B0B6
_VoltageDisplay                                          text35        1942C
__HRAM                                                   (abs)         00000
__Habs1                                                  abs1          00000
__Hbank0                                                 bank0         00000
__Hbank1                                                 bank1         00000
__Hbank10                                                bank10        00000
__Hbank11                                                bank11        00000
__Hbank12                                                bank12        00000
__Hbank13                                                bank13        00000
__Hbank14                                                bank14        00000
__Hbank15                                                bank15        00000
__Hbank2                                                 bank2         00000
__Hbank3                                                 bank3         00000
__Hbank4                                                 bank4         00000
__Hbank5                                                 bank5         00000
__Hbank6                                                 bank6         00000
__Hbank7                                                 bank7         00000
__Hbank8                                                 bank8         00000
__Hbank9                                                 bank9         00000
__Hbigbss                                                bigbss        00000
__Hbigdata                                               bigdata       00000
__Hbigram                                                bigram        00000
__Hbigsfr                                                bigsfr        00000
__Hbss                                                   bss           00000
__HbssBANK0                                              bssBANK0      00000
__HbssBANK2                                              bssBANK2      00000
__HbssBIGRAM                                             bssBIGRAM     00000
__HbssCOMRAM                                             bssCOMRAM     00000
__Hcinit                                                 cinit         00000
__Hclrtext                                               clrtext       00000
__Hcomram                                                comram        00000
__Hconfig                                                config        1FFFE
__Hconst                                                 const         00000
__HcstackBANK0                                           cstackBANK0   00000
__HcstackBANK1                                           cstackBANK1   00000
__HcstackBANK2                                           cstackBANK2   00000
__HcstackCOMRAM                                          cstackCOMRAM  00000
__Hdata                                                  data          00000
__HdataBANK0                                             dataBANK0     00000
__HdataBANK1                                             dataBANK1     00000
__Hfarbss                                                farbss        00000
__Hfardata                                               fardata       00000
__Hheap                                                  heap          00000
__Hibigdata                                              ibigdata      00000
__Hidata                                                 idata         00000
__HidataBANK0                                            idataBANK0    00000
__HidataBANK1                                            idataBANK1    00000
__Hidloc                                                 idloc         00000
__Hifardata                                              ifardata      00000
__Hinit                                                  init          00066
__Hintcode                                               intcode       00062
__Hintcode_body                                          intcode_body  00000
__Hintcodelo                                             intcodelo     00062
__Hintentry                                              intentry      00000
__Hintret                                                intret        00000
__Hintsave_regs                                          intsave_regs  00000
__Hirdata                                                irdata        00000
__Hjflash_buffer                                         jflash_buffer 1F800
__Hmediumconst                                           mediumconst   10000
__HnvFARRAM                                              nvFARRAM      00000
__Hnvbit                                                 nvbit         00000
__Hnvrram                                                nvrram        00000
__Hparam                                                 rparam        00000
__Hpowerup                                               powerup       00062
__Hram                                                   ram           00000
__Hramtop                                                ramtop        01000
__Hrbit                                                  rbit          00000
__Hrbss                                                  rbss          00000
__Hrdata                                                 rdata         00000
__Hreset_vec                                             reset_vec     00004
__Hrparam                                                rparam        00000
__Hsfr                                                   sfr           00000
__Hsmallconst                                            smallconst    00000
__Hspace_0                                               (abs)         1F800
__Hspace_1                                               (abs)         006E2
__Hspace_2                                               (abs)         00000
__Hspace_4                                               (abs)         3FFF6
__Hstack                                                 stack         00000
__Hstruct                                                struct        00000
__Htemp                                                  temp          00060
__Htext                                                  text          00000
__Htext0                                                 text0         00000
__Htext1                                                 text1         00000
__Htext10                                                text10        00000
__Htext100                                               text100       00000
__Htext101                                               text101       00000
__Htext102                                               text102       00000
__Htext103                                               text103       00000
__Htext104                                               text104       00000
__Htext105                                               text105       00000
__Htext106                                               text106       00000
__Htext107                                               text107       00000
__Htext108                                               text108       00000
__Htext109                                               text109       00000
__Htext11                                                text11        00000
__Htext110                                               text110       00000
__Htext111                                               text111       00000
__Htext112                                               text112       00000
__Htext113                                               text113       00000
__Htext114                                               text114       00000
__Htext115                                               text115       00000
__Htext116                                               text116       00000
__Htext117                                               text117       00000
__Htext118                                               text118       00000
__Htext119                                               text119       00000
__Htext12                                                text12        00000
__Htext120                                               text120       00000
__Htext121                                               text121       00000
__Htext122                                               text122       00000
__Htext123                                               text123       00000
__Htext124                                               text124       00000
__Htext125                                               text125       00000
__Htext126                                               text126       00000
__Htext127                                               text127       00000
__Htext128                                               text128       00000
__Htext129                                               text129       00000
__Htext13                                                text13        00000
__Htext130                                               text130       00000
__Htext131                                               text131       00000
__Htext132                                               text132       00000
__Htext133                                               text133       00000
__Htext134                                               text134       00000
__Htext14                                                text14        00000
__Htext15                                                text15        00000
__Htext16                                                text16        00000
__Htext17                                                text17        00000
__Htext18                                                text18        00000
__Htext19                                                text19        00000
__Htext2                                                 text2         00000
__Htext20                                                text20        00000
__Htext21                                                text21        00000
__Htext22                                                text22        00000
__Htext23                                                text23        00000
__Htext24                                                text24        00000
__Htext25                                                text25        00000
__Htext26                                                text26        00000
__Htext27                                                text27        00000
__Htext28                                                text28        00000
__Htext29                                                text29        00000
__Htext3                                                 text3         00000
__Htext30                                                text30        00000
__Htext31                                                text31        00000
__Htext32                                                text32        00000
__Htext33                                                text33        00000
__Htext34                                                text34        00000
__Htext35                                                text35        00000
__Htext36                                                text36        00000
__Htext37                                                text37        00000
__Htext38                                                text38        00000
__Htext39                                                text39        00000
__Htext4                                                 text4         00000
__Htext40                                                text40        00000
__Htext41                                                text41        00000
__Htext42                                                text42        00000
__Htext43                                                text43        00000
__Htext44                                                text44        00000
__Htext45                                                text45        00000
__Htext46                                                text46        00000
__Htext47                                                text47        00000
__Htext48                                                text48        00000
__Htext49                                                text49        00000
__Htext5                                                 text5         00000
__Htext50                                                text50        00000
__Htext51                                                text51        00000
__Htext52                                                text52        00000
__Htext53                                                text53        00000
__Htext54                                                text54        00000
__Htext55                                                text55        00000
__Htext56                                                text56        00000
__Htext57                                                text57        00000
__Htext58                                                text58        00000
__Htext59                                                text59        00000
__Htext6                                                 text6         00000
__Htext60                                                text60        00000
__Htext61                                                text61        00000
__Htext62                                                text62        00000
__Htext63                                                text63        00000
__Htext64                                                text64        00000
__Htext65                                                text65        00000
__Htext66                                                text66        00000
__Htext67                                                text67        00000
__Htext68                                                text68        00000
__Htext69                                                text69        00000
__Htext7                                                 text7         00000
__Htext70                                                text70        00000
__Htext71                                                text71        00000
__Htext72                                                text72        00000
__Htext73                                                text73        00000
__Htext74                                                text74        00000
__Htext75                                                text75        00000
__Htext76                                                text76        00000
__Htext77                                                text77        00000
__Htext78                                                text78        00000
__Htext79                                                text79        00000
__Htext8                                                 text8         00000
__Htext80                                                text80        00000
__Htext81                                                text81        00000
__Htext82                                                text82        00000
__Htext83                                                text83        00000
__Htext84                                                text84        00000
__Htext85                                                text85        00000
__Htext86                                                text86        00000
__Htext87                                                text87        00000
__Htext88                                                text88        00000
__Htext89                                                text89        00000
__Htext9                                                 text9         00000
__Htext90                                                text90        00000
__Htext91                                                text91        00000
__Htext92                                                text92        00000
__Htext93                                                text93        00000
__Htext94                                                text94        00000
__Htext95                                                text95        00000
__Htext96                                                text96        00000
__Htext97                                                text97        00000
__Htext98                                                text98        00000
__Htext99                                                text99        00000
__LRAM                                                   (abs)         00001
__Labs1                                                  abs1          00000
__Lbank0                                                 bank0         00000
__Lbank1                                                 bank1         00000
__Lbank10                                                bank10        00000
__Lbank11                                                bank11        00000
__Lbank12                                                bank12        00000
__Lbank13                                                bank13        00000
__Lbank14                                                bank14        00000
__Lbank15                                                bank15        00000
__Lbank2                                                 bank2         00000
__Lbank3                                                 bank3         00000
__Lbank4                                                 bank4         00000
__Lbank5                                                 bank5         00000
__Lbank6                                                 bank6         00000
__Lbank7                                                 bank7         00000
__Lbank8                                                 bank8         00000
__Lbank9                                                 bank9         00000
__Lbigbss                                                bigbss        00000
__Lbigdata                                               bigdata       00000
__Lbigram                                                bigram        00000
__Lbigsfr                                                bigsfr        00000
__Lbss                                                   bss           00000
__LbssBANK0                                              bssBANK0      00000
__LbssBANK2                                              bssBANK2      00000
__LbssBIGRAM                                             bssBIGRAM     00000
__LbssCOMRAM                                             bssCOMRAM     00000
__Lcinit                                                 cinit         00000
__Lclrtext                                               clrtext       00000
__Lcomram                                                comram        00000
__Lconfig                                                config        00000
__Lconst                                                 const         00000
__LcstackBANK0                                           cstackBANK0   00000
__LcstackBANK1                                           cstackBANK1   00000
__LcstackBANK2                                           cstackBANK2   00000
__LcstackCOMRAM                                          cstackCOMRAM  00000
__Ldata                                                  data          00000
__LdataBANK0                                             dataBANK0     00000
__LdataBANK1                                             dataBANK1     00000
__Lfarbss                                                farbss        00000
__Lfardata                                               fardata       00000
__Lheap                                                  heap          00000
__Libigdata                                              ibigdata      00000
__Lidata                                                 idata         00000
__LidataBANK0                                            idataBANK0    00000
__LidataBANK1                                            idataBANK1    00000
__Lidloc                                                 idloc         00000
__Lifardata                                              ifardata      00000
__Linit                                                  init          00062
__Lintcode                                               intcode       00008
__Lintcode_body                                          intcode_body  00000
__Lintcodelo                                             intcodelo     00062
__Lintentry                                              intentry      00000
__Lintret                                                intret        00000
__Lintsave_regs                                          intsave_regs  00000
__Lirdata                                                irdata        00000
__Ljflash_buffer                                         jflash_buffer 1F800
__Lmediumconst                                           mediumconst   0C84E
__LnvFARRAM                                              nvFARRAM      00000
__Lnvbit                                                 nvbit         00000
__Lnvrram                                                nvrram        00000
__Lparam                                                 rparam        00000
__Lpowerup                                               powerup       00062
__Lram                                                   ram           00000
__Lramtop                                                ramtop        01000
__Lrbit                                                  rbit          00000
__Lrbss                                                  rbss          00000
__Lrdata                                                 rdata         00000
__Lreset_vec                                             reset_vec     00000
__Lrparam                                                rparam        00000
__Lsfr                                                   sfr           00000
__Lsmallconst                                            smallconst    00000
__Lspace_0                                               (abs)         00000
__Lspace_1                                               (abs)         00000
__Lspace_2                                               (abs)         00000
__Lspace_4                                               (abs)         00000
__Lstack                                                 stack         00000
__Lstruct                                                struct        00000
__Ltemp                                                  temp          0005F
__Ltext                                                  text          00000
__Ltext0                                                 text0         00000
__Ltext1                                                 text1         00000
__Ltext10                                                text10        00000
__Ltext100                                               text100       00000
__Ltext101                                               text101       00000
__Ltext102                                               text102       00000
__Ltext103                                               text103       00000
__Ltext104                                               text104       00000
__Ltext105                                               text105       00000
__Ltext106                                               text106       00000
__Ltext107                                               text107       00000
__Ltext108                                               text108       00000
__Ltext109                                               text109       00000
__Ltext11                                                text11        00000
__Ltext110                                               text110       00000
__Ltext111                                               text111       00000
[...]
init_settings_ptr@bat_param                              cstackCOMRAM  00001
int$flags                                                temp          0005F
intlevel0                                                text          00000
intlevel1                                                text          00000
intlevel2                                                text          00000
intlevel3                                                text          00000
isa$std                                                  (abs)         00001
isa$xinst                                                (abs)         00000
isalpha@c                                                cstackCOMRAM  00001
isdigit@c                                                cstackCOMRAM  00001
islower@c                                                cstackCOMRAM  00001
isspace@c                                                cstackCOMRAM  00001
isupper@c                                                cstackCOMRAM  00001
main@bat_param                                           cstackBANK2   00281
main@liion_settings                                      cstackBANK2   00256
main@nimh_settings                                       cstackBANK2   00200
main@pb_settings                                         cstackBANK2   0022B
pad@buf                                                  cstackCOMRAM  00015
pad@fp                                                   cstackCOMRAM  00013
pad@i                                                    cstackCOMRAM  0001A
pad@p                                                    cstackCOMRAM  00017
pad@w                                                    cstackCOMRAM  0001C
print_data_tab@i                                         cstackBANK0   000B7
print_data_tab@lenght                                    cstackBANK0   000B6
print_data_tab@tab                                       cstackBANK0   000B4
print_tab@i                                              cstackBANK0   000B7
print_tab@lenght                                         cstackBANK0   000B6
print_tab@tab                                            cstackBANK0   000B4
printf@ap                                                cstackCOMRAM  0005A
printf@fmt                                               cstackBANK0   000AC
putch@txData                                             cstackCOMRAM  00002
read_bytes@add                                           cstackCOMRAM  00002
read_bytes@data                                          cstackCOMRAM  00006
read_bytes@i                                             cstackCOMRAM  00009
read_bytes@lenght                                        cstackCOMRAM  00008
read_parameters_from_flash@bat_param                     cstackBANK0   000B8
read_parameters_from_flash@i                             cstackBANK1   00194
read_parameters_from_flash@param_tab                     cstackBANK1   00100
read_parameters_from_flash@parameter_position            cstackBANK1   00195
represent_value_in_binary@j                              cstackBANK0   000B7
represent_value_in_binary@value                          cstackBANK0   000B6
save_param_to_table@data                                 cstackCOMRAM  00001
save_param_to_table@j                                    cstackCOMRAM  0000F
save_param_to_table@length                               cstackCOMRAM  00003
save_param_to_table@param_tab                            cstackCOMRAM  00006
save_param_to_table@parameter_position                   cstackCOMRAM  00004
save_parameters_to_flash@bat_param                       cstackBANK0   000C1
save_parameters_to_flash@i                               cstackBANK1   00190
save_parameters_to_flash@param_tab                       cstackBANK1   00100
save_parameters_to_flash@parameter_position              cstackBANK1   00191
save_table_to_param@data                                 cstackCOMRAM  0000C
save_table_to_param@j                                    cstackCOMRAM  0000F
save_table_to_param@length                               cstackCOMRAM  0000E
save_table_to_param@param_tab                            cstackCOMRAM  00003
save_table_to_param@parameter_position                   cstackCOMRAM  00001
sector_erase@add                                         cstackCOMRAM  00004
sprintf@ap                                               cstackBANK0   000B8
sprintf@f                                                cstackBANK0   000BA
sprintf@fmt                                              cstackBANK0   000AE
sprintf@s                                                cstackBANK0   000AC
stackhi                                                  (abs)         00000
stacklo                                                  (abs)         00000
start                                                    init          00062
start_initialization                                     cinit         1A4F4
switch_between_battery_types@bat_param                   cstackCOMRAM  00001
switch_between_battery_types@init                        cstackCOMRAM  00003
toupper@c                                                cstackCOMRAM  00005
ttemp5                                                   temp          00060
ttemp6                                                   temp          00063
ttemp7                                                   temp          00067
update_wear_leveling_static_buffer@current_param_address cstackBANK0   000BB
update_wear_leveling_static_buffer@i                     cstackBANK0   000C0
update_wear_leveling_static_buffer@j                     cstackBANK0   000BF
utoa@d                                                   cstackCOMRAM  00020
utoa@fp                                                  cstackCOMRAM  0001E
utoa@i                                                   cstackCOMRAM  0003C
utoa@n                                                   cstackCOMRAM  00034
utoa@p                                                   cstackCOMRAM  00030
utoa@w                                                   cstackCOMRAM  00032
vfpfcnvrt@ap                                             cstackCOMRAM  00046
vfpfcnvrt@convarg                                        cstackCOMRAM  0004E
vfpfcnvrt@cp                                             cstackCOMRAM  00056
vfpfcnvrt@done                                           cstackCOMRAM  0004C
vfpfcnvrt@fmt                                            cstackCOMRAM  00044
vfpfcnvrt@fp                                             cstackCOMRAM  00042
vfprintf@ap                                              cstackBANK0   000AA
vfprintf@cfmt                                            cstackCOMRAM  00058
vfprintf@fmt                                             cstackBANK0   000A8
vfprintf@fp                                              cstackBANK0   000A6
write_byte@add                                           cstackCOMRAM  00004
write_byte@data                                          cstackCOMRAM  00008
write_byte_table_auto_address_increment@add              cstackCOMRAM  0001D
write_byte_table_auto_address_increment@data             cstackCOMRAM  00021
write_byte_table_auto_address_increment@i                cstackCOMRAM  00026
write_byte_table_auto_address_increment@length           cstackCOMRAM  00023
wtemp8                                                   temp          00060
xtoa@c                                                   cstackCOMRAM  00041
xtoa@d                                                   cstackCOMRAM  00020
xtoa@fp                                                  cstackCOMRAM  0001E
xtoa@i                                                   cstackCOMRAM  0003F
xtoa@n                                                   cstackCOMRAM  00037
xtoa@p                                                   cstackCOMRAM  00033
xtoa@w                                                   cstackCOMRAM  00035
xtoa@x                                                   cstackCOMRAM  00028


MODULE INFORMATION

Module		Function		Class		Link	Load	Size
C:\Program Files\Microchip\xc8\v2.40\pic\sources\c99\common\nf_fputc.c
		_fputc         		CODE           	196A4	0000	202

C:\Program Files\Microchip\xc8\v2.40\pic\sources\c99\common\nf_fputc.c estimated size: 202

C:\Program Files\Microchip\xc8\v2.40\pic\sources\c99\common\toupper.c
		_toupper       		CODE           	1ACCE	0000	56

C:\Program Files\Microchip\xc8\v2.40\pic\sources\c99\common\toupper.c estimated size: 56

C:\Program Files\Microchip\xc8\v2.40\pic\sources\c99\common\nf_sprintf.c
		_sprintf       		CODE           	1A8C6	0000	82

C:\Program Files\Microchip\xc8\v2.40\pic\sources\c99\common\nf_sprintf.c estimated size: 82

C:\Program Files\Microchip\xc8\v2.40\pic\sources\c99\common\lwdiv.c
		___lwdiv       		CODE           	1A568	0000	116

C:\Program Files\Microchip\xc8\v2.40\pic\sources\c99\common\lwdiv.c estimated size: 116

C:\Program Files\Microchip\xc8\v2.40\pic\sources\c99\common\isalpha.c
		_isalpha       		CODE           	1AD06	0000	56

C:\Program Files\Microchip\xc8\v2.40\pic\sources\c99\common\isalpha.c estimated size: 56

C:\Program Files\Microchip\xc8\v2.40\pic\sources\c99\common\awdiv.c
		___awdiv       		CODE           	1976E	0000	196

C:\Program Files\Microchip\xc8\v2.40\pic\sources\c99\common\awdiv.c estimated size: 196

button.c
		_Button_EventGet		CODE           	1AD76	0000	56
		_Button_Event_Reset		CODE           	1A918	0000	80
		_ButtonLeft    		CODE           	1B0F4	0000	20
		_ButtonOK      		CODE           	1B0CC	0000	20
		_Button_Init   		CODE           	16FA4	0000	450
		_ButtonRight   		CODE           	1B108	0000	20
		_ButtonUp      		CODE           	1B11C	0000	20
		_Button_Update 		CODE           	15DA0	0000	1056
		_ButtonDown    		CODE           	1B0E0	0000	20

button.c estimated size: 1742

C:\Program Files\Microchip\xc8\v2.40\pic\sources\c99\common\isspace.c
		_isspace       		CODE           	1AA48	0000	70

C:\Program Files\Microchip\xc8\v2.40\pic\sources\c99\common\isspace.c estimated size: 70

settings.c
		_setupClock    		CODE           	1B1AC	0000	14
		_setupPWM      		CODE           	1B144	0000	18
		_setupInterrupts		CODE           	1B1E8	0000	6
		_setupPorts    		CODE           	1B1E0	0000	8
		_setupUART     		CODE           	1B18C	0000	16
		_delay_ms      		CODE           	1ADAE	0000	54

settings.c estimated size: 116

C:\Program Files\Microchip\xc8\v2.40\pic\sources\c99\common\atoi.c
		_atoi          		CODE           	178F8	0000	350

C:\Program Files\Microchip\xc8\v2.40\pic\sources\c99\common\atoi.c estimated size: 350

C:\Program Files\Microchip\xc8\v2.40\pic\sources\c99\common\Umul16.c
		___wmul        		CODE           	1AFA6	0000	38

C:\Program Files\Microchip\xc8\v2.40\pic\sources\c99\common\Umul16.c estimated size: 38

LCD-KS0108/KS0108.c
		___GLCD_GotoX  		CODE           	1A47E	0000	118
		___GLCD_GotoY  		CODE           	1AC94	0000	58
		_GLCD_SelectChip		CODE           	1AC1A	0000	62
		_GLCD_BufferRead		CODE           	1AE4A	0000	50
		_GLCD_Render   		CODE           	1A6AC	0000	96
		_GLCD_FillRectangle		CODE           	1B052	0000	26
		_GLCD_GotoX    		CODE           	1B09E	0000	24
		_GLCD_GotoY    		CODE           	1B06C	0000	26
		_GLCD_WaitBusy 		CODE           	1A7C2	0000	90
		_GLCD_GotoXY   		CODE           	1B19C	0000	16
		_GLCD_FillScreen		CODE           	1AB9A	0000	64
		_Pulse_En      		CODE           	1B168	0000	18
		_GLCD_Send     		CODE           	198F4	0000	184
		_GLCD_Setup    		CODE           	1A374	0000	136
		_GLCD_PrintString		CODE           	19F9C	0000	146
		_GLCD_DrawHLine		CODE           	1AA00	0000	72
		_GLCD_DrawVLine		CODE           	1AD3E	0000	56
		_GLCD_SetFont  		CODE           	1A02E	0000	144
		_GLCD_SendCommand		CODE           	1AC58	0000	60
		_GLCD_SendData 		CODE           	19F02	0000	154
		_GLCD_SetPixel 		CODE           	1A3FC	0000	130
		_GLCD_PrintChar		CODE           	14FE2	0000	1224
		_GLCD_DrawRectangle		CODE           	1A1D8	0000	140
		_GLCD_BufferWrite		CODE           	1ADE4	0000	52
		_GLCD_SetPixels		CODE           	16478	0000	624
		_GLCD_Clear    		CODE           	1AFCC	0000	36

LCD-KS0108/KS0108.c estimated size: 3806

interrupts.c
		_ISR           		CODE           	0008	0000	90
		_Init_Timer0   		CODE           	1B130	0000	20

interrupts.c estimated size: 110

C:\Program Files\Microchip\xc8\v2.40\pic\sources\c99\common\__lldiv.c
		___lldiv       		CODE           	19DBE	0000	164

C:\Program Files\Microchip\xc8\v2.40\pic\sources\c99\common\__lldiv.c estimated size: 164

C:\Program Files\Microchip\xc8\v2.40\pic\sources\c99\common\abs.c
		_abs           		CODE           	1ABDA	0000	64

C:\Program Files\Microchip\xc8\v2.40\pic\sources\c99\common\abs.c estimated size: 64

C:\Program Files\Microchip\xc8\v2.40\pic\sources\c99\common\printf.c
		_printf        		CODE           	1AF58	0000	40

C:\Program Files\Microchip\xc8\v2.40\pic\sources\c99\common\printf.c estimated size: 40

menu_definitions.c
		_CycleDisplay  		CODE           	1A768	0000	90
		_InitBattParameters		CODE           	14AC8	0000	1306
		_CellCount     		CODE           	18D40	0000	266
		_SetTemp       		CODE           	18B2C	0000	266
		_SetDischargingCurrent_2		CODE           	18252	0000	338
		_CurrentDisplay		CODE           	1A81C	0000	86
		_CycleSet      		CODE           	18C36	0000	266
		_ChemistryDisplay		CODE           	188BC	0000	312
		_TempDisplay   		CODE           	1AAD2	0000	68
		_batState      		CODE           	19A60	0000	176
		_SetMaxTime    		CODE           	183A4	0000	326
		_MinimumDischargeVoltage		CODE           	18776	0000	326
		_Options1_Menu 		CODE           	19D16	0000	168
		_Options2_Menu 		CODE           	19C6A	0000	172
		_Options3_Menu 		CODE           	1A2EC	0000	136
		_Options4_Menu 		CODE           	19BBE	0000	172
		_Options5_Menu 		CODE           	19500	0000	212
		_TimeDisplay   		CODE           	19162	0000	254
		_SetDischargingCurrent_1		CODE           	18E4A	0000	264
		_SetDischargingCurrent_4		CODE           	17FAE	0000	338
		_SetChargingCurrent_1		CODE           	18F52	0000	264
		_TrickleVoltage		CODE           	184EA	0000	326
		_SetChargingCurrent_2		CODE           	17E5A	0000	340
		_CapacitanceDisplay		CODE           	17300	0000	408
		_TrickleCurrent		CODE           	1905A	0000	264
		_SingleBat_Menu		CODE           	19350	0000	220
		_SetCellVotage 		CODE           	18630	0000	326
		_SetChargingCurrent_3		CODE           	17D06	0000	340
		_VoltageDisplay		CODE           	1942C	0000	212
		_ChargerMode   		CODE           	189F4	0000	312
		_SetChargingCurrent_4		CODE           	17BB2	0000	340
		_SetDischargingCurrent_3		CODE           	18100	0000	338

menu_definitions.c estimated size: 9232

menu_navigation.c
		_Handle_Main_MenuNavigation		CODE           	17620	0000	372
		_Handle_Setting23_MenuNavigation		CODE           	154AA	0000	1150
		_switch_between_battery_types		CODE           	1449C	0000	1580
		_Menu          		CODE           	10000	0000	14084
		_Handle_Setting1_MenuNavigation		CODE           	16930	0000	584
		_Handle_Setting5_MenuNavigation		CODE           	166E8	0000	584

menu_navigation.c estimated size: 18354

C:\Program Files\Microchip\xc8\v2.40\pic\sources\c99\common\isdigit.c
		_isdigit       		CODE           	1AF02	0000	44

C:\Program Files\Microchip\xc8\v2.40\pic\sources\c99\common\isdigit.c estimated size: 44

MMSP.c
		_SPI_Exchange  		CODE           	1B086	0000	24
		_setSPI_Interface		CODE           	1B156	0000	18

MMSP.c estimated size: 42

C:\Program Files\Microchip\xc8\v2.40\pic\sources\c99\common\lbdiv.c
		___lbdiv       		CODE           	1A70C	0000	92

C:\Program Files\Microchip\xc8\v2.40\pic\sources\c99\common\lbdiv.c estimated size: 92

C:\Program Files\Microchip\xc8\v2.40\pic\sources\c99\common\nf_fputs.c
		_fputs         		CODE           	1AB16	0000	68

C:\Program Files\Microchip\xc8\v2.40\pic\sources\c99\common\nf_fputs.c estimated size: 68

C:\Program Files\Microchip\xc8\v2.40\pic\sources\c99\common\lomod.c
		___lomod       		CODE           	195D4	0000	208

C:\Program Files\Microchip\xc8\v2.40\pic\sources\c99\common\lomod.c estimated size: 208

C:\Program Files\Microchip\xc8\v2.40\pic\sources\c99\common\aomod.c
		___aomod       		CODE           	17794	0000	356

C:\Program Files\Microchip\xc8\v2.40\pic\sources\c99\common\aomod.c estimated size: 356

shared
		TwoBatMenu@F6111		MEDIUMCONST    	C84F	0000	11
		TwoBatMenu@F6113		MEDIUMCONST    	C85A	0000	10
		TwoBatMenu@F6107		MEDIUMCONST    	C86E	0000	10
		TwoBatMenu@F6109		MEDIUMCONST    	C864	0000	10
		__initialization		CODE           	1A4F4	0000	106
		_Tekton_Pro_Ext27x28		MEDIUMCONST    	C878	0000	10464
		_Font5x8       		MEDIUMCONST    	F9F8	0000	576
		_Tahoma11x13   		MEDIUMCONST    	F158	0000	2208

shared estimated size: 13395

C:\Program Files\Microchip\xc8\v2.40\pic\sources\c99\common\lwmod.c
		___lwmod       		CODE           	1A648	0000	100

C:\Program Files\Microchip\xc8\v2.40\pic\sources\c99\common\lwmod.c estimated size: 100

C:\Program Files\Microchip\xc8\v2.40\pic\sources\c99\common\llmod.c
		___llmod       		CODE           	1A264	0000	136

C:\Program Files\Microchip\xc8\v2.40\pic\sources\c99\common\llmod.c estimated size: 136

peripherials/UART.c
		_print_tab     		CODE           	1AA8E	0000	68
		_putch         		CODE           	1B1D6	0000	10
		_print_data_tab		CODE           	1A9B6	0000	74
		_UART_SendChar 		CODE           	1B0B6	0000	22

peripherials/UART.c estimated size: 174

C:\Program Files\Microchip\xc8\v2.40\pic\sources\c99\common\isupper.c
		_isupper       		CODE           	1AED6	0000	44

C:\Program Files\Microchip\xc8\v2.40\pic\sources\c99\common\isupper.c estimated size: 44

C:\Program Files\Microchip\xc8\v2.40\pic\sources\c99\common\doprnt.c
		_vfpfcnvrt     		CODE           	15928	0000	1144
		_pad           		CODE           	19B10	0000	174
		_dtoa          		CODE           	161C0	0000	696
		_vfprintf      		CODE           	1A872	0000	84
		_utoa          		CODE           	16DA8	0000	508
		_xtoa          		CODE           	16B78	0000	560

C:\Program Files\Microchip\xc8\v2.40\pic\sources\c99\common\doprnt.c estimated size: 3166

main.c
		_main          		CODE           	17A56	0000	348
		_init_settings_ptr		CODE           	199AC	0000	180

main.c estimated size: 528

memory.c
		_check_current_param_offset		CODE           	1AF80	0000	38
		_check_if_any_changes_in_parameters		CODE           	1B1BA	0000	14
		_save_table_to_param		CODE           	19E62	0000	160
		_represent_value_in_binary		CODE           	1A5DC	0000	108
		_read_parameters_from_flash		CODE           	13DEC	0000	1712
		_save_parameters_to_flash		CODE           	13704	0000	1768
		_parameter_erase		CODE           	1B1C8	0000	14
		_check_offset_position		CODE           	1A0BE	0000	142
		_save_param_to_table		CODE           	1A14C	0000	140
		_update_wear_leveling_static_buffer		CODE           	17166	0000	410

memory.c estimated size: 4506

SST25VF.c
		_chip_erase    		CODE           	1B034	0000	30
		_sector_erase  		CODE           	1AE18	0000	50
		_check_write_en		CODE           	1AF2E	0000	42
		_read_bytes    		CODE           	1A968	0000	78
		_check_busy    		CODE           	1B012	0000	34
		_write_byte    		CODE           	1AB5A	0000	64
		_sst25vf_init_enable_write		CODE           	1AFF0	0000	34
		_write_byte_table_auto_address_increment		CODE           	19832	0000	194

SST25VF.c estimated size: 526

C:\Program Files\Microchip\xc8\v2.40\pic\sources\c99\common\lodiv.c
		___lodiv       		CODE           	19260	0000	240

C:\Program Files\Microchip\xc8\v2.40\pic\sources\c99\common\lodiv.c estimated size: 240

C:\Program Files\Microchip\xc8\v2.40\pic\sources\c99\common\islower.c
		_islower       		CODE           	1AEAA	0000	44

C:\Program Files\Microchip\xc8\v2.40\pic\sources\c99\common\islower.c estimated size: 44

C:\Program Files\Microchip\xc8\v2.40\pic\sources\c99\common\aodiv.c
		___aodiv       		CODE           	17498	0000	392

C:\Program Files\Microchip\xc8\v2.40\pic\sources\c99\common\aodiv.c estimated size: 392

