Microchip MPLAB XC8 Compiler V2.40

Linker command line:

-W9 \
  --edf=C:/Users/LPC-user/.mchp_packs/Microchip/PIC18F-J_DFP/1.7.159/xc8\pic\dat\20230817221043_en.msgs \
  -cn -h+dist/default/production\battery-tester.X.production.sym \
  --cmf=dist/default/production\battery-tester.X.production.cmf -z \
  -Q18F67J50 -oC:\Users\LPC-user\AppData\Local\Temp\xcAs1nc.4 \
  --defsym=__MPLAB_BUILD=1 --fixupoverflow=error \
  -Mdist/default/production/battery-tester.X.production.map \
  --md=C:\Users\LPC-user\AppData\Local\Temp\xcAs1nc.dat -E1 \
  -ver=XC8 Compiler --acfsm=1493 -ACODE=00h-01FFF7h -ACONST=00h-01FFF7h \
  -ASMALLCONST=01000h-010FFhx495,01FF00h-01FFF7h \
  -AMEDIUMCONST=01000h-0FFFFh,011000h-01FFF7h -ACOMRAM=01h-05Fh \
  -AABS1=00h-0F3Fh -ABIGRAM=01h-0F3Fh \
  -ARAM=060h-0FFh,0100h-01FFhx14,0F00h-0F3Fh -ABANK0=060h-0FFh \
  -ABANK1=0100h-01FFh -ABANK2=0200h-02FFh -ABANK3=0300h-03FFh \
  -ABANK4=0400h-04FFh -ABANK5=0500h-05FFh -ABANK6=0600h-06FFh \
  -ABANK7=0700h-07FFh -ABANK8=0800h-08FFh -ABANK9=0900h-09FFh \
  -ABANK10=0A00h-0AFFh -ABANK11=0B00h-0BFFh -ABANK12=0C00h-0CFFh \
  -ABANK13=0D00h-0DFFh -ABANK14=0E00h-0EFFh -ABANK15=0F00h-0F3Fh \
  -ASFR=0F40h-0F5Fh,0F60h-0FFFh -ABIGSFR=0F40h-0FFFh \
  -ACONFIG=01FFF8h-01FFFDh \
  -preset_vec=00h,intcode=08h,intcodelo,powerup,init -pramtop=01000h \
  -psmallconst=SMALLCONST -pmediumconst=MEDIUMCONST -pconst=CONST \
  -AFARRAM=00h-00h -pjflash_buffer=01F800h \
  -prdata=COMRAM,nvrram=COMRAM,nvbit=COMRAM,rbss=COMRAM,rbit=COMRAM \
  -pfarbss=FARRAM,fardata=FARRAM,nvFARRAM=FARRAM \
  -pintsave_regs=BIGRAM,bigbss=BIGRAM,bigdata=BIGRAM -pbss=RAM \
  -pidata=CODE,irdata=CODE,ibigdata=CODE,ifardata=CODE -prparam=COMRAM \
  C:\Users\LPC-user\AppData\Local\Temp\xcAs1nc.o \
  dist/default/production\battery-tester.X.production.o 

Object code version is 3.11

Machine type is 18F67J50



                Name                               Link     Load   Length Selector   Space Scale
C:\Users\LPC-user\AppData\Local\Temp\xcAs1nc.o
                config                            1FFF8    1FFF8        6        0       4
                init                                 7A       7A        4        4       0
                reset_vec                             0        0        4        0       0
dist/default/production\battery-tester.X.production.o
                intcode                               8        8       72        4       0
                config                            1FFF8    1FFF8        6        0       4
                temp                                 5F       5F        1        1       1
                mediumconst                        C840     C840     37C0     6420       0
                text139                           17210    17210      1C2     8000       0
                text138                           1B42E    1B42E       18     D905       0
                text137                           1B3FC    1B3FC       1A     D905       0
                text136                           1B52C    1B52C       10     DA8E       0
                text135                           1B4F8    1B4F8       12     D905       0
                text134                           199DE    199DE       B8     8000       0
                text133                           1AF1A    1AF1A       3E     8000       0
                text132                           1AAC2    1AAC2       5A     8000       0
                text131                           1AF58    1AF58       3C     8000       0
                text130                           1A668    1A668       88     8000       0
                text129                           14ACA    14ACA      51A     8000       0
                text128                           1B4C0    1B4C0       14     D905       0
                text127                           1B076    1B076       38     8000       0
                text126                           1AC18    1AC18       50     8000       0
                text125                           1B4AC    1B4AC       14     D905       0
                text124                           1B498    1B498       14     D905       0
                text123                           1B484    1B484       14     D905       0
                text122                           1B470    1B470       14     D905       0
                text121                           1B45C    1B45C       14     D905       0
                text120                           1AA0C    1AA0C       5C     8000       0
                text119                           1A868    1A868       74     8000       0
                text118                           15DA2    15DA2      420     8000       0
                text117                           1B14A    1B14A       32     8000       0
                text116                           1A7F2    1A7F2       76     8000       0
                text115                           1A284    1A284       9A     8000       0
                text114                           19858    19858       C4     8000       0
                text113                           1AF94    1AF94       3A     8000       0
                text112                           1A9AC    1A9AC       60     8000       0
                text111                           1B0E4    1B0E4       34     8000       0
                text110                           1A6F0    1A6F0       82     8000       0
                text109                           1AD00    1AD00       48     8000       0
                text108                           1647A    1647A      270     8000       0
                text107                           1B03E    1B03E       38     8000       0
                text106                           1A4CC    1A4CC       8C     8000       0
                text105                           1B3E2    1B3E2       1A     D905       0
                text104                           1B336    1B336       26     D905       0
                text103                           14FE4    14FE4      4C8     8000       0
                text102                           1A31E    1A31E       92     8000       0
                text101                           1A3B0    1A3B0       90     8000       0
                text100                           176F2    176F2      174     8000       0
                text99                            16B9C    16B9C      248     8000       0
                text98                            154AC    154AC      47E     8000       0
                text97                            16954    16954      248     8000       0
                text96                            1B28E    1B28E       2C     D905       0
                text95                            1AD48    1AD48       46     8000       0
                text94                            17B32    17B32      15E     8000       0
                text93                            1756A    1756A      188     8000       0
                text92                            179CE    179CE      164     8000       0
                text91                            1AEDA    1AEDA       40     8000       0
                text90                            1B446    1B446       16     D905       0
                text89                            1B558    1B558        A     DA8E       0
                text88                            1978E    1978E       CA     8000       0
                text87                            1AE16    1AE16       44     8000       0
                text86                            19CAA    19CAA       AE     8000       0
                text85                            161C2    161C2      2B8     8000       0
                text84                            1933E    1933E       F0     8000       0
                text83                            196BE    196BE       D0     8000       0
                text82                            17014    17014      1FC     8000       0
                text81                            1B006    1B006       38     8000       0
                text80                            1B262    1B262       2C     D905       0
                text79                            1B236    1B236       2C     D905       0
                text78                            1AFCE    1AFCE       38     8000       0
                text77                            16DE4    16DE4      230     8000       0
                text76                            1592A    1592A      478     8000       0
                text75                            1AB72    1AB72       54     8000       0
                text74                            1ABC6    1ABC6       52     8000       0
                text73                            18E1E    18E1E      10A     8000       0
                text72                            18AD2    18AD2      138     8000       0
                text71                            1899A    1899A      138     8000       0
                text70                            18D14    18D14      10A     8000       0
                text69                            1AE9A    1AE9A       40     8000       0
                text68                            1B35C    1B35C       24     D905       0
                text67                            19F58    19F58       A8     8000       0
                text66                            1A948    1A948       64     8000       0
                text65                            18854    18854      146     8000       0
                text64                            1870E    1870E      146     8000       0
                text63                            19138    19138      108     8000       0
                text62                            185C8    185C8      146     8000       0
                text61                            19E04    19E04       AC     8000       0
                text60                            18482    18482      146     8000       0
                text59                            18C0A    18C0A      10A     8000       0
                text58                            1A5E0    1A5E0       88     8000       0
                text57                            19030    19030      108     8000       0
                text56                            17F38    17F38      154     8000       0
                text55                            18F28    18F28      108     8000       0
                text54                            18330    18330      152     8000       0
                text53                            19D58    19D58       AC     8000       0
                text52                            17DE4    17DE4      154     8000       0
                text51                            17C90    17C90      154     8000       0
                text50                            181DE    181DE      152     8000       0
                text49                            1808C    1808C      152     8000       0
                text48                            195EA    195EA       D4     8000       0
                text47                            173D2    173D2      198     8000       0
                text46                            1AB1C    1AB1C       56     8000       0
                text45                            1AA68    1AA68       5A     8000       0
                text44                            19BFA    19BFA       B0     8000       0
                text43                            1ADD2    1ADD2       44     8000       0
                text42                            1A0A4    1A0A4       A4     8000       0
                text41                            1A558    1A558       88     8000       0
                text40                            19240    19240       FE     8000       0
                text39                            19516    19516       D4     8000       0
                text38                            19B4A    19B4A       B0     8000       0
                text37                            1942E    1942E       E8     8000       0
                text36                            1B416    1B416       18     D905       0
                text35                            1AC68    1AC68       4E     8000       0
                text34                            1A000    1A000       A4     8000       0
                text33                            1B20A    1B20A       2C     D905       0
                text32                            1B30E    1B30E       28     D905       0
                text31                            1ACB6    1ACB6       4A     8000       0
                text30                            1A440    1A440       8C     8000       0
                text29                            1449E    1449E      62C     8000       0
                text28                            1B3A2    1B3A2       22     D905       0
                text27                            1B2E4    1B2E4       2A     D905       0
                text26                            1B1AC    1B1AC       30     8000       0
                text25                            1B17C    1B17C       30     8000       0
                text24                            1A1E8    1A1E8       9C     8000       0
                text23                            1B2BA    1B2BA       2A     D905       0
                text22                            1AD8E    1AD8E       44     8000       0
                text21                            1A8DC    1A8DC       6C     8000       0
                text20                            1AE5A    1AE5A       40     8000       0
                text19                            166EA    166EA      26A     8000       0
                text18                            1991C    1991C       C2     8000       0
                text17                            13704    13704      6EA     8000       0
                text16                            1B54A    1B54A        E     DA8E       0
                text15                            10000    10000     3704     8000       0
                text14                            1B3C4    1B3C4       1E     D905       0
                text13                            1B0AE    1B0AE       36     8000       0
                text12                            19A96    19A96       B4     8000       0
                text11                            1B118    1B118       32     8000       0
                text10                            19EB0    19EB0       A8     8000       0
                text9                             1A148    1A148       A0     8000       0
                text8                             13DEE    13DEE      6B0     8000       0
                text7                             1B4E6    1B4E6       12     D905       0
                text6                             1B53C    1B53C        E     DA8E       0
                text5                             1B56A    1B56A        6     DA8E       0
                text4                             1B4D4    1B4D4       12     D905       0
                text3                             1B562    1B562        8     DA8E       0
                text2                             1B51C    1B51C       10     DA8E       0
                text1                             1B380    1B380       22     D905       0
                text0                             17866    17866      168     8000       0
                cstackCOMRAM                          1        1       5C        1       1
                cstackBANK0                          B5       B5       32       60       1
                cstackBANK1                         100      100       96      100       1
                cstackBANK2                         200      200       E4      200       1
                bssBIGRAM                           2E6      2E6      400      2E6       1
                bssBANK2                            2E4      2E4        2      200       1
                dataBANK1                           196      196       2D      100       1
                bssBANK1                            1C3      1C3       1C      100       1
                dataBANK0                            E7       E7       11       60       1
                bssBANK0                             60       60       55       60       1
                bssCOMRAM                            5D       5D        2        1       1
                cinit                             1A772    1A772       80     8000       0
                idataBANK1                        1B1DC    1B1DC       2D     8000       0
                idataBANK0                        1B50A    1B50A       11     D905       0

TOTAL           Name                               Link     Load   Length     Space
        CLASS   CODE           
                intcode                               8        8       72         0
                init                                 7A       7A        4         0
                reset_vec                             0        0        4         0
                text139                           17210    17210      1C2         0
                text138                           1B42E    1B42E       18         0
                text137                           1B3FC    1B3FC       1A         0
                text136                           1B52C    1B52C       10         0
                text135                           1B4F8    1B4F8       12         0
                text134                           199DE    199DE       B8         0
                text133                           1AF1A    1AF1A       3E         0
                text132                           1AAC2    1AAC2       5A         0
                text131                           1AF58    1AF58       3C         0
                text130                           1A668    1A668       88         0
                text129                           14ACA    14ACA      51A         0
                text128                           1B4C0    1B4C0       14         0
                text127                           1B076    1B076       38         0
                text126                           1AC18    1AC18       50         0
                text125                           1B4AC    1B4AC       14         0
                text124                           1B498    1B498       14         0
                text123                           1B484    1B484       14         0
                text122                           1B470    1B470       14         0
                text121                           1B45C    1B45C       14         0
                text120                           1AA0C    1AA0C       5C         0
                text119                           1A868    1A868       74         0
                text118                           15DA2    15DA2      420         0
                text117                           1B14A    1B14A       32         0
                text116                           1A7F2    1A7F2       76         0
                text115                           1A284    1A284       9A         0
                text114                           19858    19858       C4         0
                text113                           1AF94    1AF94       3A         0
                text112                           1A9AC    1A9AC       60         0
                text111                           1B0E4    1B0E4       34         0
                text110                           1A6F0    1A6F0       82         0
                text109                           1AD00    1AD00       48         0
                text108                           1647A    1647A      270         0
                text107                           1B03E    1B03E       38         0
                text106                           1A4CC    1A4CC       8C         0
                text105                           1B3E2    1B3E2       1A         0
                text104                           1B336    1B336       26         0
                text103                           14FE4    14FE4      4C8         0
                text102                           1A31E    1A31E       92         0
                text101                           1A3B0    1A3B0       90         0
                text100                           176F2    176F2      174         0
                text99                            16B9C    16B9C      248         0
                text98                            154AC    154AC      47E         0
                text97                            16954    16954      248         0
                text96                            1B28E    1B28E       2C         0
                text95                            1AD48    1AD48       46         0
                text94                            17B32    17B32      15E         0
                text93                            1756A    1756A      188         0
                text92                            179CE    179CE      164         0
                text91                            1AEDA    1AEDA       40         0
                text90                            1B446    1B446       16         0
                text89                            1B558    1B558        A         0
                text88                            1978E    1978E       CA         0
                text87                            1AE16    1AE16       44         0
                text86                            19CAA    19CAA       AE         0
                text85                            161C2    161C2      2B8         0
                text84                            1933E    1933E       F0         0
                text83                            196BE    196BE       D0         0
                text82                            17014    17014      1FC         0
                text81                            1B006    1B006       38         0
                text80                            1B262    1B262       2C         0
                text79                            1B236    1B236       2C         0
                text78                            1AFCE    1AFCE       38         0
                text77                            16DE4    16DE4      230         0
                text76                            1592A    1592A      478         0
                text75                            1AB72    1AB72       54         0
                text74                            1ABC6    1ABC6       52         0
                text73                            18E1E    18E1E      10A         0
                text72                            18AD2    18AD2      138         0
                text71                            1899A    1899A      138         0
                text70                            18D14    18D14      10A         0
                text69                            1AE9A    1AE9A       40         0
                text68                            1B35C    1B35C       24         0
                text67                            19F58    19F58       A8         0
                text66                            1A948    1A948       64         0
                text65                            18854    18854      146         0
                text64                            1870E    1870E      146         0
                text63                            19138    19138      108         0
                text62                            185C8    185C8      146         0
                text61                            19E04    19E04       AC         0
                text60                            18482    18482      146         0
                text59                            18C0A    18C0A      10A         0
                text58                            1A5E0    1A5E0       88         0
                text57                            19030    19030      108         0
                text56                            17F38    17F38      154         0
                text55                            18F28    18F28      108         0
                text54                            18330    18330      152         0
                text53                            19D58    19D58       AC         0
                text52                            17DE4    17DE4      154         0
                text51                            17C90    17C90      154         0
                text50                            181DE    181DE      152         0
                text49                            1808C    1808C      152         0
                text48                            195EA    195EA       D4         0
                text47                            173D2    173D2      198         0
                text46                            1AB1C    1AB1C       56         0
                text45                            1AA68    1AA68       5A         0
                text44                            19BFA    19BFA       B0         0
                text43                            1ADD2    1ADD2       44         0
                text42                            1A0A4    1A0A4       A4         0
                text41                            1A558    1A558       88         0
                text40                            19240    19240       FE         0
                text39                            19516    19516       D4         0
                text38                            19B4A    19B4A       B0         0
                text37                            1942E    1942E       E8         0
                text36                            1B416    1B416       18         0
                text35                            1AC68    1AC68       4E         0
                text34                            1A000    1A000       A4         0
                text33                            1B20A    1B20A       2C         0
                text32                            1B30E    1B30E       28         0
                text31                            1ACB6    1ACB6       4A         0
                text30                            1A440    1A440       8C         0
                text29                            1449E    1449E      62C         0
                text28                            1B3A2    1B3A2       22         0
                text27                            1B2E4    1B2E4       2A         0
                text26                            1B1AC    1B1AC       30         0
                text25                            1B17C    1B17C       30         0
                text24                            1A1E8    1A1E8       9C         0
                text23                            1B2BA    1B2BA       2A         0
                text22                            1AD8E    1AD8E       44         0
                text21                            1A8DC    1A8DC       6C         0
                text20                            1AE5A    1AE5A       40         0
                text19                            166EA    166EA      26A         0
                text18                            1991C    1991C       C2         0
                text17                            13704    13704      6EA         0
                text16                            1B54A    1B54A        E         0
                text15                            10000    10000     3704         0
                text14                            1B3C4    1B3C4       1E         0
                text13                            1B0AE    1B0AE       36         0
                text12                            19A96    19A96       B4         0
                text11                            1B118    1B118       32         0
                text10                            19EB0    19EB0       A8         0
                text9                             1A148    1A148       A0         0
                text8                             13DEE    13DEE      6B0         0
                text7                             1B4E6    1B4E6       12         0
                text6                             1B53C    1B53C        E         0
                text5                             1B56A    1B56A        6         0
                text4                             1B4D4    1B4D4       12         0
                text3                             1B562    1B562        8         0
                text2                             1B51C    1B51C       10         0
                text1                             1B380    1B380       22         0
                text0                             17866    17866      168         0
                cinit                             1A772    1A772       80         0
                idataBANK1                        1B1DC    1B1DC       2D         0
                idataBANK0                        1B50A    1B50A       11         0

        CLASS   CONST          

        CLASS   SMALLCONST     

        CLASS   MEDIUMCONST    
                mediumconst                        C840     C840     37C0         0

        CLASS   COMRAM         
                temp                                 5F       5F        1         1
                cstackCOMRAM                          1        1       5C         1
                bssCOMRAM                            5D       5D        2         1

        CLASS   ABS1           

        CLASS   BIGRAM         
                bssBIGRAM                           2E6      2E6      400         1

        CLASS   RAM            

        CLASS   BANK0          
                cstackBANK0                          B5       B5       32         1
                dataBANK0                            E7       E7       11         1
                bssBANK0                             60       60       55         1

        CLASS   BANK1          
                cstackBANK1                         100      100       96         1
                dataBANK1                           196      196       2D         1
                bssBANK1                            1C3      1C3       1C         1

        CLASS   BANK2          
                cstackBANK2                         200      200       E4         1
                bssBANK2                            2E4      2E4        2         1

        CLASS   BANK3          

        CLASS   BANK4          

        CLASS   BANK5          

        CLASS   BANK6          

        CLASS   BANK7          

        CLASS   BANK8          

        CLASS   BANK9          

        CLASS   BANK10         

        CLASS   BANK11         

        CLASS   BANK12         

        CLASS   BANK13         

        CLASS   BANK14         

        CLASS   BANK15         

        CLASS   SFR            

        CLASS   BIGSFR         

        CLASS   CONFIG         
                config                            1FFF8    1FFF8        6         4

        CLASS   FARRAM         

        CLASS   HEAP           

        CLASS   STACK          

        CLASS   IDLOC          



SEGMENTS        Name                           Load    Length   Top    Selector   Space  Class

                reset_vec                      000000  000004  000004         0       0  CODE    
                cstackCOMRAM                   000001  00005F  000060         1       1  COMRAM  
                intcode                        000008  000076  00007E         4       0  CODE    
                bssBANK0                       000060  000098  0000F8        60       1  BANK0   
                cstackBANK1                    000100  0000DF  0001DF       100       1  BANK1   
                cstackBANK2                    000200  0000E6  0002E6       200       1  BANK2   
                bssBIGRAM                      0002E6  000400  0006E6       2E6       1  BIGRAM  
                mediumconst                    00C840  0037C0  010000      6420       0  MEDIUMCO
                text15                         010000  00B209  01B209      8000       0  CODE    
                text33                         01B20A  000311  01B51B      D905       0  CODE    
                text2                          01B51C  000054  01B570      DA8E       0  CODE    


UNUSED ADDRESS RANGES

        Name                Unused          Largest block    Delta
        BANK0            000F8-000FF               8
        BANK1            001DF-001FF              21
        BANK10           00A00-00AFF             100
        BANK11           00B00-00BFF             100
        BANK12           00C00-00CFF             100
        BANK13           00D00-00DFF             100
        BANK14           00E00-00EFF             100
        BANK15           00F00-00F3F              40
        BANK6            006E6-006FF              1A
        BANK7            00700-007FF             100
        BANK8            00800-008FF             100
        BANK9            00900-009FF             100
        BIGRAM           000F8-000FF               8
                         001DF-001FF              21
                         006E6-00F3F             85A
        BIGSFR           00F40-00FFF              C0
        CODE             00004-00007               4
                         0007E-0C83F            C7C2
                         1B209-1B209               1
                         1B51B-1B51B               1
                         1B570-1FFF7            4A88
        CONST            00004-00007               4
                         0007E-0C83F            C7C2
                         1B209-1B209               1
                         1B51B-1B51B               1
                         1B570-1FFF7            4A88
        MEDIUMCONST      01000-0C83F            B840
                         1B209-1B209               1
                         1B51B-1B51B               1
                         1B570-1FFF7            4A88
        RAM              000F8-000FF               8
                         001DF-001FF              21
                         006E6-00F3F             100
        SFR              00F40-00FFF              20
        SMALLCONST       01000-0C83F             100
                         1B209-1B209               1
                         1B51B-1B51B               1
                         1B570-1FFF7             100

                                  Symbol Table

?___aodiv                                                cstackCOMRAM  00001
?___aomod                                                cstackCOMRAM  00001
?___awdiv                                                cstackCOMRAM  00001
?___lldiv                                                cstackCOMRAM  0000A
?___llmod                                                cstackCOMRAM  00001
?___lodiv                                                cstackCOMRAM  00001
?___lomod                                                cstackCOMRAM  00001
?___lwdiv                                                cstackCOMRAM  00001
?___lwmod                                                cstackCOMRAM  00001
?___wmul                                                 cstackCOMRAM  00019
?_abs                                                    cstackCOMRAM  00013
?_atoi                                                   cstackCOMRAM  0001F
?_check_current_measurment_offset                        cstackCOMRAM  0001F
?_check_current_param_offset                             cstackCOMRAM  00019
?_isalpha                                                cstackCOMRAM  00001
?_isdigit                                                cstackCOMRAM  00001
?_islower                                                cstackCOMRAM  00001
?_isspace                                                cstackCOMRAM  00001
?_isupper                                                cstackCOMRAM  00001
?_printf                                                 cstackBANK0   000BB
?_save_table_to_param                                    cstackCOMRAM  00001
?_sprintf                                                cstackBANK0   000BB
?_toupper                                                cstackCOMRAM  00005
?_vfprintf                                               cstackBANK0   000B5
Button_EventGet@key                                      cstackCOMRAM  00003
Button_Init@i                                            cstackCOMRAM  0000F
Button_Update@key                                        cstackCOMRAM  00013
Button_Update@now_pressed                                cstackCOMRAM  00012
CapacitanceDisplay@bat_param                             cstackBANK0   000D4
CellCount@bat_param                                      cstackBANK0   000D4
CellCount@set_mode                                       cstackBANK0   000D6
ChargerMode@bat_param                                    cstackCOMRAM  00038
ChargerMode@set_mode                                     cstackCOMRAM  0003A
ChemistryDisplay@bat_param                               cstackCOMRAM  00038
ChemistryDisplay@set_mode                                cstackCOMRAM  0003A
CurrentDisplay@bat_param                                 cstackBANK0   000D4
CycleDisplay@bat_param                                   cstackBANK0   000D4
CycleSet@bat_param                                       cstackBANK0   000D4
CycleSet@set_mode                                        cstackBANK0   000D6
GLCD_BufferRead@X                                        cstackCOMRAM  00005
GLCD_BufferRead@Y                                        cstackCOMRAM  00001
GLCD_BufferWrite@Data                                    cstackCOMRAM  00002
GLCD_BufferWrite@X                                       cstackCOMRAM  00006
GLCD_BufferWrite@Y                                       cstackCOMRAM  00001
GLCD_DrawHLine@Color                                     cstackCOMRAM  0000F
GLCD_DrawHLine@X1                                        cstackCOMRAM  00011
GLCD_DrawHLine@X2                                        cstackCOMRAM  0000D
GLCD_DrawHLine@Y                                         cstackCOMRAM  0000E
GLCD_DrawHLine@t                                         cstackCOMRAM  00010
GLCD_DrawRectangle@Color                                 cstackCOMRAM  00024
GLCD_DrawRectangle@X1                                    cstackCOMRAM  00025
GLCD_DrawRectangle@X2                                    cstackCOMRAM  00022
GLCD_DrawRectangle@Y1                                    cstackCOMRAM  00021
GLCD_DrawRectangle@Y2                                    cstackCOMRAM  00023
GLCD_DrawVLine@Color                                     cstackCOMRAM  0001E
GLCD_DrawVLine@X                                         cstackCOMRAM  0001D
GLCD_DrawVLine@Y1                                        cstackCOMRAM  00020
GLCD_DrawVLine@Y2                                        cstackCOMRAM  0001C
GLCD_DrawVLine@t                                         cstackCOMRAM  0001F
GLCD_FillRectangle@Color                                 cstackCOMRAM  0001F
GLCD_FillRectangle@X1                                    cstackCOMRAM  00020
GLCD_FillRectangle@X2                                    cstackCOMRAM  0001D
GLCD_FillRectangle@Y1                                    cstackCOMRAM  0001C
GLCD_FillRectangle@Y2                                    cstackCOMRAM  0001E
GLCD_FillScreen@Color                                    cstackCOMRAM  00007
GLCD_FillScreen@i                                        cstackCOMRAM  00008
GLCD_FillScreen@j                                        cstackCOMRAM  00009
GLCD_GotoX@X                                             cstackCOMRAM  00001
GLCD_GotoXY@X                                            cstackCOMRAM  00003
GLCD_GotoXY@Y                                            cstackCOMRAM  00002
GLCD_GotoY@Y                                             cstackCOMRAM  00001
GLCD_PrintChar@Character                                 cstackCOMRAM  00025
GLCD_PrintChar@data                                      cstackCOMRAM  00033
GLCD_PrintChar@data_next                                 cstackCOMRAM  00028
GLCD_PrintChar@fontRead                                  cstackCOMRAM  0002E
GLCD_PrintChar@fontStart                                 cstackCOMRAM  0002A
GLCD_PrintChar@i                                         cstackCOMRAM  00031
GLCD_PrintChar@j                                         cstackCOMRAM  00032
GLCD_PrintChar@lines                                     cstackCOMRAM  0002D
GLCD_PrintChar@overflow                                  cstackCOMRAM  00030
GLCD_PrintChar@width                                     cstackCOMRAM  0002C
GLCD_PrintChar@x                                         cstackCOMRAM  00029
GLCD_PrintChar@y                                         cstackCOMRAM  00027
GLCD_PrintChar@y2                                        cstackCOMRAM  00026
GLCD_PrintString@Text                                    cstackCOMRAM  00034
GLCD_Render@i                                            cstackCOMRAM  00016
GLCD_Render@j                                            cstackCOMRAM  00015
GLCD_SelectChip@Chip                                     cstackCOMRAM  00001
GLCD_SelectChip@off                                      cstackCOMRAM  00002
GLCD_Send@Data                                           cstackCOMRAM  00001
GLCD_SendCommand@Chip                                    cstackCOMRAM  00006
GLCD_SendCommand@Command                                 cstackCOMRAM  00007
GLCD_SendData@Chip                                       cstackCOMRAM  0000F
GLCD_SendData@Data                                       cstackCOMRAM  00014
GLCD_SetFont@Height                                      cstackCOMRAM  0000C
GLCD_SetFont@Invert                                      cstackCOMRAM  0000E
GLCD_SetFont@Mode                                        cstackCOMRAM  0000D
GLCD_SetFont@Name                                        cstackCOMRAM  00009
GLCD_SetFont@Width                                       cstackCOMRAM  0000B
GLCD_SetPixel@Color                                      cstackCOMRAM  00008
GLCD_SetPixel@X                                          cstackCOMRAM  0000B
GLCD_SetPixel@Y                                          cstackCOMRAM  00007
GLCD_SetPixel@data                                       cstackCOMRAM  0000C
GLCD_SetPixels@Color                                     cstackCOMRAM  0000A
GLCD_SetPixels@X1                                        cstackCOMRAM  00018
GLCD_SetPixels@X2                                        cstackCOMRAM  00008
GLCD_SetPixels@Y1                                        cstackCOMRAM  00007
GLCD_SetPixels@Y2                                        cstackCOMRAM  00009
GLCD_SetPixels@data                                      cstackCOMRAM  0001B
GLCD_SetPixels@h                                         cstackCOMRAM  00015
GLCD_SetPixels@height                                    cstackCOMRAM  0001A
GLCD_SetPixels@i                                         cstackCOMRAM  00017
GLCD_SetPixels@mask                                      cstackCOMRAM  00019
GLCD_SetPixels@offset                                    cstackCOMRAM  00016
GLCD_SetPixels@width                                     cstackCOMRAM  00014
GLCD_WaitBusy@Chip                                       cstackCOMRAM  00004
GLCD_WaitBusy@status                                     cstackCOMRAM  00005
Handle_Main_MenuNavigation@option                        cstackCOMRAM  00038
Handle_Setting1_MenuNavigation@option                    cstackCOMRAM  00038
Handle_Setting23_MenuNavigation@option                   cstackCOMRAM  00038
Handle_Setting5_MenuNavigation@option                    cstackCOMRAM  00038
ISR@counter_second                                       bssBANK0      00082
InitBattParameters@bat_param                             cstackCOMRAM  00001
InitBattParameters@i                                     cstackCOMRAM  00005
MemoryDisplay@bat_param                                  cstackBANK0   000D4
Menu@bat_param                                           cstackBANK0   000DF
Menu@menu_change                                         dataBANK0     000F7
Menu@menu_init                                           bssBANK0      0008E
Menu@menu_pos                                            bssBANK0      0008D
Menu@menu_selection                                      bssBANK0      0008F
Menu@menu_type                                           bssBANK0      00090
Menu@param_pos                                           dataBANK0     000F6
Menu@switch_param                                        bssBANK0      0008C
Menu@val                                                 cstackBANK0   000E5
MinimumDischargeVoltage@bat_param                        cstackBANK0   000D4
MinimumDischargeVoltage@set_mode                         cstackBANK0   000D6
Options1_Menu@bat_param                                  cstackBANK0   000D7
Options2_Menu@bat_param                                  cstackBANK0   000D7
Options3_Menu@bat_param                                  cstackBANK0   000D7
Options4_Menu@bat_param                                  cstackBANK0   000D7
Options5_Menu@bat_param                                  cstackBANK0   000D7
SPI_Exchange@data                                        cstackCOMRAM  00001
SetCellVotage@bat_param                                  cstackBANK0   000D4
SetCellVotage@set_mode                                   cstackBANK0   000D6
SetChargingCurrent_1@bat_param                           cstackBANK0   000D4
SetChargingCurrent_1@set_mode                            cstackBANK0   000D6
SetChargingCurrent_2@bat_param                           cstackBANK0   000D4
SetChargingCurrent_2@set_mode                            cstackBANK0   000D6
SetChargingCurrent_3@bat_param                           cstackBANK0   000D4
SetChargingCurrent_3@set_mode                            cstackBANK0   000D6
SetChargingCurrent_4@bat_param                           cstackBANK0   000D4
SetChargingCurrent_4@set_mode                            cstackBANK0   000D6
SetDischargingCurrent_1@bat_param                        cstackBANK0   000D4
SetDischargingCurrent_1@set_mode                         cstackBANK0   000D6
SetDischargingCurrent_2@bat_param                        cstackBANK0   000D4
SetDischargingCurrent_2@set_mode                         cstackBANK0   000D6
SetDischargingCurrent_3@bat_param                        cstackBANK0   000D4
SetDischargingCurrent_3@set_mode                         cstackBANK0   000D6
SetDischargingCurrent_4@bat_param                        cstackBANK0   000D4
SetDischargingCurrent_4@set_mode                         cstackBANK0   000D6
SetMaxTime@bat_param                                     cstackBANK0   000D4
SetMaxTime@set_mode                                      cstackBANK0   000D6
SetTemp@bat_param                                        cstackBANK0   000D4
SetTemp@set_mode                                         cstackBANK0   000D6
SingleBat_Menu@bat_param                                 cstackBANK0   000D6
TempDisplay@bat_param                                    cstackBANK0   000D4
TimeDisplay@bat_param                                    cstackBANK0   000D4
TrickleCurrent@bat_param                                 cstackBANK0   000D4
TrickleCurrent@set_mode                                  cstackBANK0   000D6
TrickleVoltage@bat_param                                 cstackBANK0   000D4
TrickleVoltage@set_mode                                  cstackBANK0   000D6
UART_SendChar@data                                       cstackCOMRAM  00001
VoltageDisplay@bat_param                                 cstackBANK0   000D4
_ButtonDown                                              text122       1B470
_ButtonLeft                                              text123       1B484
_ButtonOK                                                text121       1B45C
_ButtonRight                                             text124       1B498
_ButtonUp                                                text125       1B4AC
_Button_EventGet                                         text127       1B076
_Button_Event_Reset                                      text126       1AC18
_Button_Init                                             text139       17210
_Button_Init$1988                                        cstackCOMRAM  00007
_Button_Init$1989                                        cstackCOMRAM  00009
_Button_Init$1990                                        cstackCOMRAM  0000B
_Button_Init$2000                                        cstackCOMRAM  0000D
_Button_Update                                           text118       15DA2
_CCP3CONbits                                             (abs)         00FB1
_CCPR3L                                                  (abs)         00FB2
_CapacitanceDisplay                                      text47        173D2
_CellCount                                               text73        18E1E
_ChargerMode                                             text72        18AD2
_ChemistryDisplay                                        text71        1899A
_CurrentDisplay                                          text46        1AB1C
_CycleDisplay                                            text45        1AA68
_CycleSet                                                text70        18D14
_Font5x8                                                 mediumconst   0F9C1
_GLCD_BufferRead                                         text117       1B14A
_GLCD_BufferWrite                                        text111       1B0E4
_GLCD_Clear                                              text68        1B35C
_GLCD_Clear$173                                          cstackCOMRAM  0000A
_GLCD_DrawHLine                                          text109       1AD00
_GLCD_DrawRectangle                                      text106       1A4CC
_GLCD_DrawVLine                                          text107       1B03E
_GLCD_FillRectangle                                      text105       1B3E2
_GLCD_FillScreen                                         text69        1AE9A
_GLCD_GotoX                                              text138       1B42E
_GLCD_GotoXY                                             text136       1B52C
_GLCD_GotoY                                              text137       1B3FC
_GLCD_PrintChar                                          text103       14FE4
_GLCD_PrintString                                        text102       1A31E
_GLCD_Render                                             text112       1A9AC
_GLCD_SelectChip                                         text133       1AF1A
_GLCD_Send                                               text134       199DE
_GLCD_SendCommand                                        text131       1AF58
_GLCD_SendData                                           text115       1A284
_GLCD_SendData$160                                       cstackCOMRAM  00012
_GLCD_SetFont                                            text101       1A3B0
_GLCD_SetPixel                                           text110       1A6F0
_GLCD_SetPixels                                          text108       1647A
_GLCD_SetPixels$210                                      cstackCOMRAM  00010
_GLCD_SetPixels$211                                      cstackCOMRAM  00012
_GLCD_Setup                                              text130       1A668
_GLCD_WaitBusy                                           text132       1AAC2
_Handle_Main_MenuNavigation                              text100       176F2
_Handle_Setting1_MenuNavigation                          text99        16B9C
_Handle_Setting23_MenuNavigation                         text98        154AC
_Handle_Setting5_MenuNavigation                          text97        16954
_INTCONbits                                              (abs)         00FF2
_ISR                                                     intcode       00008
_InitBattParameters                                      text129       14ACA
_Init_Timer0                                             text128       1B4C0
_LATAbits                                                (abs)         00F89
_LATD                                                    (abs)         00F8C
_LATE                                                    (abs)         00F8D
_LATFbits                                                (abs)         00F8E
_MemoryDisplay                                           text44        19BFA
_Menu                                                    text15        10000
_MinimumDischargeVoltage                                 text65        18854
_OSCCONbits                                              (abs)         00FD3
_OSCTUNEbits                                             (abs)         00F9B
_Options1_Menu                                           text67        19F58
_Options2_Menu                                           text61        19E04
_Options3_Menu                                           text58        1A5E0
_Options4_Menu                                           text53        19D58
_Options5_Menu                                           text48        195EA
_PORTC                                                   (abs)         00F82
_PORTE                                                   (abs)         00F84
_PORTG                                                   (abs)         00F86
_PR2                                                     (abs)         00FCB
_Pulse_En                                                text135       1B4F8
_RCSTA2bits                                              (abs)         00F9C
_SPBRG2                                                  (abs)         00FAB
_SPI_Exchange                                            text36        1B416
_SSP1BUF                                                 (abs)         00FC9
_SSP1CON1bits                                            (abs)         00FC6
_SSP1STATbits                                            (abs)         00FC7
_SetCellVotage                                           text64        1870E
_SetChargingCurrent_1                                    text57        19030
_SetChargingCurrent_2                                    text56        17F38
_SetChargingCurrent_3                                    text52        17DE4
_SetChargingCurrent_4                                    text51        17C90
_SetDischargingCurrent_1                                 text55        18F28
_SetDischargingCurrent_2                                 text54        18330
_SetDischargingCurrent_3                                 text50        181DE
_SetDischargingCurrent_4                                 text49        1808C
_SetMaxTime                                              text60        18482
_SetTemp                                                 text59        18C0A
_SingleBat_Menu                                          text37        1942E
_T0CONbits                                               (abs)         00FD5
_T2CONbits                                               (abs)         00FCA
_TMR0                                                    (abs)         00FD6
_TRISAbits                                               (abs)         00F92
_TRISC                                                   (abs)         00F94
_TRISCbits                                               (abs)         00F94
_TRISD                                                   (abs)         00F95
_TRISDbits                                               (abs)         00F95
_TRISE                                                   (abs)         00F96
_TRISFbits                                               (abs)         00F97
_TRISG                                                   (abs)         00F98
_TRISGbits                                               (abs)         00F98
_TXREG2                                                  (abs)         00FA9
_TXSTA2bits                                              (abs)         00FA8
_Tahoma11x13                                             mediumconst   0F121
_Tekton_Pro_Ext27x28                                     mediumconst   0C841
_TempDisplay                                             text43        1ADD2
_TimeDisplay                                             text40        19240
_TrickleCurrent                                          text63        19138
_TrickleVoltage                                          text62        185C8
_UART_SendChar                                           text90        1B446
_VoltageDisplay                                          text39        19516
__HRAM                                                   (abs)         00000
__Habs1                                                  abs1          00000
__Hbank0                                                 bank0         00000
__Hbank1                                                 bank1         00000
__Hbank10                                                bank10        00000
__Hbank11                                                bank11        00000
__Hbank12                                                bank12        00000
__Hbank13                                                bank13        00000
__Hbank14                                                bank14        00000
__Hbank15                                                bank15        00000
__Hbank2                                                 bank2         00000
__Hbank3                                                 bank3         00000
__Hbank4                                                 bank4         00000
__Hbank5                                                 bank5         00000
__Hbank6                                                 bank6         00000
__Hbank7                                                 bank7         00000
__Hbank8                                                 bank8         00000
__Hbank9                                                 bank9         00000
__Hbigbss                                                bigbss        00000
__Hbigdata                                               bigdata       00000
__Hbigram                                                bigram        00000
__Hbigsfr                                                bigsfr        00000
__Hbss                                                   bss           00000
__HbssBANK0                                              bssBANK0      00000
__HbssBANK1                                              bssBANK1      00000
__HbssBANK2                                              bssBANK2      00000
__HbssBIGRAM                                             bssBIGRAM     00000
__HbssCOMRAM                                             bssCOMRAM     00000
__Hcinit                                                 cinit         00000
__Hclrtext                                               clrtext       00000
__Hcomram                                                comram        00000
__Hconfig                                                config        1FFFE
__Hconst                                                 const         00000
__HcstackBANK0                                           cstackBANK0   00000
__HcstackBANK1                                           cstackBANK1   00000
__HcstackBANK2                                           cstackBANK2   00000
__HcstackCOMRAM                                          cstackCOMRAM  00000
__Hdata                                                  data          00000
__HdataBANK0                                             dataBANK0     00000
__HdataBANK1                                             dataBANK1     00000
__Hfarbss                                                farbss        00000
__Hfardata                                               fardata       00000
__Hheap                                                  heap          00000
__Hibigdata                                              ibigdata      00000
__Hidata                                                 idata         00000
__HidataBANK0                                            idataBANK0    00000
__HidataBANK1                                            idataBANK1    00000
__Hidloc                                                 idloc         00000
__Hifardata                                              ifardata      00000
__Hinit                                                  init          0007E
__Hintcode                                               intcode       0007A
__Hintcode_body                                          intcode_body  00000
__Hintcodelo                                             intcodelo     0007A
__Hintentry                                              intentry      00000
__Hintret                                                intret        00000
__Hintsave_regs                                          intsave_regs  00000
__Hirdata                                                irdata        00000
__Hjflash_buffer                                         jflash_buffer 1F800
__Hmediumconst                                           mediumconst   10000
__HnvFARRAM                                              nvFARRAM      00000
__Hnvbit                                                 nvbit         00000
__Hnvrram                                                nvrram        00000
__Hparam                                                 rparam        00000
__Hpowerup                                               powerup       0007A
__Hram                                                   ram           00000
__Hramtop                                                ramtop        01000
__Hrbit                                                  rbit          00000
__Hrbss                                                  rbss          00000
__Hrdata                                                 rdata         00000
__Hreset_vec                                             reset_vec     00004
__Hrparam                                                rparam        00000
__Hsfr                                                   sfr           00000
__Hsmallconst                                            smallconst    00000
__Hspace_0                                               (abs)         1F800
__Hspace_1                                               (abs)         006E6
__Hspace_2                                               (abs)         00000
__Hspace_4                                               (abs)         3FFF6
__Hstack                                                 stack         00000
__Hstruct                                                struct        00000
__Htemp                                                  temp          00060
__Htext                                                  text          00000
__Htext0                                                 text0         00000
__Htext1                                                 text1         00000
__Htext10                                                text10        00000
__Htext100                                               text100       00000
__Htext101                                               text101       00000
__Htext102                                               text102       00000
__Htext103                                               text103       00000
__Htext104                                               text104       00000
__Htext105                                               text105       00000
__Htext106                                               text106       00000
__Htext107                                               text107       00000
__Htext108                                               text108       00000
__Htext109                                               text109       00000
__Htext11                                                text11        00000
__Htext110                                               text110       00000
__Htext111                                               text111       00000
__Htext112                                               text112       00000
__Htext113                                               text113       00000
__Htext114                                               text114       00000
__Htext115                                               text115       00000
__Htext116                                               text116       00000
__Htext117                                               text117       00000
__Htext118                                               text118       00000
__Htext119                                               text119       00000
__Htext12                                                text12        00000
__Htext120                                               text120       00000
__Htext121                                               text121       00000
__Htext122                                               text122       00000
__Htext123                                               text123       00000
__Htext124                                               text124       00000
__Htext125                                               text125       00000
__Htext126                                               text126       00000
__Htext127                                               text127       00000
__Htext128                                               text128       00000
__Htext129                                               text129       00000
__Htext13                                                text13        00000
__Htext130                                               text130       00000
__Htext131                                               text131       00000
__Htext132                                               text132       00000
__Htext133                                               text133       00000
__Htext134                                               text134       00000
__Htext135                                               text135       00000
__Htext136                                               text136       00000
__Htext137                                               text137       00000
__Htext138                                               text138       00000
__Htext139                                               text139       00000
__Htext14                                                text14        00000
__Htext15                                                text15        00000
__Htext16                                                text16        00000
__Htext17                                                text17        00000
__Htext18                                                text18        00000
__Htext19                                                text19        00000
__Htext2                                                 text2         00000
__Htext20                                                text20        00000
__Htext21                                                text21        00000
__Htext22                                                text22        00000
__Htext23                                                text23        00000
__Htext24                                                text24        00000
__Htext25                                                text25        00000
__Htext26                                                text26        00000
__Htext27                                                text27        00000
__Htext28                                                text28        00000
__Htext29                                                text29        00000
__Htext3                                                 text3         00000
__Htext30                                                text30        00000
__Htext31                                                text31        00000
__Htext32                                                text32        00000
__Htext33                                                text33        00000
__Htext34                                                text34        00000
__Htext35                                                text35        00000
__Htext36                                                text36        00000
__Htext37                                                text37        00000
__Htext38                                                text38        00000
__Htext39                                                text39        00000
__Htext4                                                 text4         00000
__Htext40                                                text40        00000
__Htext41                                                text41        00000
__Htext42                                                text42        00000
__Htext43                                                text43        00000
__Htext44                                                text44        00000
__Htext45                                                text45        00000
__Htext46                                                text46        00000
__Htext47                                                text47        00000
__Htext48                                                text48        00000
__Htext49                                                text49        00000
__Htext5                                                 text5         00000
__Htext50                                                text50        00000
__Htext51                                                text51        00000
__Htext52                                                text52        00000
__Htext53                                                text53        00000
__Htext54                                                text54        00000
__Htext55                                                text55        00000
__Htext56                                                text56        00000
__Htext57                                                text57        00000
__Htext58                                                text58        00000
__Htext59                                                text59        00000
__Htext6                                                 text6         00000
__Htext60                                                text60        00000
__Htext61                                                text61        00000
__Htext62                                                text62        00000
__Htext63                                                text63        00000
__Htext64                                                text64        00000
__Htext65                                                text65        00000
__Htext66                                                text66        00000
__Htext67                                                text67        00000
__Htext68                                                text68        00000
__Htext69                                                text69        00000
__Htext7                                                 text7         00000
__Htext70                                                text70        00000
__Htext71                                                text71        00000
__Htext72                                                text72        00000
__Htext73                                                text73        00000
__Htext74                                                text74        00000
__Htext75                                                text75        00000
__Htext76                                                text76        00000
__Htext77                                                text77        00000
__Htext78                                                text78        00000
__Htext79                                                text79        00000
__Htext8                                                 text8         00000
__Htext80                                                text80        00000
__Htext81                                                text81        00000
__Htext82                                                text82        00000
__Htext83                                                text83        00000
__Htext84                                                text84        00000
__Htext85                                                text85        00000
__Htext86                                                text86        00000
__Htext87                                                text87        00000
__Htext88                                                text88        00000
__Htext89                                                text89        00000
__Htext9                                                 text9         00000
__Htext90                                                text90        00000
__Htext91                                                text91        00000
__Htext92                                                text92        00000
__Htext93                                                text93        00000
__Htext94                                                text94        00000
__Htext95                                                text95        00000
__Htext96                                                text96        00000
__Htext97                                                text97        00000
__Htext98                                                text98        00000
__Htext99                                                text99        00000
__LRAM                                                   (abs)         00001
__Labs1                                                  abs1          00000
__Lbank0                                                 bank0         00000
__Lbank1                                                 bank1         00000
__Lbank10                                                bank10        00000
__Lbank11                                                bank11        00000
__Lbank12                                                bank12        00000
__Lbank13                                                bank13        00000
__Lbank14                                                bank14        00000
__Lbank15                                                bank15        00000
__Lbank2                                                 bank2         00000
__Lbank3                                                 bank3         00000
__Lbank4                                                 bank4         00000
__Lbank5                                                 bank5         00000
__Lbank6                                                 bank6         00000
__Lbank7                                                 bank7         00000
__Lbank8                                                 bank8         00000
__Lbank9                                                 bank9         00000
__Lbigbss                                                bigbss        00000
__Lbigdata                                               bigdata       00000
__Lbigram                                                bigram        00000
__Lbigsfr                                                bigsfr        00000
__Lbss                                                   bss           00000
__LbssBANK0                                              bssBANK0      00000
__LbssBANK1                                              bssBANK1      00000
__LbssBANK2                                              bssBANK2      00000
__LbssBIGRAM                                             bssBIGRAM     00000
__LbssCOMRAM                                             bssCOMRAM     00000
__Lcinit                                                 cinit         00000
__Lclrtext                                               clrtext       00000
__Lcomram                                                comram        00000
__Lconfig                                                config        00000
__Lconst                                                 const         00000
__LcstackBANK0                                           cstackBANK0   00000
__LcstackBANK1                                           cstackBANK1   00000
__LcstackBANK2                                           cstackBANK2   00000
__LcstackCOMRAM                                          cstackCOMRAM  00000
__Ldata                                                  data          00000
__LdataBANK0                                             dataBANK0     00000
__LdataBANK1                                             dataBANK1     00000
__Lfarbss                                                farbss        00000
__Lfardata                                               fardata       00000
__Lheap                                                  heap          00000
__Libigdata                                              ibigdata      00000
__Lidata                                                 idata         00000
__LidataBANK0                                            idataBANK0    00000
__LidataBANK1                                            idataBANK1    00000
__Lidloc                                                 idloc         00000
__Lifardata                                              ifardata      00000
__Linit                                                  init          0007A
__Lintcode                                               intcode       00008
__Lintcode_body                                          intcode_body  00000
__Lintcodelo                                             intcodelo     0007A
__Lintentry                                              intentry      00000
__Lintret                                                intret        00000
__Lintsave_regs                                          intsave_regs  00000
__Lirdata                                                irdata        00000
__Ljflash_buffer                                         jflash_buffer 1F800
__Lmediumconst                                           mediumconst   0C840
__LnvFARRAM                                              nvFARRAM      00000
__Lnvbit                                                 nvbit         00000
__Lnvrram                                                nvrram        00000
__Lparam                                                 rparam        00000
__Lpowerup                                               powerup       0007A
__Lram                                                   ram           00000
__Lramtop                                                ramtop        01000
__Lrbit                                                  rbit          00000
__Lrbss                                                  rbss          00000
__Lrdata                                                 rdata         00000
__Lreset_vec                                             reset_vec     00000
__Lrparam                                                rparam        00000
__Lsfr                                                   sfr           00000
__Lsmallconst                                            smallconst    00000
__Lspace_0                                               (abs)         00000
__Lspace_1                                               (abs)         00000
__Lspace_2                                               (abs)         00000
__Lspace_4                                               (abs)         00000
__Lstack                                                 stack         00000
[...]
main@nimh_settings                                       cstackBANK2   00200
main@pb_settings                                         cstackBANK2   0022B
measurment_erase@i                                       cstackCOMRAM  00027
memory_and_cycle_positions@bat_param                     cstackCOMRAM  00022
memory_and_cycle_positions@offset                        cstackCOMRAM  00025
memory_and_cycle_positions@param_tab                     cstackCOMRAM  00029
pad@buf                                                  cstackCOMRAM  00015
pad@fp                                                   cstackCOMRAM  00013
pad@i                                                    cstackCOMRAM  0001A
pad@p                                                    cstackCOMRAM  00017
pad@w                                                    cstackCOMRAM  0001C
print_data_tab@i                                         cstackBANK0   000C6
print_data_tab@lenght                                    cstackBANK0   000C5
print_data_tab@tab                                       cstackBANK0   000C3
print_tab@i                                              cstackBANK0   000C6
print_tab@lenght                                         cstackBANK0   000C5
print_tab@tab                                            cstackBANK0   000C3
printf@ap                                                cstackCOMRAM  0005A
printf@fmt                                               cstackBANK0   000BB
putch@txData                                             cstackCOMRAM  00002
read_bytes@add                                           cstackCOMRAM  00002
read_bytes@data                                          cstackCOMRAM  00006
read_bytes@i                                             cstackCOMRAM  00009
read_bytes@lenght                                        cstackCOMRAM  00008
read_parameters_from_flash@bat_param                     cstackBANK0   000C7
read_parameters_from_flash@i                             cstackBANK1   00194
read_parameters_from_flash@param_tab                     cstackBANK1   00100
read_parameters_from_flash@parameter_position            cstackBANK1   00195
represent_value_in_binary@j                              cstackBANK0   000C6
represent_value_in_binary@value                          cstackBANK0   000C5
save_measurment_data_to_flash@data_pos                   bssBANK0      00080
save_measurment_data_to_flash@measured_data              bssBANK0      000B1
save_measurment_data_to_flash@measurment_sampling_time   bssBANK0      0008A
save_measurment_data_to_flash@memory_offset_data         bssBANK0      0006A
save_measurment_data_to_flash@memory_offset_temp         bssBANK0      0006E
save_measurment_data_to_flash@temp_pos                   bssBANK0      0008B
save_measurment_data_to_flash@temp_sampling_time         bssBANK0      00089
save_param_to_table@data                                 cstackCOMRAM  00001
save_param_to_table@j                                    cstackCOMRAM  0000F
save_param_to_table@length                               cstackCOMRAM  00003
save_param_to_table@param_tab                            cstackCOMRAM  00006
save_param_to_table@parameter_position                   cstackCOMRAM  00004
save_parameters_to_flash@bat_param                       cstackBANK0   000D8
save_parameters_to_flash@i                               cstackBANK1   00190
save_parameters_to_flash@param_tab                       cstackBANK1   00100
save_parameters_to_flash@parameter_position              cstackBANK1   00191
save_table_to_param@data                                 cstackCOMRAM  0000C
save_table_to_param@j                                    cstackCOMRAM  0000F
save_table_to_param@length                               cstackCOMRAM  0000E
save_table_to_param@param_tab                            cstackCOMRAM  00003
save_table_to_param@parameter_position                   cstackCOMRAM  00001
sector_erase@add                                         cstackCOMRAM  0001F
sprintf@ap                                               cstackBANK0   000C7
sprintf@f                                                cstackBANK0   000C9
sprintf@fmt                                              cstackBANK0   000BD
sprintf@s                                                cstackBANK0   000BB
stackhi                                                  (abs)         00000
stacklo                                                  (abs)         00000
start                                                    init          0007A
start_initialization                                     cinit         1A772
switch_between_battery_types@bat_param                   cstackCOMRAM  00001
switch_between_battery_types@init                        cstackCOMRAM  00003
toupper@c                                                cstackCOMRAM  00005
ttemp5                                                   temp          00060
ttemp6                                                   temp          00063
ttemp7                                                   temp          00067
update_wear_leveling_static_buffer@addr                  cstackBANK0   000D1
update_wear_leveling_static_buffer@current_param_address cstackBANK0   000CC
update_wear_leveling_static_buffer@i                     cstackBANK0   000D7
update_wear_leveling_static_buffer@j                     cstackBANK0   000D6
update_wear_leveling_static_buffer@lenght                cstackBANK0   000D5
update_wear_leveling_static_buffer@wear_leveling_type    cstackBANK0   000D0
utoa@d                                                   cstackCOMRAM  00020
utoa@fp                                                  cstackCOMRAM  0001E
utoa@i                                                   cstackCOMRAM  0003C
utoa@n                                                   cstackCOMRAM  00034
utoa@p                                                   cstackCOMRAM  00030
utoa@w                                                   cstackCOMRAM  00032
vfpfcnvrt@ap                                             cstackCOMRAM  00046
vfpfcnvrt@convarg                                        cstackCOMRAM  0004E
vfpfcnvrt@cp                                             cstackCOMRAM  00056
vfpfcnvrt@done                                           cstackCOMRAM  0004C
vfpfcnvrt@fmt                                            cstackCOMRAM  00044
vfpfcnvrt@fp                                             cstackCOMRAM  00042
vfprintf@ap                                              cstackBANK0   000B9
vfprintf@cfmt                                            cstackCOMRAM  00058
vfprintf@fmt                                             cstackBANK0   000B7
vfprintf@fp                                              cstackBANK0   000B5
write_byte@add                                           cstackCOMRAM  00004
write_byte@data                                          cstackCOMRAM  00008
write_byte_table_auto_address_increment@add              cstackCOMRAM  0001E
write_byte_table_auto_address_increment@data             cstackCOMRAM  00022
write_byte_table_auto_address_increment@i                cstackCOMRAM  00027
write_byte_table_auto_address_increment@length           cstackCOMRAM  00024
wtemp8                                                   temp          00060
xtoa@c                                                   cstackCOMRAM  00041
xtoa@d                                                   cstackCOMRAM  00020
xtoa@fp                                                  cstackCOMRAM  0001E
xtoa@i                                                   cstackCOMRAM  0003F
xtoa@n                                                   cstackCOMRAM  00037
xtoa@p                                                   cstackCOMRAM  00033
xtoa@w                                                   cstackCOMRAM  00035
xtoa@x                                                   cstackCOMRAM  00028


MODULE INFORMATION

Module		Function		Class		Link	Load	Size
C:\Program Files\Microchip\xc8\v2.40\pic\sources\c99\common\nf_fputc.c
		_fputc         		CODE           	1978E	0000	202

C:\Program Files\Microchip\xc8\v2.40\pic\sources\c99\common\nf_fputc.c estimated size: 202

C:\Program Files\Microchip\xc8\v2.40\pic\sources\c99\common\toupper.c
		_toupper       		CODE           	1AFCE	0000	56

C:\Program Files\Microchip\xc8\v2.40\pic\sources\c99\common\toupper.c estimated size: 56

C:\Program Files\Microchip\xc8\v2.40\pic\sources\c99\common\nf_sprintf.c
		_sprintf       		CODE           	1ABC6	0000	82

C:\Program Files\Microchip\xc8\v2.40\pic\sources\c99\common\nf_sprintf.c estimated size: 82

C:\Program Files\Microchip\xc8\v2.40\pic\sources\c99\common\lwdiv.c
		___lwdiv       		CODE           	1A868	0000	116

C:\Program Files\Microchip\xc8\v2.40\pic\sources\c99\common\lwdiv.c estimated size: 116

C:\Program Files\Microchip\xc8\v2.40\pic\sources\c99\common\isalpha.c
		_isalpha       		CODE           	1B006	0000	56

C:\Program Files\Microchip\xc8\v2.40\pic\sources\c99\common\isalpha.c estimated size: 56

C:\Program Files\Microchip\xc8\v2.40\pic\sources\c99\common\awdiv.c
		___awdiv       		CODE           	19858	0000	196

C:\Program Files\Microchip\xc8\v2.40\pic\sources\c99\common\awdiv.c estimated size: 196

button.c
		_Button_EventGet		CODE           	1B076	0000	56
		_Button_Event_Reset		CODE           	1AC18	0000	80
		_ButtonLeft    		CODE           	1B484	0000	20
		_ButtonOK      		CODE           	1B45C	0000	20
		_Button_Init   		CODE           	17210	0000	450
		_ButtonRight   		CODE           	1B498	0000	20
		_ButtonUp      		CODE           	1B4AC	0000	20
		_Button_Update 		CODE           	15DA2	0000	1056
		_ButtonDown    		CODE           	1B470	0000	20

button.c estimated size: 1742

C:\Program Files\Microchip\xc8\v2.40\pic\sources\c99\common\isspace.c
		_isspace       		CODE           	1AD48	0000	70

C:\Program Files\Microchip\xc8\v2.40\pic\sources\c99\common\isspace.c estimated size: 70

settings.c
		_setupClock    		CODE           	1B53C	0000	14
		_setupPWM      		CODE           	1B4D4	0000	18
		_setupInterrupts		CODE           	1B56A	0000	6
		_setupPorts    		CODE           	1B562	0000	8
		_setupUART     		CODE           	1B51C	0000	16
		_delay_ms      		CODE           	1B0AE	0000	54

settings.c estimated size: 116

C:\Program Files\Microchip\xc8\v2.40\pic\sources\c99\common\atoi.c
		_atoi          		CODE           	17B32	0000	350

C:\Program Files\Microchip\xc8\v2.40\pic\sources\c99\common\atoi.c estimated size: 350

C:\Program Files\Microchip\xc8\v2.40\pic\sources\c99\common\Umul16.c
		___wmul        		CODE           	1B336	0000	38

C:\Program Files\Microchip\xc8\v2.40\pic\sources\c99\common\Umul16.c estimated size: 38

LCD-KS0108/KS0108.c
		___GLCD_GotoX  		CODE           	1A7F2	0000	118
		___GLCD_GotoY  		CODE           	1AF94	0000	58
		_GLCD_SelectChip		CODE           	1AF1A	0000	62
		_GLCD_BufferRead		CODE           	1B14A	0000	50
		_GLCD_Render   		CODE           	1A9AC	0000	96
		_GLCD_FillRectangle		CODE           	1B3E2	0000	26
		_GLCD_GotoX    		CODE           	1B42E	0000	24
		_GLCD_GotoY    		CODE           	1B3FC	0000	26
		_GLCD_WaitBusy 		CODE           	1AAC2	0000	90
		_GLCD_GotoXY   		CODE           	1B52C	0000	16
		_GLCD_FillScreen		CODE           	1AE9A	0000	64
		_Pulse_En      		CODE           	1B4F8	0000	18
		_GLCD_Send     		CODE           	199DE	0000	184
		_GLCD_Setup    		CODE           	1A668	0000	136
		_GLCD_PrintString		CODE           	1A31E	0000	146
		_GLCD_DrawHLine		CODE           	1AD00	0000	72
		_GLCD_DrawVLine		CODE           	1B03E	0000	56
		_GLCD_SetFont  		CODE           	1A3B0	0000	144
		_GLCD_SendCommand		CODE           	1AF58	0000	60
		_GLCD_SendData 		CODE           	1A284	0000	154
		_GLCD_SetPixel 		CODE           	1A6F0	0000	130
		_GLCD_PrintChar		CODE           	14FE4	0000	1224
		_GLCD_DrawRectangle		CODE           	1A4CC	0000	140
		_GLCD_BufferWrite		CODE           	1B0E4	0000	52
		_GLCD_SetPixels		CODE           	1647A	0000	624
		_GLCD_Clear    		CODE           	1B35C	0000	36

LCD-KS0108/KS0108.c estimated size: 3806

interrupts.c
		_ISR           		CODE           	0008	0000	114
		_Init_Timer0   		CODE           	1B4C0	0000	20

interrupts.c estimated size: 134

C:\Program Files\Microchip\xc8\v2.40\pic\sources\c99\common\__lldiv.c
		___lldiv       		CODE           	1A0A4	0000	164

C:\Program Files\Microchip\xc8\v2.40\pic\sources\c99\common\__lldiv.c estimated size: 164

C:\Program Files\Microchip\xc8\v2.40\pic\sources\c99\common\abs.c
		_abs           		CODE           	1AEDA	0000	64

C:\Program Files\Microchip\xc8\v2.40\pic\sources\c99\common\abs.c estimated size: 64

C:\Program Files\Microchip\xc8\v2.40\pic\sources\c99\common\printf.c
		_printf        		CODE           	1B30E	0000	40

C:\Program Files\Microchip\xc8\v2.40\pic\sources\c99\common\printf.c estimated size: 40

menu_definitions.c
		_CycleDisplay  		CODE           	1AA68	0000	90
		_InitBattParameters		CODE           	14ACA	0000	1306
		_CellCount     		CODE           	18E1E	0000	266
		_SetTemp       		CODE           	18C0A	0000	266
		_SetDischargingCurrent_2		CODE           	18330	0000	338
		_CurrentDisplay		CODE           	1AB1C	0000	86
		_CycleSet      		CODE           	18D14	0000	266
		_ChemistryDisplay		CODE           	1899A	0000	312
		_TempDisplay   		CODE           	1ADD2	0000	68
		_batState      		CODE           	19B4A	0000	176
		_MemoryDisplay 		CODE           	19BFA	0000	176
		_SetMaxTime    		CODE           	18482	0000	326
		_MinimumDischargeVoltage		CODE           	18854	0000	326
		_Options1_Menu 		CODE           	19F58	0000	168
		_Options2_Menu 		CODE           	19E04	0000	172
		_Options3_Menu 		CODE           	1A5E0	0000	136
		_Options4_Menu 		CODE           	19D58	0000	172
		_Options5_Menu 		CODE           	195EA	0000	212
		_TimeDisplay   		CODE           	19240	0000	254
		_SetDischargingCurrent_1		CODE           	18F28	0000	264
		_SetDischargingCurrent_4		CODE           	1808C	0000	338
		_SetChargingCurrent_1		CODE           	19030	0000	264
		_TrickleVoltage		CODE           	185C8	0000	326
		_SetChargingCurrent_2		CODE           	17F38	0000	340
		_CapacitanceDisplay		CODE           	173D2	0000	408
		_TrickleCurrent		CODE           	19138	0000	264
		_SingleBat_Menu		CODE           	1942E	0000	232
		_SetCellVotage 		CODE           	1870E	0000	326
		_SetChargingCurrent_3		CODE           	17DE4	0000	340
		_VoltageDisplay		CODE           	19516	0000	212
		_ChargerMode   		CODE           	18AD2	0000	312
		_SetChargingCurrent_4		CODE           	17C90	0000	340
		_SetDischargingCurrent_3		CODE           	181DE	0000	338

menu_definitions.c estimated size: 9420

menu_navigation.c
		_Handle_Main_MenuNavigation		CODE           	176F2	0000	372
		_Handle_Setting23_MenuNavigation		CODE           	154AC	0000	1150
		_switch_between_battery_types		CODE           	1449E	0000	1580
		_Menu          		CODE           	10000	0000	14084
		_Handle_Setting1_MenuNavigation		CODE           	16B9C	0000	584
		_Handle_Setting5_MenuNavigation		CODE           	16954	0000	584

menu_navigation.c estimated size: 18354

C:\Program Files\Microchip\xc8\v2.40\pic\sources\c99\common\isdigit.c
		_isdigit       		CODE           	1B28E	0000	44

C:\Program Files\Microchip\xc8\v2.40\pic\sources\c99\common\isdigit.c estimated size: 44

MMSP.c
		_SPI_Exchange  		CODE           	1B416	0000	24
		_setSPI_Interface		CODE           	1B4E6	0000	18

MMSP.c estimated size: 42

C:\Program Files\Microchip\xc8\v2.40\pic\sources\c99\common\lbdiv.c
		___lbdiv       		CODE           	1AA0C	0000	92

C:\Program Files\Microchip\xc8\v2.40\pic\sources\c99\common\lbdiv.c estimated size: 92

C:\Program Files\Microchip\xc8\v2.40\pic\sources\c99\common\nf_fputs.c
		_fputs         		CODE           	1AE16	0000	68

C:\Program Files\Microchip\xc8\v2.40\pic\sources\c99\common\nf_fputs.c estimated size: 68

C:\Program Files\Microchip\xc8\v2.40\pic\sources\c99\common\lomod.c
		___lomod       		CODE           	196BE	0000	208

C:\Program Files\Microchip\xc8\v2.40\pic\sources\c99\common\lomod.c estimated size: 208

C:\Program Files\Microchip\xc8\v2.40\pic\sources\c99\common\aomod.c
		___aomod       		CODE           	179CE	0000	356

C:\Program Files\Microchip\xc8\v2.40\pic\sources\c99\common\aomod.c estimated size: 356

shared
		__initialization		CODE           	1A772	0000	118
		_Tekton_Pro_Ext27x28		MEDIUMCONST    	C841	0000	10464
		_Font5x8       		MEDIUMCONST    	F9C1	0000	576
		_Tahoma11x13   		MEDIUMCONST    	F121	0000	2208

shared estimated size: 13366

C:\Program Files\Microchip\xc8\v2.40\pic\sources\c99\common\lwmod.c
		___lwmod       		CODE           	1A948	0000	100

C:\Program Files\Microchip\xc8\v2.40\pic\sources\c99\common\lwmod.c estimated size: 100

C:\Program Files\Microchip\xc8\v2.40\pic\sources\c99\common\llmod.c
		___llmod       		CODE           	1A558	0000	136

C:\Program Files\Microchip\xc8\v2.40\pic\sources\c99\common\llmod.c estimated size: 136

peripherials/UART.c
		_print_tab     		CODE           	1AD8E	0000	68
		_putch         		CODE           	1B558	0000	10
		_print_data_tab		CODE           	1ACB6	0000	74
		_UART_SendChar 		CODE           	1B446	0000	22

peripherials/UART.c estimated size: 174

C:\Program Files\Microchip\xc8\v2.40\pic\sources\c99\common\isupper.c
		_isupper       		CODE           	1B262	0000	44

C:\Program Files\Microchip\xc8\v2.40\pic\sources\c99\common\isupper.c estimated size: 44

C:\Program Files\Microchip\xc8\v2.40\pic\sources\c99\common\doprnt.c
		_vfpfcnvrt     		CODE           	1592A	0000	1144
		_pad           		CODE           	19CAA	0000	174
		_dtoa          		CODE           	161C2	0000	696
		_vfprintf      		CODE           	1AB72	0000	84
		_utoa          		CODE           	17014	0000	508
		_xtoa          		CODE           	16DE4	0000	560

C:\Program Files\Microchip\xc8\v2.40\pic\sources\c99\common\doprnt.c estimated size: 3166

main.c
		_main          		CODE           	17866	0000	360
		_init_settings_ptr		CODE           	19A96	0000	180

main.c estimated size: 540

memory.c
		_check_current_param_offset		CODE           	1B20A	0000	44
		_check_if_any_changes_in_parameters		CODE           	1B54A	0000	14
		_save_table_to_param		CODE           	1A148	0000	160
		_represent_value_in_binary		CODE           	1A8DC	0000	108
		_read_parameters_from_flash		CODE           	13DEE	0000	1712
		_save_parameters_to_flash		CODE           	13704	0000	1770
		_parameter_erase		CODE           	1B2BA	0000	42
		_save_param_to_table		CODE           	1A440	0000	140
		_check_parameters_offset_position		CODE           	1A000	0000	164
		_check_current_measurment_offset		CODE           	1B118	0000	50
		_memory_and_cycle_positions		CODE           	19EB0	0000	168
		_update_wear_leveling_static_buffer		CODE           	166EA	0000	618
		_measurment_erase		CODE           	1A1E8	0000	156

memory.c estimated size: 5146

SST25VF.c
		_chip_erase    		CODE           	1B3C4	0000	30
		_block_erase   		CODE           	1B1AC	0000	48
		_sector_erase  		CODE           	1B17C	0000	48
		_check_write_en		CODE           	1B2E4	0000	42
		_read_bytes    		CODE           	1AC68	0000	78
		_check_busy    		CODE           	1B3A2	0000	34
		_write_byte    		CODE           	1AE5A	0000	64
		_sst25vf_init_enable_write		CODE           	1B380	0000	34
		_write_byte_table_auto_address_increment		CODE           	1991C	0000	194

SST25VF.c estimated size: 572

C:\Program Files\Microchip\xc8\v2.40\pic\sources\c99\common\lodiv.c
		___lodiv       		CODE           	1933E	0000	240

C:\Program Files\Microchip\xc8\v2.40\pic\sources\c99\common\lodiv.c estimated size: 240

C:\Program Files\Microchip\xc8\v2.40\pic\sources\c99\common\islower.c
		_islower       		CODE           	1B236	0000	44

C:\Program Files\Microchip\xc8\v2.40\pic\sources\c99\common\islower.c estimated size: 44

C:\Program Files\Microchip\xc8\v2.40\pic\sources\c99\common\aodiv.c
		___aodiv       		CODE           	1756A	0000	392

C:\Program Files\Microchip\xc8\v2.40\pic\sources\c99\common\aodiv.c estimated size: 392

