Microchip MPLAB XC8 Compiler V2.40

Linker command line:

-W9 \
  --edf=C:/Users/RaD/.mchp_packs/Microchip/PIC18F-J_DFP/1.7.159/xc8\pic\dat\20230817221043_en.msgs \
  -cn -h+dist/default/production\battery-tester.X.production.sym \
  --cmf=dist/default/production\battery-tester.X.production.cmf -z \
  -Q18F67J50 -oC:\Users\RaD\AppData\Local\Temp\xcAs56o.4 \
  --defsym=__MPLAB_BUILD=1 --fixupoverflow=error \
  -Mdist/default/production/battery-tester.X.production.map \
  --md=C:\Users\RaD\AppData\Local\Temp\xcAs56o.dat -E1 -ver=XC8 Compiler \
  --acfsm=1493 -ACODE=00h-01FFF7h -ACONST=00h-01FFF7h \
  -ASMALLCONST=01000h-010FFhx495,01FF00h-01FFF7h \
  -AMEDIUMCONST=01000h-0FFFFh,011000h-01FFF7h -ACOMRAM=01h-05Fh \
  -AABS1=00h-0F3Fh -ABIGRAM=01h-0F3Fh \
  -ARAM=060h-0FFh,0100h-01FFhx14,0F00h-0F3Fh -ABANK0=060h-0FFh \
  -ABANK1=0100h-01FFh -ABANK2=0200h-02FFh -ABANK3=0300h-03FFh \
  -ABANK4=0400h-04FFh -ABANK5=0500h-05FFh -ABANK6=0600h-06FFh \
  -ABANK7=0700h-07FFh -ABANK8=0800h-08FFh -ABANK9=0900h-09FFh \
  -ABANK10=0A00h-0AFFh -ABANK11=0B00h-0BFFh -ABANK12=0C00h-0CFFh \
  -ABANK13=0D00h-0DFFh -ABANK14=0E00h-0EFFh -ABANK15=0F00h-0F3Fh \
  -ASFR=0F40h-0F5Fh,0F60h-0FFFh -ABIGSFR=0F40h-0FFFh \
  -ACONFIG=01FFF8h-01FFFDh \
  -preset_vec=00h,intcode=08h,intcodelo,powerup,init -pramtop=01000h \
  -psmallconst=SMALLCONST -pmediumconst=MEDIUMCONST -pconst=CONST \
  -AFARRAM=00h-00h -pjflash_buffer=01F800h \
  -prdata=COMRAM,nvrram=COMRAM,nvbit=COMRAM,rbss=COMRAM,rbit=COMRAM \
  -pfarbss=FARRAM,fardata=FARRAM,nvFARRAM=FARRAM \
  -pintsave_regs=BIGRAM,bigbss=BIGRAM,bigdata=BIGRAM -pbss=RAM \
  -pidata=CODE,irdata=CODE,ibigdata=CODE,ifardata=CODE -prparam=COMRAM \
  C:\Users\RaD\AppData\Local\Temp\xcAs56o.o \
  dist/default/production\battery-tester.X.production.o 

Object code version is 3.11

Machine type is 18F67J50



                Name                               Link     Load   Length Selector   Space Scale
C:\Users\RaD\AppData\Local\Temp\xcAs56o.o
                config                            1FFF8    1FFF8        6        0       4
                init                                 62       62        4        4       0
                reset_vec                             0        0        4        0       0
dist/default/production\battery-tester.X.production.o
                intcode                               8        8       5A        4       0
                config                            1FFF8    1FFF8        6        0       4
                temp                                 5F       5F        1        1       1
                mediumconst                        C87A     C87A     3786     643D       0
                text132                           16FA4    16FA4      1C2     8000       0
                text131                           1B026    1B026       18     D728       0
                text130                           1AFF4    1AFF4       1A     D728       0
                text129                           1B124    1B124       10     D88A       0
                text128                           1B0F0    1B0F0       12     D728       0
                text127                           19854    19854       B8     8000       0
                text126                           1ABF6    1ABF6       3E     8000       0
                text125                           1A79E    1A79E       5A     8000       0
                text124                           1AC34    1AC34       3C     8000       0
                text123                           1A2D4    1A2D4       88     8000       0
                text122                           14AC8    14AC8      51A     8000       0
                text121                           1B0B8    1B0B8       14     D728       0
                text120                           1AD52    1AD52       38     8000       0
                text119                           1A8F4    1A8F4       50     8000       0
                text118                           1B0A4    1B0A4       14     D728       0
                text117                           1B090    1B090       14     D728       0
                text116                           1B07C    1B07C       14     D728       0
                text115                           1B068    1B068       14     D728       0
                text114                           1B054    1B054       14     D728       0
                text113                           1A6E8    1A6E8       5C     8000       0
                text112                           1A4D4    1A4D4       74     8000       0
                text111                           15DA0    15DA0      420     8000       0
                text110                           1ADF0    1ADF0       32     8000       0
                text109                           1A45E    1A45E       76     8000       0
                text108                           19E62    19E62       9A     8000       0
                text107                           19612    19612       C4     8000       0
                text106                           1AC70    1AC70       3A     8000       0
                text105                           1A688    1A688       60     8000       0
                text104                           1AD8A    1AD8A       34     8000       0
                text103                           1A35C    1A35C       82     8000       0
                text102                           1A9DC    1A9DC       48     8000       0
                text101                           16478    16478      270     8000       0
                text100                           1AD1A    1AD1A       38     8000       0
                text99                            1A138    1A138       8C     8000       0
                text98                            1AFDA    1AFDA       1A     D728       0
                text97                            1AF4C    1AF4C       26     D728       0
                text96                            14FE2    14FE2      4C8     8000       0
                text95                            19EFC    19EFC       92     8000       0
                text94                            19F8E    19F8E       90     8000       0
                text93                            17620    17620      174     8000       0
                text92                            16930    16930      248     8000       0
                text91                            154AA    154AA      47E     8000       0
                text90                            166E8    166E8      248     8000       0
                text89                            1AEA8    1AEA8       2C     D728       0
                text88                            1AA24    1AA24       46     8000       0
                text87                            178F8    178F8      15E     8000       0
                text86                            17498    17498      188     8000       0
                text85                            17794    17794      164     8000       0
                text84                            1ABB6    1ABB6       40     8000       0
                text83                            1B03E    1B03E       16     D728       0
                text82                            1B150    1B150        A     D88A       0
                text81                            19548    19548       CA     8000       0
                text80                            1AAF2    1AAF2       44     8000       0
                text79                            19A70    19A70       AE     8000       0
                text78                            161C0    161C0      2B8     8000       0
                text77                            19104    19104       F0     8000       0
                text76                            19478    19478       D0     8000       0
                text75                            16DA8    16DA8      1FC     8000       0
                text74                            1ACE2    1ACE2       38     8000       0
                text73                            1AE7C    1AE7C       2C     D728       0
                text72                            1AE50    1AE50       2C     D728       0
                text71                            1ACAA    1ACAA       38     8000       0
                text70                            16B78    16B78      230     8000       0
                text69                            15928    15928      478     8000       0
                text68                            1A84E    1A84E       54     8000       0
                text67                            1A8A2    1A8A2       52     8000       0
                text66                            18BE4    18BE4      10A     8000       0
                text65                            18898    18898      138     8000       0
                text64                            18760    18760      138     8000       0
                text63                            18ADA    18ADA      10A     8000       0
                text62                            1AB76    1AB76       40     8000       0
                text61                            1AF72    1AF72       24     D728       0
                text60                            19C76    19C76       A8     8000       0
                text59                            1A624    1A624       64     8000       0
                text58                            1861A    1861A      146     8000       0
                text57                            184D4    184D4      146     8000       0
                text56                            18EFE    18EFE      108     8000       0
                text55                            1838E    1838E      146     8000       0
                text54                            19BCA    19BCA       AC     8000       0
                text53                            18248    18248      146     8000       0
                text52                            189D0    189D0      10A     8000       0
                text51                            1A24C    1A24C       88     8000       0
                text50                            18DF6    18DF6      108     8000       0
                text49                            17CFE    17CFE      154     8000       0
                text48                            18CEE    18CEE      108     8000       0
                text47                            180F6    180F6      152     8000       0
                text46                            19B1E    19B1E       AC     8000       0
                text45                            17BAA    17BAA      154     8000       0
                text44                            17A56    17A56      154     8000       0
                text43                            17FA4    17FA4      152     8000       0
                text42                            17E52    17E52      152     8000       0
                text41                            193A4    193A4       D4     8000       0
                text40                            17300    17300      198     8000       0
                text39                            1A7F8    1A7F8       56     8000       0
                text38                            1A744    1A744       5A     8000       0
                text37                            1AAAE    1AAAE       44     8000       0
                text36                            19D1E    19D1E       A4     8000       0
                text35                            1A1C4    1A1C4       88     8000       0
                text34                            19006    19006       FE     8000       0
                text33                            192D0    192D0       D4     8000       0
                text32                            199C0    199C0       B0     8000       0
                text31                            191F4    191F4       DC     8000       0
                text30                            1B00E    1B00E       18     D728       0
                text29                            1A944    1A944       4E     8000       0
                text28                            1A01E    1A01E       8E     8000       0
                text27                            1AF26    1AF26       26     D728       0
                text26                            1AEFE    1AEFE       28     D728       0
                text25                            1A992    1A992       4A     8000       0
                text24                            1A0AC    1A0AC       8C     8000       0
                text23                            1449C    1449C      62C     8000       0
                text22                            1AFB8    1AFB8       22     D728       0
                text21                            1AED4    1AED4       2A     D728       0
                text20                            1ADBE    1ADBE       32     8000       0
                text19                            196D6    196D6       C2     8000       0
                text18                            1A548    1A548       70     8000       0
                text17                            1AA6A    1AA6A       44     8000       0
                text16                            1A5B8    1A5B8       6C     8000       0
                text15                            1AB36    1AB36       40     8000       0
                text14                            17166    17166      19A     8000       0
                text13                            13704    13704      6E8     8000       0
                text12                            1B142    1B142        E     D88A       0
                text11                            10000    10000     3704     8000       0
                text10                            1990C    1990C       B4     8000       0
                text9                             19DC2    19DC2       A0     8000       0
                text8                             13DEC    13DEC      6B0     8000       0
                text7                             1B0DE    1B0DE       12     D728       0
                text6                             1B134    1B134        E     D88A       0
                text5                             1B162    1B162        6     D88A       0
                text4                             1B0CC    1B0CC       12     D728       0
                text3                             1B15A    1B15A        8     D88A       0
                text2                             1B114    1B114       10     D88A       0
                text1                             1AF96    1AF96       22     D728       0
                text0                             19798    19798       BC     8000       0
                cstackCOMRAM                          1        1       5C        1       1
                cstackBANK0                          60       60       59       60       1
                cstackBANK1                         100      100       96      100       1
                cstackBANK2                         200      200       E0      200       1
                bssBIGRAM                           2E2      2E2      400      2E2       1
                bssBANK2                            2E0      2E0        2      200       1
                dataBANK1                           196      196       2D      100       1
                bssBANK1                            1C3      1C3       20      100       1
                dataBANK0                            DF       DF       11       60       1
                bssBANK0                             B9       B9       26       60       1
                bssCOMRAM                            5D       5D        2        1       1
                cinit                             1A3DE    1A3DE       80     8000       0
                idataBANK1                        1AE22    1AE22       2D     8000       0
                idataBANK0                        1B102    1B102       11     D728       0

TOTAL           Name                               Link     Load   Length     Space
        CLASS   CODE           
                intcode                               8        8       5A         0
                init                                 62       62        4         0
                reset_vec                             0        0        4         0
                text132                           16FA4    16FA4      1C2         0
                text131                           1B026    1B026       18         0
                text130                           1AFF4    1AFF4       1A         0
                text129                           1B124    1B124       10         0
                text128                           1B0F0    1B0F0       12         0
                text127                           19854    19854       B8         0
                text126                           1ABF6    1ABF6       3E         0
                text125                           1A79E    1A79E       5A         0
                text124                           1AC34    1AC34       3C         0
                text123                           1A2D4    1A2D4       88         0
                text122                           14AC8    14AC8      51A         0
                text121                           1B0B8    1B0B8       14         0
                text120                           1AD52    1AD52       38         0
                text119                           1A8F4    1A8F4       50         0
                text118                           1B0A4    1B0A4       14         0
                text117                           1B090    1B090       14         0
                text116                           1B07C    1B07C       14         0
                text115                           1B068    1B068       14         0
                text114                           1B054    1B054       14         0
                text113                           1A6E8    1A6E8       5C         0
                text112                           1A4D4    1A4D4       74         0
                text111                           15DA0    15DA0      420         0
                text110                           1ADF0    1ADF0       32         0
                text109                           1A45E    1A45E       76         0
                text108                           19E62    19E62       9A         0
                text107                           19612    19612       C4         0
                text106                           1AC70    1AC70       3A         0
                text105                           1A688    1A688       60         0
                text104                           1AD8A    1AD8A       34         0
                text103                           1A35C    1A35C       82         0
                text102                           1A9DC    1A9DC       48         0
                text101                           16478    16478      270         0
                text100                           1AD1A    1AD1A       38         0
                text99                            1A138    1A138       8C         0
                text98                            1AFDA    1AFDA       1A         0
                text97                            1AF4C    1AF4C       26         0
                text96                            14FE2    14FE2      4C8         0
                text95                            19EFC    19EFC       92         0
                text94                            19F8E    19F8E       90         0
                text93                            17620    17620      174         0
                text92                            16930    16930      248         0
                text91                            154AA    154AA      47E         0
                text90                            166E8    166E8      248         0
                text89                            1AEA8    1AEA8       2C         0
                text88                            1AA24    1AA24       46         0
                text87                            178F8    178F8      15E         0
                text86                            17498    17498      188         0
                text85                            17794    17794      164         0
                text84                            1ABB6    1ABB6       40         0
                text83                            1B03E    1B03E       16         0
                text82                            1B150    1B150        A         0
                text81                            19548    19548       CA         0
                text80                            1AAF2    1AAF2       44         0
                text79                            19A70    19A70       AE         0
                text78                            161C0    161C0      2B8         0
                text77                            19104    19104       F0         0
                text76                            19478    19478       D0         0
                text75                            16DA8    16DA8      1FC         0
                text74                            1ACE2    1ACE2       38         0
                text73                            1AE7C    1AE7C       2C         0
                text72                            1AE50    1AE50       2C         0
                text71                            1ACAA    1ACAA       38         0
                text70                            16B78    16B78      230         0
                text69                            15928    15928      478         0
                text68                            1A84E    1A84E       54         0
                text67                            1A8A2    1A8A2       52         0
                text66                            18BE4    18BE4      10A         0
                text65                            18898    18898      138         0
                text64                            18760    18760      138         0
                text63                            18ADA    18ADA      10A         0
                text62                            1AB76    1AB76       40         0
                text61                            1AF72    1AF72       24         0
                text60                            19C76    19C76       A8         0
                text59                            1A624    1A624       64         0
                text58                            1861A    1861A      146         0
                text57                            184D4    184D4      146         0
                text56                            18EFE    18EFE      108         0
                text55                            1838E    1838E      146         0
                text54                            19BCA    19BCA       AC         0
                text53                            18248    18248      146         0
                text52                            189D0    189D0      10A         0
                text51                            1A24C    1A24C       88         0
                text50                            18DF6    18DF6      108         0
                text49                            17CFE    17CFE      154         0
                text48                            18CEE    18CEE      108         0
                text47                            180F6    180F6      152         0
                text46                            19B1E    19B1E       AC         0
                text45                            17BAA    17BAA      154         0
                text44                            17A56    17A56      154         0
                text43                            17FA4    17FA4      152         0
                text42                            17E52    17E52      152         0
                text41                            193A4    193A4       D4         0
                text40                            17300    17300      198         0
                text39                            1A7F8    1A7F8       56         0
                text38                            1A744    1A744       5A         0
                text37                            1AAAE    1AAAE       44         0
                text36                            19D1E    19D1E       A4         0
                text35                            1A1C4    1A1C4       88         0
                text34                            19006    19006       FE         0
                text33                            192D0    192D0       D4         0
                text32                            199C0    199C0       B0         0
                text31                            191F4    191F4       DC         0
                text30                            1B00E    1B00E       18         0
                text29                            1A944    1A944       4E         0
                text28                            1A01E    1A01E       8E         0
                text27                            1AF26    1AF26       26         0
                text26                            1AEFE    1AEFE       28         0
                text25                            1A992    1A992       4A         0
                text24                            1A0AC    1A0AC       8C         0
                text23                            1449C    1449C      62C         0
                text22                            1AFB8    1AFB8       22         0
                text21                            1AED4    1AED4       2A         0
                text20                            1ADBE    1ADBE       32         0
                text19                            196D6    196D6       C2         0
                text18                            1A548    1A548       70         0
                text17                            1AA6A    1AA6A       44         0
                text16                            1A5B8    1A5B8       6C         0
                text15                            1AB36    1AB36       40         0
                text14                            17166    17166      19A         0
                text13                            13704    13704      6E8         0
                text12                            1B142    1B142        E         0
                text11                            10000    10000     3704         0
                text10                            1990C    1990C       B4         0
                text9                             19DC2    19DC2       A0         0
                text8                             13DEC    13DEC      6B0         0
                text7                             1B0DE    1B0DE       12         0
                text6                             1B134    1B134        E         0
                text5                             1B162    1B162        6         0
                text4                             1B0CC    1B0CC       12         0
                text3                             1B15A    1B15A        8         0
                text2                             1B114    1B114       10         0
                text1                             1AF96    1AF96       22         0
                text0                             19798    19798       BC         0
                cinit                             1A3DE    1A3DE       80         0
                idataBANK1                        1AE22    1AE22       2D         0
                idataBANK0                        1B102    1B102       11         0

        CLASS   CONST          

        CLASS   SMALLCONST     

        CLASS   MEDIUMCONST    
                mediumconst                        C87A     C87A     3786         0

        CLASS   COMRAM         
                temp                                 5F       5F        1         1
                cstackCOMRAM                          1        1       5C         1
                bssCOMRAM                            5D       5D        2         1

        CLASS   ABS1           

        CLASS   BIGRAM         
                bssBIGRAM                           2E2      2E2      400         1

        CLASS   RAM            

        CLASS   BANK0          
                cstackBANK0                          60       60       59         1
                dataBANK0                            DF       DF       11         1
                bssBANK0                             B9       B9       26         1

        CLASS   BANK1          
                cstackBANK1                         100      100       96         1
                dataBANK1                           196      196       2D         1
                bssBANK1                            1C3      1C3       20         1

        CLASS   BANK2          
                cstackBANK2                         200      200       E0         1
                bssBANK2                            2E0      2E0        2         1

        CLASS   BANK3          

        CLASS   BANK4          

        CLASS   BANK5          

        CLASS   BANK6          

        CLASS   BANK7          

        CLASS   BANK8          

        CLASS   BANK9          

        CLASS   BANK10         

        CLASS   BANK11         

        CLASS   BANK12         

        CLASS   BANK13         

        CLASS   BANK14         

        CLASS   BANK15         

        CLASS   SFR            

        CLASS   BIGSFR         

        CLASS   CONFIG         
                config                            1FFF8    1FFF8        6         4

        CLASS   FARRAM         

        CLASS   HEAP           

        CLASS   STACK          

        CLASS   IDLOC          



SEGMENTS        Name                           Load    Length   Top    Selector   Space  Class

                reset_vec                      000000  000004  000004         0       0  CODE    
                cstackCOMRAM                   000001  00005F  000060         1       1  COMRAM  
                intcode                        000008  00005E  000066         4       0  CODE    
                cstackBANK0                    000060  000090  0000F0        60       1  BANK0   
                cstackBANK1                    000100  0000E3  0001E3       100       1  BANK1   
                cstackBANK2                    000200  0000E2  0002E2       200       1  BANK2   
                bssBIGRAM                      0002E2  000400  0006E2       2E2       1  BIGRAM  
                mediumconst                    00C87A  003786  010000      643D       0  MEDIUMCO
                text11                         010000  00AE4F  01AE4F      8000       0  CODE    
                text72                         01AE50  0002C3  01B113      D728       0  CODE    
                text2                          01B114  000054  01B168      D88A       0  CODE    


UNUSED ADDRESS RANGES

        Name                Unused          Largest block    Delta
        BANK0            000F0-000FF              10
        BANK1            001E3-001FF              1D
        BANK10           00A00-00AFF             100
        BANK11           00B00-00BFF             100
        BANK12           00C00-00CFF             100
        BANK13           00D00-00DFF             100
        BANK14           00E00-00EFF             100
        BANK15           00F00-00F3F              40
        BANK6            006E2-006FF              1E
        BANK7            00700-007FF             100
        BANK8            00800-008FF             100
        BANK9            00900-009FF             100
        BIGRAM           000F0-000FF              10
                         001E3-001FF              1D
                         006E2-00F3F             85E
        BIGSFR           00F40-00FFF              C0
        CODE             00004-00007               4
                         00066-0C879            C814
                         1AE4F-1AE4F               1
                         1B113-1B113               1
                         1B168-1FFF7            4E90
        CONST            00004-00007               4
                         00066-0C879            C814
                         1AE4F-1AE4F               1
                         1B113-1B113               1
                         1B168-1FFF7            4E90
        MEDIUMCONST      01000-0C879            B87A
                         1AE4F-1AE4F               1
                         1B113-1B113               1
                         1B168-1FFF7            4E90
        RAM              000F0-000FF              10
                         001E3-001FF              1D
                         006E2-00F3F             100
        SFR              00F40-00FFF              20
        SMALLCONST       01000-0C879             100
                         1AE4F-1AE4F               1
                         1B113-1B113               1
                         1B168-1FFF7             100

                                  Symbol Table

?___aodiv                                                cstackCOMRAM  00001
?___aomod                                                cstackCOMRAM  00001
?___awdiv                                                cstackCOMRAM  00001
?___lldiv                                                cstackCOMRAM  0000A
?___llmod                                                cstackCOMRAM  00001
?___lodiv                                                cstackCOMRAM  00001
?___lomod                                                cstackCOMRAM  00001
?___lwdiv                                                cstackCOMRAM  00001
?___lwmod                                                cstackCOMRAM  00001
?___wmul                                                 cstackCOMRAM  00015
?_abs                                                    cstackCOMRAM  00013
?_atoi                                                   cstackCOMRAM  0001B
?_check_current_param_offset                             cstackCOMRAM  0001B
?_check_offset_position                                  cstackCOMRAM  0000A
?_isalpha                                                cstackCOMRAM  00001
?_isdigit                                                cstackCOMRAM  00001
?_islower                                                cstackCOMRAM  00001
?_isspace                                                cstackCOMRAM  00001
?_isupper                                                cstackCOMRAM  00001
?_printf                                                 cstackBANK0   00066
?_save_table_to_param                                    cstackCOMRAM  00001
?_sprintf                                                cstackBANK0   00066
?_toupper                                                cstackCOMRAM  00005
?_vfprintf                                               cstackBANK0   00060
Button_EventGet@key                                      cstackCOMRAM  00003
Button_Init@i                                            cstackCOMRAM  0000F
Button_Update@key                                        cstackCOMRAM  00013
Button_Update@now_pressed                                cstackCOMRAM  00012
CapacitanceDisplay@bat_param                             cstackBANK0   0007F
CellCount@bat_param                                      cstackBANK0   0007F
CellCount@set_mode                                       cstackBANK0   00081
ChargerMode@bat_param                                    cstackCOMRAM  00034
ChargerMode@set_mode                                     cstackCOMRAM  00036
ChemistryDisplay@bat_param                               cstackCOMRAM  00034
ChemistryDisplay@set_mode                                cstackCOMRAM  00036
CurrentDisplay@bat_param                                 cstackBANK0   0007F
CycleDisplay@bat_param                                   cstackBANK0   0007F
CycleSet@bat_param                                       cstackBANK0   0007F
CycleSet@set_mode                                        cstackBANK0   00081
GLCD_BufferRead@X                                        cstackCOMRAM  00005
GLCD_BufferRead@Y                                        cstackCOMRAM  00001
GLCD_BufferWrite@Data                                    cstackCOMRAM  00002
GLCD_BufferWrite@X                                       cstackCOMRAM  00006
GLCD_BufferWrite@Y                                       cstackCOMRAM  00001
GLCD_DrawHLine@Color                                     cstackCOMRAM  0000F
GLCD_DrawHLine@X1                                        cstackCOMRAM  00011
GLCD_DrawHLine@X2                                        cstackCOMRAM  0000D
GLCD_DrawHLine@Y                                         cstackCOMRAM  0000E
GLCD_DrawHLine@t                                         cstackCOMRAM  00010
GLCD_DrawRectangle@Color                                 cstackCOMRAM  00024
GLCD_DrawRectangle@X1                                    cstackCOMRAM  00025
GLCD_DrawRectangle@X2                                    cstackCOMRAM  00022
GLCD_DrawRectangle@Y1                                    cstackCOMRAM  00021
GLCD_DrawRectangle@Y2                                    cstackCOMRAM  00023
GLCD_DrawVLine@Color                                     cstackCOMRAM  0001E
GLCD_DrawVLine@X                                         cstackCOMRAM  0001D
GLCD_DrawVLine@Y1                                        cstackCOMRAM  00020
GLCD_DrawVLine@Y2                                        cstackCOMRAM  0001C
GLCD_DrawVLine@t                                         cstackCOMRAM  0001F
GLCD_FillRectangle@Color                                 cstackCOMRAM  0001F
GLCD_FillRectangle@X1                                    cstackCOMRAM  00020
GLCD_FillRectangle@X2                                    cstackCOMRAM  0001D
GLCD_FillRectangle@Y1                                    cstackCOMRAM  0001C
GLCD_FillRectangle@Y2                                    cstackCOMRAM  0001E
GLCD_FillScreen@Color                                    cstackCOMRAM  00007
GLCD_FillScreen@i                                        cstackCOMRAM  00008
GLCD_FillScreen@j                                        cstackCOMRAM  00009
GLCD_GotoX@X                                             cstackCOMRAM  00001
GLCD_GotoXY@X                                            cstackCOMRAM  00003
GLCD_GotoXY@Y                                            cstackCOMRAM  00002
GLCD_GotoY@Y                                             cstackCOMRAM  00001
GLCD_PrintChar@Character                                 cstackCOMRAM  00021
GLCD_PrintChar@data                                      cstackCOMRAM  0002F
GLCD_PrintChar@data_next                                 cstackCOMRAM  00024
GLCD_PrintChar@fontRead                                  cstackCOMRAM  0002A
GLCD_PrintChar@fontStart                                 cstackCOMRAM  00026
GLCD_PrintChar@i                                         cstackCOMRAM  0002D
GLCD_PrintChar@j                                         cstackCOMRAM  0002E
GLCD_PrintChar@lines                                     cstackCOMRAM  00029
GLCD_PrintChar@overflow                                  cstackCOMRAM  0002C
GLCD_PrintChar@width                                     cstackCOMRAM  00028
GLCD_PrintChar@x                                         cstackCOMRAM  00025
GLCD_PrintChar@y                                         cstackCOMRAM  00023
GLCD_PrintChar@y2                                        cstackCOMRAM  00022
GLCD_PrintString@Text                                    cstackCOMRAM  00030
GLCD_Render@i                                            cstackCOMRAM  00016
GLCD_Render@j                                            cstackCOMRAM  00015
GLCD_SelectChip@Chip                                     cstackCOMRAM  00001
GLCD_SelectChip@off                                      cstackCOMRAM  00002
GLCD_Send@Data                                           cstackCOMRAM  00001
GLCD_SendCommand@Chip                                    cstackCOMRAM  00006
GLCD_SendCommand@Command                                 cstackCOMRAM  00007
GLCD_SendData@Chip                                       cstackCOMRAM  0000F
GLCD_SendData@Data                                       cstackCOMRAM  00014
GLCD_SetFont@Height                                      cstackCOMRAM  0000C
GLCD_SetFont@Invert                                      cstackCOMRAM  0000E
GLCD_SetFont@Mode                                        cstackCOMRAM  0000D
GLCD_SetFont@Name                                        cstackCOMRAM  00009
GLCD_SetFont@Width                                       cstackCOMRAM  0000B
GLCD_SetPixel@Color                                      cstackCOMRAM  00008
GLCD_SetPixel@X                                          cstackCOMRAM  0000B
GLCD_SetPixel@Y                                          cstackCOMRAM  00007
GLCD_SetPixel@data                                       cstackCOMRAM  0000C
GLCD_SetPixels@Color                                     cstackCOMRAM  0000A
GLCD_SetPixels@X1                                        cstackCOMRAM  00018
GLCD_SetPixels@X2                                        cstackCOMRAM  00008
GLCD_SetPixels@Y1                                        cstackCOMRAM  00007
GLCD_SetPixels@Y2                                        cstackCOMRAM  00009
GLCD_SetPixels@data                                      cstackCOMRAM  0001B
GLCD_SetPixels@h                                         cstackCOMRAM  00015
GLCD_SetPixels@height                                    cstackCOMRAM  0001A
GLCD_SetPixels@i                                         cstackCOMRAM  00017
GLCD_SetPixels@mask                                      cstackCOMRAM  00019
GLCD_SetPixels@offset                                    cstackCOMRAM  00016
GLCD_SetPixels@width                                     cstackCOMRAM  00014
GLCD_WaitBusy@Chip                                       cstackCOMRAM  00004
GLCD_WaitBusy@status                                     cstackCOMRAM  00005
Handle_Main_MenuNavigation@option                        cstackCOMRAM  00034
Handle_Setting1_MenuNavigation@option                    cstackCOMRAM  00034
Handle_Setting23_MenuNavigation@option                   cstackCOMRAM  00034
Handle_Setting5_MenuNavigation@option                    cstackCOMRAM  00034
ISR@counter_second                                       bssBANK0      000D5
InitBattParameters@bat_param                             cstackCOMRAM  00001
InitBattParameters@i                                     cstackCOMRAM  00005
Menu@bat_param                                           cstackBANK0   000B1
Menu@menu_change                                         dataBANK0     000EF
Menu@menu_init                                           bssBANK0      000DC
Menu@menu_pos                                            bssBANK0      000DB
Menu@menu_selection                                      bssBANK0      000DD
Menu@menu_type                                           bssBANK0      000DE
Menu@param_pos                                           dataBANK0     000EE
Menu@switch_param                                        bssBANK0      000DA
Menu@val                                                 cstackBANK0   000B7
MinimumDischargeVoltage@bat_param                        cstackBANK0   0007F
MinimumDischargeVoltage@set_mode                         cstackBANK0   00081
Options1_Menu@bat_param                                  cstackBANK0   00082
Options2_Menu@bat_param                                  cstackBANK0   00082
Options3_Menu@bat_param                                  cstackBANK0   00082
Options4_Menu@bat_param                                  cstackBANK0   00082
Options5_Menu@bat_param                                  cstackBANK0   00082
SPI_Exchange@data                                        cstackCOMRAM  00001
SetCellVotage@bat_param                                  cstackBANK0   0007F
SetCellVotage@set_mode                                   cstackBANK0   00081
SetChargingCurrent_1@bat_param                           cstackBANK0   0007F
SetChargingCurrent_1@set_mode                            cstackBANK0   00081
SetChargingCurrent_2@bat_param                           cstackBANK0   0007F
SetChargingCurrent_2@set_mode                            cstackBANK0   00081
SetChargingCurrent_3@bat_param                           cstackBANK0   0007F
SetChargingCurrent_3@set_mode                            cstackBANK0   00081
SetChargingCurrent_4@bat_param                           cstackBANK0   0007F
SetChargingCurrent_4@set_mode                            cstackBANK0   00081
SetDischargingCurrent_1@bat_param                        cstackBANK0   0007F
SetDischargingCurrent_1@set_mode                         cstackBANK0   00081
SetDischargingCurrent_2@bat_param                        cstackBANK0   0007F
SetDischargingCurrent_2@set_mode                         cstackBANK0   00081
SetDischargingCurrent_3@bat_param                        cstackBANK0   0007F
SetDischargingCurrent_3@set_mode                         cstackBANK0   00081
SetDischargingCurrent_4@bat_param                        cstackBANK0   0007F
SetDischargingCurrent_4@set_mode                         cstackBANK0   00081
SetMaxTime@bat_param                                     cstackBANK0   0007F
SetMaxTime@set_mode                                      cstackBANK0   00081
SetTemp@bat_param                                        cstackBANK0   0007F
SetTemp@set_mode                                         cstackBANK0   00081
SingleBat_Menu@bat_param                                 cstackBANK0   00081
TempDisplay@bat_param                                    cstackBANK0   0007F
TimeDisplay@bat_param                                    cstackBANK0   0007F
TrickleCurrent@bat_param                                 cstackBANK0   0007F
TrickleCurrent@set_mode                                  cstackBANK0   00081
TrickleVoltage@bat_param                                 cstackBANK0   0007F
TrickleVoltage@set_mode                                  cstackBANK0   00081
TwoBatMenu@F6107                                         mediumconst   0C89A
TwoBatMenu@F6109                                         mediumconst   0C890
TwoBatMenu@F6111                                         mediumconst   0C87B
TwoBatMenu@F6113                                         mediumconst   0C886
UART_SendChar@data                                       cstackCOMRAM  00001
VoltageDisplay@bat_param                                 cstackBANK0   0007F
_ButtonDown                                              text115       1B068
_ButtonLeft                                              text116       1B07C
_ButtonOK                                                text114       1B054
_ButtonRight                                             text117       1B090
_ButtonUp                                                text118       1B0A4
_Button_EventGet                                         text120       1AD52
_Button_Event_Reset                                      text119       1A8F4
_Button_Init                                             text132       16FA4
_Button_Init$1926                                        cstackCOMRAM  00007
_Button_Init$1927                                        cstackCOMRAM  00009
_Button_Init$1928                                        cstackCOMRAM  0000B
_Button_Init$1938                                        cstackCOMRAM  0000D
_Button_Update                                           text111       15DA0
_CCP3CONbits                                             (abs)         00FB1
_CCPR3L                                                  (abs)         00FB2
_CapacitanceDisplay                                      text40        17300
_CellCount                                               text66        18BE4
_ChargerMode                                             text65        18898
_ChemistryDisplay                                        text64        18760
_CurrentDisplay                                          text39        1A7F8
_CycleDisplay                                            text38        1A744
_CycleSet                                                text63        18ADA
_Font5x8                                                 mediumconst   0FA24
_GLCD_BufferRead                                         text110       1ADF0
_GLCD_BufferWrite                                        text104       1AD8A
_GLCD_Clear                                              text61        1AF72
_GLCD_Clear$173                                          cstackCOMRAM  0000A
_GLCD_DrawHLine                                          text102       1A9DC
_GLCD_DrawRectangle                                      text99        1A138
_GLCD_DrawVLine                                          text100       1AD1A
_GLCD_FillRectangle                                      text98        1AFDA
_GLCD_FillScreen                                         text62        1AB76
_GLCD_GotoX                                              text131       1B026
_GLCD_GotoXY                                             text129       1B124
_GLCD_GotoY                                              text130       1AFF4
_GLCD_PrintChar                                          text96        14FE2
_GLCD_PrintString                                        text95        19EFC
_GLCD_Render                                             text105       1A688
_GLCD_SelectChip                                         text126       1ABF6
_GLCD_Send                                               text127       19854
_GLCD_SendCommand                                        text124       1AC34
_GLCD_SendData                                           text108       19E62
_GLCD_SendData$160                                       cstackCOMRAM  00012
_GLCD_SetFont                                            text94        19F8E
_GLCD_SetPixel                                           text103       1A35C
_GLCD_SetPixels                                          text101       16478
_GLCD_SetPixels$210                                      cstackCOMRAM  00010
_GLCD_SetPixels$211                                      cstackCOMRAM  00012
_GLCD_Setup                                              text123       1A2D4
_GLCD_WaitBusy                                           text125       1A79E
_Handle_Main_MenuNavigation                              text93        17620
_Handle_Setting1_MenuNavigation                          text92        16930
_Handle_Setting23_MenuNavigation                         text91        154AA
_Handle_Setting5_MenuNavigation                          text90        166E8
_INTCONbits                                              (abs)         00FF2
_ISR                                                     intcode       00008
_InitBattParameters                                      text122       14AC8
_Init_Timer0                                             text121       1B0B8
_LATAbits                                                (abs)         00F89
_LATD                                                    (abs)         00F8C
_LATE                                                    (abs)         00F8D
_LATFbits                                                (abs)         00F8E
_Menu                                                    text11        10000
_MinimumDischargeVoltage                                 text58        1861A
_OSCCONbits                                              (abs)         00FD3
_OSCTUNEbits                                             (abs)         00F9B
_Options1_Menu                                           text60        19C76
_Options2_Menu                                           text54        19BCA
_Options3_Menu                                           text51        1A24C
_Options4_Menu                                           text46        19B1E
_Options5_Menu                                           text41        193A4
_PORTC                                                   (abs)         00F82
_PORTE                                                   (abs)         00F84
_PORTG                                                   (abs)         00F86
_PR2                                                     (abs)         00FCB
_Pulse_En                                                text128       1B0F0
_RCSTA2bits                                              (abs)         00F9C
_SPBRG2                                                  (abs)         00FAB
_SPI_Exchange                                            text30        1B00E
_SSP1BUF                                                 (abs)         00FC9
_SSP1CON1bits                                            (abs)         00FC6
_SSP1STATbits                                            (abs)         00FC7
_SetCellVotage                                           text57        184D4
_SetChargingCurrent_1                                    text50        18DF6
_SetChargingCurrent_2                                    text49        17CFE
_SetChargingCurrent_3                                    text45        17BAA
_SetChargingCurrent_4                                    text44        17A56
_SetDischargingCurrent_1                                 text48        18CEE
_SetDischargingCurrent_2                                 text47        180F6
_SetDischargingCurrent_3                                 text43        17FA4
_SetDischargingCurrent_4                                 text42        17E52
_SetMaxTime                                              text53        18248
_SetTemp                                                 text52        189D0
_SingleBat_Menu                                          text31        191F4
_T0CONbits                                               (abs)         00FD5
_T2CONbits                                               (abs)         00FCA
_TMR0                                                    (abs)         00FD6
_TRISAbits                                               (abs)         00F92
_TRISC                                                   (abs)         00F94
_TRISCbits                                               (abs)         00F94
_TRISD                                                   (abs)         00F95
_TRISDbits                                               (abs)         00F95
_TRISE                                                   (abs)         00F96
_TRISFbits                                               (abs)         00F97
_TRISG                                                   (abs)         00F98
_TRISGbits                                               (abs)         00F98
_TXREG2                                                  (abs)         00FA9
_TXSTA2bits                                              (abs)         00FA8
_Tahoma11x13                                             mediumconst   0F184
_Tekton_Pro_Ext27x28                                     mediumconst   0C8A4
_TempDisplay                                             text37        1AAAE
_TimeDisplay                                             text34        19006
_TrickleCurrent                                          text56        18EFE
_TrickleVoltage                                          text55        1838E
_UART_SendChar                                           text83        1B03E
_VoltageDisplay                                          text33        192D0
__HRAM                                                   (abs)         00000
__Habs1                                                  abs1          00000
__Hbank0                                                 bank0         00000
__Hbank1                                                 bank1         00000
__Hbank10                                                bank10        00000
__Hbank11                                                bank11        00000
__Hbank12                                                bank12        00000
__Hbank13                                                bank13        00000
__Hbank14                                                bank14        00000
__Hbank15                                                bank15        00000
__Hbank2                                                 bank2         00000
__Hbank3                                                 bank3         00000
__Hbank4                                                 bank4         00000
__Hbank5                                                 bank5         00000
__Hbank6                                                 bank6         00000
__Hbank7                                                 bank7         00000
__Hbank8                                                 bank8         00000
__Hbank9                                                 bank9         00000
__Hbigbss                                                bigbss        00000
__Hbigdata                                               bigdata       00000
__Hbigram                                                bigram        00000
__Hbigsfr                                                bigsfr        00000
__Hbss                                                   bss           00000
__HbssBANK0                                              bssBANK0      00000
__HbssBANK1                                              bssBANK1      00000
__HbssBANK2                                              bssBANK2      00000
__HbssBIGRAM                                             bssBIGRAM     00000
__HbssCOMRAM                                             bssCOMRAM     00000
__Hcinit                                                 cinit         00000
__Hclrtext                                               clrtext       00000
__Hcomram                                                comram        00000
__Hconfig                                                config        1FFFE
__Hconst                                                 const         00000
__HcstackBANK0                                           cstackBANK0   00000
__HcstackBANK1                                           cstackBANK1   00000
__HcstackBANK2                                           cstackBANK2   00000
__HcstackCOMRAM                                          cstackCOMRAM  00000
__Hdata                                                  data          00000
__HdataBANK0                                             dataBANK0     00000
__HdataBANK1                                             dataBANK1     00000
__Hfarbss                                                farbss        00000
__Hfardata                                               fardata       00000
__Hheap                                                  heap          00000
__Hibigdata                                              ibigdata      00000
__Hidata                                                 idata         00000
__HidataBANK0                                            idataBANK0    00000
__HidataBANK1                                            idataBANK1    00000
__Hidloc                                                 idloc         00000
__Hifardata                                              ifardata      00000
__Hinit                                                  init          00066
__Hintcode                                               intcode       00062
__Hintcode_body                                          intcode_body  00000
__Hintcodelo                                             intcodelo     00062
__Hintentry                                              intentry      00000
__Hintret                                                intret        00000
__Hintsave_regs                                          intsave_regs  00000
__Hirdata                                                irdata        00000
__Hjflash_buffer                                         jflash_buffer 1F800
__Hmediumconst                                           mediumconst   10000
__HnvFARRAM                                              nvFARRAM      00000
__Hnvbit                                                 nvbit         00000
__Hnvrram                                                nvrram        00000
__Hparam                                                 rparam        00000
__Hpowerup                                               powerup       00062
__Hram                                                   ram           00000
__Hramtop                                                ramtop        01000
__Hrbit                                                  rbit          00000
__Hrbss                                                  rbss          00000
__Hrdata                                                 rdata         00000
__Hreset_vec                                             reset_vec     00004
__Hrparam                                                rparam        00000
__Hsfr                                                   sfr           00000
__Hsmallconst                                            smallconst    00000
__Hspace_0                                               (abs)         1F800
__Hspace_1                                               (abs)         006E2
__Hspace_2                                               (abs)         00000
__Hspace_4                                               (abs)         3FFF6
__Hstack                                                 stack         00000
__Hstruct                                                struct        00000
__Htemp                                                  temp          00060
__Htext                                                  text          00000
__Htext0                                                 text0         00000
__Htext1                                                 text1         00000
__Htext10                                                text10        00000
__Htext100                                               text100       00000
__Htext101                                               text101       00000
__Htext102                                               text102       00000
__Htext103                                               text103       00000
__Htext104                                               text104       00000
__Htext105                                               text105       00000
__Htext106                                               text106       00000
__Htext107                                               text107       00000
__Htext108                                               text108       00000
__Htext109                                               text109       00000
__Htext11                                                text11        00000
__Htext110                                               text110       00000
__Htext111                                               text111       00000
__Htext112                                               text112       00000
__Htext113                                               text113       00000
__Htext114                                               text114       00000
__Htext115                                               text115       00000
__Htext116                                               text116       00000
__Htext117                                               text117       00000
__Htext118                                               text118       00000
__Htext119                                               text119       00000
__Htext12                                                text12        00000
__Htext120                                               text120       00000
__Htext121                                               text121       00000
__Htext122                                               text122       00000
__Htext123                                               text123       00000
__Htext124                                               text124       00000
__Htext125                                               text125       00000
__Htext126                                               text126       00000
__Htext127                                               text127       00000
__Htext128                                               text128       00000
__Htext129                                               text129       00000
__Htext13                                                text13        00000
__Htext130                                               text130       00000
__Htext131                                               text131       00000
__Htext132                                               text132       00000
__Htext14                                                text14        00000
__Htext15                                                text15        00000
__Htext16                                                text16        00000
__Htext17                                                text17        00000
__Htext18                                                text18        00000
__Htext19                                                text19        00000
__Htext2                                                 text2         00000
__Htext20                                                text20        00000
__Htext21                                                text21        00000
__Htext22                                                text22        00000
__Htext23                                                text23        00000
__Htext24                                                text24        00000
__Htext25                                                text25        00000
__Htext26                                                text26        00000
__Htext27                                                text27        00000
__Htext28                                                text28        00000
__Htext29                                                text29        00000
__Htext3                                                 text3         00000
__Htext30                                                text30        00000
__Htext31                                                text31        00000
__Htext32                                                text32        00000
__Htext33                                                text33        00000
__Htext34                                                text34        00000
__Htext35                                                text35        00000
__Htext36                                                text36        00000
__Htext37                                                text37        00000
__Htext38                                                text38        00000
__Htext39                                                text39        00000
__Htext4                                                 text4         00000
__Htext40                                                text40        00000
__Htext41                                                text41        00000
__Htext42                                                text42        00000
__Htext43                                                text43        00000
__Htext44                                                text44        00000
__Htext45                                                text45        00000
__Htext46                                                text46        00000
__Htext47                                                text47        00000
__Htext48                                                text48        00000
__Htext49                                                text49        00000
__Htext5                                                 text5         00000
__Htext50                                                text50        00000
__Htext51                                                text51        00000
__Htext52                                                text52        00000
__Htext53                                                text53        00000
__Htext54                                                text54        00000
__Htext55                                                text55        00000
__Htext56                                                text56        00000
__Htext57                                                text57        00000
__Htext58                                                text58        00000
__Htext59                                                text59        00000
__Htext6                                                 text6         00000
__Htext60                                                text60        00000
__Htext61                                                text61        00000
__Htext62                                                text62        00000
__Htext63                                                text63        00000
__Htext64                                                text64        00000
__Htext65                                                text65        00000
__Htext66                                                text66        00000
__Htext67                                                text67        00000
__Htext68                                                text68        00000
__Htext69                                                text69        00000
__Htext7                                                 text7         00000
__Htext70                                                text70        00000
__Htext71                                                text71        00000
__Htext72                                                text72        00000
__Htext73                                                text73        00000
__Htext74                                                text74        00000
__Htext75                                                text75        00000
__Htext76                                                text76        00000
__Htext77                                                text77        00000
__Htext78                                                text78        00000
__Htext79                                                text79        00000
__Htext8                                                 text8         00000
__Htext80                                                text80        00000
__Htext81                                                text81        00000
__Htext82                                                text82        00000
__Htext83                                                text83        00000
__Htext84                                                text84        00000
__Htext85                                                text85        00000
__Htext86                                                text86        00000
__Htext87                                                text87        00000
__Htext88                                                text88        00000
__Htext89                                                text89        00000
__Htext9                                                 text9         00000
__Htext90                                                text90        00000
__Htext91                                                text91        00000
__Htext92                                                text92        00000
__Htext93                                                text93        00000
__Htext94                                                text94        00000
__Htext95                                                text95        00000
__Htext96                                                text96        00000
__Htext97                                                text97        00000
__Htext98                                                text98        00000
__Htext99                                                text99        00000
__LRAM                                                   (abs)         00001
__Labs1                                                  abs1          00000
__Lbank0                                                 bank0         00000
__Lbank1                                                 bank1         00000
__Lbank10                                                bank10        00000
__Lbank11                                                bank11        00000
__Lbank12                                                bank12        00000
__Lbank13                                                bank13        00000
__Lbank14                                                bank14        00000
__Lbank15                                                bank15        00000
__Lbank2                                                 bank2         00000
__Lbank3                                                 bank3         00000
__Lbank4                                                 bank4         00000
__Lbank5                                                 bank5         00000
__Lbank6                                                 bank6         00000
__Lbank7                                                 bank7         00000
__Lbank8                                                 bank8         00000
__Lbank9                                                 bank9         00000
__Lbigbss                                                bigbss        00000
__Lbigdata                                               bigdata       00000
__Lbigram                                                bigram        00000
__Lbigsfr                                                bigsfr        00000
__Lbss                                                   bss           00000
__LbssBANK0                                              bssBANK0      00000
__LbssBANK1                                              bssBANK1      00000
__LbssBANK2                                              bssBANK2      00000
__LbssBIGRAM                                             bssBIGRAM     00000
__LbssCOMRAM                                             bssCOMRAM     00000
__Lcinit                                                 cinit         00000
__Lclrtext                                               clrtext       00000
__Lcomram                                                comram        00000
__Lconfig                                                config        00000
__Lconst                                                 const         00000
__LcstackBANK0                                           cstackBANK0   00000
__LcstackBANK1                                           cstackBANK1   00000
__LcstackBANK2                                           cstackBANK2   00000
__LcstackCOMRAM                                          cstackCOMRAM  00000
__Ldata                                                  data          00000
__LdataBANK0                                             dataBANK0     00000
__LdataBANK1                                             dataBANK1     00000
__Lfarbss                                                farbss        00000
__Lfardata                                               fardata       00000
__Lheap                                                  heap          00000
__Libigdata                                              ibigdata      00000
__Lidata                                                 idata         00000
__LidataBANK0                                            idataBANK0    00000
__LidataBANK1                                            idataBANK1    00000
__Lidloc                                                 idloc         00000
__Lifardata                                              ifardata      00000
__Linit                                                  init          00062
__Lintcode                                               intcode       00008
__Lintcode_body                                          intcode_body  00000
__Lintcodelo                                             intcodelo     00062
__Lintentry                                              intentry      00000
__Lintret                                                intret        00000
__Lintsave_regs                                          intsave_regs  00000
__Lirdata                                                irdata        00000
__Ljflash_buffer                                         jflash_buffer 1F800
__Lmediumconst                                           mediumconst   0C87A
__LnvFARRAM                                              nvFARRAM      00000
__Lnvbit                                                 nvbit         00000
__Lnvrram                                                nvrram        00000
__Lparam                                                 rparam        00000
__Lpowerup                                               powerup       00062
__Lram                                                   ram           00000
__Lramtop                                                ramtop        01000
__Lrbit                                                  rbit          00000
__Lrbss                                                  rbss          00000
__Lrdata                                                 rdata         00000
__Lreset_vec                                             reset_vec     00000
__Lrparam                                                rparam        00000
__Lsfr                                                   sfr           00000
__Lsmallconst                                            smallconst    00000
__Lspace_0                                               (abs)         00000
__Lspace_1                                               (abs)         00000
__Lspace_2                                               (abs)         00000
__Lspace_4                                               (abs)         00000
__Lstack                                                 stack         00000
__Lstruct                                                struct        00000
__Ltemp                                                  temp          0005F
__Ltext                                                  text          00000
__Ltext0                                                 text0         00000
__Ltext1                                                 text1         00000
__Ltext10                                                text10        00000
__Ltext100                                               text100       00000
__Ltext101                                               text101       00000
__Ltext102                                               text102       00000
__Ltext103                                               text103       00000
__Ltext104                                               text104       00000
__Ltext105                                               text105       00000
__Ltext106                                               text106       00000
__Ltext107                                               text107       00000
__Ltext108                                               text108       00000
__Ltext109                                               text109       00000
__Ltext11                                                text11        00000
__Ltext110                                               text110       00000
__Ltext111                                               text111       00000
__Ltext112                                               text112       00000
__Ltext113                                               text113       00000
__Ltext114                                               text114       00000
[...]
int$flags                                                temp          0005F
intlevel0                                                text          00000
intlevel1                                                text          00000
intlevel2                                                text          00000
intlevel3                                                text          00000
isa$std                                                  (abs)         00001
isa$xinst                                                (abs)         00000
isalpha@c                                                cstackCOMRAM  00001
isdigit@c                                                cstackCOMRAM  00001
islower@c                                                cstackCOMRAM  00001
isspace@c                                                cstackCOMRAM  00001
isupper@c                                                cstackCOMRAM  00001
main@bat_param                                           cstackBANK2   00281
main@liion_settings                                      cstackBANK2   00256
main@nimh_settings                                       cstackBANK2   00200
main@pb_settings                                         cstackBANK2   0022B
pad@buf                                                  cstackCOMRAM  00015
pad@fp                                                   cstackCOMRAM  00013
pad@i                                                    cstackCOMRAM  0001A
pad@p                                                    cstackCOMRAM  00017
pad@w                                                    cstackCOMRAM  0001C
parameter_sector_copy_erase_restore@i                    cstackBANK0   000A0
parameter_sector_copy_erase_restore@tab                  cstackBANK0   00060
print_data_tab@i                                         cstackBANK0   00071
print_data_tab@lenght                                    cstackBANK0   00070
print_data_tab@tab                                       cstackBANK0   0006E
print_tab@i                                              cstackBANK0   00071
print_tab@lenght                                         cstackBANK0   00070
print_tab@tab                                            cstackBANK0   0006E
printf@ap                                                cstackCOMRAM  0005A
printf@fmt                                               cstackBANK0   00066
putch@txData                                             cstackCOMRAM  00002
read_bytes@add                                           cstackCOMRAM  00002
read_bytes@data                                          cstackCOMRAM  00006
read_bytes@i                                             cstackCOMRAM  00009
read_bytes@lenght                                        cstackCOMRAM  00008
read_parameters_from_flash@bat_param                     cstackBANK0   00072
read_parameters_from_flash@i                             cstackBANK1   00194
read_parameters_from_flash@param_tab                     cstackBANK1   00100
read_parameters_from_flash@parameter_position            cstackBANK1   00195
represent_value_in_binary@j                              cstackBANK0   00071
represent_value_in_binary@value                          cstackBANK0   00070
save_param_to_table@data                                 cstackCOMRAM  00001
save_param_to_table@j                                    cstackCOMRAM  0000F
save_param_to_table@length                               cstackCOMRAM  00003
save_param_to_table@param_tab                            cstackCOMRAM  00006
save_param_to_table@parameter_position                   cstackCOMRAM  00004
save_parameters_to_flash@bat_param                       cstackBANK0   000AA
save_parameters_to_flash@i                               cstackBANK1   00190
save_parameters_to_flash@param_tab                       cstackBANK1   00100
save_parameters_to_flash@parameter_position              cstackBANK1   00191
save_table_to_param@data                                 cstackCOMRAM  0000C
save_table_to_param@j                                    cstackCOMRAM  0000F
save_table_to_param@length                               cstackCOMRAM  0000E
save_table_to_param@param_tab                            cstackCOMRAM  00003
save_table_to_param@parameter_position                   cstackCOMRAM  00001
sector_erase@add                                         cstackCOMRAM  00004
sprintf@ap                                               cstackBANK0   00072
sprintf@f                                                cstackBANK0   00074
sprintf@fmt                                              cstackBANK0   00068
sprintf@s                                                cstackBANK0   00066
stackhi                                                  (abs)         00000
stacklo                                                  (abs)         00000
start                                                    init          00062
start_initialization                                     cinit         1A3DE
switch_between_battery_types@bat_param                   cstackCOMRAM  00001
switch_between_battery_types@init                        cstackCOMRAM  00003
toupper@c                                                cstackCOMRAM  00005
ttemp5                                                   temp          00060
ttemp6                                                   temp          00063
ttemp7                                                   temp          00067
update_wear_leveling_static_buffer@current_param_address cstackBANK0   000A4
update_wear_leveling_static_buffer@i                     cstackBANK0   000A9
update_wear_leveling_static_buffer@j                     cstackBANK0   000A8
utoa@d                                                   cstackCOMRAM  00020
utoa@fp                                                  cstackCOMRAM  0001E
utoa@i                                                   cstackCOMRAM  0003C
utoa@n                                                   cstackCOMRAM  00034
utoa@p                                                   cstackCOMRAM  00030
utoa@w                                                   cstackCOMRAM  00032
vfpfcnvrt@ap                                             cstackCOMRAM  00046
vfpfcnvrt@convarg                                        cstackCOMRAM  0004E
vfpfcnvrt@cp                                             cstackCOMRAM  00056
vfpfcnvrt@done                                           cstackCOMRAM  0004C
vfpfcnvrt@fmt                                            cstackCOMRAM  00044
vfpfcnvrt@fp                                             cstackCOMRAM  00042
vfprintf@ap                                              cstackBANK0   00064
vfprintf@cfmt                                            cstackCOMRAM  00058
vfprintf@fmt                                             cstackBANK0   00062
vfprintf@fp                                              cstackBANK0   00060
write_byte@add                                           cstackCOMRAM  00004
write_byte@data                                          cstackCOMRAM  00008
write_byte_table_auto_address_increment@add              cstackCOMRAM  0001D
write_byte_table_auto_address_increment@data             cstackCOMRAM  00021
write_byte_table_auto_address_increment@i                cstackCOMRAM  00026
write_byte_table_auto_address_increment@length           cstackCOMRAM  00023
wtemp8                                                   temp          00060
xtoa@c                                                   cstackCOMRAM  00041
xtoa@d                                                   cstackCOMRAM  00020
xtoa@fp                                                  cstackCOMRAM  0001E
xtoa@i                                                   cstackCOMRAM  0003F
xtoa@n                                                   cstackCOMRAM  00037
xtoa@p                                                   cstackCOMRAM  00033
xtoa@w                                                   cstackCOMRAM  00035
xtoa@x                                                   cstackCOMRAM  00028


MODULE INFORMATION

Module		Function		Class		Link	Load	Size
C:\Program Files\Microchip\xc8\v2.40\pic\sources\c99\common\nf_fputc.c
		_fputc         		CODE           	19548	0000	202

C:\Program Files\Microchip\xc8\v2.40\pic\sources\c99\common\nf_fputc.c estimated size: 202

C:\Program Files\Microchip\xc8\v2.40\pic\sources\c99\common\toupper.c
		_toupper       		CODE           	1ACAA	0000	56

C:\Program Files\Microchip\xc8\v2.40\pic\sources\c99\common\toupper.c estimated size: 56

C:\Program Files\Microchip\xc8\v2.40\pic\sources\c99\common\nf_sprintf.c
		_sprintf       		CODE           	1A8A2	0000	82

C:\Program Files\Microchip\xc8\v2.40\pic\sources\c99\common\nf_sprintf.c estimated size: 82

C:\Program Files\Microchip\xc8\v2.40\pic\sources\c99\common\lwdiv.c
		___lwdiv       		CODE           	1A4D4	0000	116

C:\Program Files\Microchip\xc8\v2.40\pic\sources\c99\common\lwdiv.c estimated size: 116

C:\Program Files\Microchip\xc8\v2.40\pic\sources\c99\common\isalpha.c
		_isalpha       		CODE           	1ACE2	0000	56

C:\Program Files\Microchip\xc8\v2.40\pic\sources\c99\common\isalpha.c estimated size: 56

C:\Program Files\Microchip\xc8\v2.40\pic\sources\c99\common\awdiv.c
		___awdiv       		CODE           	19612	0000	196

C:\Program Files\Microchip\xc8\v2.40\pic\sources\c99\common\awdiv.c estimated size: 196

button.c
		_Button_EventGet		CODE           	1AD52	0000	56
		_Button_Event_Reset		CODE           	1A8F4	0000	80
		_ButtonLeft    		CODE           	1B07C	0000	20
		_ButtonOK      		CODE           	1B054	0000	20
		_Button_Init   		CODE           	16FA4	0000	450
		_ButtonRight   		CODE           	1B090	0000	20
		_ButtonUp      		CODE           	1B0A4	0000	20
		_Button_Update 		CODE           	15DA0	0000	1056
		_ButtonDown    		CODE           	1B068	0000	20

button.c estimated size: 1742

C:\Program Files\Microchip\xc8\v2.40\pic\sources\c99\common\isspace.c
		_isspace       		CODE           	1AA24	0000	70

C:\Program Files\Microchip\xc8\v2.40\pic\sources\c99\common\isspace.c estimated size: 70

settings.c
		_setupClock    		CODE           	1B134	0000	14
		_setupPWM      		CODE           	1B0CC	0000	18
		_setupInterrupts		CODE           	1B162	0000	6
		_setupPorts    		CODE           	1B15A	0000	8
		_setupUART     		CODE           	1B114	0000	16

settings.c estimated size: 62

C:\Program Files\Microchip\xc8\v2.40\pic\sources\c99\common\atoi.c
		_atoi          		CODE           	178F8	0000	350

C:\Program Files\Microchip\xc8\v2.40\pic\sources\c99\common\atoi.c estimated size: 350

C:\Program Files\Microchip\xc8\v2.40\pic\sources\c99\common\Umul16.c
		___wmul        		CODE           	1AF4C	0000	38

C:\Program Files\Microchip\xc8\v2.40\pic\sources\c99\common\Umul16.c estimated size: 38

LCD-KS0108/KS0108.c
		___GLCD_GotoX  		CODE           	1A45E	0000	118
		___GLCD_GotoY  		CODE           	1AC70	0000	58
		_GLCD_SelectChip		CODE           	1ABF6	0000	62
		_GLCD_BufferRead		CODE           	1ADF0	0000	50
		_GLCD_Render   		CODE           	1A688	0000	96
		_GLCD_FillRectangle		CODE           	1AFDA	0000	26
		_GLCD_GotoX    		CODE           	1B026	0000	24
		_GLCD_GotoY    		CODE           	1AFF4	0000	26
		_GLCD_WaitBusy 		CODE           	1A79E	0000	90
		_GLCD_GotoXY   		CODE           	1B124	0000	16
		_GLCD_FillScreen		CODE           	1AB76	0000	64
		_Pulse_En      		CODE           	1B0F0	0000	18
		_GLCD_Send     		CODE           	19854	0000	184
		_GLCD_Setup    		CODE           	1A2D4	0000	136
		_GLCD_PrintString		CODE           	19EFC	0000	146
		_GLCD_DrawHLine		CODE           	1A9DC	0000	72
		_GLCD_DrawVLine		CODE           	1AD1A	0000	56
		_GLCD_SetFont  		CODE           	19F8E	0000	144
		_GLCD_SendCommand		CODE           	1AC34	0000	60
		_GLCD_SendData 		CODE           	19E62	0000	154
		_GLCD_SetPixel 		CODE           	1A35C	0000	130
		_GLCD_PrintChar		CODE           	14FE2	0000	1224
		_GLCD_DrawRectangle		CODE           	1A138	0000	140
		_GLCD_BufferWrite		CODE           	1AD8A	0000	52
		_GLCD_SetPixels		CODE           	16478	0000	624
		_GLCD_Clear    		CODE           	1AF72	0000	36

LCD-KS0108/KS0108.c estimated size: 3806

interrupts.c
		_ISR           		CODE           	0008	0000	90
		_Init_Timer0   		CODE           	1B0B8	0000	20

interrupts.c estimated size: 110

C:\Program Files\Microchip\xc8\v2.40\pic\sources\c99\common\__lldiv.c
		___lldiv       		CODE           	19D1E	0000	164

C:\Program Files\Microchip\xc8\v2.40\pic\sources\c99\common\__lldiv.c estimated size: 164

C:\Program Files\Microchip\xc8\v2.40\pic\sources\c99\common\abs.c
		_abs           		CODE           	1ABB6	0000	64

C:\Program Files\Microchip\xc8\v2.40\pic\sources\c99\common\abs.c estimated size: 64

C:\Program Files\Microchip\xc8\v2.40\pic\sources\c99\common\printf.c
		_printf        		CODE           	1AEFE	0000	40

C:\Program Files\Microchip\xc8\v2.40\pic\sources\c99\common\printf.c estimated size: 40

menu_definitions.c
		_CycleDisplay  		CODE           	1A744	0000	90
		_InitBattParameters		CODE           	14AC8	0000	1306
		_CellCount     		CODE           	18BE4	0000	266
		_SetTemp       		CODE           	189D0	0000	266
		_SetDischargingCurrent_2		CODE           	180F6	0000	338
		_CurrentDisplay		CODE           	1A7F8	0000	86
		_CycleSet      		CODE           	18ADA	0000	266
		_ChemistryDisplay		CODE           	18760	0000	312
		_TempDisplay   		CODE           	1AAAE	0000	68
		_batState      		CODE           	199C0	0000	176
		_SetMaxTime    		CODE           	18248	0000	326
		_MinimumDischargeVoltage		CODE           	1861A	0000	326
		_Options1_Menu 		CODE           	19C76	0000	168
		_Options2_Menu 		CODE           	19BCA	0000	172
		_Options3_Menu 		CODE           	1A24C	0000	136
		_Options4_Menu 		CODE           	19B1E	0000	172
		_Options5_Menu 		CODE           	193A4	0000	212
		_TimeDisplay   		CODE           	19006	0000	254
		_SetDischargingCurrent_1		CODE           	18CEE	0000	264
		_SetDischargingCurrent_4		CODE           	17E52	0000	338
		_SetChargingCurrent_1		CODE           	18DF6	0000	264
		_TrickleVoltage		CODE           	1838E	0000	326
		_SetChargingCurrent_2		CODE           	17CFE	0000	340
		_CapacitanceDisplay		CODE           	17300	0000	408
		_TrickleCurrent		CODE           	18EFE	0000	264
		_SingleBat_Menu		CODE           	191F4	0000	220
		_SetCellVotage 		CODE           	184D4	0000	326
		_SetChargingCurrent_3		CODE           	17BAA	0000	340
		_VoltageDisplay		CODE           	192D0	0000	212
		_ChargerMode   		CODE           	18898	0000	312
		_SetChargingCurrent_4		CODE           	17A56	0000	340
		_SetDischargingCurrent_3		CODE           	17FA4	0000	338

menu_definitions.c estimated size: 9232

menu_navigation.c
		_Handle_Main_MenuNavigation		CODE           	17620	0000	372
		_Handle_Setting23_MenuNavigation		CODE           	154AA	0000	1150
		_switch_between_battery_types		CODE           	1449C	0000	1580
		_Menu          		CODE           	10000	0000	14084
		_Handle_Setting1_MenuNavigation		CODE           	16930	0000	584
		_Handle_Setting5_MenuNavigation		CODE           	166E8	0000	584

menu_navigation.c estimated size: 18354

C:\Program Files\Microchip\xc8\v2.40\pic\sources\c99\common\isdigit.c
		_isdigit       		CODE           	1AEA8	0000	44

C:\Program Files\Microchip\xc8\v2.40\pic\sources\c99\common\isdigit.c estimated size: 44

MMSP.c
		_SPI_Exchange  		CODE           	1B00E	0000	24
		_setSPI_Interface		CODE           	1B0DE	0000	18

MMSP.c estimated size: 42

C:\Program Files\Microchip\xc8\v2.40\pic\sources\c99\common\lbdiv.c
		___lbdiv       		CODE           	1A6E8	0000	92

C:\Program Files\Microchip\xc8\v2.40\pic\sources\c99\common\lbdiv.c estimated size: 92

C:\Program Files\Microchip\xc8\v2.40\pic\sources\c99\common\nf_fputs.c
		_fputs         		CODE           	1AAF2	0000	68

C:\Program Files\Microchip\xc8\v2.40\pic\sources\c99\common\nf_fputs.c estimated size: 68

C:\Program Files\Microchip\xc8\v2.40\pic\sources\c99\common\lomod.c
		___lomod       		CODE           	19478	0000	208

C:\Program Files\Microchip\xc8\v2.40\pic\sources\c99\common\lomod.c estimated size: 208

C:\Program Files\Microchip\xc8\v2.40\pic\sources\c99\common\aomod.c
		___aomod       		CODE           	17794	0000	356

C:\Program Files\Microchip\xc8\v2.40\pic\sources\c99\common\aomod.c estimated size: 356

shared
		TwoBatMenu@F6111		MEDIUMCONST    	C87B	0000	11
		TwoBatMenu@F6113		MEDIUMCONST    	C886	0000	10
		TwoBatMenu@F6107		MEDIUMCONST    	C89A	0000	10
		TwoBatMenu@F6109		MEDIUMCONST    	C890	0000	10
		__initialization		CODE           	1A3DE	0000	118
		_Tekton_Pro_Ext27x28		MEDIUMCONST    	C8A4	0000	10464
		_Font5x8       		MEDIUMCONST    	FA24	0000	576
		_Tahoma11x13   		MEDIUMCONST    	F184	0000	2208

shared estimated size: 13407

C:\Program Files\Microchip\xc8\v2.40\pic\sources\c99\common\lwmod.c
		___lwmod       		CODE           	1A624	0000	100

C:\Program Files\Microchip\xc8\v2.40\pic\sources\c99\common\lwmod.c estimated size: 100

C:\Program Files\Microchip\xc8\v2.40\pic\sources\c99\common\llmod.c
		___llmod       		CODE           	1A1C4	0000	136

C:\Program Files\Microchip\xc8\v2.40\pic\sources\c99\common\llmod.c estimated size: 136

peripherials/UART.c
		_print_tab     		CODE           	1AA6A	0000	68
		_putch         		CODE           	1B150	0000	10
		_print_data_tab		CODE           	1A992	0000	74
		_UART_SendChar 		CODE           	1B03E	0000	22

peripherials/UART.c estimated size: 174

C:\Program Files\Microchip\xc8\v2.40\pic\sources\c99\common\isupper.c
		_isupper       		CODE           	1AE7C	0000	44

C:\Program Files\Microchip\xc8\v2.40\pic\sources\c99\common\isupper.c estimated size: 44

C:\Program Files\Microchip\xc8\v2.40\pic\sources\c99\common\doprnt.c
		_vfpfcnvrt     		CODE           	15928	0000	1144
		_pad           		CODE           	19A70	0000	174
		_dtoa          		CODE           	161C0	0000	696
		_vfprintf      		CODE           	1A84E	0000	84
		_utoa          		CODE           	16DA8	0000	508
		_xtoa          		CODE           	16B78	0000	560

C:\Program Files\Microchip\xc8\v2.40\pic\sources\c99\common\doprnt.c estimated size: 3166

main.c
		_main          		CODE           	19798	0000	188
		_init_settings_ptr		CODE           	1990C	0000	180

main.c estimated size: 368

memory.c
		_check_current_param_offset		CODE           	1AF26	0000	38
		_check_if_any_changes_in_parameters		CODE           	1B142	0000	14
		_save_table_to_param		CODE           	19DC2	0000	160
		_represent_value_in_binary		CODE           	1A5B8	0000	108
		_read_parameters_from_flash		CODE           	13DEC	0000	1712
		_save_parameters_to_flash		CODE           	13704	0000	1768
		_check_offset_position		CODE           	1A01E	0000	142
		_save_param_to_table		CODE           	1A0AC	0000	140
		_parameter_sector_copy_erase_restore		CODE           	1A548	0000	112
		_update_wear_leveling_static_buffer		CODE           	17166	0000	410

memory.c estimated size: 4604

SST25VF.c
		_sector_erase  		CODE           	1ADBE	0000	50
		_check_write_en		CODE           	1AED4	0000	42
		_read_bytes    		CODE           	1A944	0000	78
		_check_busy    		CODE           	1AFB8	0000	34
		_write_byte    		CODE           	1AB36	0000	64
		_sst25vf_init_enable_write		CODE           	1AF96	0000	34
		_write_byte_table_auto_address_increment		CODE           	196D6	0000	194

SST25VF.c estimated size: 496

C:\Program Files\Microchip\xc8\v2.40\pic\sources\c99\common\lodiv.c
		___lodiv       		CODE           	19104	0000	240

C:\Program Files\Microchip\xc8\v2.40\pic\sources\c99\common\lodiv.c estimated size: 240

C:\Program Files\Microchip\xc8\v2.40\pic\sources\c99\common\islower.c
		_islower       		CODE           	1AE50	0000	44

C:\Program Files\Microchip\xc8\v2.40\pic\sources\c99\common\islower.c estimated size: 44

C:\Program Files\Microchip\xc8\v2.40\pic\sources\c99\common\aodiv.c
		___aodiv       		CODE           	17498	0000	392

C:\Program Files\Microchip\xc8\v2.40\pic\sources\c99\common\aodiv.c estimated size: 392

