Microchip MPLAB XC8 Compiler V2.40

Linker command line:

-W5 \
  --edf=C:/Users/LPC-user/.mchp_packs/Microchip/PIC18F-J_DFP/1.7.159/xc8\pic\dat\20230817221043_en.msgs \
  -cn -h+dist/default/production\battery-tester.X.production.sym \
  --cmf=dist/default/production\battery-tester.X.production.cmf -z \
  -Q18F67J50 -oC:\Users\LPC-user\AppData\Local\Temp\xcAs2v8.5 \
  --defsym=__MPLAB_BUILD=1 --fixupoverflow=error \
  -Mdist/default/production/battery-tester.X.production.map \
  --md=C:\Users\LPC-user\AppData\Local\Temp\xcBs2v8.dat -E1 \
  -ver=XC8 Compiler --acfsm=1493 -ACODE=00h-01FFF7h -ACONST=00h-01FFF7h \
  -ASMALLCONST=01000h-010FFhx495,01FF00h-01FFF7h \
  -AMEDIUMCONST=01000h-0FFFFh,011000h-01FFF7h -ACOMRAM=01h-05Fh \
  -AABS1=00h-0F3Fh -ABIGRAM=01h-0F3Fh \
  -ARAM=060h-0FFh,0100h-01FFhx14,0F00h-0F3Fh -ABANK0=060h-0FFh \
  -ABANK1=0100h-01FFh -ABANK2=0200h-02FFh -ABANK3=0300h-03FFh \
  -ABANK4=0400h-04FFh -ABANK5=0500h-05FFh -ABANK6=0600h-06FFh \
  -ABANK7=0700h-07FFh -ABANK8=0800h-08FFh -ABANK9=0900h-09FFh \
  -ABANK10=0A00h-0AFFh -ABANK11=0B00h-0BFFh -ABANK12=0C00h-0CFFh \
  -ABANK13=0D00h-0DFFh -ABANK14=0E00h-0EFFh -ABANK15=0F00h-0F3Fh \
  -ASFR=0F40h-0F5Fh,0F60h-0FFFh -ABIGSFR=0F40h-0FFFh \
  -ACONFIG=01FFF8h-01FFFDh \
  -preset_vec=00h,intcode=08h,intcodelo,powerup,init -pramtop=01000h \
  -psmallconst=SMALLCONST -pmediumconst=MEDIUMCONST -pconst=CONST \
  -AFARRAM=00h-00h -pjflash_buffer=01F800h \
  -prdata=COMRAM,nvrram=COMRAM,nvbit=COMRAM,rbss=COMRAM,rbit=COMRAM \
  -pfarbss=FARRAM,fardata=FARRAM,nvFARRAM=FARRAM \
  -pintsave_regs=BIGRAM,bigbss=BIGRAM,bigdata=BIGRAM -pbss=RAM \
  -pidata=CODE,irdata=CODE,ibigdata=CODE,ifardata=CODE -prparam=COMRAM \
  C:\Users\LPC-user\AppData\Local\Temp\xcAs2v8.o \
  dist/default/production\battery-tester.X.production.o 

Object code version is 3.11

Machine type is 18F67J50



                Name                               Link     Load   Length Selector   Space Scale
C:\Users\LPC-user\AppData\Local\Temp\xcAs2v8.o
                config                            1FFF8    1FFF8        6        0       4
                init                                 60       60        4        4       0
                reset_vec                             0        0        4        0       0
dist/default/production\battery-tester.X.production.o
                intcode                               8        8       58        4       0
                config                            1FFF8    1FFF8        6        0       4
                temp                                 5E       5E        1        1       1
                mediumconst                        C974     C974     368C     64BA       0
                text113                           155CA    155CA      1C2     8000       0
                text112                           190AC    190AC       18     8000       0
                text111                           1907A    1907A       1A     8000       0
                text110                           19198    19198       10     8000       0
                text109                           19176    19176       12     8000       0
                text108                           17CE2    17CE2       B8     8000       0
                text107                           18D34    18D34       3E     8000       0
                text106                           18910    18910       5A     8000       0
                text105                           18DAE    18DAE       3C     8000       0
                text104                           1858A    1858A       88     8000       0
                text103                           15AAE    15AAE      182     8000       0
                text102                           1913E    1913E       14     8000       0
                text101                           18ECC    18ECC       38     8000       0
                text100                           18ABC    18ABC       50     8000       0
                text99                            1912A    1912A       14     8000       0
                text98                            19116    19116       14     8000       0
                text97                            19102    19102       14     8000       0
                text96                            190EE    190EE       14     8000       0
                text95                            190DA    190DA       14     8000       0
                text94                            188B4    188B4       5C     8000       0
                text93                            1870A    1870A       74     8000       0
                text92                            143C6    143C6      420     8000       0
                text91                            18F38    18F38       32     8000       0
                text90                            18694    18694       76     8000       0
                text89                            1819C    1819C       9A     8000       0
                text88                            17C1E    17C1E       C4     8000       0
                text87                            18DEA    18DEA       3A     8000       0
                text86                            18854    18854       60     8000       0
                text85                            18F04    18F04       34     8000       0
                text84                            18612    18612       82     8000       0
                text83                            18B9E    18B9E       48     8000       0
                text82                            14A9E    14A9E      270     8000       0
                text81                            18E94    18E94       38     8000       0
                text80                            183EE    183EE       8C     8000       0
                text79                            19060    19060       1A     8000       0
                text78                            19016    19016       26     8000       0
                text77                            13608    13608      4C8     8000       0
                text76                            182CC    182CC       92     8000       0
                text75                            1835E    1835E       90     8000       0
                text74                            15C30    15C30      174     8000       0
                text73                            14F56    14F56      248     8000       0
                text72                            13AD0    13AD0      47E     8000       0
                text71                            14D0E    14D0E      248     8000       0
                text70                            18FC2    18FC2       2C     8000       0
                text69                            18BE6    18BE6       46     8000       0
                text68                            15F08    15F08      15E     8000       0
                text67                            15926    15926      188     8000       0
                text66                            15DA4    15DA4      164     8000       0
                text65                            18CF4    18CF4       40     8000       0
                text64                            190C4    190C4       16     8000       0
                text63                            191B6    191B6        A     8000       0
                text62                            17B54    17B54       CA     8000       0
                text61                            18C70    18C70       44     8000       0
                text60                            17E4A    17E4A       AE     8000       0
                text59                            147E6    147E6      2B8     8000       0
                text58                            17710    17710       F0     8000       0
                text57                            17A84    17A84       D0     8000       0
                text56                            153CE    153CE      1FC     8000       0
                text55                            18E5C    18E5C       38     8000       0
                text54                            18F96    18F96       2C     8000       0
                text53                            18F6A    18F6A       2C     8000       0
                text52                            18E24    18E24       38     8000       0
                text51                            1519E    1519E      230     8000       0
                text50                            13F4E    13F4E      478     8000       0
                text49                            18A16    18A16       54     8000       0
                text48                            18A6A    18A6A       52     8000       0
                text47                            170EA    170EA      10A     8000       0
                text46                            16EA8    16EA8      138     8000       0
                text45                            16D70    16D70      138     8000       0
                text44                            1750C    1750C      106     8000       0
                text43                            18CB4    18CB4       40     8000       0
                text42                            1903C    1903C       24     8000       0
                text41                            18050    18050       A8     8000       0
                text40                            187F0    187F0       64     8000       0
                text39                            16C2A    16C2A      146     8000       0
                text38                            16AE4    16AE4      146     8000       0
                text37                            17404    17404      108     8000       0
                text36                            1699E    1699E      146     8000       0
                text35                            17FA4    17FA4       AC     8000       0
                text34                            16858    16858      146     8000       0
                text33                            16FE0    16FE0      10A     8000       0
                text32                            18502    18502       88     8000       0
                text31                            172FC    172FC      108     8000       0
                text30                            1630E    1630E      154     8000       0
                text29                            171F4    171F4      108     8000       0
                text28                            16706    16706      152     8000       0
                text27                            17EF8    17EF8       AC     8000       0
                text26                            161BA    161BA      154     8000       0
                text25                            16066    16066      154     8000       0
                text24                            165B4    165B4      152     8000       0
                text23                            16462    16462      152     8000       0
                text22                            179B0    179B0       D4     8000       0
                text21                            1578C    1578C      19A     8000       0
                text20                            189C0    189C0       56     8000       0
                text19                            1896A    1896A       56     8000       0
                text18                            18C2C    18C2C       44     8000       0
                text17                            180F8    180F8       A4     8000       0
                text16                            1847A    1847A       88     8000       0
                text15                            17612    17612       FE     8000       0
                text14                            178DC    178DC       D4     8000       0
                text13                            17D9A    17D9A       B0     8000       0
                text12                            17800    17800       DC     8000       0
                text11                            10000    10000     3608     8000       0
                text10                            19094    19094       18     8000       0
                text9                             18FEE    18FEE       28     8000       0
                text8                             18B0C    18B0C       4A     8000       0
                text7                             18B56    18B56       48     8000       0
                text6                             19164    19164       12     8000       0
                text5                             191A8    191A8        E     8000       0
                text4                             191C8    191C8        6     8000       0
                text3                             19152    19152       12     8000       0
                text2                             191C0    191C0        8     8000       0
                text1                             19188    19188       10     8000       0
                text0                             18236    18236       96     8000       0
                cstackCOMRAM                          1        1       5B        1       1
                cstackBANK0                          60       60       83       60       1
                bssBIGRAM                           16C      16C      400      16C       1
                dataBANK1                           100      100       3C      100       1
                bssBANK1                            13C      13C       30      100       1
                dataBANK0                            FB       FB        2       60       1
                bssBANK0                             E3       E3       18       60       1
                bssCOMRAM                            5C       5C        2        1       1
                cinit                             1877E    1877E       72     8000       0
                idataBANK1                        18D72    18D72       3C     8000       0
                idataBANK0                        191CE    191CE        2     8000       0

TOTAL           Name                               Link     Load   Length     Space
        CLASS   CODE           
                intcode                               8        8       58         0
                init                                 60       60        4         0
                reset_vec                             0        0        4         0
                text113                           155CA    155CA      1C2         0
                text112                           190AC    190AC       18         0
                text111                           1907A    1907A       1A         0
                text110                           19198    19198       10         0
                text109                           19176    19176       12         0
                text108                           17CE2    17CE2       B8         0
                text107                           18D34    18D34       3E         0
                text106                           18910    18910       5A         0
                text105                           18DAE    18DAE       3C         0
                text104                           1858A    1858A       88         0
                text103                           15AAE    15AAE      182         0
                text102                           1913E    1913E       14         0
                text101                           18ECC    18ECC       38         0
                text100                           18ABC    18ABC       50         0
                text99                            1912A    1912A       14         0
                text98                            19116    19116       14         0
                text97                            19102    19102       14         0
                text96                            190EE    190EE       14         0
                text95                            190DA    190DA       14         0
                text94                            188B4    188B4       5C         0
                text93                            1870A    1870A       74         0
                text92                            143C6    143C6      420         0
                text91                            18F38    18F38       32         0
                text90                            18694    18694       76         0
                text89                            1819C    1819C       9A         0
                text88                            17C1E    17C1E       C4         0
                text87                            18DEA    18DEA       3A         0
                text86                            18854    18854       60         0
                text85                            18F04    18F04       34         0
                text84                            18612    18612       82         0
                text83                            18B9E    18B9E       48         0
                text82                            14A9E    14A9E      270         0
                text81                            18E94    18E94       38         0
                text80                            183EE    183EE       8C         0
                text79                            19060    19060       1A         0
                text78                            19016    19016       26         0
                text77                            13608    13608      4C8         0
                text76                            182CC    182CC       92         0
                text75                            1835E    1835E       90         0
                text74                            15C30    15C30      174         0
                text73                            14F56    14F56      248         0
                text72                            13AD0    13AD0      47E         0
                text71                            14D0E    14D0E      248         0
                text70                            18FC2    18FC2       2C         0
                text69                            18BE6    18BE6       46         0
                text68                            15F08    15F08      15E         0
                text67                            15926    15926      188         0
                text66                            15DA4    15DA4      164         0
                text65                            18CF4    18CF4       40         0
                text64                            190C4    190C4       16         0
                text63                            191B6    191B6        A         0
                text62                            17B54    17B54       CA         0
                text61                            18C70    18C70       44         0
                text60                            17E4A    17E4A       AE         0
                text59                            147E6    147E6      2B8         0
                text58                            17710    17710       F0         0
                text57                            17A84    17A84       D0         0
                text56                            153CE    153CE      1FC         0
                text55                            18E5C    18E5C       38         0
                text54                            18F96    18F96       2C         0
                text53                            18F6A    18F6A       2C         0
                text52                            18E24    18E24       38         0
                text51                            1519E    1519E      230         0
                text50                            13F4E    13F4E      478         0
                text49                            18A16    18A16       54         0
                text48                            18A6A    18A6A       52         0
                text47                            170EA    170EA      10A         0
                text46                            16EA8    16EA8      138         0
                text45                            16D70    16D70      138         0
                text44                            1750C    1750C      106         0
                text43                            18CB4    18CB4       40         0
                text42                            1903C    1903C       24         0
                text41                            18050    18050       A8         0
                text40                            187F0    187F0       64         0
                text39                            16C2A    16C2A      146         0
                text38                            16AE4    16AE4      146         0
                text37                            17404    17404      108         0
                text36                            1699E    1699E      146         0
                text35                            17FA4    17FA4       AC         0
                text34                            16858    16858      146         0
                text33                            16FE0    16FE0      10A         0
                text32                            18502    18502       88         0
                text31                            172FC    172FC      108         0
                text30                            1630E    1630E      154         0
                text29                            171F4    171F4      108         0
                text28                            16706    16706      152         0
                text27                            17EF8    17EF8       AC         0
                text26                            161BA    161BA      154         0
                text25                            16066    16066      154         0
                text24                            165B4    165B4      152         0
                text23                            16462    16462      152         0
                text22                            179B0    179B0       D4         0
                text21                            1578C    1578C      19A         0
                text20                            189C0    189C0       56         0
                text19                            1896A    1896A       56         0
                text18                            18C2C    18C2C       44         0
                text17                            180F8    180F8       A4         0
                text16                            1847A    1847A       88         0
                text15                            17612    17612       FE         0
                text14                            178DC    178DC       D4         0
                text13                            17D9A    17D9A       B0         0
                text12                            17800    17800       DC         0
                text11                            10000    10000     3608         0
                text10                            19094    19094       18         0
                text9                             18FEE    18FEE       28         0
                text8                             18B0C    18B0C       4A         0
                text7                             18B56    18B56       48         0
                text6                             19164    19164       12         0
                text5                             191A8    191A8        E         0
                text4                             191C8    191C8        6         0
                text3                             19152    19152       12         0
                text2                             191C0    191C0        8         0
                text1                             19188    19188       10         0
                text0                             18236    18236       96         0
                cinit                             1877E    1877E       72         0
                idataBANK1                        18D72    18D72       3C         0
                idataBANK0                        191CE    191CE        2         0

        CLASS   CONST          

        CLASS   SMALLCONST     

        CLASS   MEDIUMCONST    
                mediumconst                        C974     C974     368C         0

        CLASS   COMRAM         
                temp                                 5E       5E        1         1
                cstackCOMRAM                          1        1       5B         1
                bssCOMRAM                            5C       5C        2         1

        CLASS   ABS1           

        CLASS   BIGRAM         
                bssBIGRAM                           16C      16C      400         1

        CLASS   RAM            

        CLASS   BANK0          
                cstackBANK0                          60       60       83         1
                dataBANK0                            FB       FB        2         1
                bssBANK0                             E3       E3       18         1

        CLASS   BANK1          
                dataBANK1                           100      100       3C         1
                bssBANK1                            13C      13C       30         1

        CLASS   BANK2          

        CLASS   BANK3          

        CLASS   BANK4          

        CLASS   BANK5          

        CLASS   BANK6          

        CLASS   BANK7          

        CLASS   BANK8          

        CLASS   BANK9          

        CLASS   BANK10         

        CLASS   BANK11         

        CLASS   BANK12         

        CLASS   BANK13         

        CLASS   BANK14         

        CLASS   BANK15         

        CLASS   SFR            

        CLASS   BIGSFR         

        CLASS   CONFIG         
                config                            1FFF8    1FFF8        6         4

        CLASS   FARRAM         

        CLASS   HEAP           

        CLASS   STACK          

        CLASS   IDLOC          



SEGMENTS        Name                           Load    Length   Top    Selector   Space  Class

                reset_vec                      000000  000004  000004         0       0  CODE    
                cstackCOMRAM                   000001  00005E  00005F         1       1  COMRAM  
                intcode                        000008  00005C  000064         4       0  CODE    
                cstackBANK0                    000060  00009D  0000FD        60       1  BANK0   
                dataBANK1                      000100  00006C  00016C       100       1  BANK1   
                bssBIGRAM                      00016C  000400  00056C       16C       1  BIGRAM  
                mediumconst                    00C974  00368C  010000      64BA       0  MEDIUMCO
                text11                         010000  0091D0  0191D0      8000       0  CODE    


UNUSED ADDRESS RANGES

        Name                Unused          Largest block    Delta
        BANK0            000FD-000FF               3
        BANK10           00A00-00AFF             100
        BANK11           00B00-00BFF             100
        BANK12           00C00-00CFF             100
        BANK13           00D00-00DFF             100
        BANK14           00E00-00EFF             100
        BANK15           00F00-00F3F              40
        BANK5            0056C-005FF              94
        BANK6            00600-006FF             100
        BANK7            00700-007FF             100
        BANK8            00800-008FF             100
        BANK9            00900-009FF             100
        BIGRAM           0005F-0005F               1
                         000FD-000FF               3
                         0056C-00F3F             9D4
        BIGSFR           00F40-00FFF              C0
        CODE             00004-00007               4
                         00064-0C973            C910
                         191D0-1FFF7            6E28
        COMRAM           0005F-0005F               1
        CONST            00004-00007               4
                         00064-0C973            C910
                         191D0-1FFF7            6E28
        MEDIUMCONST      01000-0C973            B974
                         191D0-1FFF7            6E28
        RAM              000FD-000FF               3
                         0056C-00F3F             100
        SFR              00F40-00FFF              20
        SMALLCONST       01000-0C973             100
                         191D0-1FFF7             100

                                  Symbol Table

?___aodiv                                cstackCOMRAM  00001
?___aomod                                cstackCOMRAM  00001
?___awdiv                                cstackCOMRAM  00001
?___lldiv                                cstackCOMRAM  0000A
?___llmod                                cstackCOMRAM  00001
?___lodiv                                cstackCOMRAM  00001
?___lomod                                cstackCOMRAM  00001
?___lwdiv                                cstackCOMRAM  00001
?___lwmod                                cstackCOMRAM  00001
?___wmul                                 cstackCOMRAM  00001
?_abs                                    cstackCOMRAM  00013
?_atoi                                   cstackCOMRAM  00007
?_isalpha                                cstackCOMRAM  00001
?_isdigit                                cstackCOMRAM  00001
?_islower                                cstackCOMRAM  00001
?_isspace                                cstackCOMRAM  00001
?_isupper                                cstackCOMRAM  00001
?_printf                                 cstackBANK0   00066
?_sprintf                                cstackBANK0   00066
?_toupper                                cstackCOMRAM  00005
?_vfprintf                               cstackBANK0   00060
Button_EventGet@key                      cstackCOMRAM  00003
Button_Init@i                            cstackCOMRAM  0000F
Button_Update@key                        cstackCOMRAM  00013
Button_Update@now_pressed                cstackCOMRAM  00012
CapacitanceDisplay@bat_param             cstackBANK0   0007F
CellCount@bat_param                      cstackBANK0   0007F
CellCount@set_mode                       cstackBANK0   00081
ChargerMode@bat_param                    cstackCOMRAM  00022
ChargerMode@set_mode                     cstackCOMRAM  00024
ChemistryDisplay@bat_param               cstackCOMRAM  00022
ChemistryDisplay@set_mode                cstackCOMRAM  00024
CurrentDisplay@bat_param                 cstackBANK0   0007F
CycleDisplay@bat_param                   cstackBANK0   0007F
CycleSet@bat_param                       cstackBANK0   0007F
CycleSet@set_mode                        cstackBANK0   00081
GLCD_BufferRead@X                        cstackCOMRAM  00005
GLCD_BufferRead@Y                        cstackCOMRAM  00001
GLCD_BufferWrite@Data                    cstackCOMRAM  00002
GLCD_BufferWrite@X                       cstackCOMRAM  00006
GLCD_BufferWrite@Y                       cstackCOMRAM  00001
GLCD_DrawHLine@Color                     cstackCOMRAM  0000F
GLCD_DrawHLine@X1                        cstackCOMRAM  00011
GLCD_DrawHLine@X2                        cstackCOMRAM  0000D
GLCD_DrawHLine@Y                         cstackCOMRAM  0000E
GLCD_DrawHLine@t                         cstackCOMRAM  00010
GLCD_DrawRectangle@Color                 cstackCOMRAM  00024
GLCD_DrawRectangle@X1                    cstackCOMRAM  00025
GLCD_DrawRectangle@X2                    cstackCOMRAM  00022
GLCD_DrawRectangle@Y1                    cstackCOMRAM  00021
GLCD_DrawRectangle@Y2                    cstackCOMRAM  00023
GLCD_DrawVLine@Color                     cstackCOMRAM  0001E
GLCD_DrawVLine@X                         cstackCOMRAM  0001D
GLCD_DrawVLine@Y1                        cstackCOMRAM  00020
GLCD_DrawVLine@Y2                        cstackCOMRAM  0001C
GLCD_DrawVLine@t                         cstackCOMRAM  0001F
GLCD_FillRectangle@Color                 cstackCOMRAM  0001F
GLCD_FillRectangle@X1                    cstackCOMRAM  00020
GLCD_FillRectangle@X2                    cstackCOMRAM  0001D
GLCD_FillRectangle@Y1                    cstackCOMRAM  0001C
GLCD_FillRectangle@Y2                    cstackCOMRAM  0001E
GLCD_FillScreen@Color                    cstackCOMRAM  00007
GLCD_FillScreen@i                        cstackCOMRAM  00008
GLCD_FillScreen@j                        cstackCOMRAM  00009
GLCD_GotoX@X                             cstackCOMRAM  00001
GLCD_GotoXY@X                            cstackCOMRAM  00003
GLCD_GotoXY@Y                            cstackCOMRAM  00002
GLCD_GotoY@Y                             cstackCOMRAM  00001
GLCD_PrintChar@Character                 cstackCOMRAM  0000F
GLCD_PrintChar@data                      cstackCOMRAM  0001D
GLCD_PrintChar@data_next                 cstackCOMRAM  00012
GLCD_PrintChar@fontRead                  cstackCOMRAM  00018
GLCD_PrintChar@fontStart                 cstackCOMRAM  00014
GLCD_PrintChar@i                         cstackCOMRAM  0001B
GLCD_PrintChar@j                         cstackCOMRAM  0001C
GLCD_PrintChar@lines                     cstackCOMRAM  00017
GLCD_PrintChar@overflow                  cstackCOMRAM  0001A
GLCD_PrintChar@width                     cstackCOMRAM  00016
GLCD_PrintChar@x                         cstackCOMRAM  00013
GLCD_PrintChar@y                         cstackCOMRAM  00011
GLCD_PrintChar@y2                        cstackCOMRAM  00010
GLCD_PrintString@Text                    cstackCOMRAM  0001E
GLCD_Render@i                            cstackCOMRAM  00016
GLCD_Render@j                            cstackCOMRAM  00015
GLCD_SelectChip@Chip                     cstackCOMRAM  00001
GLCD_SelectChip@off                      cstackCOMRAM  00002
GLCD_Send@Data                           cstackCOMRAM  00001
GLCD_SendCommand@Chip                    cstackCOMRAM  00006
GLCD_SendCommand@Command                 cstackCOMRAM  00007
GLCD_SendData@Chip                       cstackCOMRAM  0000F
GLCD_SendData@Data                       cstackCOMRAM  00014
GLCD_SetFont@Height                      cstackCOMRAM  0000C
GLCD_SetFont@Invert                      cstackCOMRAM  0000E
GLCD_SetFont@Mode                        cstackCOMRAM  0000D
GLCD_SetFont@Name                        cstackCOMRAM  00009
GLCD_SetFont@Width                       cstackCOMRAM  0000B
GLCD_SetPixel@Color                      cstackCOMRAM  00008
GLCD_SetPixel@X                          cstackCOMRAM  0000B
GLCD_SetPixel@Y                          cstackCOMRAM  00007
GLCD_SetPixel@data                       cstackCOMRAM  0000C
GLCD_SetPixels@Color                     cstackCOMRAM  0000A
GLCD_SetPixels@X1                        cstackCOMRAM  00018
GLCD_SetPixels@X2                        cstackCOMRAM  00008
GLCD_SetPixels@Y1                        cstackCOMRAM  00007
GLCD_SetPixels@Y2                        cstackCOMRAM  00009
GLCD_SetPixels@data                      cstackCOMRAM  0001B
GLCD_SetPixels@h                         cstackCOMRAM  00015
GLCD_SetPixels@height                    cstackCOMRAM  0001A
GLCD_SetPixels@i                         cstackCOMRAM  00017
GLCD_SetPixels@mask                      cstackCOMRAM  00019
GLCD_SetPixels@offset                    cstackCOMRAM  00016
GLCD_SetPixels@width                     cstackCOMRAM  00014
GLCD_WaitBusy@Chip                       cstackCOMRAM  00004
GLCD_WaitBusy@status                     cstackCOMRAM  00005
Handle_Main_MenuNavigation@option        cstackCOMRAM  00026
Handle_Setting1_MenuNavigation@option    cstackCOMRAM  00026
Handle_Setting23_MenuNavigation@option   cstackCOMRAM  00026
Handle_Setting5_MenuNavigation@option    cstackCOMRAM  00026
ISR@counter_second                       bssBANK0      000EF
InitBattParameters@bat_param             cstackCOMRAM  00001
Menu@bat_param                           cstackBANK0   00084
Menu@menu_change                         dataBANK0     000FC
Menu@menu_init                           bssBANK0      000F8
Menu@menu_pos                            bssBANK0      000F7
Menu@menu_selection                      bssBANK0      000F9
Menu@menu_type                           bssBANK0      000FA
Menu@param_pos                           dataBANK0     000FB
Menu@switch_param                        bssBANK0      000F6
Menu@val                                 cstackBANK0   0008A
MinimumDischargeVoltage@bat_param        cstackBANK0   0007F
MinimumDischargeVoltage@set_mode         cstackBANK0   00081
Options1_Menu@bat_param                  cstackBANK0   00082
Options2_Menu@bat_param                  cstackBANK0   00082
Options3_Menu@bat_param                  cstackBANK0   00082
Options4_Menu@bat_param                  cstackBANK0   00082
Options5_Menu@bat_param                  cstackBANK0   00082
ReadID@tab                               cstackBANK0   0006E
ReadID_JEDEC@tab                         cstackBANK0   0006E
SPI_Transfer@data                        cstackCOMRAM  00001
SetCellVotage@bat_param                  cstackBANK0   0007F
SetCellVotage@set_mode                   cstackBANK0   00081
SetChargingCurrent_1@bat_param           cstackBANK0   0007F
SetChargingCurrent_1@set_mode            cstackBANK0   00081
SetChargingCurrent_2@bat_param           cstackBANK0   0007F
SetChargingCurrent_2@set_mode            cstackBANK0   00081
SetChargingCurrent_3@bat_param           cstackBANK0   0007F
SetChargingCurrent_3@set_mode            cstackBANK0   00081
SetChargingCurrent_4@bat_param           cstackBANK0   0007F
SetChargingCurrent_4@set_mode            cstackBANK0   00081
SetDischargingCurrent_1@bat_param        cstackBANK0   0007F
SetDischargingCurrent_1@set_mode         cstackBANK0   00081
SetDischargingCurrent_2@bat_param        cstackBANK0   0007F
SetDischargingCurrent_2@set_mode         cstackBANK0   00081
SetDischargingCurrent_3@bat_param        cstackBANK0   0007F
SetDischargingCurrent_3@set_mode         cstackBANK0   00081
SetDischargingCurrent_4@bat_param        cstackBANK0   0007F
SetDischargingCurrent_4@set_mode         cstackBANK0   00081
SetMaxTime@bat_param                     cstackBANK0   0007F
SetMaxTime@set_mode                      cstackBANK0   00081
SetTemp@bat_param                        cstackBANK0   0007F
SetTemp@set_mode                         cstackBANK0   00081
SingleBat_Menu@bat_param                 cstackBANK0   00081
TempDisplay@bat_param                    cstackBANK0   0007F
TimeDisplay@bat_param                    cstackBANK0   0007F
TrickleCurrent@bat_param                 cstackBANK0   0007F
TrickleCurrent@set_mode                  cstackBANK0   00081
TrickleVoltage@bat_param                 cstackBANK0   0007F
TrickleVoltage@set_mode                  cstackBANK0   00081
TwoBatMenu@F6069                         mediumconst   0C994
TwoBatMenu@F6071                         mediumconst   0C98A
TwoBatMenu@F6073                         mediumconst   0C975
TwoBatMenu@F6075                         mediumconst   0C980
UART_SendChar@data                       cstackCOMRAM  00001
VoltageDisplay@bat_param                 cstackBANK0   0007F
_ButtonDown                              text96        190EE
_ButtonLeft                              text97        19102
_ButtonOK                                text95        190DA
_ButtonRight                             text98        19116
_ButtonUp                                text99        1912A
_Button_EventGet                         text101       18ECC
_Button_Event_Reset                      text100       18ABC
_Button_Init                             text113       155CA
_Button_Init$1690                        cstackCOMRAM  00007
_Button_Init$1691                        cstackCOMRAM  00009
_Button_Init$1692                        cstackCOMRAM  0000B
_Button_Init$1702                        cstackCOMRAM  0000D
_Button_Update                           text92        143C6
_CCP3CONbits                             (abs)         00FB1
_CCPR3L                                  (abs)         00FB2
_CapacitanceDisplay                      text21        1578C
_CellCount                               text47        170EA
_ChargerMode                             text46        16EA8
_ChemistryDisplay                        text45        16D70
_CurrentDisplay                          text20        189C0
_CycleDisplay                            text19        1896A
_CycleSet                                text44        1750C
_Font5x8                                 mediumconst   0FB1E
_GLCD_BufferRead                         text91        18F38
_GLCD_BufferWrite                        text85        18F04
_GLCD_Clear                              text42        1903C
_GLCD_Clear$173                          cstackCOMRAM  0000A
_GLCD_DrawHLine                          text83        18B9E
_GLCD_DrawRectangle                      text80        183EE
_GLCD_DrawVLine                          text81        18E94
_GLCD_FillRectangle                      text79        19060
_GLCD_FillScreen                         text43        18CB4
_GLCD_GotoX                              text112       190AC
_GLCD_GotoXY                             text110       19198
_GLCD_GotoY                              text111       1907A
_GLCD_PrintChar                          text77        13608
_GLCD_PrintString                        text76        182CC
_GLCD_Render                             text86        18854
_GLCD_SelectChip                         text107       18D34
_GLCD_Send                               text108       17CE2
_GLCD_SendCommand                        text105       18DAE
_GLCD_SendData                           text89        1819C
_GLCD_SendData$160                       cstackCOMRAM  00012
_GLCD_SetFont                            text75        1835E
_GLCD_SetPixel                           text84        18612
_GLCD_SetPixels                          text82        14A9E
_GLCD_SetPixels$210                      cstackCOMRAM  00010
_GLCD_SetPixels$211                      cstackCOMRAM  00012
_GLCD_Setup                              text104       1858A
_GLCD_WaitBusy                           text106       18910
_Handle_Main_MenuNavigation              text74        15C30
_Handle_Setting1_MenuNavigation          text73        14F56
_Handle_Setting23_MenuNavigation         text72        13AD0
_Handle_Setting5_MenuNavigation          text71        14D0E
_INTCONbits                              (abs)         00FF2
_ISR                                     intcode       00008
_InitBattParameters                      text103       15AAE
_Init_Timer0                             text102       1913E
_LATAbits                                (abs)         00F89
_LATD                                    (abs)         00F8C
_LATE                                    (abs)         00F8D
_LATFbits                                (abs)         00F8E
_Menu                                    text11        10000
_MinimumDischargeVoltage                 text39        16C2A
_OSCCONbits                              (abs)         00FD3
_OSCTUNEbits                             (abs)         00F9B
_Options1_Menu                           text41        18050
_Options2_Menu                           text35        17FA4
_Options3_Menu                           text32        18502
_Options4_Menu                           text27        17EF8
_Options5_Menu                           text22        179B0
_PORTC                                   (abs)         00F82
_PORTE                                   (abs)         00F84
_PORTG                                   (abs)         00F86
_PR2                                     (abs)         00FCB
_Pulse_En                                text109       19176
_RCSTA2bits                              (abs)         00F9C
_ReadID                                  text8         18B0C
_ReadID_JEDEC                            text7         18B56
_SPBRG2                                  (abs)         00FAB
_SPI_Transfer                            text10        19094
_SSP1BUF                                 (abs)         00FC9
_SSP1CON1bits                            (abs)         00FC6
_SSP1STATbits                            (abs)         00FC7
_SetCellVotage                           text38        16AE4
_SetChargingCurrent_1                    text31        172FC
_SetChargingCurrent_2                    text30        1630E
_SetChargingCurrent_3                    text26        161BA
_SetChargingCurrent_4                    text25        16066
_SetDischargingCurrent_1                 text29        171F4
_SetDischargingCurrent_2                 text28        16706
_SetDischargingCurrent_3                 text24        165B4
_SetDischargingCurrent_4                 text23        16462
_SetMaxTime                              text34        16858
_SetTemp                                 text33        16FE0
_SingleBat_Menu                          text12        17800
_T0CONbits                               (abs)         00FD5
_T2CONbits                               (abs)         00FCA
_TMR0                                    (abs)         00FD6
_TRISAbits                               (abs)         00F92
_TRISC                                   (abs)         00F94
_TRISCbits                               (abs)         00F94
_TRISD                                   (abs)         00F95
_TRISDbits                               (abs)         00F95
_TRISE                                   (abs)         00F96
_TRISFbits                               (abs)         00F97
_TRISG                                   (abs)         00F98
_TRISGbits                               (abs)         00F98
_TXREG2                                  (abs)         00FA9
_TXSTA2bits                              (abs)         00FA8
_Tahoma11x13                             mediumconst   0F27E
_Tekton_Pro_Ext27x28                     mediumconst   0C99E
_TempDisplay                             text18        18C2C
_TimeDisplay                             text15        17612
_TrickleCurrent                          text37        17404
_TrickleVoltage                          text36        1699E
_UART_SendChar                           text64        190C4
_VoltageDisplay                          text14        178DC
__HRAM                                   (abs)         00000
__Habs1                                  abs1          00000
__Hbank0                                 bank0         00000
__Hbank1                                 bank1         00000
__Hbank10                                bank10        00000
__Hbank11                                bank11        00000
__Hbank12                                bank12        00000
__Hbank13                                bank13        00000
__Hbank14                                bank14        00000
__Hbank15                                bank15        00000
__Hbank2                                 bank2         00000
__Hbank3                                 bank3         00000
__Hbank4                                 bank4         00000
__Hbank5                                 bank5         00000
__Hbank6                                 bank6         00000
__Hbank7                                 bank7         00000
__Hbank8                                 bank8         00000
__Hbank9                                 bank9         00000
__Hbigbss                                bigbss        00000
__Hbigdata                               bigdata       00000
__Hbigram                                bigram        00000
__Hbigsfr                                bigsfr        00000
__Hbss                                   bss           00000
__HbssBANK0                              bssBANK0      00000
__HbssBANK1                              bssBANK1      00000
__HbssBIGRAM                             bssBIGRAM     00000
__HbssCOMRAM                             bssCOMRAM     00000
__Hcinit                                 cinit         00000
__Hclrtext                               clrtext       00000
__Hcomram                                comram        00000
__Hconfig                                config        1FFFE
__Hconst                                 const         00000
__HcstackBANK0                           cstackBANK0   00000
__HcstackCOMRAM                          cstackCOMRAM  00000
__Hdata                                  data          00000
__HdataBANK0                             dataBANK0     00000
__HdataBANK1                             dataBANK1     00000
__Hfarbss                                farbss        00000
__Hfardata                               fardata       00000
__Hheap                                  heap          00000
__Hibigdata                              ibigdata      00000
__Hidata                                 idata         00000
__HidataBANK0                            idataBANK0    00000
__HidataBANK1                            idataBANK1    00000
__Hidloc                                 idloc         00000
__Hifardata                              ifardata      00000
__Hinit                                  init          00064
__Hintcode                               intcode       00060
__Hintcode_body                          intcode_body  00000
__Hintcodelo                             intcodelo     00060
__Hintentry                              intentry      00000
__Hintret                                intret        00000
__Hintsave_regs                          intsave_regs  00000
__Hirdata                                irdata        00000
__Hjflash_buffer                         jflash_buffer 1F800
__Hmediumconst                           mediumconst   10000
__HnvFARRAM                              nvFARRAM      00000
__Hnvbit                                 nvbit         00000
__Hnvrram                                nvrram        00000
__Hparam                                 rparam        00000
__Hpowerup                               powerup       00060
__Hram                                   ram           00000
__Hramtop                                ramtop        01000
__Hrbit                                  rbit          00000
__Hrbss                                  rbss          00000
__Hrdata                                 rdata         00000
__Hreset_vec                             reset_vec     00004
__Hrparam                                rparam        00000
__Hsfr                                   sfr           00000
__Hsmallconst                            smallconst    00000
__Hspace_0                               (abs)         1F800
__Hspace_1                               (abs)         0056C
__Hspace_2                               (abs)         00000
__Hspace_4                               (abs)         3FFF6
__Hstack                                 stack         00000
__Hstruct                                struct        00000
__Htemp                                  temp          0005F
__Htext                                  text          00000
__Htext0                                 text0         00000
__Htext1                                 text1         00000
__Htext10                                text10        00000
__Htext100                               text100       00000
__Htext101                               text101       00000
__Htext102                               text102       00000
__Htext103                               text103       00000
__Htext104                               text104       00000
__Htext105                               text105       00000
__Htext106                               text106       00000
__Htext107                               text107       00000
__Htext108                               text108       00000
__Htext109                               text109       00000
__Htext11                                text11        00000
__Htext110                               text110       00000
__Htext111                               text111       00000
__Htext112                               text112       00000
__Htext113                               text113       00000
__Htext12                                text12        00000
__Htext13                                text13        00000
__Htext14                                text14        00000
__Htext15                                text15        00000
__Htext16                                text16        00000
__Htext17                                text17        00000
__Htext18                                text18        00000
__Htext19                                text19        00000
__Htext2                                 text2         00000
__Htext20                                text20        00000
__Htext21                                text21        00000
__Htext22                                text22        00000
__Htext23                                text23        00000
__Htext24                                text24        00000
__Htext25                                text25        00000
__Htext26                                text26        00000
__Htext27                                text27        00000
__Htext28                                text28        00000
__Htext29                                text29        00000
__Htext3                                 text3         00000
__Htext30                                text30        00000
__Htext31                                text31        00000
__Htext32                                text32        00000
__Htext33                                text33        00000
__Htext34                                text34        00000
__Htext35                                text35        00000
__Htext36                                text36        00000
__Htext37                                text37        00000
__Htext38                                text38        00000
__Htext39                                text39        00000
__Htext4                                 text4         00000
__Htext40                                text40        00000
__Htext41                                text41        00000
__Htext42                                text42        00000
__Htext43                                text43        00000
__Htext44                                text44        00000
__Htext45                                text45        00000
__Htext46                                text46        00000
__Htext47                                text47        00000
__Htext48                                text48        00000
__Htext49                                text49        00000
__Htext5                                 text5         00000
__Htext50                                text50        00000
__Htext51                                text51        00000
__Htext52                                text52        00000
__Htext53                                text53        00000
__Htext54                                text54        00000
__Htext55                                text55        00000
__Htext56                                text56        00000
__Htext57                                text57        00000
__Htext58                                text58        00000
__Htext59                                text59        00000
__Htext6                                 text6         00000
__Htext60                                text60        00000
__Htext61                                text61        00000
__Htext62                                text62        00000
__Htext63                                text63        00000
__Htext64                                text64        00000
__Htext65                                text65        00000
__Htext66                                text66        00000
__Htext67                                text67        00000
__Htext68                                text68        00000
__Htext69                                text69        00000
__Htext7                                 text7         00000
__Htext70                                text70        00000
__Htext71                                text71        00000
__Htext72                                text72        00000
__Htext73                                text73        00000
__Htext74                                text74        00000
__Htext75                                text75        00000
__Htext76                                text76        00000
__Htext77                                text77        00000
__Htext78                                text78        00000
__Htext79                                text79        00000
__Htext8                                 text8         00000
__Htext80                                text80        00000
__Htext81                                text81        00000
__Htext82                                text82        00000
__Htext83                                text83        00000
__Htext84                                text84        00000
__Htext85                                text85        00000
__Htext86                                text86        00000
__Htext87                                text87        00000
__Htext88                                text88        00000
__Htext89                                text89        00000
__Htext9                                 text9         00000
__Htext90                                text90        00000
__Htext91                                text91        00000
__Htext92                                text92        00000
__Htext93                                text93        00000
__Htext94                                text94        00000
__Htext95                                text95        00000
__Htext96                                text96        00000
__Htext97                                text97        00000
__Htext98                                text98        00000
__Htext99                                text99        00000
__LRAM                                   (abs)         00001
__Labs1                                  abs1          00000
__Lbank0                                 bank0         00000
__Lbank1                                 bank1         00000
__Lbank10                                bank10        00000
__Lbank11                                bank11        00000
__Lbank12                                bank12        00000
__Lbank13                                bank13        00000
__Lbank14                                bank14        00000
__Lbank15                                bank15        00000
__Lbank2                                 bank2         00000
__Lbank3                                 bank3         00000
__Lbank4                                 bank4         00000
__Lbank5                                 bank5         00000
__Lbank6                                 bank6         00000
__Lbank7                                 bank7         00000
__Lbank8                                 bank8         00000
__Lbank9                                 bank9         00000
__Lbigbss                                bigbss        00000
__Lbigdata                               bigdata       00000
__Lbigram                                bigram        00000
__Lbigsfr                                bigsfr        00000
__Lbss                                   bss           00000
__LbssBANK0                              bssBANK0      00000
__LbssBANK1                              bssBANK1      00000
__LbssBIGRAM                             bssBIGRAM     00000
__LbssCOMRAM                             bssCOMRAM     00000
__Lcinit                                 cinit         00000
__Lclrtext                               clrtext       00000
__Lcomram                                comram        00000
__Lconfig                                config        00000
__Lconst                                 const         00000
__LcstackBANK0                           cstackBANK0   00000
__LcstackCOMRAM                          cstackCOMRAM  00000
__Ldata                                  data          00000
__LdataBANK0                             dataBANK0     00000
__LdataBANK1                             dataBANK1     00000
__Lfarbss                                farbss        00000
__Lfardata                               fardata       00000
__Lheap                                  heap          00000
__Libigdata                              ibigdata      00000
__Lidata                                 idata         00000
__LidataBANK0                            idataBANK0    00000
__LidataBANK1                            idataBANK1    00000
__Lidloc                                 idloc         00000
__Lifardata                              ifardata      00000
__Linit                                  init          00060
__Lintcode                               intcode       00008
__Lintcode_body                          intcode_body  00000
__Lintcodelo                             intcodelo     00060
__Lintentry                              intentry      00000
__Lintret                                intret        00000
__Lintsave_regs                          intsave_regs  00000
__Lirdata                                irdata        00000
__Ljflash_buffer                         jflash_buffer 1F800
__Lmediumconst                           mediumconst   0C974
__LnvFARRAM                              nvFARRAM      00000
__Lnvbit                                 nvbit         00000
__Lnvrram                                nvrram        00000
__Lparam                                 rparam        00000
__Lpowerup                               powerup       00060
__Lram                                   ram           00000
__Lramtop                                ramtop        01000
__Lrbit                                  rbit          00000
__Lrbss                                  rbss          00000
__Lrdata                                 rdata         00000
__Lreset_vec                             reset_vec     00000
__Lrparam                                rparam        00000
__Lsfr                                   sfr           00000
__Lsmallconst                            smallconst    00000
__Lspace_0                               (abs)         00000
__Lspace_1                               (abs)         00000
__Lspace_2                               (abs)         00000
__Lspace_4                               (abs)         00000
__Lstack                                 stack         00000
__Lstruct                                struct        00000
__Ltemp                                  temp          0005E
__Ltext                                  text          00000
__Ltext0                                 text0         00000
__Ltext1                                 text1         00000
__Ltext10                                text10        00000
__Ltext100                               text100       00000
__Ltext101                               text101       00000
__Ltext102                               text102       00000
__Ltext103                               text103       00000
__Ltext104                               text104       00000
__Ltext105                               text105       00000
__Ltext106                               text106       00000
__Ltext107                               text107       00000
__Ltext108                               text108       00000
__Ltext109                               text109       00000
__Ltext11                                text11        00000
__Ltext110                               text110       00000
__Ltext111                               text111       00000
__Ltext112                               text112       00000
__Ltext113                               text113       00000
__Ltext12                                text12        00000
__Ltext13                                text13        00000
__Ltext14                                text14        00000
__Ltext15                                text15        00000
__Ltext16                                text16        00000
__Ltext17                                text17        00000
__Ltext18                                text18        00000
__Ltext19                                text19        00000
__Ltext2                                 text2         00000
__Ltext20                                text20        00000
__Ltext21                                text21        00000
__Ltext22                                text22        00000
__Ltext23                                text23        00000
__Ltext24                                text24        00000
__Ltext25                                text25        00000
__Ltext26                                text26        00000
__Ltext27                                text27        00000
__Ltext28                                text28        00000
__Ltext29                                text29        00000
__Ltext3                                 text3         00000
__Ltext30                                text30        00000
__Ltext31                                text31        00000
__Ltext32                                text32        00000
__Ltext33                                text33        00000
__Ltext34                                text34        00000
__Ltext35                                text35        00000
__Ltext36                                text36        00000
__Ltext37                                text37        00000
__Ltext38                                text38        00000
__Ltext39                                text39        00000
__Ltext4                                 text4         00000
__Ltext40                                text40        00000
__Ltext41                                text41        00000
__Ltext42                                text42        00000
__Ltext43                                text43        00000
__Ltext44                                text44        00000
__Ltext45                                text45        00000
__Ltext46                                text46        00000
__Ltext47                                text47        00000
__Ltext48                                text48        00000
__Ltext49                                text49        00000
__Ltext5                                 text5         00000
__Ltext50                                text50        00000
__Ltext51                                text51        00000
__Ltext52                                text52        00000
__Ltext53                                text53        00000
__Ltext54                                text54        00000
__Ltext55                                text55        00000
__Ltext56                                text56        00000
__Ltext57                                text57        00000
__Ltext58                                text58        00000
__Ltext59                                text59        00000
__Ltext6                                 text6         00000
__Ltext60                                text60        00000
__Ltext61                                text61        00000
__Ltext62                                text62        00000
__Ltext63                                text63        00000
__Ltext64                                text64        00000
__Ltext65                                text65        00000
__Ltext66                                text66        00000
__Ltext67                                text67        00000
__Ltext68                                text68        00000
__Ltext69                                text69        00000
__Ltext7                                 text7         00000
__Ltext70                                text70        00000
__Ltext71                                text71        00000
__Ltext72                                text72        00000
__Ltext73                                text73        00000
__Ltext74                                text74        00000
__Ltext75                                text75        00000
__Ltext76                                text76        00000
__Ltext77                                text77        00000
__Ltext78                                text78        00000
__Ltext79                                text79        00000
__Ltext8                                 text8         00000
__Ltext80                                text80        00000
__Ltext81                                text81        00000
__Ltext82                                text82        00000
__Ltext83                                text83        00000
__Ltext84                                text84        00000
__Ltext85                                text85        00000
__Ltext86                                text86        00000
__Ltext87                                text87        00000
__Ltext88                                text88        00000
__Ltext89                                text89        00000
__Ltext9                                 text9         00000
__Ltext90                                text90        00000
__Ltext91                                text91        00000
__Ltext92                                text92        00000
__Ltext93                                text93        00000
__Ltext94                                text94        00000
__Ltext95                                text95        00000
__Ltext96                                text96        00000
__Ltext97                                text97        00000
__Ltext98                                text98        00000
__Ltext99                                text99        00000
__S0                                     (abs)         191D0
__S1                                     (abs)         0056C
__S4                                     (abs)         00000
___GLCD                                  bssBANK0      000E3
___GLCD_Buffer                           bssBIGRAM     0016C
___GLCD_GotoX                            text90        18694
___GLCD_GotoX$424                        cstackCOMRAM  0000A
___GLCD_GotoX@X                          cstackCOMRAM  0000E
___GLCD_GotoX@chip                       cstackCOMRAM  0000D
___GLCD_GotoX@cmd                        cstackCOMRAM  0000C
___GLCD_GotoY                            text87        18DEA
___GLCD_GotoY@Y                          cstackCOMRAM  0000A
___GLCD_GotoY@cmd                        cstackCOMRAM  00009
___aodiv                                 text67        15926
___aodiv@counter                         cstackCOMRAM  00011
___aodiv@dividend                        cstackCOMRAM  00001
___aodiv@divisor                         cstackCOMRAM  00009
___aodiv@quotient                        cstackCOMRAM  00013
___aodiv@sign                            cstackCOMRAM  00012
___aomod                                 text66        15DA4
___aomod@counter                         cstackCOMRAM  00011
___aomod@dividend                        cstackCOMRAM  00001
___aomod@divisor                         cstackCOMRAM  00009
___aomod@sign                            cstackCOMRAM  00012
___awdiv                                 text88        17C1E
___awdiv@counter                         cstackCOMRAM  00005
___awdiv@dividend                        cstackCOMRAM  00001
___awdiv@divisor                         cstackCOMRAM  00003
___awdiv@quotient                        cstackCOMRAM  00007
___awdiv@sign                            cstackCOMRAM  00006
___extmem_base                           (abs)         20000
___heap_hi                               (abs)         00000
___heap_lo                               (abs)         00000
___inthi_sp                              stack         00000
___intlo_sp                              stack         00000
___lbdiv                                 text94        188B4
___lbdiv@counter                         cstackCOMRAM  00003
___lbdiv@dividend                        cstackCOMRAM  00002
___lbdiv@divisor                         cstackCOMRAM  00001
___lbdiv@quotient                        cstackCOMRAM  00004
___lldiv                                 text17        180F8
___lldiv@counter                         cstackCOMRAM  00016
___lldiv@dividend                        cstackCOMRAM  0000A
___lldiv@divisor                         cstackCOMRAM  0000E
___lldiv@quotient                        cstackCOMRAM  00012
___llmod                                 text16        1847A
___llmod@counter                         cstackCOMRAM  00009
___llmod@dividend                        cstackCOMRAM  00001
___llmod@divisor                         cstackCOMRAM  00005
___lodiv                                 text58        17710
___lodiv@counter                         cstackCOMRAM  00019
___lodiv@dividend                        cstackCOMRAM  00001
___lodiv@divisor                         cstackCOMRAM  00009
___lodiv@quotient                        cstackCOMRAM  00011
___lomod                                 text57        17A84
___lomod@counter                         cstackCOMRAM  00011
___lomod@dividend                        cstackCOMRAM  00001
___lomod@divisor                         cstackCOMRAM  00009
___lwdiv                                 text93        1870A
___lwdiv@counter                         cstackCOMRAM  00007
___lwdiv@dividend                        cstackCOMRAM  00001
___lwdiv@divisor                         cstackCOMRAM  00003
___lwdiv@quotient                        cstackCOMRAM  00005
___lwmod                                 text40        187F0
___lwmod@counter                         cstackCOMRAM  00005
___lwmod@dividend                        cstackCOMRAM  00001
___lwmod@divisor                         cstackCOMRAM  00003
___param_bank                            (abs)         00000
___rparam_used                           (abs)         00001
___sp                                    stack         00000
___wmul                                  text78        19016
___wmul@multiplicand                     cstackCOMRAM  00003
___wmul@multiplier                       cstackCOMRAM  00001
___wmul@product                          cstackCOMRAM  00005
__accesstop                              (abs)         00060
__activetblptr                           (abs)         00003
__end_ofTwoBatMenu@F6069                 mediumconst   0C99E
__end_ofTwoBatMenu@F6071                 mediumconst   0C994
__end_ofTwoBatMenu@F6073                 mediumconst   0C980
__end_ofTwoBatMenu@F6075                 mediumconst   0C98A
__end_of_ButtonDown                      text96        19102
__end_of_ButtonLeft                      text97        19116
__end_of_ButtonOK                        text95        190EE
__end_of_ButtonRight                     text98        1912A
__end_of_ButtonUp                        text99        1913E
__end_of_Button_EventGet                 text101       18F04
__end_of_Button_Event_Reset              text100       18B0C
__end_of_Button_Init                     text113       1578C
__end_of_Button_Update                   text92        147E6
__end_of_CapacitanceDisplay              text21        15926
__end_of_CellCount                       text47        171F4
__end_of_ChargerMode                     text46        16FE0
__end_of_ChemistryDisplay                text45        16EA8
__end_of_CurrentDisplay                  text20        18A16
__end_of_CycleDisplay                    text19        189C0
__end_of_CycleSet                        text44        17612
__end_of_Font5x8                         mediumconst   0FD5E
__end_of_GLCD_BufferRead                 text91        18F6A
__end_of_GLCD_BufferWrite                text85        18F38
__end_of_GLCD_Clear                      text42        19060
__end_of_GLCD_DrawHLine                  text83        18BE6
__end_of_GLCD_DrawRectangle              text80        1847A
__end_of_GLCD_DrawVLine                  text81        18ECC
__end_of_GLCD_FillRectangle              text79        1907A
__end_of_GLCD_FillScreen                 text43        18CF4
__end_of_GLCD_GotoX                      text112       190C4
__end_of_GLCD_GotoXY                     text110       191A8
__end_of_GLCD_GotoY                      text111       19094
__end_of_GLCD_PrintChar                  text77        13AD0
__end_of_GLCD_PrintString                text76        1835E
__end_of_GLCD_Render                     text86        188B4
__end_of_GLCD_SelectChip                 text107       18D72
__end_of_GLCD_Send                       text108       17D9A
__end_of_GLCD_SendCommand                text105       18DEA
__end_of_GLCD_SendData                   text89        18236
__end_of_GLCD_SetFont                    text75        183EE
__end_of_GLCD_SetPixel                   text84        18694
__end_of_GLCD_SetPixels                  text82        14D0E
__end_of_GLCD_Setup                      text104       18612
__end_of_GLCD_WaitBusy                   text106       1896A
__end_of_Handle_Main_MenuNavigation      text74        15DA4
__end_of_Handle_Setting1_MenuNavigation  text73        1519E
__end_of_Handle_Setting23_MenuNavigation text72        13F4E
__end_of_Handle_Setting5_MenuNavigation  text71        14F56
__end_of_ISR                             intcode       00060
__end_of_InitBattParameters              text103       15C30
__end_of_Init_Timer0                     text102       19152
__end_of_Menu                            text11        13608
__end_of_MinimumDischargeVoltage         text39        16D70
__end_of_Options1_Menu                   text41        180F8
__end_of_Options2_Menu                   text35        18050
__end_of_Options3_Menu                   text32        1858A
__end_of_Options4_Menu                   text27        17FA4
__end_of_Options5_Menu                   text22        17A84
__end_of_Pulse_En                        text109       19188
__end_of_ReadID                          text8         18B56
__end_of_ReadID_JEDEC                    text7         18B9E
__end_of_SPI_Transfer                    text10        190AC
__end_of_SetCellVotage                   text38        16C2A
__end_of_SetChargingCurrent_1            text31        17404
__end_of_SetChargingCurrent_2            text30        16462
__end_of_SetChargingCurrent_3            text26        1630E
__end_of_SetChargingCurrent_4            text25        161BA
__end_of_SetDischargingCurrent_1         text29        172FC
__end_of_SetDischargingCurrent_2         text28        16858
__end_of_SetDischargingCurrent_3         text24        16706
__end_of_SetDischargingCurrent_4         text23        165B4
__end_of_SetMaxTime                      text34        1699E
__end_of_SetTemp                         text33        170EA
__end_of_SingleBat_Menu                  text12        178DC
__end_of_Tahoma11x13                     mediumconst   0FB1E
__end_of_Tekton_Pro_Ext27x28             mediumconst   0F27E
__end_of_TempDisplay                     text18        18C70
__end_of_TimeDisplay                     text15        17710
__end_of_TrickleCurrent                  text37        1750C
__end_of_TrickleVoltage                  text36        16AE4
__end_of_UART_SendChar                   text64        190DA
__end_of_VoltageDisplay                  text14        179B0
__end_of___GLCD_GotoX                    text90        1870A
__end_of___GLCD_GotoY                    text87        18E24
__end_of___aodiv                         text67        15AAE
__end_of___aomod                         text66        15F08
__end_of___awdiv                         text88        17CE2
[...]
__ptext7                                 text7         18B56
__ptext70                                text70        18FC2
__ptext71                                text71        14D0E
__ptext72                                text72        13AD0
__ptext73                                text73        14F56
__ptext74                                text74        15C30
__ptext75                                text75        1835E
__ptext76                                text76        182CC
__ptext77                                text77        13608
__ptext78                                text78        19016
__ptext79                                text79        19060
__ptext8                                 text8         18B0C
__ptext80                                text80        183EE
__ptext81                                text81        18E94
__ptext82                                text82        14A9E
__ptext83                                text83        18B9E
__ptext84                                text84        18612
__ptext85                                text85        18F04
__ptext86                                text86        18854
__ptext87                                text87        18DEA
__ptext88                                text88        17C1E
__ptext89                                text89        1819C
__ptext9                                 text9         18FEE
__ptext90                                text90        18694
__ptext91                                text91        18F38
__ptext92                                text92        143C6
__ptext93                                text93        1870A
__ptext94                                text94        188B4
__ptext95                                text95        190DA
__ptext96                                text96        190EE
__ptext97                                text97        19102
__ptext98                                text98        19116
__ptext99                                text99        1912A
__ramtop                                 ramtop        01000
__smallconst                             smallconst    00000
_abs                                     text65        18CF4
_atoi                                    text68        15F08
_batState                                text13        17D9A
_button_counter                          bssBANK0      000F1
_counter_test                            bssBANK0      000F3
_dbuf                                    bssBANK1      0014C
_dtoa                                    text59        147E6
_dtoa$3781                               cstackCOMRAM  00030
_flags                                   bssBANK0      000F5
_fputc                                   text62        17B54
_fputs                                   text61        18C70
_instance                                dataBANK1     0010F
_isalpha                                 text55        18E5C
_isdigit                                 text70        18FC2
_islower                                 text53        18F6A
_isspace                                 text69        18BE6
_isspace$3858                            cstackCOMRAM  00005
_isupper                                 text54        18F96
_main                                    text0         18236
_pad                                     text60        17E4A
_prec                                    bssCOMRAM     0005C
_printf                                  text9         18FEE
_putch                                   text63        191B6
_setSPI_Interface                        text6         19164
_setupClock                              text5         191A8
_setupInterrupts                         text4         191C8
_setupPWM                                text3         19152
_setupPorts                              text2         191C0
_setupUART                               text1         19188
_sprintf                                 text48        18A6A
_this                                    dataBANK1     00100
_time                                    bssBANK1      00148
_toupper                                 text52        18E24
_utoa                                    text56        153CE
_vfpfcnvrt                               text50        13F4E
_vfprintf                                text49        18A16
_width                                   bssBANK0      000ED
_xtoa                                    text51        1519E
_xtoa$3799                               cstackCOMRAM  00031
abs@a                                    cstackCOMRAM  00013
atoi@n                                   cstackCOMRAM  0000E
atoi@neg                                 cstackCOMRAM  0000C
atoi@s                                   cstackCOMRAM  00007
batState@battery_number                  cstackCOMRAM  00022
batState@state                           cstackCOMRAM  00025
btemp                                    temp          0005E
dtoa@d                                   cstackCOMRAM  00020
dtoa@fp                                  cstackCOMRAM  0001E
dtoa@i                                   cstackCOMRAM  0003F
dtoa@n                                   cstackCOMRAM  00036
dtoa@p                                   cstackCOMRAM  00032
dtoa@s                                   cstackCOMRAM  0003E
dtoa@w                                   cstackCOMRAM  00034
end_of_initialization                    cinit         187E6
fputc@c                                  cstackCOMRAM  00003
fputc@fp                                 cstackCOMRAM  00005
fputs@c                                  cstackCOMRAM  00010
fputs@fp                                 cstackCOMRAM  0000E
fputs@i                                  cstackCOMRAM  00011
fputs@s                                  cstackCOMRAM  0000C
int$flags                                temp          0005E
intlevel0                                text          00000
intlevel1                                text          00000
intlevel2                                text          00000
intlevel3                                text          00000
isa$std                                  (abs)         00001
isa$xinst                                (abs)         00000
isalpha@c                                cstackCOMRAM  00001
isdigit@c                                cstackCOMRAM  00001
islower@c                                cstackCOMRAM  00001
isspace@c                                cstackCOMRAM  00001
isupper@c                                cstackCOMRAM  00001
main@bat_param                           cstackBANK0   0008C
pad@buf                                  cstackCOMRAM  00015
pad@fp                                   cstackCOMRAM  00013
pad@i                                    cstackCOMRAM  0001A
pad@p                                    cstackCOMRAM  00017
pad@w                                    cstackCOMRAM  0001C
printf@ap                                cstackCOMRAM  0005A
printf@fmt                               cstackBANK0   00066
putch@txData                             cstackCOMRAM  00002
sprintf@ap                               cstackBANK0   00072
sprintf@f                                cstackBANK0   00074
sprintf@fmt                              cstackBANK0   00068
sprintf@s                                cstackBANK0   00066
stackhi                                  (abs)         00000
stacklo                                  (abs)         00000
start                                    init          00060
start_initialization                     cinit         1877E
toupper@c                                cstackCOMRAM  00005
ttemp5                                   temp          0005F
ttemp6                                   temp          00062
ttemp7                                   temp          00066
utoa@d                                   cstackCOMRAM  00020
utoa@fp                                  cstackCOMRAM  0001E
utoa@i                                   cstackCOMRAM  0003C
utoa@n                                   cstackCOMRAM  00034
utoa@p                                   cstackCOMRAM  00030
utoa@w                                   cstackCOMRAM  00032
vfpfcnvrt@ap                             cstackCOMRAM  00046
vfpfcnvrt@convarg                        cstackCOMRAM  0004E
vfpfcnvrt@cp                             cstackCOMRAM  00056
vfpfcnvrt@done                           cstackCOMRAM  0004C
vfpfcnvrt@fmt                            cstackCOMRAM  00044
vfpfcnvrt@fp                             cstackCOMRAM  00042
vfprintf@ap                              cstackBANK0   00064
vfprintf@cfmt                            cstackCOMRAM  00058
vfprintf@fmt                             cstackBANK0   00062
vfprintf@fp                              cstackBANK0   00060
wtemp8                                   temp          0005F
xtoa@c                                   cstackCOMRAM  00041
xtoa@d                                   cstackCOMRAM  00020
xtoa@fp                                  cstackCOMRAM  0001E
xtoa@i                                   cstackCOMRAM  0003F
xtoa@n                                   cstackCOMRAM  00037
xtoa@p                                   cstackCOMRAM  00033
xtoa@w                                   cstackCOMRAM  00035
xtoa@x                                   cstackCOMRAM  00028


MODULE INFORMATION

Module		Function		Class		Link	Load	Size
C:\Program Files\Microchip\xc8\v2.40\pic\sources\c99\common\nf_fputc.c
		_fputc         		CODE           	17B54	0000	202

C:\Program Files\Microchip\xc8\v2.40\pic\sources\c99\common\nf_fputc.c estimated size: 202

C:\Program Files\Microchip\xc8\v2.40\pic\sources\c99\common\toupper.c
		_toupper       		CODE           	18E24	0000	56

C:\Program Files\Microchip\xc8\v2.40\pic\sources\c99\common\toupper.c estimated size: 56

C:\Program Files\Microchip\xc8\v2.40\pic\sources\c99\common\nf_sprintf.c
		_sprintf       		CODE           	18A6A	0000	82

C:\Program Files\Microchip\xc8\v2.40\pic\sources\c99\common\nf_sprintf.c estimated size: 82

C:\Program Files\Microchip\xc8\v2.40\pic\sources\c99\common\lwdiv.c
		___lwdiv       		CODE           	1870A	0000	116

C:\Program Files\Microchip\xc8\v2.40\pic\sources\c99\common\lwdiv.c estimated size: 116

C:\Program Files\Microchip\xc8\v2.40\pic\sources\c99\common\isalpha.c
		_isalpha       		CODE           	18E5C	0000	56

C:\Program Files\Microchip\xc8\v2.40\pic\sources\c99\common\isalpha.c estimated size: 56

C:\Program Files\Microchip\xc8\v2.40\pic\sources\c99\common\awdiv.c
		___awdiv       		CODE           	17C1E	0000	196

C:\Program Files\Microchip\xc8\v2.40\pic\sources\c99\common\awdiv.c estimated size: 196

button.c
		_Button_EventGet		CODE           	18ECC	0000	56
		_Button_Event_Reset		CODE           	18ABC	0000	80
		_ButtonLeft    		CODE           	19102	0000	20
		_ButtonOK      		CODE           	190DA	0000	20
		_Button_Init   		CODE           	155CA	0000	450
		_ButtonRight   		CODE           	19116	0000	20
		_ButtonUp      		CODE           	1912A	0000	20
		_Button_Update 		CODE           	143C6	0000	1056
		_ButtonDown    		CODE           	190EE	0000	20

button.c estimated size: 1742

C:\Program Files\Microchip\xc8\v2.40\pic\sources\c99\common\isspace.c
		_isspace       		CODE           	18BE6	0000	70

C:\Program Files\Microchip\xc8\v2.40\pic\sources\c99\common\isspace.c estimated size: 70

settings.c
		_setupClock    		CODE           	191A8	0000	14
		_setupPWM      		CODE           	19152	0000	18
		_setupInterrupts		CODE           	191C8	0000	6
		_setupPorts    		CODE           	191C0	0000	8
		_setupUART     		CODE           	19188	0000	16

settings.c estimated size: 62

C:\Program Files\Microchip\xc8\v2.40\pic\sources\c99\common\atoi.c
		_atoi          		CODE           	15F08	0000	350

C:\Program Files\Microchip\xc8\v2.40\pic\sources\c99\common\atoi.c estimated size: 350

C:\Program Files\Microchip\xc8\v2.40\pic\sources\c99\common\Umul16.c
		___wmul        		CODE           	19016	0000	38

C:\Program Files\Microchip\xc8\v2.40\pic\sources\c99\common\Umul16.c estimated size: 38

LCD-KS0108/KS0108.c
		___GLCD_GotoX  		CODE           	18694	0000	118
		___GLCD_GotoY  		CODE           	18DEA	0000	58
		_GLCD_SelectChip		CODE           	18D34	0000	62
		_GLCD_BufferRead		CODE           	18F38	0000	50
		_GLCD_Render   		CODE           	18854	0000	96
		_GLCD_FillRectangle		CODE           	19060	0000	26
		_GLCD_GotoX    		CODE           	190AC	0000	24
		_GLCD_GotoY    		CODE           	1907A	0000	26
		_GLCD_WaitBusy 		CODE           	18910	0000	90
		_GLCD_GotoXY   		CODE           	19198	0000	16
		_GLCD_FillScreen		CODE           	18CB4	0000	64
		_Pulse_En      		CODE           	19176	0000	18
		_GLCD_Send     		CODE           	17CE2	0000	184
		_GLCD_Setup    		CODE           	1858A	0000	136
		_GLCD_PrintString		CODE           	182CC	0000	146
		_GLCD_DrawHLine		CODE           	18B9E	0000	72
		_GLCD_DrawVLine		CODE           	18E94	0000	56
		_GLCD_SetFont  		CODE           	1835E	0000	144
		_GLCD_SendCommand		CODE           	18DAE	0000	60
		_GLCD_SendData 		CODE           	1819C	0000	154
		_GLCD_SetPixel 		CODE           	18612	0000	130
		_GLCD_PrintChar		CODE           	13608	0000	1224
		_GLCD_DrawRectangle		CODE           	183EE	0000	140
		_GLCD_BufferWrite		CODE           	18F04	0000	52
		_GLCD_SetPixels		CODE           	14A9E	0000	624
		_GLCD_Clear    		CODE           	1903C	0000	36

LCD-KS0108/KS0108.c estimated size: 3806

interrupts.c
		_ISR           		CODE           	0008	0000	88
		_Init_Timer0   		CODE           	1913E	0000	20

interrupts.c estimated size: 108

C:\Program Files\Microchip\xc8\v2.40\pic\sources\c99\common\__lldiv.c
		___lldiv       		CODE           	180F8	0000	164

C:\Program Files\Microchip\xc8\v2.40\pic\sources\c99\common\__lldiv.c estimated size: 164

C:\Program Files\Microchip\xc8\v2.40\pic\sources\c99\common\abs.c
		_abs           		CODE           	18CF4	0000	64

C:\Program Files\Microchip\xc8\v2.40\pic\sources\c99\common\abs.c estimated size: 64

C:\Program Files\Microchip\xc8\v2.40\pic\sources\c99\common\printf.c
		_printf        		CODE           	18FEE	0000	40

C:\Program Files\Microchip\xc8\v2.40\pic\sources\c99\common\printf.c estimated size: 40

menu_definitions.c
		_CycleDisplay  		CODE           	1896A	0000	86
		_InitBattParameters		CODE           	15AAE	0000	386
		_CellCount     		CODE           	170EA	0000	266
		_SetTemp       		CODE           	16FE0	0000	266
		_SetDischargingCurrent_2		CODE           	16706	0000	338
		_CurrentDisplay		CODE           	189C0	0000	86
		_CycleSet      		CODE           	1750C	0000	262
		_ChemistryDisplay		CODE           	16D70	0000	312
		_TempDisplay   		CODE           	18C2C	0000	68
		_batState      		CODE           	17D9A	0000	176
		_SetMaxTime    		CODE           	16858	0000	326
		_MinimumDischargeVoltage		CODE           	16C2A	0000	326
		_Options1_Menu 		CODE           	18050	0000	168
		_Options2_Menu 		CODE           	17FA4	0000	172
		_Options3_Menu 		CODE           	18502	0000	136
		_Options4_Menu 		CODE           	17EF8	0000	172
		_Options5_Menu 		CODE           	179B0	0000	212
		_TimeDisplay   		CODE           	17612	0000	254
		_SetDischargingCurrent_1		CODE           	171F4	0000	264
		_SetDischargingCurrent_4		CODE           	16462	0000	338
		_SetChargingCurrent_1		CODE           	172FC	0000	264
		_TrickleVoltage		CODE           	1699E	0000	326
		_SetChargingCurrent_2		CODE           	1630E	0000	340
		_CapacitanceDisplay		CODE           	1578C	0000	410
		_TrickleCurrent		CODE           	17404	0000	264
		_SingleBat_Menu		CODE           	17800	0000	220
		_SetCellVotage 		CODE           	16AE4	0000	326
		_SetChargingCurrent_3		CODE           	161BA	0000	340
		_VoltageDisplay		CODE           	178DC	0000	212
		_ChargerMode   		CODE           	16EA8	0000	312
		_SetChargingCurrent_4		CODE           	16066	0000	340
		_SetDischargingCurrent_3		CODE           	165B4	0000	338

menu_definitions.c estimated size: 8306

menu_navigation.c
		_Handle_Main_MenuNavigation		CODE           	15C30	0000	372
		_Handle_Setting23_MenuNavigation		CODE           	13AD0	0000	1150
		_Menu          		CODE           	10000	0000	13832
		_Handle_Setting1_MenuNavigation		CODE           	14F56	0000	584
		_Handle_Setting5_MenuNavigation		CODE           	14D0E	0000	584

menu_navigation.c estimated size: 16522

C:\Program Files\Microchip\xc8\v2.40\pic\sources\c99\common\isdigit.c
		_isdigit       		CODE           	18FC2	0000	44

C:\Program Files\Microchip\xc8\v2.40\pic\sources\c99\common\isdigit.c estimated size: 44

MMSP.c
		_ReadID_JEDEC  		CODE           	18B56	0000	72
		_SPI_Transfer  		CODE           	19094	0000	24
		_ReadID        		CODE           	18B0C	0000	74
		_setSPI_Interface		CODE           	19164	0000	18

MMSP.c estimated size: 188

C:\Program Files\Microchip\xc8\v2.40\pic\sources\c99\common\lbdiv.c
		___lbdiv       		CODE           	188B4	0000	92

C:\Program Files\Microchip\xc8\v2.40\pic\sources\c99\common\lbdiv.c estimated size: 92

C:\Program Files\Microchip\xc8\v2.40\pic\sources\c99\common\nf_fputs.c
		_fputs         		CODE           	18C70	0000	68

C:\Program Files\Microchip\xc8\v2.40\pic\sources\c99\common\nf_fputs.c estimated size: 68

C:\Program Files\Microchip\xc8\v2.40\pic\sources\c99\common\lomod.c
		___lomod       		CODE           	17A84	0000	208

C:\Program Files\Microchip\xc8\v2.40\pic\sources\c99\common\lomod.c estimated size: 208

C:\Program Files\Microchip\xc8\v2.40\pic\sources\c99\common\aomod.c
		___aomod       		CODE           	15DA4	0000	356

C:\Program Files\Microchip\xc8\v2.40\pic\sources\c99\common\aomod.c estimated size: 356

shared
		TwoBatMenu@F6071		MEDIUMCONST    	C98A	0000	10
		TwoBatMenu@F6073		MEDIUMCONST    	C975	0000	11
		TwoBatMenu@F6075		MEDIUMCONST    	C980	0000	10
		TwoBatMenu@F6069		MEDIUMCONST    	C994	0000	10
		__initialization		CODE           	1877E	0000	104
		_Tekton_Pro_Ext27x28		MEDIUMCONST    	C99E	0000	10464
		_Font5x8       		MEDIUMCONST    	FB1E	0000	576
		_Tahoma11x13   		MEDIUMCONST    	F27E	0000	2208

shared estimated size: 13393

C:\Program Files\Microchip\xc8\v2.40\pic\sources\c99\common\lwmod.c
		___lwmod       		CODE           	187F0	0000	100

C:\Program Files\Microchip\xc8\v2.40\pic\sources\c99\common\lwmod.c estimated size: 100

C:\Program Files\Microchip\xc8\v2.40\pic\sources\c99\common\llmod.c
		___llmod       		CODE           	1847A	0000	136

C:\Program Files\Microchip\xc8\v2.40\pic\sources\c99\common\llmod.c estimated size: 136

peripherials/UART.c
		_putch         		CODE           	191B6	0000	10
		_UART_SendChar 		CODE           	190C4	0000	22

peripherials/UART.c estimated size: 32

C:\Program Files\Microchip\xc8\v2.40\pic\sources\c99\common\isupper.c
		_isupper       		CODE           	18F96	0000	44

C:\Program Files\Microchip\xc8\v2.40\pic\sources\c99\common\isupper.c estimated size: 44

C:\Program Files\Microchip\xc8\v2.40\pic\sources\c99\common\doprnt.c
		_vfpfcnvrt     		CODE           	13F4E	0000	1144
		_pad           		CODE           	17E4A	0000	174
		_dtoa          		CODE           	147E6	0000	696
		_vfprintf      		CODE           	18A16	0000	84
		_utoa          		CODE           	153CE	0000	508
		_xtoa          		CODE           	1519E	0000	560

C:\Program Files\Microchip\xc8\v2.40\pic\sources\c99\common\doprnt.c estimated size: 3166

main.c
		_main          		CODE           	18236	0000	150

main.c estimated size: 150

C:\Program Files\Microchip\xc8\v2.40\pic\sources\c99\common\lodiv.c
		___lodiv       		CODE           	17710	0000	240

C:\Program Files\Microchip\xc8\v2.40\pic\sources\c99\common\lodiv.c estimated size: 240

C:\Program Files\Microchip\xc8\v2.40\pic\sources\c99\common\islower.c
		_islower       		CODE           	18F6A	0000	44

C:\Program Files\Microchip\xc8\v2.40\pic\sources\c99\common\islower.c estimated size: 44

C:\Program Files\Microchip\xc8\v2.40\pic\sources\c99\common\aodiv.c
		___aodiv       		CODE           	15926	0000	392

C:\Program Files\Microchip\xc8\v2.40\pic\sources\c99\common\aodiv.c estimated size: 392

