Microchip MPLAB XC8 Compiler V2.40

Linker command line:

-W5 \
  --edf=C:/Users/LPC-user/.mchp_packs/Microchip/PIC18F-J_DFP/1.7.159/xc8\pic\dat\20230817221043_en.msgs \
  -cn -h+dist/default/production\battery-tester.X.production.sym \
  --cmf=dist/default/production\battery-tester.X.production.cmf -z \
  -Q18F67J50 -oC:\Users\LPC-user\AppData\Local\Temp\xcAs2pk.4 \
  --defsym=__MPLAB_BUILD=1 --fixupoverflow=error \
  -Mdist/default/production/battery-tester.X.production.map \
  --md=C:\Users\LPC-user\AppData\Local\Temp\xcAs2pk.dat -E1 \
  -ver=XC8 Compiler --acfsm=1493 -ACODE=00h-01FFF7h -ACONST=00h-01FFF7h \
  -ASMALLCONST=01000h-010FFhx495,01FF00h-01FFF7h \
  -AMEDIUMCONST=01000h-0FFFFh,011000h-01FFF7h -ACOMRAM=01h-05Fh \
  -AABS1=00h-0F3Fh -ABIGRAM=01h-0F3Fh \
  -ARAM=060h-0FFh,0100h-01FFhx14,0F00h-0F3Fh -ABANK0=060h-0FFh \
  -ABANK1=0100h-01FFh -ABANK2=0200h-02FFh -ABANK3=0300h-03FFh \
  -ABANK4=0400h-04FFh -ABANK5=0500h-05FFh -ABANK6=0600h-06FFh \
  -ABANK7=0700h-07FFh -ABANK8=0800h-08FFh -ABANK9=0900h-09FFh \
  -ABANK10=0A00h-0AFFh -ABANK11=0B00h-0BFFh -ABANK12=0C00h-0CFFh \
  -ABANK13=0D00h-0DFFh -ABANK14=0E00h-0EFFh -ABANK15=0F00h-0F3Fh \
  -ASFR=0F40h-0F5Fh,0F60h-0FFFh -ABIGSFR=0F40h-0FFFh \
  -ACONFIG=01FFF8h-01FFFDh \
  -preset_vec=00h,intcode=08h,intcodelo,powerup,init -pramtop=01000h \
  -psmallconst=SMALLCONST -pmediumconst=MEDIUMCONST -pconst=CONST \
  -AFARRAM=00h-00h -pjflash_buffer=01F800h \
  -prdata=COMRAM,nvrram=COMRAM,nvbit=COMRAM,rbss=COMRAM,rbit=COMRAM \
  -pfarbss=FARRAM,fardata=FARRAM,nvFARRAM=FARRAM \
  -pintsave_regs=BIGRAM,bigbss=BIGRAM,bigdata=BIGRAM -pbss=RAM \
  -pidata=CODE,irdata=CODE,ibigdata=CODE,ifardata=CODE -prparam=COMRAM \
  C:\Users\LPC-user\AppData\Local\Temp\xcAs2pk.o \
  dist/default/production\battery-tester.X.production.o 

Object code version is 3.11

Machine type is 18F67J50



                Name                               Link     Load   Length Selector   Space Scale
C:\Users\LPC-user\AppData\Local\Temp\xcAs2pk.o
                config                            1FFF8    1FFF8        6        0       4
                init                                 5A       5A        4        4       0
                reset_vec                             0        0        4        0       0
dist/default/production\battery-tester.X.production.o
                intcode                               8        8       52        4       0
                config                            1FFF8    1FFF8        6        0       4
                temp                                 5F       5F        1        1       1
                mediumconst                        CA80     CA80     3580     6540       0
                text85                            116B2    116B2      1C2     8000       0
                text84                            137AA    137AA       18     9B80       0
                text83                            13790    13790       1A     9B80       0
                text82                            13894    13894       10     9B80       0
                text81                            13862    13862       12     9B80       0
                text80                            12562    12562       B8     8000       0
                text79                            13548    13548       3E     8000       0
                text78                            1305C    1305C       5A     8000       0
                text77                            13586    13586       3C     8000       0
                text76                            12AE8    12AE8       88     8000       0
                text75                            11CC4    11CC4      11E     8000       0
                text74                            1383C    1383C       14     9B80       0
                text73                            13634    13634       38     8000       0
                text72                            13258    13258       50     8000       0
                text71                            13828    13828       14     9B80       0
                text70                            13814    13814       14     9B80       0
                text69                            13800    13800       14     9B80       0
                text68                            137EC    137EC       14     9B80       0
                text67                            137D8    137D8       14     9B80       0
                text66                            13000    13000       5C     8000       0
                text65                            12EC8    12EC8       74     8000       0
                text64                            104C8    104C8      420     8000       0
                text63                            136A0    136A0       32     8000       0
                text62                            1366C    1366C       34     8000       0
                text61                            12B70    12B70       82     8000       0
                text60                            132A8    132A8       48     8000       0
                text59                            11248    11248      270     8000       0
                text58                            135FC    135FC       38     8000       0
                text57                            129D4    129D4       8C     8000       0
                text56                            13776    13776       1A     9B80       0
                text55                            1231E    1231E       C4     8000       0
                text54                            1372C    1372C       26     9B80       0
                text53                            10000    10000      4C8     8000       0
                text52                            128B2    128B2       92     8000       0
                text51                            12D6A    12D6A       76     8000       0
                text50                            12818    12818       9A     8000       0
                text49                            135C2    135C2       3A     8000       0
                text48                            12FA0    12FA0       60     8000       0
                text47                            12944    12944       90     8000       0
                text46                            119EE    119EE      178     8000       0
                text45                            11874    11874      17A     8000       0
                text44                            108E8    108E8      34E     8000       0
                text43                            13700    13700       2C     9B80       0
                text42                            132F0    132F0       46     8000       0
                text41                            11B66    11B66      15E     8000       0
                text40                            11EE0    11EE0       F0     8000       0
                text39                            12184    12184       D0     8000       0
                text38                            137C2    137C2       16     9B80       0
                text37                            138B2    138B2        A     9B80       0
                text36                            12254    12254       CA     8000       0
                text35                            133BE    133BE       44     8000       0
                text34                            126CA    126CA       AA     8000       0
                text33                            114B8    114B8      1FA     8000       0
                text32                            10F78    10F78      2D0     8000       0
                text31                            13206    13206       52     8000       0
                text30                            131B4    131B4       52     8000       0
                text29                            1337A    1337A       44     8000       0
                text28                            12E54    12E54       74     8000       0
                text27                            12DE0    12DE0       74     8000       0
                text26                            13508    13508       40     8000       0
                text25                            134C8    134C8       40     8000       0
                text24                            13752    13752       24     9B80       0
                text23                            124A2    124A2       C0     8000       0
                text22                            12F3C    12F3C       64     8000       0
                text21                            12C72    12C72       80     8000       0
                text20                            12BF2    12BF2       80     8000       0
                text19                            13486    13486       42     8000       0
                text18                            13444    13444       42     8000       0
                text17                            123E2    123E2       C0     8000       0
                text16                            13402    13402       42     8000       0
                text15                            1310C    1310C       56     8000       0
                text14                            130B6    130B6       56     8000       0
                text13                            13336    13336       44     8000       0
                text12                            12774    12774       A4     8000       0
                text11                            12A60    12A60       88     8000       0
                text10                            11DE2    11DE2       FE     8000       0
                text9                             120B0    120B0       D4     8000       0
                text8                             1261A    1261A       B0     8000       0
                text7                             11FD0    11FD0       E0     8000       0
                text6                             10C36    10C36      342     8000       0
                text5                             138A4    138A4        E     9B80       0
                text4                             138C2    138C2        6     9B80       0
                text3                             13850    13850       12     9B80       0
                text2                             138BC    138BC        6     9B80       0
                text1                             13884    13884       10     9B80       0
                text0                             13162    13162       52     8000       0
                cstackCOMRAM                          1        1       5D        1       1
                cstackBANK0                          60       60       54       60       1
                bssBIGRAM                           14D      14D      400      14D       1
                dataBANK1                           100      100       2D      100       1
                bssBANK1                            12D      12D       20      100       1
                dataBANK0                            D9       D9       10       60       1
                bssBANK0                             B4       B4       25       60       1
                bssCOMRAM                            5E       5E        1        1       1
                cinit                             12CF2    12CF2       78     8000       0
                idataBANK1                        136D2    136D2       2D     8000       0
                idataBANK0                        13874    13874       10     9B80       0

TOTAL           Name                               Link     Load   Length     Space
        CLASS   CODE           
                intcode                               8        8       52         0
                init                                 5A       5A        4         0
                reset_vec                             0        0        4         0
                text85                            116B2    116B2      1C2         0
                text84                            137AA    137AA       18         0
                text83                            13790    13790       1A         0
                text82                            13894    13894       10         0
                text81                            13862    13862       12         0
                text80                            12562    12562       B8         0
                text79                            13548    13548       3E         0
                text78                            1305C    1305C       5A         0
                text77                            13586    13586       3C         0
                text76                            12AE8    12AE8       88         0
                text75                            11CC4    11CC4      11E         0
                text74                            1383C    1383C       14         0
                text73                            13634    13634       38         0
                text72                            13258    13258       50         0
                text71                            13828    13828       14         0
                text70                            13814    13814       14         0
                text69                            13800    13800       14         0
                text68                            137EC    137EC       14         0
                text67                            137D8    137D8       14         0
                text66                            13000    13000       5C         0
                text65                            12EC8    12EC8       74         0
                text64                            104C8    104C8      420         0
                text63                            136A0    136A0       32         0
                text62                            1366C    1366C       34         0
                text61                            12B70    12B70       82         0
                text60                            132A8    132A8       48         0
                text59                            11248    11248      270         0
                text58                            135FC    135FC       38         0
                text57                            129D4    129D4       8C         0
                text56                            13776    13776       1A         0
                text55                            1231E    1231E       C4         0
                text54                            1372C    1372C       26         0
                text53                            10000    10000      4C8         0
                text52                            128B2    128B2       92         0
                text51                            12D6A    12D6A       76         0
                text50                            12818    12818       9A         0
                text49                            135C2    135C2       3A         0
                text48                            12FA0    12FA0       60         0
                text47                            12944    12944       90         0
                text46                            119EE    119EE      178         0
                text45                            11874    11874      17A         0
                text44                            108E8    108E8      34E         0
                text43                            13700    13700       2C         0
                text42                            132F0    132F0       46         0
                text41                            11B66    11B66      15E         0
                text40                            11EE0    11EE0       F0         0
                text39                            12184    12184       D0         0
                text38                            137C2    137C2       16         0
                text37                            138B2    138B2        A         0
                text36                            12254    12254       CA         0
                text35                            133BE    133BE       44         0
                text34                            126CA    126CA       AA         0
                text33                            114B8    114B8      1FA         0
                text32                            10F78    10F78      2D0         0
                text31                            13206    13206       52         0
                text30                            131B4    131B4       52         0
                text29                            1337A    1337A       44         0
                text28                            12E54    12E54       74         0
                text27                            12DE0    12DE0       74         0
                text26                            13508    13508       40         0
                text25                            134C8    134C8       40         0
                text24                            13752    13752       24         0
                text23                            124A2    124A2       C0         0
                text22                            12F3C    12F3C       64         0
                text21                            12C72    12C72       80         0
                text20                            12BF2    12BF2       80         0
                text19                            13486    13486       42         0
                text18                            13444    13444       42         0
                text17                            123E2    123E2       C0         0
                text16                            13402    13402       42         0
                text15                            1310C    1310C       56         0
                text14                            130B6    130B6       56         0
                text13                            13336    13336       44         0
                text12                            12774    12774       A4         0
                text11                            12A60    12A60       88         0
                text10                            11DE2    11DE2       FE         0
                text9                             120B0    120B0       D4         0
                text8                             1261A    1261A       B0         0
                text7                             11FD0    11FD0       E0         0
                text6                             10C36    10C36      342         0
                text5                             138A4    138A4        E         0
                text4                             138C2    138C2        6         0
                text3                             13850    13850       12         0
                text2                             138BC    138BC        6         0
                text1                             13884    13884       10         0
                text0                             13162    13162       52         0
                cinit                             12CF2    12CF2       78         0
                idataBANK1                        136D2    136D2       2D         0
                idataBANK0                        13874    13874       10         0

        CLASS   CONST          

        CLASS   SMALLCONST     

        CLASS   MEDIUMCONST    
                mediumconst                        CA80     CA80     3580         0

        CLASS   COMRAM         
                temp                                 5F       5F        1         1
                cstackCOMRAM                          1        1       5D         1
                bssCOMRAM                            5E       5E        1         1

        CLASS   ABS1           

        CLASS   BIGRAM         
                bssBIGRAM                           14D      14D      400         1

        CLASS   RAM            

        CLASS   BANK0          
                cstackBANK0                          60       60       54         1
                dataBANK0                            D9       D9       10         1
                bssBANK0                             B4       B4       25         1

        CLASS   BANK1          
                dataBANK1                           100      100       2D         1
                bssBANK1                            12D      12D       20         1

        CLASS   BANK2          

        CLASS   BANK3          

        CLASS   BANK4          

        CLASS   BANK5          

        CLASS   BANK6          

        CLASS   BANK7          

        CLASS   BANK8          

        CLASS   BANK9          

        CLASS   BANK10         

        CLASS   BANK11         

        CLASS   BANK12         

        CLASS   BANK13         

        CLASS   BANK14         

        CLASS   BANK15         

        CLASS   SFR            

        CLASS   BIGSFR         

        CLASS   CONFIG         
                config                            1FFF8    1FFF8        6         4

        CLASS   FARRAM         

        CLASS   HEAP           

        CLASS   STACK          

        CLASS   IDLOC          



SEGMENTS        Name                           Load    Length   Top    Selector   Space  Class

                reset_vec                      000000  000004  000004         0       0  CODE    
                cstackCOMRAM                   000001  00005F  000060         1       1  COMRAM  
                intcode                        000008  000056  00005E         4       0  CODE    
                cstackBANK0                    000060  000089  0000E9        60       1  BANK0   
                dataBANK1                      000100  00004D  00014D       100       1  BANK1   
                bssBIGRAM                      00014D  000400  00054D       14D       1  BIGRAM  
                mediumconst                    00CA80  003580  010000      6540       0  MEDIUMCO
                text53                         010000  0036FF  0136FF      8000       0  CODE    
                text43                         013700  0001C8  0138C8      9B80       0  CODE    


UNUSED ADDRESS RANGES

        Name                Unused          Largest block    Delta
        BANK0            000E9-000FF              17
        BANK10           00A00-00AFF             100
        BANK11           00B00-00BFF             100
        BANK12           00C00-00CFF             100
        BANK13           00D00-00DFF             100
        BANK14           00E00-00EFF             100
        BANK15           00F00-00F3F              40
        BANK5            0054D-005FF              B3
        BANK6            00600-006FF             100
        BANK7            00700-007FF             100
        BANK8            00800-008FF             100
        BANK9            00900-009FF             100
        BIGRAM           000E9-000FF              17
                         0054D-00F3F             9F3
        BIGSFR           00F40-00FFF              C0
        CODE             00004-00007               4
                         0005E-0CA7F            CA22
                         136FF-136FF               1
                         138C8-1FFF7            C730
        CONST            00004-00007               4
                         0005E-0CA7F            CA22
                         136FF-136FF               1
                         138C8-1FFF7            C730
        MEDIUMCONST      01000-0CA7F            BA80
                         136FF-136FF               1
                         138C8-1FFF7            C730
        RAM              000E9-000FF              17
                         0054D-00F3F             100
        SFR              00F40-00FFF              20
        SMALLCONST       01000-0CA7F             100
                         136FF-136FF               1
                         138C8-1FFF7             100

                                  Symbol Table

?___awdiv                                cstackCOMRAM  00001
?___lldiv                                cstackCOMRAM  0000A
?___llmod                                cstackCOMRAM  00001
?___lodiv                                cstackCOMRAM  00001
?___lomod                                cstackCOMRAM  00001
?___lwdiv                                cstackCOMRAM  00001
?___lwmod                                cstackCOMRAM  00001
?___wmul                                 cstackCOMRAM  00001
?_atoi                                   cstackCOMRAM  00007
?_isdigit                                cstackCOMRAM  00001
?_isspace                                cstackCOMRAM  00001
?_sprintf                                cstackBANK0   00060
?_vfprintf                               cstackCOMRAM  00054
Button_EventGet@key                      cstackCOMRAM  00003
Button_Init@i                            cstackCOMRAM  0000F
Button_Update@key                        cstackCOMRAM  00013
Button_Update@now_pressed                cstackCOMRAM  00012
CapacitanceDisplay@batparam_ptr          cstackBANK0   00079
CelCount@batparam_ptr                    cstackBANK0   00079
ChargerMode@bat_param                    cstackCOMRAM  00022
ChemistryDisplay@bat_param               cstackCOMRAM  00022
CurrentDisplay@batparam_ptr              cstackBANK0   00079
CycleDisplay@batparam_ptr                cstackBANK0   00079
CycleSet@batparam_ptr                    cstackBANK0   00079
GLCD_BufferRead@X                        cstackCOMRAM  00005
GLCD_BufferRead@Y                        cstackCOMRAM  00001
GLCD_BufferWrite@Data                    cstackCOMRAM  00002
GLCD_BufferWrite@X                       cstackCOMRAM  00006
GLCD_BufferWrite@Y                       cstackCOMRAM  00001
GLCD_DrawHLine@Color                     cstackCOMRAM  0000F
GLCD_DrawHLine@X1                        cstackCOMRAM  00011
GLCD_DrawHLine@X2                        cstackCOMRAM  0000D
GLCD_DrawHLine@Y                         cstackCOMRAM  0000E
GLCD_DrawHLine@t                         cstackCOMRAM  00010
GLCD_DrawRectangle@Color                 cstackCOMRAM  00024
GLCD_DrawRectangle@X1                    cstackCOMRAM  00025
GLCD_DrawRectangle@X2                    cstackCOMRAM  00022
GLCD_DrawRectangle@Y1                    cstackCOMRAM  00021
GLCD_DrawRectangle@Y2                    cstackCOMRAM  00023
GLCD_DrawVLine@Color                     cstackCOMRAM  0001E
GLCD_DrawVLine@X                         cstackCOMRAM  0001D
GLCD_DrawVLine@Y1                        cstackCOMRAM  00020
GLCD_DrawVLine@Y2                        cstackCOMRAM  0001C
GLCD_DrawVLine@t                         cstackCOMRAM  0001F
GLCD_FillRectangle@Color                 cstackCOMRAM  0001F
GLCD_FillRectangle@X1                    cstackCOMRAM  00020
GLCD_FillRectangle@X2                    cstackCOMRAM  0001D
GLCD_FillRectangle@Y1                    cstackCOMRAM  0001C
GLCD_FillRectangle@Y2                    cstackCOMRAM  0001E
GLCD_FillScreen@Color                    cstackCOMRAM  00007
GLCD_FillScreen@i                        cstackCOMRAM  00008
GLCD_FillScreen@j                        cstackCOMRAM  00009
GLCD_GotoX@X                             cstackCOMRAM  00001
GLCD_GotoXY@X                            cstackCOMRAM  00003
GLCD_GotoXY@Y                            cstackCOMRAM  00002
GLCD_GotoY@Y                             cstackCOMRAM  00001
GLCD_PrintChar@Character                 cstackCOMRAM  0000F
GLCD_PrintChar@data                      cstackCOMRAM  0001D
GLCD_PrintChar@data_next                 cstackCOMRAM  00012
GLCD_PrintChar@fontRead                  cstackCOMRAM  00018
GLCD_PrintChar@fontStart                 cstackCOMRAM  00014
GLCD_PrintChar@i                         cstackCOMRAM  0001B
GLCD_PrintChar@j                         cstackCOMRAM  0001C
GLCD_PrintChar@lines                     cstackCOMRAM  00017
GLCD_PrintChar@overflow                  cstackCOMRAM  0001A
GLCD_PrintChar@width                     cstackCOMRAM  00016
GLCD_PrintChar@x                         cstackCOMRAM  00013
GLCD_PrintChar@y                         cstackCOMRAM  00011
GLCD_PrintChar@y2                        cstackCOMRAM  00010
GLCD_PrintString@Text                    cstackCOMRAM  0001E
GLCD_Render@i                            cstackCOMRAM  00016
GLCD_Render@j                            cstackCOMRAM  00015
GLCD_SelectChip@Chip                     cstackCOMRAM  00001
GLCD_SelectChip@off                      cstackCOMRAM  00002
GLCD_Send@Data                           cstackCOMRAM  00001
GLCD_SendCommand@Chip                    cstackCOMRAM  00006
GLCD_SendCommand@Command                 cstackCOMRAM  00007
GLCD_SendData@Chip                       cstackCOMRAM  0000F
GLCD_SendData@Data                       cstackCOMRAM  00014
GLCD_SetFont@Height                      cstackCOMRAM  0000C
GLCD_SetFont@Invert                      cstackCOMRAM  0000E
GLCD_SetFont@Mode                        cstackCOMRAM  0000D
GLCD_SetFont@Name                        cstackCOMRAM  00009
GLCD_SetFont@Width                       cstackCOMRAM  0000B
GLCD_SetPixel@Color                      cstackCOMRAM  00008
GLCD_SetPixel@X                          cstackCOMRAM  0000B
GLCD_SetPixel@Y                          cstackCOMRAM  00007
GLCD_SetPixel@data                       cstackCOMRAM  0000C
GLCD_SetPixels@Color                     cstackCOMRAM  0000A
GLCD_SetPixels@X1                        cstackCOMRAM  00018
GLCD_SetPixels@X2                        cstackCOMRAM  00008
GLCD_SetPixels@Y1                        cstackCOMRAM  00007
GLCD_SetPixels@Y2                        cstackCOMRAM  00009
GLCD_SetPixels@data                      cstackCOMRAM  0001B
GLCD_SetPixels@h                         cstackCOMRAM  00015
GLCD_SetPixels@height                    cstackCOMRAM  0001A
GLCD_SetPixels@i                         cstackCOMRAM  00017
GLCD_SetPixels@mask                      cstackCOMRAM  00019
GLCD_SetPixels@offset                    cstackCOMRAM  00016
GLCD_SetPixels@width                     cstackCOMRAM  00014
GLCD_WaitBusy@Chip                       cstackCOMRAM  00004
GLCD_WaitBusy@status                     cstackCOMRAM  00005
Handle_Main_MenuNavigation@option        cstackCOMRAM  00026
Handle_Setting1_MenuNavigation@option    cstackCOMRAM  00026
Handle_Setting23_MenuNavigation@option   cstackCOMRAM  00026
ISR@counter_second                       bssBANK0      000D2
InitBattParameters@bat_param             cstackCOMRAM  00001
Menu@bat_param                           cstackBANK0   0007D
Menu@menu_change                         dataBANK0     000E8
Menu@menu_init                           bssBANK0      000D6
Menu@menu_selection                      bssBANK0      000D7
Menu@menu_type                           bssBANK0      000D8
MinimumDischargeVoltage@batparam_ptr     cstackBANK0   00079
Options1_Menu@bat_param                  cstackBANK0   0007B
Options2_Menu@bat_param                  cstackBANK0   0007B
SetCellVotage@batparam_ptr               cstackBANK0   00079
SingleBat_Menu@bat_param                 cstackBANK0   0007B
TempDisplay@batparam_ptr                 cstackBANK0   00079
TimeDisplay@batparam_ptr                 cstackBANK0   00079
TrickleCurrent@batparam_ptr              cstackBANK0   00079
TrickleVoltage@batparam_ptr              cstackBANK0   00079
TwoBatMenu@F5946                         mediumconst   0CAA0
TwoBatMenu@F5948                         mediumconst   0CA96
TwoBatMenu@F5950                         mediumconst   0CA81
TwoBatMenu@F5952                         mediumconst   0CA8C
UART_SendChar@data                       cstackCOMRAM  00001
VoltageDisplay@batparam_ptr              cstackBANK0   00079
_ButtonDown                              text68        137EC
_ButtonLeft                              text69        13800
_ButtonOK                                text67        137D8
_ButtonRight                             text70        13814
_ButtonUp                                text71        13828
_Button_EventGet                         text73        13634
_Button_Event_Reset                      text72        13258
_Button_Init                             text85        116B2
_Button_Init$1271                        cstackCOMRAM  00007
_Button_Init$1272                        cstackCOMRAM  00009
_Button_Init$1273                        cstackCOMRAM  0000B
_Button_Init$1283                        cstackCOMRAM  0000D
_Button_Update                           text64        104C8
_CCP3CONbits                             (abs)         00FB1
_CCPR3L                                  (abs)         00FB2
_CapacitanceDisplay                      text16        13402
_CelCount                                text29        1337A
_ChargerMode                             text28        12E54
_ChemistryDisplay                        text27        12DE0
_CurrentDisplay                          text15        1310C
_CycleDisplay                            text14        130B6
_CycleSet                                text26        13508
_Font5x8                                 mediumconst   0FC2A
_GLCD_BufferRead                         text63        136A0
_GLCD_BufferWrite                        text62        1366C
_GLCD_Clear                              text24        13752
_GLCD_Clear$173                          cstackCOMRAM  0000A
_GLCD_DrawHLine                          text60        132A8
_GLCD_DrawRectangle                      text57        129D4
_GLCD_DrawVLine                          text58        135FC
_GLCD_FillRectangle                      text56        13776
_GLCD_FillScreen                         text25        134C8
_GLCD_GotoX                              text84        137AA
_GLCD_GotoXY                             text82        13894
_GLCD_GotoY                              text83        13790
_GLCD_PrintChar                          text53        10000
_GLCD_PrintString                        text52        128B2
_GLCD_Render                             text48        12FA0
_GLCD_SelectChip                         text79        13548
_GLCD_Send                               text80        12562
_GLCD_SendCommand                        text77        13586
_GLCD_SendData                           text50        12818
_GLCD_SendData$160                       cstackCOMRAM  00012
_GLCD_SetFont                            text47        12944
_GLCD_SetPixel                           text61        12B70
_GLCD_SetPixels                          text59        11248
_GLCD_SetPixels$210                      cstackCOMRAM  00010
_GLCD_SetPixels$211                      cstackCOMRAM  00012
_GLCD_Setup                              text76        12AE8
_GLCD_WaitBusy                           text78        1305C
_Handle_Main_MenuNavigation              text46        119EE
_Handle_Setting1_MenuNavigation          text45        11874
_Handle_Setting23_MenuNavigation         text44        108E8
_INTCONbits                              (abs)         00FF2
_ISR                                     intcode       00008
_InitBattParameters                      text75        11CC4
_Init_Timer0                             text74        1383C
_LATAbits                                (abs)         00F89
_LATD                                    (abs)         00F8C
_LATE                                    (abs)         00F8D
_Menu                                    text6         10C36
_MinimumDischargeVoltage                 text21        12C72
_OSCCONbits                              (abs)         00FD3
_OSCTUNEbits                             (abs)         00F9B
_Options1_Menu                           text23        124A2
_Options2_Menu                           text17        123E2
_PORTC                                   (abs)         00F82
_PORTE                                   (abs)         00F84
_PORTG                                   (abs)         00F86
_PR2                                     (abs)         00FCB
_Pulse_En                                text81        13862
_RCSTA2bits                              (abs)         00F9C
_SPBRG2                                  (abs)         00FAB
_SetCellVotage                           text20        12BF2
_SingleBat_Menu                          text7         11FD0
_T0CONbits                               (abs)         00FD5
_T2CONbits                               (abs)         00FCA
_TMR0                                    (abs)         00FD6
_TRISAbits                               (abs)         00F92
_TRISC                                   (abs)         00F94
_TRISD                                   (abs)         00F95
_TRISDbits                               (abs)         00F95
_TRISE                                   (abs)         00F96
_TRISG                                   (abs)         00F98
_TRISGbits                               (abs)         00F98
_TXREG2                                  (abs)         00FA9
_TXSTA2bits                              (abs)         00FA8
_Tahoma11x13                             mediumconst   0F38A
_Tekton_Pro_Ext27x28                     mediumconst   0CAAA
_TempDisplay                             text13        13336
_TimeDisplay                             text10        11DE2
_TrickleCurrent                          text19        13486
_TrickleVoltage                          text18        13444
_UART_SendChar                           text38        137C2
_VoltageDisplay                          text9         120B0
__HRAM                                   (abs)         00000
__Habs1                                  abs1          00000
__Hbank0                                 bank0         00000
__Hbank1                                 bank1         00000
__Hbank10                                bank10        00000
__Hbank11                                bank11        00000
__Hbank12                                bank12        00000
__Hbank13                                bank13        00000
__Hbank14                                bank14        00000
__Hbank15                                bank15        00000
__Hbank2                                 bank2         00000
__Hbank3                                 bank3         00000
__Hbank4                                 bank4         00000
__Hbank5                                 bank5         00000
__Hbank6                                 bank6         00000
__Hbank7                                 bank7         00000
__Hbank8                                 bank8         00000
__Hbank9                                 bank9         00000
__Hbigbss                                bigbss        00000
__Hbigdata                               bigdata       00000
__Hbigram                                bigram        00000
__Hbigsfr                                bigsfr        00000
__Hbss                                   bss           00000
__HbssBANK0                              bssBANK0      00000
__HbssBANK1                              bssBANK1      00000
__HbssBIGRAM                             bssBIGRAM     00000
__HbssCOMRAM                             bssCOMRAM     00000
__Hcinit                                 cinit         00000
__Hclrtext                               clrtext       00000
__Hcomram                                comram        00000
__Hconfig                                config        1FFFE
__Hconst                                 const         00000
__HcstackBANK0                           cstackBANK0   00000
__HcstackCOMRAM                          cstackCOMRAM  00000
__Hdata                                  data          00000
__HdataBANK0                             dataBANK0     00000
__HdataBANK1                             dataBANK1     00000
__Hfarbss                                farbss        00000
__Hfardata                               fardata       00000
__Hheap                                  heap          00000
__Hibigdata                              ibigdata      00000
__Hidata                                 idata         00000
__HidataBANK0                            idataBANK0    00000
__HidataBANK1                            idataBANK1    00000
__Hidloc                                 idloc         00000
__Hifardata                              ifardata      00000
__Hinit                                  init          0005E
__Hintcode                               intcode       0005A
__Hintcode_body                          intcode_body  00000
__Hintcodelo                             intcodelo     0005A
__Hintentry                              intentry      00000
__Hintret                                intret        00000
__Hintsave_regs                          intsave_regs  00000
__Hirdata                                irdata        00000
__Hjflash_buffer                         jflash_buffer 1F800
__Hmediumconst                           mediumconst   10000
__HnvFARRAM                              nvFARRAM      00000
__Hnvbit                                 nvbit         00000
__Hnvrram                                nvrram        00000
__Hparam                                 rparam        00000
__Hpowerup                               powerup       0005A
__Hram                                   ram           00000
__Hramtop                                ramtop        01000
__Hrbit                                  rbit          00000
__Hrbss                                  rbss          00000
__Hrdata                                 rdata         00000
__Hreset_vec                             reset_vec     00004
__Hrparam                                rparam        00000
__Hsfr                                   sfr           00000
__Hsmallconst                            smallconst    00000
__Hspace_0                               (abs)         1F800
__Hspace_1                               (abs)         0054D
__Hspace_2                               (abs)         00000
__Hspace_4                               (abs)         3FFF6
__Hstack                                 stack         00000
__Hstruct                                struct        00000
__Htemp                                  temp          00060
__Htext                                  text          00000
__Htext0                                 text0         00000
__Htext1                                 text1         00000
__Htext10                                text10        00000
__Htext11                                text11        00000
__Htext12                                text12        00000
__Htext13                                text13        00000
__Htext14                                text14        00000
__Htext15                                text15        00000
__Htext16                                text16        00000
__Htext17                                text17        00000
__Htext18                                text18        00000
__Htext19                                text19        00000
__Htext2                                 text2         00000
__Htext20                                text20        00000
__Htext21                                text21        00000
__Htext22                                text22        00000
__Htext23                                text23        00000
__Htext24                                text24        00000
__Htext25                                text25        00000
__Htext26                                text26        00000
__Htext27                                text27        00000
__Htext28                                text28        00000
__Htext29                                text29        00000
__Htext3                                 text3         00000
__Htext30                                text30        00000
__Htext31                                text31        00000
__Htext32                                text32        00000
__Htext33                                text33        00000
__Htext34                                text34        00000
__Htext35                                text35        00000
__Htext36                                text36        00000
__Htext37                                text37        00000
__Htext38                                text38        00000
__Htext39                                text39        00000
__Htext4                                 text4         00000
__Htext40                                text40        00000
__Htext41                                text41        00000
__Htext42                                text42        00000
__Htext43                                text43        00000
__Htext44                                text44        00000
__Htext45                                text45        00000
__Htext46                                text46        00000
__Htext47                                text47        00000
__Htext48                                text48        00000
__Htext49                                text49        00000
__Htext5                                 text5         00000
__Htext50                                text50        00000
__Htext51                                text51        00000
__Htext52                                text52        00000
__Htext53                                text53        00000
__Htext54                                text54        00000
__Htext55                                text55        00000
__Htext56                                text56        00000
__Htext57                                text57        00000
__Htext58                                text58        00000
__Htext59                                text59        00000
__Htext6                                 text6         00000
__Htext60                                text60        00000
__Htext61                                text61        00000
__Htext62                                text62        00000
__Htext63                                text63        00000
__Htext64                                text64        00000
__Htext65                                text65        00000
__Htext66                                text66        00000
__Htext67                                text67        00000
__Htext68                                text68        00000
__Htext69                                text69        00000
__Htext7                                 text7         00000
__Htext70                                text70        00000
__Htext71                                text71        00000
__Htext72                                text72        00000
__Htext73                                text73        00000
__Htext74                                text74        00000
__Htext75                                text75        00000
__Htext76                                text76        00000
__Htext77                                text77        00000
__Htext78                                text78        00000
__Htext79                                text79        00000
__Htext8                                 text8         00000
__Htext80                                text80        00000
__Htext81                                text81        00000
__Htext82                                text82        00000
__Htext83                                text83        00000
__Htext84                                text84        00000
__Htext85                                text85        00000
__Htext9                                 text9         00000
__LRAM                                   (abs)         00001
__Labs1                                  abs1          00000
__Lbank0                                 bank0         00000
__Lbank1                                 bank1         00000
__Lbank10                                bank10        00000
__Lbank11                                bank11        00000
__Lbank12                                bank12        00000
__Lbank13                                bank13        00000
__Lbank14                                bank14        00000
__Lbank15                                bank15        00000
__Lbank2                                 bank2         00000
__Lbank3                                 bank3         00000
__Lbank4                                 bank4         00000
__Lbank5                                 bank5         00000
__Lbank6                                 bank6         00000
__Lbank7                                 bank7         00000
__Lbank8                                 bank8         00000
__Lbank9                                 bank9         00000
__Lbigbss                                bigbss        00000
__Lbigdata                               bigdata       00000
__Lbigram                                bigram        00000
__Lbigsfr                                bigsfr        00000
__Lbss                                   bss           00000
__LbssBANK0                              bssBANK0      00000
__LbssBANK1                              bssBANK1      00000
__LbssBIGRAM                             bssBIGRAM     00000
__LbssCOMRAM                             bssCOMRAM     00000
__Lcinit                                 cinit         00000
__Lclrtext                               clrtext       00000
__Lcomram                                comram        00000
__Lconfig                                config        00000
__Lconst                                 const         00000
__LcstackBANK0                           cstackBANK0   00000
__LcstackCOMRAM                          cstackCOMRAM  00000
__Ldata                                  data          00000
__LdataBANK0                             dataBANK0     00000
__LdataBANK1                             dataBANK1     00000
__Lfarbss                                farbss        00000
__Lfardata                               fardata       00000
__Lheap                                  heap          00000
__Libigdata                              ibigdata      00000
__Lidata                                 idata         00000
__LidataBANK0                            idataBANK0    00000
__LidataBANK1                            idataBANK1    00000
__Lidloc                                 idloc         00000
__Lifardata                              ifardata      00000
__Linit                                  init          0005A
__Lintcode                               intcode       00008
__Lintcode_body                          intcode_body  00000
__Lintcodelo                             intcodelo     0005A
__Lintentry                              intentry      00000
__Lintret                                intret        00000
__Lintsave_regs                          intsave_regs  00000
__Lirdata                                irdata        00000
__Ljflash_buffer                         jflash_buffer 1F800
__Lmediumconst                           mediumconst   0CA80
__LnvFARRAM                              nvFARRAM      00000
__Lnvbit                                 nvbit         00000
__Lnvrram                                nvrram        00000
__Lparam                                 rparam        00000
__Lpowerup                               powerup       0005A
__Lram                                   ram           00000
__Lramtop                                ramtop        01000
__Lrbit                                  rbit          00000
__Lrbss                                  rbss          00000
__Lrdata                                 rdata         00000
__Lreset_vec                             reset_vec     00000
__Lrparam                                rparam        00000
__Lsfr                                   sfr           00000
__Lsmallconst                            smallconst    00000
__Lspace_0                               (abs)         00000
__Lspace_1                               (abs)         00000
__Lspace_2                               (abs)         00000
__Lspace_4                               (abs)         00000
__Lstack                                 stack         00000
__Lstruct                                struct        00000
__Ltemp                                  temp          0005F
__Ltext                                  text          00000
__Ltext0                                 text0         00000
__Ltext1                                 text1         00000
__Ltext10                                text10        00000
__Ltext11                                text11        00000
__Ltext12                                text12        00000
__Ltext13                                text13        00000
__Ltext14                                text14        00000
__Ltext15                                text15        00000
__Ltext16                                text16        00000
__Ltext17                                text17        00000
__Ltext18                                text18        00000
__Ltext19                                text19        00000
__Ltext2                                 text2         00000
__Ltext20                                text20        00000
__Ltext21                                text21        00000
__Ltext22                                text22        00000
__Ltext23                                text23        00000
__Ltext24                                text24        00000
__Ltext25                                text25        00000
__Ltext26                                text26        00000
__Ltext27                                text27        00000
__Ltext28                                text28        00000
__Ltext29                                text29        00000
__Ltext3                                 text3         00000
__Ltext30                                text30        00000
__Ltext31                                text31        00000
__Ltext32                                text32        00000
__Ltext33                                text33        00000
__Ltext34                                text34        00000
__Ltext35                                text35        00000
__Ltext36                                text36        00000
__Ltext37                                text37        00000
__Ltext38                                text38        00000
__Ltext39                                text39        00000
__Ltext4                                 text4         00000
__Ltext40                                text40        00000
__Ltext41                                text41        00000
__Ltext42                                text42        00000
__Ltext43                                text43        00000
__Ltext44                                text44        00000
__Ltext45                                text45        00000
__Ltext46                                text46        00000
__Ltext47                                text47        00000
__Ltext48                                text48        00000
__Ltext49                                text49        00000
__Ltext5                                 text5         00000
__Ltext50                                text50        00000
__Ltext51                                text51        00000
__Ltext52                                text52        00000
__Ltext53                                text53        00000
__Ltext54                                text54        00000
__Ltext55                                text55        00000
__Ltext56                                text56        00000
__Ltext57                                text57        00000
__Ltext58                                text58        00000
__Ltext59                                text59        00000
__Ltext6                                 text6         00000
__Ltext60                                text60        00000
__Ltext61                                text61        00000
__Ltext62                                text62        00000
__Ltext63                                text63        00000
__Ltext64                                text64        00000
__Ltext65                                text65        00000
__Ltext66                                text66        00000
__Ltext67                                text67        00000
__Ltext68                                text68        00000
__Ltext69                                text69        00000
__Ltext7                                 text7         00000
__Ltext70                                text70        00000
__Ltext71                                text71        00000
__Ltext72                                text72        00000
__Ltext73                                text73        00000
__Ltext74                                text74        00000
__Ltext75                                text75        00000
__Ltext76                                text76        00000
__Ltext77                                text77        00000
__Ltext78                                text78        00000
__Ltext79                                text79        00000
__Ltext8                                 text8         00000
__Ltext80                                text80        00000
__Ltext81                                text81        00000
__Ltext82                                text82        00000
__Ltext83                                text83        00000
__Ltext84                                text84        00000
__Ltext85                                text85        00000
__Ltext9                                 text9         00000
__S0                                     (abs)         138C8
__S1                                     (abs)         0054D
__S4                                     (abs)         00000
___GLCD                                  bssBANK0      000C0
___GLCD_Buffer                           bssBIGRAM     0014D
___GLCD_GotoX                            text51        12D6A
___GLCD_GotoX$424                        cstackCOMRAM  0000A
___GLCD_GotoX@X                          cstackCOMRAM  0000E
___GLCD_GotoX@chip                       cstackCOMRAM  0000D
___GLCD_GotoX@cmd                        cstackCOMRAM  0000C
___GLCD_GotoY                            text49        135C2
___GLCD_GotoY@Y                          cstackCOMRAM  0000A
___GLCD_GotoY@cmd                        cstackCOMRAM  00009
___awdiv                                 text55        1231E
___awdiv@counter                         cstackCOMRAM  00005
___awdiv@dividend                        cstackCOMRAM  00001
___awdiv@divisor                         cstackCOMRAM  00003
___awdiv@quotient                        cstackCOMRAM  00007
___awdiv@sign                            cstackCOMRAM  00006
___extmem_base                           (abs)         20000
___heap_hi                               (abs)         00000
___heap_lo                               (abs)         00000
___inthi_sp                              stack         00000
___intlo_sp                              stack         00000
___lbdiv                                 text66        13000
___lbdiv@counter                         cstackCOMRAM  00003
___lbdiv@dividend                        cstackCOMRAM  00002
___lbdiv@divisor                         cstackCOMRAM  00001
___lbdiv@quotient                        cstackCOMRAM  00004
___lldiv                                 text12        12774
___lldiv@counter                         cstackCOMRAM  00016
___lldiv@dividend                        cstackCOMRAM  0000A
___lldiv@divisor                         cstackCOMRAM  0000E
___lldiv@quotient                        cstackCOMRAM  00012
___llmod                                 text11        12A60
___llmod@counter                         cstackCOMRAM  00009
___llmod@dividend                        cstackCOMRAM  00001
___llmod@divisor                         cstackCOMRAM  00005
___lodiv                                 text40        11EE0
___lodiv@counter                         cstackCOMRAM  00019
___lodiv@dividend                        cstackCOMRAM  00001
___lodiv@divisor                         cstackCOMRAM  00009
___lodiv@quotient                        cstackCOMRAM  00011
___lomod                                 text39        12184
___lomod@counter                         cstackCOMRAM  00011
___lomod@dividend                        cstackCOMRAM  00001
___lomod@divisor                         cstackCOMRAM  00009
___lwdiv                                 text65        12EC8
___lwdiv@counter                         cstackCOMRAM  00007
___lwdiv@dividend                        cstackCOMRAM  00001
___lwdiv@divisor                         cstackCOMRAM  00003
___lwdiv@quotient                        cstackCOMRAM  00005
___lwmod                                 text22        12F3C
___lwmod@counter                         cstackCOMRAM  00005
___lwmod@dividend                        cstackCOMRAM  00001
___lwmod@divisor                         cstackCOMRAM  00003
___param_bank                            (abs)         00000
___rparam_used                           (abs)         00001
___sp                                    stack         00000
___wmul                                  text54        1372C
___wmul@multiplicand                     cstackCOMRAM  00003
___wmul@multiplier                       cstackCOMRAM  00001
___wmul@product                          cstackCOMRAM  00005
__accesstop                              (abs)         00060
__activetblptr                           (abs)         00003
__end_ofTwoBatMenu@F5946                 mediumconst   0CAAA
__end_ofTwoBatMenu@F5948                 mediumconst   0CAA0
__end_ofTwoBatMenu@F5950                 mediumconst   0CA8C
__end_ofTwoBatMenu@F5952                 mediumconst   0CA96
__end_of_ButtonDown                      text68        13800
__end_of_ButtonLeft                      text69        13814
__end_of_ButtonOK                        text67        137EC
__end_of_ButtonRight                     text70        13828
__end_of_ButtonUp                        text71        1383C
__end_of_Button_EventGet                 text73        1366C
__end_of_Button_Event_Reset              text72        132A8
__end_of_Button_Init                     text85        11874
__end_of_Button_Update                   text64        108E8
__end_of_CapacitanceDisplay              text16        13444
__end_of_CelCount                        text29        133BE
__end_of_ChargerMode                     text28        12EC8
__end_of_ChemistryDisplay                text27        12E54
__end_of_CurrentDisplay                  text15        13162
__end_of_CycleDisplay                    text14        1310C
__end_of_CycleSet                        text26        13548
__end_of_Font5x8                         mediumconst   0FE6A
__end_of_GLCD_BufferRead                 text63        136D2
__end_of_GLCD_BufferWrite                text62        136A0
__end_of_GLCD_Clear                      text24        13776
__end_of_GLCD_DrawHLine                  text60        132F0
__end_of_GLCD_DrawRectangle              text57        12A60
__end_of_GLCD_DrawVLine                  text58        13634
__end_of_GLCD_FillRectangle              text56        13790
__end_of_GLCD_FillScreen                 text25        13508
__end_of_GLCD_GotoX                      text84        137C2
__end_of_GLCD_GotoXY                     text82        138A4
__end_of_GLCD_GotoY                      text83        137AA
__end_of_GLCD_PrintChar                  text53        104C8
__end_of_GLCD_PrintString                text52        12944
__end_of_GLCD_Render                     text48        13000
__end_of_GLCD_SelectChip                 text79        13586
__end_of_GLCD_Send                       text80        1261A
__end_of_GLCD_SendCommand                text77        135C2
__end_of_GLCD_SendData                   text50        128B2
__end_of_GLCD_SetFont                    text47        129D4
__end_of_GLCD_SetPixel                   text61        12BF2
__end_of_GLCD_SetPixels                  text59        114B8
__end_of_GLCD_Setup                      text76        12B70
__end_of_GLCD_WaitBusy                   text78        130B6
__end_of_Handle_Main_MenuNavigation      text46        11B66
__end_of_Handle_Setting1_MenuNavigation  text45        119EE
__end_of_Handle_Setting23_MenuNavigation text44        10C36
__end_of_ISR                             intcode       0005A
__end_of_InitBattParameters              text75        11DE2
__end_of_Init_Timer0                     text74        13850
__end_of_Menu                            text6         10F78
__end_of_MinimumDischargeVoltage         text21        12CF2
__end_of_Options1_Menu                   text23        12562
__end_of_Options2_Menu                   text17        124A2
__end_of_Pulse_En                        text81        13874
__end_of_SetCellVotage                   text20        12C72
__end_of_SingleBat_Menu                  text7         120B0
__end_of_Tahoma11x13                     mediumconst   0FC2A
__end_of_Tekton_Pro_Ext27x28             mediumconst   0F38A
__end_of_TempDisplay                     text13        1337A
__end_of_TimeDisplay                     text10        11EE0
__end_of_TrickleCurrent                  text19        134C8
__end_of_TrickleVoltage                  text18        13486
__end_of_UART_SendChar                   text38        137D8
__end_of_VoltageDisplay                  text9         12184
__end_of___GLCD_GotoX                    text51        12DE0
__end_of___GLCD_GotoY                    text49        135FC
__end_of___awdiv                         text55        123E2
__end_of___lbdiv                         text66        1305C
__end_of___lldiv                         text12        12818
__end_of___llmod                         text11        12AE8
__end_of___lodiv                         text40        11FD0
__end_of___lomod                         text39        12254
__end_of___lwdiv                         text65        12F3C
__end_of___lwmod                         text22        12FA0
__end_of___wmul                          text54        13752
__end_of__initialization                 cinit         12D60
__end_of_atoi                            text41        11CC4
__end_of_batState                        text8         126CA
__end_of_fputc                           text36        1231E
__end_of_fputs                           text35        13402
__end_of_isdigit                         text43        1372C
__end_of_isspace                         text42        13336
__end_of_main                            text0         131B4
__end_of_pad                             text34        12774
__end_of_putch                           text37        138BC
__end_of_setupClock                      text5         138B2
__end_of_setupInterrupts                 text4         138C8
__end_of_setupPWM                        text3         13862
__end_of_setupPorts                      text2         138C2
__end_of_setupUART                       text1         13894
__end_of_sprintf                         text30        13206
__end_of_utoa                            text33        116B2
__end_of_vfpfcnvrt                       text32        11248
__end_of_vfprintf                        text31        13258
__initialization                         cinit         12CF2
__mediumconst                            mediumconst   0CA80
__pbssBANK0                              bssBANK0      000B4
__pbssBANK1                              bssBANK1      0012D
__pbssBIGRAM                             bssBIGRAM     0014D
__pbssCOMRAM                             bssCOMRAM     0005E
__pcinit                                 cinit         12CF2
__pcstackBANK0                           cstackBANK0   00060
__pcstackCOMRAM                          cstackCOMRAM  00001
__pdataBANK0                             dataBANK0     000D9
__pdataBANK1                             dataBANK1     00100
__pidataBANK0                            idataBANK0    13874
__pidataBANK1                            idataBANK1    136D2
__pintcode                               intcode       00008
__pmediumconst                           mediumconst   0CA80
__ptext0                                 text0         13162
__ptext1                                 text1         13884
__ptext10                                text10        11DE2
__ptext11                                text11        12A60
__ptext12                                text12        12774
__ptext13                                text13        13336
__ptext14                                text14        130B6
__ptext15                                text15        1310C
__ptext16                                text16        13402
__ptext17                                text17        123E2
__ptext18                                text18        13444
__ptext19                                text19        13486
__ptext2                                 text2         138BC
__ptext20                                text20        12BF2
__ptext21                                text21        12C72
__ptext22                                text22        12F3C
__ptext23                                text23        124A2
__ptext24                                text24        13752
__ptext25                                text25        134C8
__ptext26                                text26        13508
__ptext27                                text27        12DE0
__ptext28                                text28        12E54
__ptext29                                text29        1337A
__ptext3                                 text3         13850
__ptext30                                text30        131B4
__ptext31                                text31        13206
__ptext32                                text32        10F78
__ptext33                                text33        114B8
__ptext34                                text34        126CA
__ptext35                                text35        133BE
__ptext36                                text36        12254
__ptext37                                text37        138B2
__ptext38                                text38        137C2
__ptext39                                text39        12184
__ptext4                                 text4         138C2
__ptext40                                text40        11EE0
__ptext41                                text41        11B66
__ptext42                                text42        132F0
__ptext43                                text43        13700
__ptext44                                text44        108E8
__ptext45                                text45        11874
__ptext46                                text46        119EE
__ptext47                                text47        12944
__ptext48                                text48        12FA0
__ptext49                                text49        135C2
__ptext5                                 text5         138A4
__ptext50                                text50        12818
__ptext51                                text51        12D6A
__ptext52                                text52        128B2
__ptext53                                text53        10000
__ptext54                                text54        1372C
__ptext55                                text55        1231E
__ptext56                                text56        13776
__ptext57                                text57        129D4
__ptext58                                text58        135FC
__ptext59                                text59        11248
__ptext6                                 text6         10C36
__ptext60                                text60        132A8
__ptext61                                text61        12B70
__ptext62                                text62        1366C
__ptext63                                text63        136A0
__ptext64                                text64        104C8
__ptext65                                text65        12EC8
__ptext66                                text66        13000
__ptext67                                text67        137D8
__ptext68                                text68        137EC
__ptext69                                text69        13800
__ptext7                                 text7         11FD0
__ptext70                                text70        13814
__ptext71                                text71        13828
__ptext72                                text72        13258
__ptext73                                text73        13634
__ptext74                                text74        1383C
__ptext75                                text75        11CC4
__ptext76                                text76        12AE8
__ptext77                                text77        13586
__ptext78                                text78        1305C
__ptext79                                text79        13548
__ptext8                                 text8         1261A
__ptext80                                text80        12562
__ptext81                                text81        13862
__ptext82                                text82        13894
__ptext83                                text83        13790
__ptext84                                text84        137AA
__ptext85                                text85        116B2
__ptext9                                 text9         120B0
__ramtop                                 ramtop        01000
__smallconst                             smallconst    00000
_atoi                                    text41        11B66
_batState                                text8         1261A
_button_counter                          bssBANK0      000D4
_dbuf                                    bssBANK1      0012D
_flags                                   bssCOMRAM     0005E
_fputc                                   text36        12254
_fputs                                   text35        133BE
_instance                                dataBANK1     00100
_isdigit                                 text43        13700
_isspace                                 text42        132F0
_isspace$2495                            cstackCOMRAM  00005
_main                                    text0         13162
_pad                                     text34        126CA
_prec                                    bssBANK0      000D0
_putch                                   text37        138B2
_setupClock                              text5         138A4
_setupInterrupts                         text4         138C2
_setupPWM                                text3         13850
_setupPorts                              text2         138BC
_setupUART                               text1         13884
_sprintf                                 text30        131B4
_this                                    dataBANK0     000D9
_time                                    bssBANK0      000CA
_utoa                                    text33        114B8
_vfpfcnvrt                               text32        10F78
_vfprintf                                text31        13206
_width                                   bssBANK0      000CE
atoi@n                                   cstackCOMRAM  0000E
atoi@neg                                 cstackCOMRAM  0000C
atoi@s                                   cstackCOMRAM  00007
batState@battery_number                  cstackCOMRAM  00022
batState@state                           cstackCOMRAM  00025
btemp                                    temp          0005F
end_of_initialization                    cinit         12D60
fputc@c                                  cstackCOMRAM  00003
fputc@fp                                 cstackCOMRAM  00005
fputs@c                                  cstackCOMRAM  00010
fputs@fp                                 cstackCOMRAM  0000E
fputs@i                                  cstackCOMRAM  00011
fputs@s                                  cstackCOMRAM  0000C
int$flags                                temp          0005F
intlevel0                                text          00000
intlevel1                                text          00000
intlevel2                                text          00000
intlevel3                                text          00000
isa$std                                  (abs)         00001
isa$xinst                                (abs)         00000
isdigit@c                                cstackCOMRAM  00001
isspace@c                                cstackCOMRAM  00001
main@bat_param                           cstackBANK0   0007F
pad@buf                                  cstackCOMRAM  00015
pad@fp                                   cstackCOMRAM  00013
pad@i                                    cstackCOMRAM  0001A
pad@p                                    cstackCOMRAM  00017
pad@w                                    cstackCOMRAM  0001C
putch@txData                             cstackCOMRAM  00002
sprintf@ap                               cstackBANK0   0006C
sprintf@f                                cstackBANK0   0006E
sprintf@fmt                              cstackBANK0   00062
sprintf@s                                cstackBANK0   00060
stackhi                                  (abs)         00000
stacklo                                  (abs)         00000
start                                    init          0005A
start_initialization                     cinit         12CF2
ttemp5                                   temp          00060
ttemp6                                   temp          00063
ttemp7                                   temp          00067
utoa@d                                   cstackCOMRAM  00020
utoa@fp                                  cstackCOMRAM  0001E
utoa@i                                   cstackCOMRAM  0003C
utoa@n                                   cstackCOMRAM  00034
utoa@p                                   cstackCOMRAM  00030
utoa@w                                   cstackCOMRAM  00032
vfpfcnvrt@ap                             cstackCOMRAM  00042
vfpfcnvrt@convarg                        cstackCOMRAM  00048
vfpfcnvrt@cp                             cstackCOMRAM  00052
vfpfcnvrt@done                           cstackCOMRAM  00050
vfpfcnvrt@fmt                            cstackCOMRAM  00040
vfpfcnvrt@fp                             cstackCOMRAM  0003E
vfprintf@ap                              cstackCOMRAM  00058
vfprintf@cfmt                            cstackCOMRAM  0005A
vfprintf@fmt                             cstackCOMRAM  00056
vfprintf@fp                              cstackCOMRAM  00054
wtemp8                                   temp          00060


MODULE INFORMATION

Module		Function		Class		Link	Load	Size
C:\Program Files\Microchip\xc8\v2.40\pic\sources\c99\common\nf_fputc.c
		_fputc         		CODE           	12254	0000	202

C:\Program Files\Microchip\xc8\v2.40\pic\sources\c99\common\nf_fputc.c estimated size: 202

C:\Program Files\Microchip\xc8\v2.40\pic\sources\c99\common\nf_sprintf.c
		_sprintf       		CODE           	131B4	0000	82

C:\Program Files\Microchip\xc8\v2.40\pic\sources\c99\common\nf_sprintf.c estimated size: 82

C:\Program Files\Microchip\xc8\v2.40\pic\sources\c99\common\lwdiv.c
		___lwdiv       		CODE           	12EC8	0000	116

C:\Program Files\Microchip\xc8\v2.40\pic\sources\c99\common\lwdiv.c estimated size: 116

C:\Program Files\Microchip\xc8\v2.40\pic\sources\c99\common\awdiv.c
		___awdiv       		CODE           	1231E	0000	196

C:\Program Files\Microchip\xc8\v2.40\pic\sources\c99\common\awdiv.c estimated size: 196

button.c
		_Button_EventGet		CODE           	13634	0000	56
		_Button_Event_Reset		CODE           	13258	0000	80
		_ButtonLeft    		CODE           	13800	0000	20
		_ButtonOK      		CODE           	137D8	0000	20
		_Button_Init   		CODE           	116B2	0000	450
		_ButtonRight   		CODE           	13814	0000	20
		_ButtonUp      		CODE           	13828	0000	20
		_Button_Update 		CODE           	104C8	0000	1056
		_ButtonDown    		CODE           	137EC	0000	20

button.c estimated size: 1742

C:\Program Files\Microchip\xc8\v2.40\pic\sources\c99\common\isspace.c
		_isspace       		CODE           	132F0	0000	70

C:\Program Files\Microchip\xc8\v2.40\pic\sources\c99\common\isspace.c estimated size: 70

settings.c
		_setupClock    		CODE           	138A4	0000	14
		_setupPWM      		CODE           	13850	0000	18
		_setupInterrupts		CODE           	138C2	0000	6
		_setupPorts    		CODE           	138BC	0000	6
		_setupUART     		CODE           	13884	0000	16

settings.c estimated size: 60

C:\Program Files\Microchip\xc8\v2.40\pic\sources\c99\common\atoi.c
		_atoi          		CODE           	11B66	0000	350

C:\Program Files\Microchip\xc8\v2.40\pic\sources\c99\common\atoi.c estimated size: 350

C:\Program Files\Microchip\xc8\v2.40\pic\sources\c99\common\Umul16.c
		___wmul        		CODE           	1372C	0000	38

C:\Program Files\Microchip\xc8\v2.40\pic\sources\c99\common\Umul16.c estimated size: 38

LCD-KS0108/KS0108.c
		___GLCD_GotoX  		CODE           	12D6A	0000	118
		___GLCD_GotoY  		CODE           	135C2	0000	58
		_GLCD_SelectChip		CODE           	13548	0000	62
		_GLCD_BufferRead		CODE           	136A0	0000	50
		_GLCD_Render   		CODE           	12FA0	0000	96
		_GLCD_FillRectangle		CODE           	13776	0000	26
		_GLCD_GotoX    		CODE           	137AA	0000	24
		_GLCD_GotoY    		CODE           	13790	0000	26
		_GLCD_WaitBusy 		CODE           	1305C	0000	90
		_GLCD_GotoXY   		CODE           	13894	0000	16
		_GLCD_FillScreen		CODE           	134C8	0000	64
		_Pulse_En      		CODE           	13862	0000	18
		_GLCD_Send     		CODE           	12562	0000	184
		_GLCD_Setup    		CODE           	12AE8	0000	136
		_GLCD_PrintString		CODE           	128B2	0000	146
		_GLCD_DrawHLine		CODE           	132A8	0000	72
		_GLCD_DrawVLine		CODE           	135FC	0000	56
		_GLCD_SetFont  		CODE           	12944	0000	144
		_GLCD_SendCommand		CODE           	13586	0000	60
		_GLCD_SendData 		CODE           	12818	0000	154
		_GLCD_SetPixel 		CODE           	12B70	0000	130
		_GLCD_PrintChar		CODE           	10000	0000	1224
		_GLCD_DrawRectangle		CODE           	129D4	0000	140
		_GLCD_BufferWrite		CODE           	1366C	0000	52
		_GLCD_SetPixels		CODE           	11248	0000	624
		_GLCD_Clear    		CODE           	13752	0000	36

LCD-KS0108/KS0108.c estimated size: 3806

interrupts.c
		_ISR           		CODE           	0008	0000	82
		_Init_Timer0   		CODE           	1383C	0000	20

interrupts.c estimated size: 102

C:\Program Files\Microchip\xc8\v2.40\pic\sources\c99\common\__lldiv.c
		___lldiv       		CODE           	12774	0000	164

C:\Program Files\Microchip\xc8\v2.40\pic\sources\c99\common\__lldiv.c estimated size: 164

menu_definitions.c
		_CycleDisplay  		CODE           	130B6	0000	86
		_InitBattParameters		CODE           	11CC4	0000	286
		_CurrentDisplay		CODE           	1310C	0000	86
		_CycleSet      		CODE           	13508	0000	64
		_ChemistryDisplay		CODE           	12DE0	0000	116
		_CelCount      		CODE           	1337A	0000	68
		_TempDisplay   		CODE           	13336	0000	68
		_batState      		CODE           	1261A	0000	176
		_MinimumDischargeVoltage		CODE           	12C72	0000	128
		_Options1_Menu 		CODE           	124A2	0000	192
		_Options2_Menu 		CODE           	123E2	0000	192
		_TimeDisplay   		CODE           	11DE2	0000	254
		_TrickleVoltage		CODE           	13444	0000	66
		_CapacitanceDisplay		CODE           	13402	0000	66
		_TrickleCurrent		CODE           	13486	0000	66
		_SingleBat_Menu		CODE           	11FD0	0000	224
		_SetCellVotage 		CODE           	12BF2	0000	128
		_VoltageDisplay		CODE           	120B0	0000	212
		_ChargerMode   		CODE           	12E54	0000	116

menu_definitions.c estimated size: 2594

menu_navigation.c
		_Handle_Main_MenuNavigation		CODE           	119EE	0000	376
		_Handle_Setting23_MenuNavigation		CODE           	108E8	0000	846
		_Menu          		CODE           	10C36	0000	834
		_Handle_Setting1_MenuNavigation		CODE           	11874	0000	378

menu_navigation.c estimated size: 2434

C:\Program Files\Microchip\xc8\v2.40\pic\sources\c99\common\isdigit.c
		_isdigit       		CODE           	13700	0000	44

C:\Program Files\Microchip\xc8\v2.40\pic\sources\c99\common\isdigit.c estimated size: 44

C:\Program Files\Microchip\xc8\v2.40\pic\sources\c99\common\lbdiv.c
		___lbdiv       		CODE           	13000	0000	92

C:\Program Files\Microchip\xc8\v2.40\pic\sources\c99\common\lbdiv.c estimated size: 92

C:\Program Files\Microchip\xc8\v2.40\pic\sources\c99\common\nf_fputs.c
		_fputs         		CODE           	133BE	0000	68

C:\Program Files\Microchip\xc8\v2.40\pic\sources\c99\common\nf_fputs.c estimated size: 68

C:\Program Files\Microchip\xc8\v2.40\pic\sources\c99\common\lomod.c
		___lomod       		CODE           	12184	0000	208

C:\Program Files\Microchip\xc8\v2.40\pic\sources\c99\common\lomod.c estimated size: 208

shared
		TwoBatMenu@F5950		MEDIUMCONST    	CA81	0000	11
		TwoBatMenu@F5952		MEDIUMCONST    	CA8C	0000	10
		TwoBatMenu@F5946		MEDIUMCONST    	CAA0	0000	10
		TwoBatMenu@F5948		MEDIUMCONST    	CA96	0000	10
		__initialization		CODE           	12CF2	0000	110
		_Tekton_Pro_Ext27x28		MEDIUMCONST    	CAAA	0000	10464
		_Font5x8       		MEDIUMCONST    	FC2A	0000	576
		_Tahoma11x13   		MEDIUMCONST    	F38A	0000	2208

shared estimated size: 13399

C:\Program Files\Microchip\xc8\v2.40\pic\sources\c99\common\lwmod.c
		___lwmod       		CODE           	12F3C	0000	100

C:\Program Files\Microchip\xc8\v2.40\pic\sources\c99\common\lwmod.c estimated size: 100

C:\Program Files\Microchip\xc8\v2.40\pic\sources\c99\common\llmod.c
		___llmod       		CODE           	12A60	0000	136

C:\Program Files\Microchip\xc8\v2.40\pic\sources\c99\common\llmod.c estimated size: 136

peripherials/UART.c
		_putch         		CODE           	138B2	0000	10
		_UART_SendChar 		CODE           	137C2	0000	22

peripherials/UART.c estimated size: 32

C:\Program Files\Microchip\xc8\v2.40\pic\sources\c99\common\doprnt.c
		_vfpfcnvrt     		CODE           	10F78	0000	720
		_pad           		CODE           	126CA	0000	170
		_vfprintf      		CODE           	13206	0000	82
		_utoa          		CODE           	114B8	0000	506

C:\Program Files\Microchip\xc8\v2.40\pic\sources\c99\common\doprnt.c estimated size: 1478

main.c
		_main          		CODE           	13162	0000	82

main.c estimated size: 82

C:\Program Files\Microchip\xc8\v2.40\pic\sources\c99\common\lodiv.c
		___lodiv       		CODE           	11EE0	0000	240

C:\Program Files\Microchip\xc8\v2.40\pic\sources\c99\common\lodiv.c estimated size: 240

