Microchip MPLAB XC8 Compiler V2.40

Linker command line:

-W5 \
  --edf=C:/Users/LPC-user/.mchp_packs/Microchip/PIC18F-J_DFP/1.7.159/xc8\pic\dat\20230817221043_en.msgs \
  -cn -h+dist/default/production\battery-tester.X.production.sym \
  --cmf=dist/default/production\battery-tester.X.production.cmf -z \
  -Q18F67J50 -oC:\Users\LPC-user\AppData\Local\Temp\xcAsav0.4 \
  --defsym=__MPLAB_BUILD=1 --fixupoverflow=error \
  -Mdist/default/production/battery-tester.X.production.map \
  --md=C:\Users\LPC-user\AppData\Local\Temp\xcAsav0.dat -E1 \
  -ver=XC8 Compiler --acfsm=1493 -ACODE=00h-01FFF7h -ACONST=00h-01FFF7h \
  -ASMALLCONST=01000h-010FFhx495,01FF00h-01FFF7h \
  -AMEDIUMCONST=01000h-0FFFFh,011000h-01FFF7h -ACOMRAM=01h-05Fh \
  -AABS1=00h-0F3Fh -ABIGRAM=01h-0F3Fh \
  -ARAM=060h-0FFh,0100h-01FFhx14,0F00h-0F3Fh -ABANK0=060h-0FFh \
  -ABANK1=0100h-01FFh -ABANK2=0200h-02FFh -ABANK3=0300h-03FFh \
  -ABANK4=0400h-04FFh -ABANK5=0500h-05FFh -ABANK6=0600h-06FFh \
  -ABANK7=0700h-07FFh -ABANK8=0800h-08FFh -ABANK9=0900h-09FFh \
  -ABANK10=0A00h-0AFFh -ABANK11=0B00h-0BFFh -ABANK12=0C00h-0CFFh \
  -ABANK13=0D00h-0DFFh -ABANK14=0E00h-0EFFh -ABANK15=0F00h-0F3Fh \
  -ASFR=0F40h-0F5Fh,0F60h-0FFFh -ABIGSFR=0F40h-0FFFh \
  -ACONFIG=01FFF8h-01FFFDh \
  -preset_vec=00h,intcode=08h,intcodelo,powerup,init -pramtop=01000h \
  -psmallconst=SMALLCONST -pmediumconst=MEDIUMCONST -pconst=CONST \
  -AFARRAM=00h-00h -pjflash_buffer=01F800h \
  -prdata=COMRAM,nvrram=COMRAM,nvbit=COMRAM,rbss=COMRAM,rbit=COMRAM \
  -pfarbss=FARRAM,fardata=FARRAM,nvFARRAM=FARRAM \
  -pintsave_regs=BIGRAM,bigbss=BIGRAM,bigdata=BIGRAM -pbss=RAM \
  -pidata=CODE,irdata=CODE,ibigdata=CODE,ifardata=CODE -prparam=COMRAM \
  C:\Users\LPC-user\AppData\Local\Temp\xcAsav0.o \
  dist/default/production\battery-tester.X.production.o 

Object code version is 3.11

Machine type is 18F67J50



                Name                               Link     Load   Length Selector   Space Scale
C:\Users\LPC-user\AppData\Local\Temp\xcAsav0.o
                config                            1FFF8    1FFF8        6        0       4
                init                                 5A       5A        4        4       0
                reset_vec                             0        0        4        0       0
dist/default/production\battery-tester.X.production.o
                intcode                               8        8       52        4       0
                config                            1FFF8    1FFF8        6        0       4
                temp                                 5F       5F        1        1       1
                mediumconst                        C97A     C97A     3686     64BD       0
                text99                            118F0    118F0      1C2     8000       0
                text98                            142EE    142EE       18     A122       0
                text97                            142D4    142D4       1A     A122       0
                text96                            143D8    143D8       10     A122       0
                text95                            143A6    143A6       12     A122       0
                text94                            12BD2    12BD2       B8     8000       0
                text93                            1408C    1408C       3E     8000       0
                text92                            13AD8    13AD8       5A     8000       0
                text91                            140CA    140CA       3C     8000       0
                text90                            13564    13564       88     8000       0
                text89                            11F1E    11F1E      16E     8000       0
                text88                            14380    14380       14     A122       0
                text87                            14178    14178       38     8000       0
                text86                            13CD4    13CD4       50     8000       0
                text85                            1436C    1436C       14     A122       0
                text84                            14358    14358       14     A122       0
                text83                            14344    14344       14     A122       0
                text82                            14330    14330       14     A122       0
                text81                            1431C    1431C       14     A122       0
                text80                            13A7C    13A7C       5C     8000       0
                text79                            13944    13944       74     8000       0
                text78                            109FA    109FA      420     8000       0
                text77                            141E4    141E4       32     8000       0
                text76                            141B0    141B0       34     8000       0
                text75                            135EC    135EC       82     8000       0
                text74                            13D24    13D24       48     8000       0
                text73                            11486    11486      270     8000       0
                text72                            14140    14140       38     8000       0
                text71                            13450    13450       8C     8000       0
                text70                            142BA    142BA       1A     A122       0
                text69                            1298E    1298E       C4     8000       0
                text68                            14270    14270       26     A122       0
                text67                            10532    10532      4C8     8000       0
                text66                            1332E    1332E       92     8000       0
                text65                            137E6    137E6       76     8000       0
                text64                            12E88    12E88       9A     8000       0
                text63                            14106    14106       3A     8000       0
                text62                            13A1C    13A1C       60     8000       0
                text61                            133C0    133C0       90     8000       0
                text60                            11DA6    11DA6      178     8000       0
                text59                            11C2C    11C2C      17A     8000       0
                text58                            10E1A    10E1A      34E     8000       0
                text57                            11AB2    11AB2      17A     8000       0
                text56                            14244    14244       2C     A122       0
                text55                            13D6C    13D6C       46     8000       0
                text54                            1208C    1208C      15E     8000       0
                text53                            122E8    122E8       F0     8000       0
                text52                            12664    12664       D0     8000       0
                text51                            14306    14306       16     A122       0
                text50                            143F6    143F6        A     A122       0
                text49                            12800    12800       CA     8000       0
                text48                            13E7E    13E7E       44     8000       0
                text47                            12D3A    12D3A       AA     8000       0
                text46                            116F6    116F6      1FA     8000       0
                text45                            11168    11168      31E     8000       0
                text44                            13C82    13C82       52     8000       0
                text43                            13C30    13C30       52     8000       0
                text42                            13E3A    13E3A       44     8000       0
                text41                            138D0    138D0       74     8000       0
                text40                            1385C    1385C       74     8000       0
                text39                            1404C    1404C       40     8000       0
                text38                            1400C    1400C       40     8000       0
                text37                            14296    14296       24     A122       0
                text36                            12B12    12B12       C0     8000       0
                text35                            139B8    139B8       64     8000       0
                text34                            136EE    136EE       80     8000       0
                text33                            1366E    1366E       80     8000       0
                text32                            13FCA    13FCA       42     8000       0
                text31                            13F88    13F88       42     8000       0
                text30                            12A52    12A52       C0     8000       0
                text29                            12DE4    12DE4       A4     8000       0
                text28                            134DC    134DC       88     8000       0
                text27                            128CA    128CA       C4     8000       0
                text26                            13DF6    13DF6       44     8000       0
                text25                            1329A    1329A       94     8000       0
                text24                            13F46    13F46       42     8000       0
                text23                            13206    13206       94     8000       0
                text22                            13F04    13F04       42     8000       0
                text21                            13172    13172       94     8000       0
                text20                            12734    12734       CC     8000       0
                text19                            130DE    130DE       94     8000       0
                text18                            1304A    1304A       94     8000       0
                text17                            12FB6    12FB6       94     8000       0
                text16                            12F22    12F22       94     8000       0
                text15                            124B8    124B8       D8     8000       0
                text14                            13EC2    13EC2       42     8000       0
                text13                            13B88    13B88       56     8000       0
                text12                            13B32    13B32       56     8000       0
                text11                            13DB2    13DB2       44     8000       0
                text10                            121EA    121EA       FE     8000       0
                text9                             12590    12590       D4     8000       0
                text8                             12C8A    12C8A       B0     8000       0
                text7                             123D8    123D8       E0     8000       0
                text6                             10000    10000      532     8000       0
                text5                             143E8    143E8        E     A122       0
                text4                             14406    14406        6     A122       0
                text3                             14394    14394       12     A122       0
                text2                             14400    14400        6     A122       0
                text1                             143C8    143C8       10     A122       0
                text0                             13BDE    13BDE       52     8000       0
                cstackCOMRAM                          1        1       5D        1       1
                cstackBANK0                          60       60       71       60       1
                bssBIGRAM                           159      159      400      159       1
                dataBANK1                           100      100       2D      100       1
                bssBANK1                            12D      12D       2C      100       1
                dataBANK0                            EB       EB       10       60       1
                bssBANK0                             D1       D1       1A       60       1
                bssCOMRAM                            5E       5E        1        1       1
                cinit                             1376E    1376E       78     8000       0
                idataBANK1                        14216    14216       2D     8000       0
                idataBANK0                        143B8    143B8       10     A122       0

TOTAL           Name                               Link     Load   Length     Space
        CLASS   CODE           
                intcode                               8        8       52         0
                init                                 5A       5A        4         0
                reset_vec                             0        0        4         0
                text99                            118F0    118F0      1C2         0
                text98                            142EE    142EE       18         0
                text97                            142D4    142D4       1A         0
                text96                            143D8    143D8       10         0
                text95                            143A6    143A6       12         0
                text94                            12BD2    12BD2       B8         0
                text93                            1408C    1408C       3E         0
                text92                            13AD8    13AD8       5A         0
                text91                            140CA    140CA       3C         0
                text90                            13564    13564       88         0
                text89                            11F1E    11F1E      16E         0
                text88                            14380    14380       14         0
                text87                            14178    14178       38         0
                text86                            13CD4    13CD4       50         0
                text85                            1436C    1436C       14         0
                text84                            14358    14358       14         0
                text83                            14344    14344       14         0
                text82                            14330    14330       14         0
                text81                            1431C    1431C       14         0
                text80                            13A7C    13A7C       5C         0
                text79                            13944    13944       74         0
                text78                            109FA    109FA      420         0
                text77                            141E4    141E4       32         0
                text76                            141B0    141B0       34         0
                text75                            135EC    135EC       82         0
                text74                            13D24    13D24       48         0
                text73                            11486    11486      270         0
                text72                            14140    14140       38         0
                text71                            13450    13450       8C         0
                text70                            142BA    142BA       1A         0
                text69                            1298E    1298E       C4         0
                text68                            14270    14270       26         0
                text67                            10532    10532      4C8         0
                text66                            1332E    1332E       92         0
                text65                            137E6    137E6       76         0
                text64                            12E88    12E88       9A         0
                text63                            14106    14106       3A         0
                text62                            13A1C    13A1C       60         0
                text61                            133C0    133C0       90         0
                text60                            11DA6    11DA6      178         0
                text59                            11C2C    11C2C      17A         0
                text58                            10E1A    10E1A      34E         0
                text57                            11AB2    11AB2      17A         0
                text56                            14244    14244       2C         0
                text55                            13D6C    13D6C       46         0
                text54                            1208C    1208C      15E         0
                text53                            122E8    122E8       F0         0
                text52                            12664    12664       D0         0
                text51                            14306    14306       16         0
                text50                            143F6    143F6        A         0
                text49                            12800    12800       CA         0
                text48                            13E7E    13E7E       44         0
                text47                            12D3A    12D3A       AA         0
                text46                            116F6    116F6      1FA         0
                text45                            11168    11168      31E         0
                text44                            13C82    13C82       52         0
                text43                            13C30    13C30       52         0
                text42                            13E3A    13E3A       44         0
                text41                            138D0    138D0       74         0
                text40                            1385C    1385C       74         0
                text39                            1404C    1404C       40         0
                text38                            1400C    1400C       40         0
                text37                            14296    14296       24         0
                text36                            12B12    12B12       C0         0
                text35                            139B8    139B8       64         0
                text34                            136EE    136EE       80         0
                text33                            1366E    1366E       80         0
                text32                            13FCA    13FCA       42         0
                text31                            13F88    13F88       42         0
                text30                            12A52    12A52       C0         0
                text29                            12DE4    12DE4       A4         0
                text28                            134DC    134DC       88         0
                text27                            128CA    128CA       C4         0
                text26                            13DF6    13DF6       44         0
                text25                            1329A    1329A       94         0
                text24                            13F46    13F46       42         0
                text23                            13206    13206       94         0
                text22                            13F04    13F04       42         0
                text21                            13172    13172       94         0
                text20                            12734    12734       CC         0
                text19                            130DE    130DE       94         0
                text18                            1304A    1304A       94         0
                text17                            12FB6    12FB6       94         0
                text16                            12F22    12F22       94         0
                text15                            124B8    124B8       D8         0
                text14                            13EC2    13EC2       42         0
                text13                            13B88    13B88       56         0
                text12                            13B32    13B32       56         0
                text11                            13DB2    13DB2       44         0
                text10                            121EA    121EA       FE         0
                text9                             12590    12590       D4         0
                text8                             12C8A    12C8A       B0         0
                text7                             123D8    123D8       E0         0
                text6                             10000    10000      532         0
                text5                             143E8    143E8        E         0
                text4                             14406    14406        6         0
                text3                             14394    14394       12         0
                text2                             14400    14400        6         0
                text1                             143C8    143C8       10         0
                text0                             13BDE    13BDE       52         0
                cinit                             1376E    1376E       78         0
                idataBANK1                        14216    14216       2D         0
                idataBANK0                        143B8    143B8       10         0

        CLASS   CONST          

        CLASS   SMALLCONST     

        CLASS   MEDIUMCONST    
                mediumconst                        C97A     C97A     3686         0

        CLASS   COMRAM         
                temp                                 5F       5F        1         1
                cstackCOMRAM                          1        1       5D         1
                bssCOMRAM                            5E       5E        1         1

        CLASS   ABS1           

        CLASS   BIGRAM         
                bssBIGRAM                           159      159      400         1

        CLASS   RAM            

        CLASS   BANK0          
                cstackBANK0                          60       60       71         1
                dataBANK0                            EB       EB       10         1
                bssBANK0                             D1       D1       1A         1

        CLASS   BANK1          
                dataBANK1                           100      100       2D         1
                bssBANK1                            12D      12D       2C         1

        CLASS   BANK2          

        CLASS   BANK3          

        CLASS   BANK4          

        CLASS   BANK5          

        CLASS   BANK6          

        CLASS   BANK7          

        CLASS   BANK8          

        CLASS   BANK9          

        CLASS   BANK10         

        CLASS   BANK11         

        CLASS   BANK12         

        CLASS   BANK13         

        CLASS   BANK14         

        CLASS   BANK15         

        CLASS   SFR            

        CLASS   BIGSFR         

        CLASS   CONFIG         
                config                            1FFF8    1FFF8        6         4

        CLASS   FARRAM         

        CLASS   HEAP           

        CLASS   STACK          

        CLASS   IDLOC          



SEGMENTS        Name                           Load    Length   Top    Selector   Space  Class

                reset_vec                      000000  000004  000004         0       0  CODE    
                cstackCOMRAM                   000001  00005F  000060         1       1  COMRAM  
                intcode                        000008  000056  00005E         4       0  CODE    
                cstackBANK0                    000060  00009B  0000FB        60       1  BANK0   
                dataBANK1                      000100  000059  000159       100       1  BANK1   
                bssBIGRAM                      000159  000400  000559       159       1  BIGRAM  
                mediumconst                    00C97A  003686  010000      64BD       0  MEDIUMCO
                text6                          010000  004243  014243      8000       0  CODE    
                text56                         014244  0001C8  01440C      A122       0  CODE    


UNUSED ADDRESS RANGES

        Name                Unused          Largest block    Delta
        BANK0            000FB-000FF               5
        BANK10           00A00-00AFF             100
        BANK11           00B00-00BFF             100
        BANK12           00C00-00CFF             100
        BANK13           00D00-00DFF             100
        BANK14           00E00-00EFF             100
        BANK15           00F00-00F3F              40
        BANK5            00559-005FF              A7
        BANK6            00600-006FF             100
        BANK7            00700-007FF             100
        BANK8            00800-008FF             100
        BANK9            00900-009FF             100
        BIGRAM           000FB-000FF               5
                         00559-00F3F             9E7
        BIGSFR           00F40-00FFF              C0
        CODE             00004-00007               4
                         0005E-0C979            C91C
                         14243-14243               1
                         1440C-1FFF7            BBEC
        CONST            00004-00007               4
                         0005E-0C979            C91C
                         14243-14243               1
                         1440C-1FFF7            BBEC
        MEDIUMCONST      01000-0C979            B97A
                         14243-14243               1
                         1440C-1FFF7            BBEC
        RAM              000FB-000FF               5
                         00559-00F3F             100
        SFR              00F40-00FFF              20
        SMALLCONST       01000-0C979             100
                         14243-14243               1
                         1440C-1FFF7             100

                                  Symbol Table

?___awdiv                                cstackCOMRAM  00001
?___lldiv                                cstackCOMRAM  0000A
?___llmod                                cstackCOMRAM  00001
?___lodiv                                cstackCOMRAM  00001
?___lomod                                cstackCOMRAM  00001
?___lwdiv                                cstackCOMRAM  00001
?___lwmod                                cstackCOMRAM  00001
?___wmul                                 cstackCOMRAM  00001
?_atoi                                   cstackCOMRAM  00007
?_isdigit                                cstackCOMRAM  00001
?_isspace                                cstackCOMRAM  00001
?_sprintf                                cstackBANK0   00060
?_vfprintf                               cstackCOMRAM  00054
Button_EventGet@key                      cstackCOMRAM  00003
Button_Init@i                            cstackCOMRAM  0000F
Button_Update@key                        cstackCOMRAM  00013
Button_Update@now_pressed                cstackCOMRAM  00012
CapacitanceDisplay@batparam_ptr          cstackBANK0   00079
CelCount@batparam_ptr                    cstackBANK0   00079
ChargerMode@bat_param                    cstackCOMRAM  00022
ChemistryDisplay@bat_param               cstackCOMRAM  00022
CurrentDisplay@batparam_ptr              cstackBANK0   00079
CycleDisplay@batparam_ptr                cstackBANK0   00079
CycleSet@batparam_ptr                    cstackBANK0   00079
GLCD_BufferRead@X                        cstackCOMRAM  00005
GLCD_BufferRead@Y                        cstackCOMRAM  00001
GLCD_BufferWrite@Data                    cstackCOMRAM  00002
GLCD_BufferWrite@X                       cstackCOMRAM  00006
GLCD_BufferWrite@Y                       cstackCOMRAM  00001
GLCD_DrawHLine@Color                     cstackCOMRAM  0000F
GLCD_DrawHLine@X1                        cstackCOMRAM  00011
GLCD_DrawHLine@X2                        cstackCOMRAM  0000D
GLCD_DrawHLine@Y                         cstackCOMRAM  0000E
GLCD_DrawHLine@t                         cstackCOMRAM  00010
GLCD_DrawRectangle@Color                 cstackCOMRAM  00024
GLCD_DrawRectangle@X1                    cstackCOMRAM  00025
GLCD_DrawRectangle@X2                    cstackCOMRAM  00022
GLCD_DrawRectangle@Y1                    cstackCOMRAM  00021
GLCD_DrawRectangle@Y2                    cstackCOMRAM  00023
GLCD_DrawVLine@Color                     cstackCOMRAM  0001E
GLCD_DrawVLine@X                         cstackCOMRAM  0001D
GLCD_DrawVLine@Y1                        cstackCOMRAM  00020
GLCD_DrawVLine@Y2                        cstackCOMRAM  0001C
GLCD_DrawVLine@t                         cstackCOMRAM  0001F
GLCD_FillRectangle@Color                 cstackCOMRAM  0001F
GLCD_FillRectangle@X1                    cstackCOMRAM  00020
GLCD_FillRectangle@X2                    cstackCOMRAM  0001D
GLCD_FillRectangle@Y1                    cstackCOMRAM  0001C
GLCD_FillRectangle@Y2                    cstackCOMRAM  0001E
GLCD_FillScreen@Color                    cstackCOMRAM  00007
GLCD_FillScreen@i                        cstackCOMRAM  00008
GLCD_FillScreen@j                        cstackCOMRAM  00009
GLCD_GotoX@X                             cstackCOMRAM  00001
GLCD_GotoXY@X                            cstackCOMRAM  00003
GLCD_GotoXY@Y                            cstackCOMRAM  00002
GLCD_GotoY@Y                             cstackCOMRAM  00001
GLCD_PrintChar@Character                 cstackCOMRAM  0000F
GLCD_PrintChar@data                      cstackCOMRAM  0001D
GLCD_PrintChar@data_next                 cstackCOMRAM  00012
GLCD_PrintChar@fontRead                  cstackCOMRAM  00018
GLCD_PrintChar@fontStart                 cstackCOMRAM  00014
GLCD_PrintChar@i                         cstackCOMRAM  0001B
GLCD_PrintChar@j                         cstackCOMRAM  0001C
GLCD_PrintChar@lines                     cstackCOMRAM  00017
GLCD_PrintChar@overflow                  cstackCOMRAM  0001A
GLCD_PrintChar@width                     cstackCOMRAM  00016
GLCD_PrintChar@x                         cstackCOMRAM  00013
GLCD_PrintChar@y                         cstackCOMRAM  00011
GLCD_PrintChar@y2                        cstackCOMRAM  00010
GLCD_PrintString@Text                    cstackCOMRAM  0001E
GLCD_Render@i                            cstackCOMRAM  00016
GLCD_Render@j                            cstackCOMRAM  00015
GLCD_SelectChip@Chip                     cstackCOMRAM  00001
GLCD_SelectChip@off                      cstackCOMRAM  00002
GLCD_Send@Data                           cstackCOMRAM  00001
GLCD_SendCommand@Chip                    cstackCOMRAM  00006
GLCD_SendCommand@Command                 cstackCOMRAM  00007
GLCD_SendData@Chip                       cstackCOMRAM  0000F
GLCD_SendData@Data                       cstackCOMRAM  00014
GLCD_SetFont@Height                      cstackCOMRAM  0000C
GLCD_SetFont@Invert                      cstackCOMRAM  0000E
GLCD_SetFont@Mode                        cstackCOMRAM  0000D
GLCD_SetFont@Name                        cstackCOMRAM  00009
GLCD_SetFont@Width                       cstackCOMRAM  0000B
GLCD_SetPixel@Color                      cstackCOMRAM  00008
GLCD_SetPixel@X                          cstackCOMRAM  0000B
GLCD_SetPixel@Y                          cstackCOMRAM  00007
GLCD_SetPixel@data                       cstackCOMRAM  0000C
GLCD_SetPixels@Color                     cstackCOMRAM  0000A
GLCD_SetPixels@X1                        cstackCOMRAM  00018
GLCD_SetPixels@X2                        cstackCOMRAM  00008
GLCD_SetPixels@Y1                        cstackCOMRAM  00007
GLCD_SetPixels@Y2                        cstackCOMRAM  00009
GLCD_SetPixels@data                      cstackCOMRAM  0001B
GLCD_SetPixels@h                         cstackCOMRAM  00015
GLCD_SetPixels@height                    cstackCOMRAM  0001A
GLCD_SetPixels@i                         cstackCOMRAM  00017
GLCD_SetPixels@mask                      cstackCOMRAM  00019
GLCD_SetPixels@offset                    cstackCOMRAM  00016
GLCD_SetPixels@width                     cstackCOMRAM  00014
GLCD_WaitBusy@Chip                       cstackCOMRAM  00004
GLCD_WaitBusy@status                     cstackCOMRAM  00005
Handle_Main_MenuNavigation@option        cstackCOMRAM  00026
Handle_Setting1_MenuNavigation@option    cstackCOMRAM  00026
Handle_Setting23_MenuNavigation@option   cstackCOMRAM  00026
Handle_Setting5_MenuNavigation@option    cstackCOMRAM  00026
ISR@counter_second                       bssBANK0      000E3
InitBattParameters@bat_param             cstackCOMRAM  00001
Menu@bat_param                           cstackBANK0   0007E
Menu@menu_change                         dataBANK0     000FA
Menu@menu_init                           bssBANK0      000E8
Menu@menu_pos                            bssBANK0      000E7
Menu@menu_selection                      bssBANK0      000E9
Menu@menu_type                           bssBANK0      000EA
MinimumDischargeVoltage@batparam_ptr     cstackBANK0   00079
Options1_Menu@bat_param                  cstackBANK0   0007B
Options2_Menu@bat_param                  cstackBANK0   0007B
Options3_Menu@bat_param                  cstackBANK0   0007B
Options4_Menu@bat_param                  cstackBANK0   0007C
Options5_Menu@bat_param                  cstackBANK0   0007C
SetCellVotage@batparam_ptr               cstackBANK0   00079
SetChargingCurrent_1@batparam_ptr        cstackBANK0   00079
SetChargingCurrent_2@batparam_ptr        cstackBANK0   00079
SetChargingCurrent_2@display_type        cstackBANK0   0007B
SetChargingCurrent_3@batparam_ptr        cstackBANK0   00079
SetChargingCurrent_3@display_type        cstackBANK0   0007B
SetChargingCurrent_4@batparam_ptr        cstackBANK0   00079
SetChargingCurrent_4@display_type        cstackBANK0   0007B
SetDischargingCurrent_1@batparam_ptr     cstackBANK0   00079
SetDischargingCurrent_2@batparam_ptr     cstackBANK0   00079
SetDischargingCurrent_2@display_type     cstackBANK0   0007B
SetDischargingCurrent_3@batparam_ptr     cstackBANK0   00079
SetDischargingCurrent_3@display_type     cstackBANK0   0007B
SetDischargingCurrent_4@batparam_ptr     cstackBANK0   00079
SetDischargingCurrent_4@display_type     cstackBANK0   0007B
SetMaxTime@batparam_ptr                  cstackBANK0   00079
SetTemp@batparam_ptr                     cstackBANK0   00079
SingleBat_Menu@bat_param                 cstackBANK0   0007B
TempDisplay@batparam_ptr                 cstackBANK0   00079
TimeDisplay@batparam_ptr                 cstackBANK0   00079
TrickleCurrent@batparam_ptr              cstackBANK0   00079
TrickleVoltage@batparam_ptr              cstackBANK0   00079
TwoBatMenu@F5999                         mediumconst   0C99A
TwoBatMenu@F6001                         mediumconst   0C990
TwoBatMenu@F6003                         mediumconst   0C97B
TwoBatMenu@F6005                         mediumconst   0C986
UART_SendChar@data                       cstackCOMRAM  00001
VoltageDisplay@batparam_ptr              cstackBANK0   00079
_ButtonDown                              text82        14330
_ButtonLeft                              text83        14344
_ButtonOK                                text81        1431C
_ButtonRight                             text84        14358
_ButtonUp                                text85        1436C
_Button_EventGet                         text87        14178
_Button_Event_Reset                      text86        13CD4
_Button_Init                             text99        118F0
_Button_Init$1301                        cstackCOMRAM  00007
_Button_Init$1302                        cstackCOMRAM  00009
_Button_Init$1303                        cstackCOMRAM  0000B
_Button_Init$1313                        cstackCOMRAM  0000D
_Button_Update                           text78        109FA
_CCP3CONbits                             (abs)         00FB1
_CCPR3L                                  (abs)         00FB2
_CapacitanceDisplay                      text14        13EC2
_CelCount                                text42        13E3A
_ChargerMode                             text41        138D0
_ChemistryDisplay                        text40        1385C
_CurrentDisplay                          text13        13B88
_CycleDisplay                            text12        13B32
_CycleSet                                text39        1404C
_Font5x8                                 mediumconst   0FB24
_GLCD_BufferRead                         text77        141E4
_GLCD_BufferWrite                        text76        141B0
_GLCD_Clear                              text37        14296
_GLCD_Clear$173                          cstackCOMRAM  0000A
_GLCD_DrawHLine                          text74        13D24
_GLCD_DrawRectangle                      text71        13450
_GLCD_DrawVLine                          text72        14140
_GLCD_FillRectangle                      text70        142BA
_GLCD_FillScreen                         text38        1400C
_GLCD_GotoX                              text98        142EE
_GLCD_GotoXY                             text96        143D8
_GLCD_GotoY                              text97        142D4
_GLCD_PrintChar                          text67        10532
_GLCD_PrintString                        text66        1332E
_GLCD_Render                             text62        13A1C
_GLCD_SelectChip                         text93        1408C
_GLCD_Send                               text94        12BD2
_GLCD_SendCommand                        text91        140CA
_GLCD_SendData                           text64        12E88
_GLCD_SendData$160                       cstackCOMRAM  00012
_GLCD_SetFont                            text61        133C0
_GLCD_SetPixel                           text75        135EC
_GLCD_SetPixels                          text73        11486
_GLCD_SetPixels$210                      cstackCOMRAM  00010
_GLCD_SetPixels$211                      cstackCOMRAM  00012
_GLCD_Setup                              text90        13564
_GLCD_WaitBusy                           text92        13AD8
_Handle_Main_MenuNavigation              text60        11DA6
_Handle_Setting1_MenuNavigation          text59        11C2C
_Handle_Setting23_MenuNavigation         text58        10E1A
_Handle_Setting5_MenuNavigation          text57        11AB2
_INTCONbits                              (abs)         00FF2
_ISR                                     intcode       00008
_InitBattParameters                      text89        11F1E
_Init_Timer0                             text88        14380
_LATAbits                                (abs)         00F89
_LATD                                    (abs)         00F8C
_LATE                                    (abs)         00F8D
_Menu                                    text6         10000
_MinimumDischargeVoltage                 text34        136EE
_OSCCONbits                              (abs)         00FD3
_OSCTUNEbits                             (abs)         00F9B
_Options1_Menu                           text36        12B12
_Options2_Menu                           text30        12A52
_Options3_Menu                           text25        1329A
_Options4_Menu                           text20        12734
_Options5_Menu                           text15        124B8
_PORTC                                   (abs)         00F82
_PORTE                                   (abs)         00F84
_PORTG                                   (abs)         00F86
_PR2                                     (abs)         00FCB
_Pulse_En                                text95        143A6
_RCSTA2bits                              (abs)         00F9C
_SPBRG2                                  (abs)         00FAB
_SetCellVotage                           text33        1366E
_SetChargingCurrent_1                    text24        13F46
_SetChargingCurrent_2                    text23        13206
_SetChargingCurrent_3                    text19        130DE
_SetChargingCurrent_4                    text18        1304A
_SetDischargingCurrent_1                 text22        13F04
_SetDischargingCurrent_2                 text21        13172
_SetDischargingCurrent_3                 text17        12FB6
_SetDischargingCurrent_4                 text16        12F22
_SetMaxTime                              text27        128CA
_SetTemp                                 text26        13DF6
_SingleBat_Menu                          text7         123D8
_T0CONbits                               (abs)         00FD5
_T2CONbits                               (abs)         00FCA
_TMR0                                    (abs)         00FD6
_TRISAbits                               (abs)         00F92
_TRISC                                   (abs)         00F94
_TRISD                                   (abs)         00F95
_TRISDbits                               (abs)         00F95
_TRISE                                   (abs)         00F96
_TRISG                                   (abs)         00F98
_TRISGbits                               (abs)         00F98
_TXREG2                                  (abs)         00FA9
_TXSTA2bits                              (abs)         00FA8
_Tahoma11x13                             mediumconst   0F284
_Tekton_Pro_Ext27x28                     mediumconst   0C9A4
_TempDisplay                             text11        13DB2
_TimeDisplay                             text10        121EA
_TrickleCurrent                          text32        13FCA
_TrickleVoltage                          text31        13F88
_UART_SendChar                           text51        14306
_VoltageDisplay                          text9         12590
__HRAM                                   (abs)         00000
__Habs1                                  abs1          00000
__Hbank0                                 bank0         00000
__Hbank1                                 bank1         00000
__Hbank10                                bank10        00000
__Hbank11                                bank11        00000
__Hbank12                                bank12        00000
__Hbank13                                bank13        00000
__Hbank14                                bank14        00000
__Hbank15                                bank15        00000
__Hbank2                                 bank2         00000
__Hbank3                                 bank3         00000
__Hbank4                                 bank4         00000
__Hbank5                                 bank5         00000
__Hbank6                                 bank6         00000
__Hbank7                                 bank7         00000
__Hbank8                                 bank8         00000
__Hbank9                                 bank9         00000
__Hbigbss                                bigbss        00000
__Hbigdata                               bigdata       00000
__Hbigram                                bigram        00000
__Hbigsfr                                bigsfr        00000
__Hbss                                   bss           00000
__HbssBANK0                              bssBANK0      00000
__HbssBANK1                              bssBANK1      00000
__HbssBIGRAM                             bssBIGRAM     00000
__HbssCOMRAM                             bssCOMRAM     00000
__Hcinit                                 cinit         00000
__Hclrtext                               clrtext       00000
__Hcomram                                comram        00000
__Hconfig                                config        1FFFE
__Hconst                                 const         00000
__HcstackBANK0                           cstackBANK0   00000
__HcstackCOMRAM                          cstackCOMRAM  00000
__Hdata                                  data          00000
__HdataBANK0                             dataBANK0     00000
__HdataBANK1                             dataBANK1     00000
__Hfarbss                                farbss        00000
__Hfardata                               fardata       00000
__Hheap                                  heap          00000
__Hibigdata                              ibigdata      00000
__Hidata                                 idata         00000
__HidataBANK0                            idataBANK0    00000
__HidataBANK1                            idataBANK1    00000
__Hidloc                                 idloc         00000
__Hifardata                              ifardata      00000
__Hinit                                  init          0005E
__Hintcode                               intcode       0005A
__Hintcode_body                          intcode_body  00000
__Hintcodelo                             intcodelo     0005A
__Hintentry                              intentry      00000
__Hintret                                intret        00000
__Hintsave_regs                          intsave_regs  00000
__Hirdata                                irdata        00000
__Hjflash_buffer                         jflash_buffer 1F800
__Hmediumconst                           mediumconst   10000
__HnvFARRAM                              nvFARRAM      00000
__Hnvbit                                 nvbit         00000
__Hnvrram                                nvrram        00000
__Hparam                                 rparam        00000
__Hpowerup                               powerup       0005A
__Hram                                   ram           00000
__Hramtop                                ramtop        01000
__Hrbit                                  rbit          00000
__Hrbss                                  rbss          00000
__Hrdata                                 rdata         00000
__Hreset_vec                             reset_vec     00004
__Hrparam                                rparam        00000
__Hsfr                                   sfr           00000
__Hsmallconst                            smallconst    00000
__Hspace_0                               (abs)         1F800
__Hspace_1                               (abs)         00559
__Hspace_2                               (abs)         00000
__Hspace_4                               (abs)         3FFF6
__Hstack                                 stack         00000
__Hstruct                                struct        00000
__Htemp                                  temp          00060
__Htext                                  text          00000
__Htext0                                 text0         00000
__Htext1                                 text1         00000
__Htext10                                text10        00000
__Htext11                                text11        00000
__Htext12                                text12        00000
__Htext13                                text13        00000
__Htext14                                text14        00000
__Htext15                                text15        00000
__Htext16                                text16        00000
__Htext17                                text17        00000
__Htext18                                text18        00000
__Htext19                                text19        00000
__Htext2                                 text2         00000
__Htext20                                text20        00000
__Htext21                                text21        00000
__Htext22                                text22        00000
__Htext23                                text23        00000
__Htext24                                text24        00000
__Htext25                                text25        00000
__Htext26                                text26        00000
__Htext27                                text27        00000
__Htext28                                text28        00000
__Htext29                                text29        00000
__Htext3                                 text3         00000
__Htext30                                text30        00000
__Htext31                                text31        00000
__Htext32                                text32        00000
__Htext33                                text33        00000
__Htext34                                text34        00000
__Htext35                                text35        00000
__Htext36                                text36        00000
__Htext37                                text37        00000
__Htext38                                text38        00000
__Htext39                                text39        00000
__Htext4                                 text4         00000
__Htext40                                text40        00000
__Htext41                                text41        00000
__Htext42                                text42        00000
__Htext43                                text43        00000
__Htext44                                text44        00000
__Htext45                                text45        00000
__Htext46                                text46        00000
__Htext47                                text47        00000
__Htext48                                text48        00000
__Htext49                                text49        00000
__Htext5                                 text5         00000
__Htext50                                text50        00000
__Htext51                                text51        00000
__Htext52                                text52        00000
__Htext53                                text53        00000
__Htext54                                text54        00000
__Htext55                                text55        00000
__Htext56                                text56        00000
__Htext57                                text57        00000
__Htext58                                text58        00000
__Htext59                                text59        00000
__Htext6                                 text6         00000
__Htext60                                text60        00000
__Htext61                                text61        00000
__Htext62                                text62        00000
__Htext63                                text63        00000
__Htext64                                text64        00000
__Htext65                                text65        00000
__Htext66                                text66        00000
__Htext67                                text67        00000
__Htext68                                text68        00000
__Htext69                                text69        00000
__Htext7                                 text7         00000
__Htext70                                text70        00000
__Htext71                                text71        00000
__Htext72                                text72        00000
__Htext73                                text73        00000
__Htext74                                text74        00000
__Htext75                                text75        00000
__Htext76                                text76        00000
__Htext77                                text77        00000
__Htext78                                text78        00000
__Htext79                                text79        00000
__Htext8                                 text8         00000
__Htext80                                text80        00000
__Htext81                                text81        00000
__Htext82                                text82        00000
__Htext83                                text83        00000
__Htext84                                text84        00000
__Htext85                                text85        00000
__Htext86                                text86        00000
__Htext87                                text87        00000
__Htext88                                text88        00000
__Htext89                                text89        00000
__Htext9                                 text9         00000
__Htext90                                text90        00000
__Htext91                                text91        00000
__Htext92                                text92        00000
__Htext93                                text93        00000
__Htext94                                text94        00000
__Htext95                                text95        00000
__Htext96                                text96        00000
__Htext97                                text97        00000
__Htext98                                text98        00000
__Htext99                                text99        00000
__LRAM                                   (abs)         00001
__Labs1                                  abs1          00000
__Lbank0                                 bank0         00000
__Lbank1                                 bank1         00000
__Lbank10                                bank10        00000
__Lbank11                                bank11        00000
__Lbank12                                bank12        00000
__Lbank13                                bank13        00000
__Lbank14                                bank14        00000
__Lbank15                                bank15        00000
__Lbank2                                 bank2         00000
__Lbank3                                 bank3         00000
__Lbank4                                 bank4         00000
__Lbank5                                 bank5         00000
__Lbank6                                 bank6         00000
__Lbank7                                 bank7         00000
__Lbank8                                 bank8         00000
__Lbank9                                 bank9         00000
__Lbigbss                                bigbss        00000
__Lbigdata                               bigdata       00000
__Lbigram                                bigram        00000
__Lbigsfr                                bigsfr        00000
__Lbss                                   bss           00000
__LbssBANK0                              bssBANK0      00000
__LbssBANK1                              bssBANK1      00000
__LbssBIGRAM                             bssBIGRAM     00000
__LbssCOMRAM                             bssCOMRAM     00000
__Lcinit                                 cinit         00000
__Lclrtext                               clrtext       00000
__Lcomram                                comram        00000
__Lconfig                                config        00000
__Lconst                                 const         00000
__LcstackBANK0                           cstackBANK0   00000
__LcstackCOMRAM                          cstackCOMRAM  00000
__Ldata                                  data          00000
__LdataBANK0                             dataBANK0     00000
__LdataBANK1                             dataBANK1     00000
__Lfarbss                                farbss        00000
__Lfardata                               fardata       00000
__Lheap                                  heap          00000
__Libigdata                              ibigdata      00000
__Lidata                                 idata         00000
__LidataBANK0                            idataBANK0    00000
__LidataBANK1                            idataBANK1    00000
__Lidloc                                 idloc         00000
__Lifardata                              ifardata      00000
__Linit                                  init          0005A
__Lintcode                               intcode       00008
__Lintcode_body                          intcode_body  00000
__Lintcodelo                             intcodelo     0005A
__Lintentry                              intentry      00000
__Lintret                                intret        00000
__Lintsave_regs                          intsave_regs  00000
__Lirdata                                irdata        00000
__Ljflash_buffer                         jflash_buffer 1F800
__Lmediumconst                           mediumconst   0C97A
__LnvFARRAM                              nvFARRAM      00000
__Lnvbit                                 nvbit         00000
__Lnvrram                                nvrram        00000
__Lparam                                 rparam        00000
__Lpowerup                               powerup       0005A
__Lram                                   ram           00000
__Lramtop                                ramtop        01000
__Lrbit                                  rbit          00000
__Lrbss                                  rbss          00000
__Lrdata                                 rdata         00000
__Lreset_vec                             reset_vec     00000
__Lrparam                                rparam        00000
__Lsfr                                   sfr           00000
__Lsmallconst                            smallconst    00000
__Lspace_0                               (abs)         00000
__Lspace_1                               (abs)         00000
__Lspace_2                               (abs)         00000
__Lspace_4                               (abs)         00000
__Lstack                                 stack         00000
__Lstruct                                struct        00000
__Ltemp                                  temp          0005F
__Ltext                                  text          00000
__Ltext0                                 text0         00000
__Ltext1                                 text1         00000
__Ltext10                                text10        00000
__Ltext11                                text11        00000
__Ltext12                                text12        00000
__Ltext13                                text13        00000
__Ltext14                                text14        00000
__Ltext15                                text15        00000
__Ltext16                                text16        00000
__Ltext17                                text17        00000
__Ltext18                                text18        00000
__Ltext19                                text19        00000
__Ltext2                                 text2         00000
__Ltext20                                text20        00000
__Ltext21                                text21        00000
__Ltext22                                text22        00000
__Ltext23                                text23        00000
__Ltext24                                text24        00000
__Ltext25                                text25        00000
__Ltext26                                text26        00000
__Ltext27                                text27        00000
__Ltext28                                text28        00000
__Ltext29                                text29        00000
__Ltext3                                 text3         00000
__Ltext30                                text30        00000
__Ltext31                                text31        00000
__Ltext32                                text32        00000
__Ltext33                                text33        00000
__Ltext34                                text34        00000
__Ltext35                                text35        00000
__Ltext36                                text36        00000
__Ltext37                                text37        00000
__Ltext38                                text38        00000
__Ltext39                                text39        00000
__Ltext4                                 text4         00000
__Ltext40                                text40        00000
__Ltext41                                text41        00000
__Ltext42                                text42        00000
__Ltext43                                text43        00000
__Ltext44                                text44        00000
__Ltext45                                text45        00000
__Ltext46                                text46        00000
__Ltext47                                text47        00000
__Ltext48                                text48        00000
__Ltext49                                text49        00000
__Ltext5                                 text5         00000
__Ltext50                                text50        00000
__Ltext51                                text51        00000
__Ltext52                                text52        00000
__Ltext53                                text53        00000
__Ltext54                                text54        00000
__Ltext55                                text55        00000
__Ltext56                                text56        00000
__Ltext57                                text57        00000
__Ltext58                                text58        00000
__Ltext59                                text59        00000
__Ltext6                                 text6         00000
__Ltext60                                text60        00000
__Ltext61                                text61        00000
__Ltext62                                text62        00000
__Ltext63                                text63        00000
__Ltext64                                text64        00000
__Ltext65                                text65        00000
__Ltext66                                text66        00000
__Ltext67                                text67        00000
__Ltext68                                text68        00000
__Ltext69                                text69        00000
__Ltext7                                 text7         00000
__Ltext70                                text70        00000
__Ltext71                                text71        00000
__Ltext72                                text72        00000
__Ltext73                                text73        00000
__Ltext74                                text74        00000
__Ltext75                                text75        00000
__Ltext76                                text76        00000
__Ltext77                                text77        00000
__Ltext78                                text78        00000
__Ltext79                                text79        00000
__Ltext8                                 text8         00000
__Ltext80                                text80        00000
__Ltext81                                text81        00000
__Ltext82                                text82        00000
__Ltext83                                text83        00000
__Ltext84                                text84        00000
__Ltext85                                text85        00000
__Ltext86                                text86        00000
__Ltext87                                text87        00000
__Ltext88                                text88        00000
__Ltext89                                text89        00000
__Ltext9                                 text9         00000
__Ltext90                                text90        00000
__Ltext91                                text91        00000
__Ltext92                                text92        00000
__Ltext93                                text93        00000
__Ltext94                                text94        00000
__Ltext95                                text95        00000
__Ltext96                                text96        00000
__Ltext97                                text97        00000
__Ltext98                                text98        00000
__Ltext99                                text99        00000
__S0                                     (abs)         1440C
__S1                                     (abs)         00559
__S4                                     (abs)         00000
___GLCD                                  bssBANK0      000D1
___GLCD_Buffer                           bssBIGRAM     00159
___GLCD_GotoX                            text65        137E6
___GLCD_GotoX$424                        cstackCOMRAM  0000A
___GLCD_GotoX@X                          cstackCOMRAM  0000E
___GLCD_GotoX@chip                       cstackCOMRAM  0000D
___GLCD_GotoX@cmd                        cstackCOMRAM  0000C
___GLCD_GotoY                            text63        14106
___GLCD_GotoY@Y                          cstackCOMRAM  0000A
___GLCD_GotoY@cmd                        cstackCOMRAM  00009
___awdiv                                 text69        1298E
___awdiv@counter                         cstackCOMRAM  00005
___awdiv@dividend                        cstackCOMRAM  00001
___awdiv@divisor                         cstackCOMRAM  00003
___awdiv@quotient                        cstackCOMRAM  00007
___awdiv@sign                            cstackCOMRAM  00006
___extmem_base                           (abs)         20000
___heap_hi                               (abs)         00000
___heap_lo                               (abs)         00000
___inthi_sp                              stack         00000
___intlo_sp                              stack         00000
___lbdiv                                 text80        13A7C
___lbdiv@counter                         cstackCOMRAM  00003
___lbdiv@dividend                        cstackCOMRAM  00002
___lbdiv@divisor                         cstackCOMRAM  00001
___lbdiv@quotient                        cstackCOMRAM  00004
___lldiv                                 text29        12DE4
___lldiv@counter                         cstackCOMRAM  00016
___lldiv@dividend                        cstackCOMRAM  0000A
___lldiv@divisor                         cstackCOMRAM  0000E
___lldiv@quotient                        cstackCOMRAM  00012
___llmod                                 text28        134DC
___llmod@counter                         cstackCOMRAM  00009
___llmod@dividend                        cstackCOMRAM  00001
___llmod@divisor                         cstackCOMRAM  00005
___lodiv                                 text53        122E8
___lodiv@counter                         cstackCOMRAM  00019
___lodiv@dividend                        cstackCOMRAM  00001
___lodiv@divisor                         cstackCOMRAM  00009
___lodiv@quotient                        cstackCOMRAM  00011
___lomod                                 text52        12664
___lomod@counter                         cstackCOMRAM  00011
___lomod@dividend                        cstackCOMRAM  00001
___lomod@divisor                         cstackCOMRAM  00009
___lwdiv                                 text79        13944
___lwdiv@counter                         cstackCOMRAM  00007
___lwdiv@dividend                        cstackCOMRAM  00001
___lwdiv@divisor                         cstackCOMRAM  00003
___lwdiv@quotient                        cstackCOMRAM  00005
___lwmod                                 text35        139B8
___lwmod@counter                         cstackCOMRAM  00005
___lwmod@dividend                        cstackCOMRAM  00001
___lwmod@divisor                         cstackCOMRAM  00003
___param_bank                            (abs)         00000
___rparam_used                           (abs)         00001
___sp                                    stack         00000
___wmul                                  text68        14270
___wmul@multiplicand                     cstackCOMRAM  00003
___wmul@multiplier                       cstackCOMRAM  00001
___wmul@product                          cstackCOMRAM  00005
__accesstop                              (abs)         00060
__activetblptr                           (abs)         00003
__end_ofTwoBatMenu@F5999                 mediumconst   0C9A4
__end_ofTwoBatMenu@F6001                 mediumconst   0C99A
__end_ofTwoBatMenu@F6003                 mediumconst   0C986
__end_ofTwoBatMenu@F6005                 mediumconst   0C990
__end_of_ButtonDown                      text82        14344
__end_of_ButtonLeft                      text83        14358
__end_of_ButtonOK                        text81        14330
__end_of_ButtonRight                     text84        1436C
__end_of_ButtonUp                        text85        14380
__end_of_Button_EventGet                 text87        141B0
__end_of_Button_Event_Reset              text86        13D24
__end_of_Button_Init                     text99        11AB2
__end_of_Button_Update                   text78        10E1A
__end_of_CapacitanceDisplay              text14        13F04
__end_of_CelCount                        text42        13E7E
__end_of_ChargerMode                     text41        13944
__end_of_ChemistryDisplay                text40        138D0
__end_of_CurrentDisplay                  text13        13BDE
__end_of_CycleDisplay                    text12        13B88
__end_of_CycleSet                        text39        1408C
__end_of_Font5x8                         mediumconst   0FD64
__end_of_GLCD_BufferRead                 text77        14216
__end_of_GLCD_BufferWrite                text76        141E4
__end_of_GLCD_Clear                      text37        142BA
__end_of_GLCD_DrawHLine                  text74        13D6C
__end_of_GLCD_DrawRectangle              text71        134DC
__end_of_GLCD_DrawVLine                  text72        14178
__end_of_GLCD_FillRectangle              text70        142D4
__end_of_GLCD_FillScreen                 text38        1404C
__end_of_GLCD_GotoX                      text98        14306
__end_of_GLCD_GotoXY                     text96        143E8
__end_of_GLCD_GotoY                      text97        142EE
__end_of_GLCD_PrintChar                  text67        109FA
__end_of_GLCD_PrintString                text66        133C0
__end_of_GLCD_Render                     text62        13A7C
__end_of_GLCD_SelectChip                 text93        140CA
__end_of_GLCD_Send                       text94        12C8A
__end_of_GLCD_SendCommand                text91        14106
__end_of_GLCD_SendData                   text64        12F22
__end_of_GLCD_SetFont                    text61        13450
__end_of_GLCD_SetPixel                   text75        1366E
__end_of_GLCD_SetPixels                  text73        116F6
__end_of_GLCD_Setup                      text90        135EC
__end_of_GLCD_WaitBusy                   text92        13B32
__end_of_Handle_Main_MenuNavigation      text60        11F1E
__end_of_Handle_Setting1_MenuNavigation  text59        11DA6
__end_of_Handle_Setting23_MenuNavigation text58        11168
__end_of_Handle_Setting5_MenuNavigation  text57        11C2C
__end_of_ISR                             intcode       0005A
__end_of_InitBattParameters              text89        1208C
__end_of_Init_Timer0                     text88        14394
__end_of_Menu                            text6         10532
__end_of_MinimumDischargeVoltage         text34        1376E
__end_of_Options1_Menu                   text36        12BD2
__end_of_Options2_Menu                   text30        12B12
__end_of_Options3_Menu                   text25        1332E
__end_of_Options4_Menu                   text20        12800
__end_of_Options5_Menu                   text15        12590
__end_of_Pulse_En                        text95        143B8
__end_of_SetCellVotage                   text33        136EE
__end_of_SetChargingCurrent_1            text24        13F88
__end_of_SetChargingCurrent_2            text23        1329A
__end_of_SetChargingCurrent_3            text19        13172
__end_of_SetChargingCurrent_4            text18        130DE
__end_of_SetDischargingCurrent_1         text22        13F46
__end_of_SetDischargingCurrent_2         text21        13206
__end_of_SetDischargingCurrent_3         text17        1304A
__end_of_SetDischargingCurrent_4         text16        12FB6
__end_of_SetMaxTime                      text27        1298E
__end_of_SetTemp                         text26        13E3A
__end_of_SingleBat_Menu                  text7         124B8
__end_of_Tahoma11x13                     mediumconst   0FB24
__end_of_Tekton_Pro_Ext27x28             mediumconst   0F284
__end_of_TempDisplay                     text11        13DF6
__end_of_TimeDisplay                     text10        122E8
__end_of_TrickleCurrent                  text32        1400C
__end_of_TrickleVoltage                  text31        13FCA
__end_of_UART_SendChar                   text51        1431C
__end_of_VoltageDisplay                  text9         12664
__end_of___GLCD_GotoX                    text65        1385C
__end_of___GLCD_GotoY                    text63        14140
__end_of___awdiv                         text69        12A52
__end_of___lbdiv                         text80        13AD8
__end_of___lldiv                         text29        12E88
__end_of___llmod                         text28        13564
__end_of___lodiv                         text53        123D8
__end_of___lomod                         text52        12734
__end_of___lwdiv                         text79        139B8
__end_of___lwmod                         text35        13A1C
__end_of___wmul                          text68        14296
__end_of__initialization                 cinit         137DC
__end_of_atoi                            text54        121EA
__end_of_batState                        text8         12D3A
__end_of_fputc                           text49        128CA
__end_of_fputs                           text48        13EC2
__end_of_isdigit                         text56        14270
__end_of_isspace                         text55        13DB2
__end_of_main                            text0         13C30
__end_of_pad                             text47        12DE4
__end_of_putch                           text50        14400
__end_of_setupClock                      text5         143F6
__end_of_setupInterrupts                 text4         1440C
__end_of_setupPWM                        text3         143A6
__end_of_setupPorts                      text2         14406
__end_of_setupUART                       text1         143D8
__end_of_sprintf                         text43        13C82
__end_of_utoa                            text46        118F0
__end_of_vfpfcnvrt                       text45        11486
__end_of_vfprintf                        text44        13CD4
__initialization                         cinit         1376E
__mediumconst                            mediumconst   0C97A
__pbssBANK0                              bssBANK0      000D1
__pbssBANK1                              bssBANK1      0012D
__pbssBIGRAM                             bssBIGRAM     00159
__pbssCOMRAM                             bssCOMRAM     0005E
__pcinit                                 cinit         1376E
__pcstackBANK0                           cstackBANK0   00060
__pcstackCOMRAM                          cstackCOMRAM  00001
__pdataBANK0                             dataBANK0     000EB
__pdataBANK1                             dataBANK1     00100
__pidataBANK0                            idataBANK0    143B8
__pidataBANK1                            idataBANK1    14216
__pintcode                               intcode       00008
__pmediumconst                           mediumconst   0C97A
__ptext0                                 text0         13BDE
__ptext1                                 text1         143C8
__ptext10                                text10        121EA
__ptext11                                text11        13DB2
__ptext12                                text12        13B32
__ptext13                                text13        13B88
__ptext14                                text14        13EC2
__ptext15                                text15        124B8
__ptext16                                text16        12F22
__ptext17                                text17        12FB6
__ptext18                                text18        1304A
__ptext19                                text19        130DE
__ptext2                                 text2         14400
__ptext20                                text20        12734
__ptext21                                text21        13172
__ptext22                                text22        13F04
__ptext23                                text23        13206
__ptext24                                text24        13F46
__ptext25                                text25        1329A
__ptext26                                text26        13DF6
__ptext27                                text27        128CA
__ptext28                                text28        134DC
__ptext29                                text29        12DE4
__ptext3                                 text3         14394
__ptext30                                text30        12A52
__ptext31                                text31        13F88
__ptext32                                text32        13FCA
__ptext33                                text33        1366E
__ptext34                                text34        136EE
__ptext35                                text35        139B8
__ptext36                                text36        12B12
__ptext37                                text37        14296
__ptext38                                text38        1400C
__ptext39                                text39        1404C
__ptext4                                 text4         14406
__ptext40                                text40        1385C
__ptext41                                text41        138D0
__ptext42                                text42        13E3A
__ptext43                                text43        13C30
__ptext44                                text44        13C82
__ptext45                                text45        11168
__ptext46                                text46        116F6
__ptext47                                text47        12D3A
__ptext48                                text48        13E7E
__ptext49                                text49        12800
__ptext5                                 text5         143E8
__ptext50                                text50        143F6
__ptext51                                text51        14306
__ptext52                                text52        12664
__ptext53                                text53        122E8
__ptext54                                text54        1208C
__ptext55                                text55        13D6C
__ptext56                                text56        14244
__ptext57                                text57        11AB2
__ptext58                                text58        10E1A
__ptext59                                text59        11C2C
__ptext6                                 text6         10000
__ptext60                                text60        11DA6
__ptext61                                text61        133C0
__ptext62                                text62        13A1C
__ptext63                                text63        14106
__ptext64                                text64        12E88
__ptext65                                text65        137E6
__ptext66                                text66        1332E
__ptext67                                text67        10532
__ptext68                                text68        14270
__ptext69                                text69        1298E
__ptext7                                 text7         123D8
__ptext70                                text70        142BA
__ptext71                                text71        13450
__ptext72                                text72        14140
__ptext73                                text73        11486
__ptext74                                text74        13D24
__ptext75                                text75        135EC
__ptext76                                text76        141B0
__ptext77                                text77        141E4
__ptext78                                text78        109FA
__ptext79                                text79        13944
__ptext8                                 text8         12C8A
__ptext80                                text80        13A7C
__ptext81                                text81        1431C
__ptext82                                text82        14330
__ptext83                                text83        14344
__ptext84                                text84        14358
__ptext85                                text85        1436C
__ptext86                                text86        13CD4
__ptext87                                text87        14178
__ptext88                                text88        14380
__ptext89                                text89        11F1E
__ptext9                                 text9         12590
__ptext90                                text90        13564
__ptext91                                text91        140CA
__ptext92                                text92        13AD8
__ptext93                                text93        1408C
__ptext94                                text94        12BD2
__ptext95                                text95        143A6
__ptext96                                text96        143D8
__ptext97                                text97        142D4
__ptext98                                text98        142EE
__ptext99                                text99        118F0
__ramtop                                 ramtop        01000
__smallconst                             smallconst    00000
_atoi                                    text54        1208C
_batState                                text8         12C8A
_button_counter                          bssBANK0      000E5
_dbuf                                    bssBANK1      00139
_flags                                   bssCOMRAM     0005E
_fputc                                   text49        12800
_fputs                                   text48        13E7E
_instance                                dataBANK1     00100
_isdigit                                 text56        14244
_isspace                                 text55        13D6C
_isspace$3193                            cstackCOMRAM  00005
_main                                    text0         13BDE
_pad                                     text47        12D3A
_prec                                    bssBANK0      000E1
_putch                                   text50        143F6
_setupClock                              text5         143E8
_setupInterrupts                         text4         14406
_setupPWM                                text3         14394
_setupPorts                              text2         14400
_setupUART                               text1         143C8
_sprintf                                 text43        13C30
_this                                    dataBANK0     000EB
_time                                    bssBANK0      000DB
_utoa                                    text46        116F6
_vfpfcnvrt                               text45        11168
_vfprintf                                text44        13C82
_width                                   bssBANK0      000DF
atoi@n                                   cstackCOMRAM  0000E
atoi@neg                                 cstackCOMRAM  0000C
atoi@s                                   cstackCOMRAM  00007
batState@battery_number                  cstackCOMRAM  00022
batState@state                           cstackCOMRAM  00025
btemp                                    temp          0005F
end_of_initialization                    cinit         137DC
fputc@c                                  cstackCOMRAM  00003
fputc@fp                                 cstackCOMRAM  00005
fputs@c                                  cstackCOMRAM  00010
fputs@fp                                 cstackCOMRAM  0000E
fputs@i                                  cstackCOMRAM  00011
fputs@s                                  cstackCOMRAM  0000C
int$flags                                temp          0005F
intlevel0                                text          00000
intlevel1                                text          00000
intlevel2                                text          00000
intlevel3                                text          00000
isa$std                                  (abs)         00001
isa$xinst                                (abs)         00000
isdigit@c                                cstackCOMRAM  00001
isspace@c                                cstackCOMRAM  00001
main@bat_param                           cstackBANK0   00082
pad@buf                                  cstackCOMRAM  00015
pad@fp                                   cstackCOMRAM  00013
pad@i                                    cstackCOMRAM  0001A
pad@p                                    cstackCOMRAM  00017
pad@w                                    cstackCOMRAM  0001C
putch@txData                             cstackCOMRAM  00002
sprintf@ap                               cstackBANK0   0006C
sprintf@f                                cstackBANK0   0006E
sprintf@fmt                              cstackBANK0   00062
sprintf@s                                cstackBANK0   00060
stackhi                                  (abs)         00000
stacklo                                  (abs)         00000
start                                    init          0005A
start_initialization                     cinit         1376E
ttemp5                                   temp          00060
ttemp6                                   temp          00063
ttemp7                                   temp          00067
utoa@d                                   cstackCOMRAM  00020
utoa@fp                                  cstackCOMRAM  0001E
utoa@i                                   cstackCOMRAM  0003C
utoa@n                                   cstackCOMRAM  00034
utoa@p                                   cstackCOMRAM  00030
utoa@w                                   cstackCOMRAM  00032
vfpfcnvrt@ap                             cstackCOMRAM  00042
vfpfcnvrt@convarg                        cstackCOMRAM  00048
vfpfcnvrt@cp                             cstackCOMRAM  00052
vfpfcnvrt@done                           cstackCOMRAM  00050
vfpfcnvrt@fmt                            cstackCOMRAM  00040
vfpfcnvrt@fp                             cstackCOMRAM  0003E
vfprintf@ap                              cstackCOMRAM  00058
vfprintf@cfmt                            cstackCOMRAM  0005A
vfprintf@fmt                             cstackCOMRAM  00056
vfprintf@fp                              cstackCOMRAM  00054
wtemp8                                   temp          00060


MODULE INFORMATION

Module		Function		Class		Link	Load	Size
C:\Program Files\Microchip\xc8\v2.40\pic\sources\c99\common\nf_fputc.c
		_fputc         		CODE           	12800	0000	202

C:\Program Files\Microchip\xc8\v2.40\pic\sources\c99\common\nf_fputc.c estimated size: 202

C:\Program Files\Microchip\xc8\v2.40\pic\sources\c99\common\nf_sprintf.c
		_sprintf       		CODE           	13C30	0000	82

C:\Program Files\Microchip\xc8\v2.40\pic\sources\c99\common\nf_sprintf.c estimated size: 82

C:\Program Files\Microchip\xc8\v2.40\pic\sources\c99\common\lwdiv.c
		___lwdiv       		CODE           	13944	0000	116

C:\Program Files\Microchip\xc8\v2.40\pic\sources\c99\common\lwdiv.c estimated size: 116

C:\Program Files\Microchip\xc8\v2.40\pic\sources\c99\common\awdiv.c
		___awdiv       		CODE           	1298E	0000	196

C:\Program Files\Microchip\xc8\v2.40\pic\sources\c99\common\awdiv.c estimated size: 196

button.c
		_Button_EventGet		CODE           	14178	0000	56
		_Button_Event_Reset		CODE           	13CD4	0000	80
		_ButtonLeft    		CODE           	14344	0000	20
		_ButtonOK      		CODE           	1431C	0000	20
		_Button_Init   		CODE           	118F0	0000	450
		_ButtonRight   		CODE           	14358	0000	20
		_ButtonUp      		CODE           	1436C	0000	20
		_Button_Update 		CODE           	109FA	0000	1056
		_ButtonDown    		CODE           	14330	0000	20

button.c estimated size: 1742

C:\Program Files\Microchip\xc8\v2.40\pic\sources\c99\common\isspace.c
		_isspace       		CODE           	13D6C	0000	70

C:\Program Files\Microchip\xc8\v2.40\pic\sources\c99\common\isspace.c estimated size: 70

settings.c
		_setupClock    		CODE           	143E8	0000	14
		_setupPWM      		CODE           	14394	0000	18
		_setupInterrupts		CODE           	14406	0000	6
		_setupPorts    		CODE           	14400	0000	6
		_setupUART     		CODE           	143C8	0000	16

settings.c estimated size: 60

C:\Program Files\Microchip\xc8\v2.40\pic\sources\c99\common\atoi.c
		_atoi          		CODE           	1208C	0000	350

C:\Program Files\Microchip\xc8\v2.40\pic\sources\c99\common\atoi.c estimated size: 350

C:\Program Files\Microchip\xc8\v2.40\pic\sources\c99\common\Umul16.c
		___wmul        		CODE           	14270	0000	38

C:\Program Files\Microchip\xc8\v2.40\pic\sources\c99\common\Umul16.c estimated size: 38

LCD-KS0108/KS0108.c
		___GLCD_GotoX  		CODE           	137E6	0000	118
		___GLCD_GotoY  		CODE           	14106	0000	58
		_GLCD_SelectChip		CODE           	1408C	0000	62
		_GLCD_BufferRead		CODE           	141E4	0000	50
		_GLCD_Render   		CODE           	13A1C	0000	96
		_GLCD_FillRectangle		CODE           	142BA	0000	26
		_GLCD_GotoX    		CODE           	142EE	0000	24
		_GLCD_GotoY    		CODE           	142D4	0000	26
		_GLCD_WaitBusy 		CODE           	13AD8	0000	90
		_GLCD_GotoXY   		CODE           	143D8	0000	16
		_GLCD_FillScreen		CODE           	1400C	0000	64
		_Pulse_En      		CODE           	143A6	0000	18
		_GLCD_Send     		CODE           	12BD2	0000	184
		_GLCD_Setup    		CODE           	13564	0000	136
		_GLCD_PrintString		CODE           	1332E	0000	146
		_GLCD_DrawHLine		CODE           	13D24	0000	72
		_GLCD_DrawVLine		CODE           	14140	0000	56
		_GLCD_SetFont  		CODE           	133C0	0000	144
		_GLCD_SendCommand		CODE           	140CA	0000	60
		_GLCD_SendData 		CODE           	12E88	0000	154
		_GLCD_SetPixel 		CODE           	135EC	0000	130
		_GLCD_PrintChar		CODE           	10532	0000	1224
		_GLCD_DrawRectangle		CODE           	13450	0000	140
		_GLCD_BufferWrite		CODE           	141B0	0000	52
		_GLCD_SetPixels		CODE           	11486	0000	624
		_GLCD_Clear    		CODE           	14296	0000	36

LCD-KS0108/KS0108.c estimated size: 3806

interrupts.c
		_ISR           		CODE           	0008	0000	82
		_Init_Timer0   		CODE           	14380	0000	20

interrupts.c estimated size: 102

C:\Program Files\Microchip\xc8\v2.40\pic\sources\c99\common\__lldiv.c
		___lldiv       		CODE           	12DE4	0000	164

C:\Program Files\Microchip\xc8\v2.40\pic\sources\c99\common\__lldiv.c estimated size: 164

menu_definitions.c
		_CycleDisplay  		CODE           	13B32	0000	86
		_InitBattParameters		CODE           	11F1E	0000	366
		_SetTemp       		CODE           	13DF6	0000	68
		_SetDischargingCurrent_2		CODE           	13172	0000	148
		_CurrentDisplay		CODE           	13B88	0000	86
		_CycleSet      		CODE           	1404C	0000	64
		_ChemistryDisplay		CODE           	1385C	0000	116
		_CelCount      		CODE           	13E3A	0000	68
		_TempDisplay   		CODE           	13DB2	0000	68
		_batState      		CODE           	12C8A	0000	176
		_SetMaxTime    		CODE           	128CA	0000	196
		_MinimumDischargeVoltage		CODE           	136EE	0000	128
		_Options1_Menu 		CODE           	12B12	0000	192
		_Options2_Menu 		CODE           	12A52	0000	192
		_Options3_Menu 		CODE           	1329A	0000	148
		_Options4_Menu 		CODE           	12734	0000	204
		_Options5_Menu 		CODE           	124B8	0000	216
		_TimeDisplay   		CODE           	121EA	0000	254
		_SetDischargingCurrent_1		CODE           	13F04	0000	66
		_SetDischargingCurrent_4		CODE           	12F22	0000	148
		_SetChargingCurrent_1		CODE           	13F46	0000	66
		_TrickleVoltage		CODE           	13F88	0000	66
		_SetChargingCurrent_2		CODE           	13206	0000	148
		_CapacitanceDisplay		CODE           	13EC2	0000	66
		_TrickleCurrent		CODE           	13FCA	0000	66
		_SingleBat_Menu		CODE           	123D8	0000	224
		_SetCellVotage 		CODE           	1366E	0000	128
		_SetChargingCurrent_3		CODE           	130DE	0000	148
		_VoltageDisplay		CODE           	12590	0000	212
		_ChargerMode   		CODE           	138D0	0000	116
		_SetChargingCurrent_4		CODE           	1304A	0000	148
		_SetDischargingCurrent_3		CODE           	12FB6	0000	148

menu_definitions.c estimated size: 4526

menu_navigation.c
		_Handle_Main_MenuNavigation		CODE           	11DA6	0000	376
		_Handle_Setting23_MenuNavigation		CODE           	10E1A	0000	846
		_Menu          		CODE           	10000	0000	1330
		_Handle_Setting1_MenuNavigation		CODE           	11C2C	0000	378
		_Handle_Setting5_MenuNavigation		CODE           	11AB2	0000	378

menu_navigation.c estimated size: 3308

C:\Program Files\Microchip\xc8\v2.40\pic\sources\c99\common\isdigit.c
		_isdigit       		CODE           	14244	0000	44

C:\Program Files\Microchip\xc8\v2.40\pic\sources\c99\common\isdigit.c estimated size: 44

C:\Program Files\Microchip\xc8\v2.40\pic\sources\c99\common\lbdiv.c
		___lbdiv       		CODE           	13A7C	0000	92

C:\Program Files\Microchip\xc8\v2.40\pic\sources\c99\common\lbdiv.c estimated size: 92

C:\Program Files\Microchip\xc8\v2.40\pic\sources\c99\common\nf_fputs.c
		_fputs         		CODE           	13E7E	0000	68

C:\Program Files\Microchip\xc8\v2.40\pic\sources\c99\common\nf_fputs.c estimated size: 68

C:\Program Files\Microchip\xc8\v2.40\pic\sources\c99\common\lomod.c
		___lomod       		CODE           	12664	0000	208

C:\Program Files\Microchip\xc8\v2.40\pic\sources\c99\common\lomod.c estimated size: 208

shared
		TwoBatMenu@F6001		MEDIUMCONST    	C990	0000	10
		TwoBatMenu@F6003		MEDIUMCONST    	C97B	0000	11
		TwoBatMenu@F6005		MEDIUMCONST    	C986	0000	10
		TwoBatMenu@F5999		MEDIUMCONST    	C99A	0000	10
		__initialization		CODE           	1376E	0000	110
		_Tekton_Pro_Ext27x28		MEDIUMCONST    	C9A4	0000	10464
		_Font5x8       		MEDIUMCONST    	FB24	0000	576
		_Tahoma11x13   		MEDIUMCONST    	F284	0000	2208

shared estimated size: 13399

C:\Program Files\Microchip\xc8\v2.40\pic\sources\c99\common\lwmod.c
		___lwmod       		CODE           	139B8	0000	100

C:\Program Files\Microchip\xc8\v2.40\pic\sources\c99\common\lwmod.c estimated size: 100

C:\Program Files\Microchip\xc8\v2.40\pic\sources\c99\common\llmod.c
		___llmod       		CODE           	134DC	0000	136

C:\Program Files\Microchip\xc8\v2.40\pic\sources\c99\common\llmod.c estimated size: 136

peripherials/UART.c
		_putch         		CODE           	143F6	0000	10
		_UART_SendChar 		CODE           	14306	0000	22

peripherials/UART.c estimated size: 32

C:\Program Files\Microchip\xc8\v2.40\pic\sources\c99\common\doprnt.c
		_vfpfcnvrt     		CODE           	11168	0000	798
		_pad           		CODE           	12D3A	0000	170
		_vfprintf      		CODE           	13C82	0000	82
		_utoa          		CODE           	116F6	0000	506

C:\Program Files\Microchip\xc8\v2.40\pic\sources\c99\common\doprnt.c estimated size: 1556

main.c
		_main          		CODE           	13BDE	0000	82

main.c estimated size: 82

C:\Program Files\Microchip\xc8\v2.40\pic\sources\c99\common\lodiv.c
		___lodiv       		CODE           	122E8	0000	240

C:\Program Files\Microchip\xc8\v2.40\pic\sources\c99\common\lodiv.c estimated size: 240

