Microchip MPLAB XC8 Compiler V2.40

Linker command line:

-W5 \
  --edf=C:/Users/LPC-user/.mchp_packs/Microchip/PIC18F-J_DFP/1.7.159/xc8\pic\dat\20230817221043_en.msgs \
  -cn -h+dist/default/production\battery-tester.X.production.sym \
  --cmf=dist/default/production\battery-tester.X.production.cmf -z \
  -Q18F67J50 -oC:\Users\LPC-user\AppData\Local\Temp\xcAsbi4.4 \
  --defsym=__MPLAB_BUILD=1 --fixupoverflow=error \
  -Mdist/default/production/battery-tester.X.production.map \
  --md=C:\Users\LPC-user\AppData\Local\Temp\xcAsbi4.dat -E1 \
  -ver=XC8 Compiler --acfsm=1493 -ACODE=00h-01FFF7h -ACONST=00h-01FFF7h \
  -ASMALLCONST=01000h-010FFhx495,01FF00h-01FFF7h \
  -AMEDIUMCONST=01000h-0FFFFh,011000h-01FFF7h -ACOMRAM=01h-05Fh \
  -AABS1=00h-0F3Fh -ABIGRAM=01h-0F3Fh \
  -ARAM=060h-0FFh,0100h-01FFhx14,0F00h-0F3Fh -ABANK0=060h-0FFh \
  -ABANK1=0100h-01FFh -ABANK2=0200h-02FFh -ABANK3=0300h-03FFh \
  -ABANK4=0400h-04FFh -ABANK5=0500h-05FFh -ABANK6=0600h-06FFh \
  -ABANK7=0700h-07FFh -ABANK8=0800h-08FFh -ABANK9=0900h-09FFh \
  -ABANK10=0A00h-0AFFh -ABANK11=0B00h-0BFFh -ABANK12=0C00h-0CFFh \
  -ABANK13=0D00h-0DFFh -ABANK14=0E00h-0EFFh -ABANK15=0F00h-0F3Fh \
  -ASFR=0F40h-0F5Fh,0F60h-0FFFh -ABIGSFR=0F40h-0FFFh \
  -ACONFIG=01FFF8h-01FFFDh \
  -preset_vec=00h,intcode=08h,intcodelo,powerup,init -pramtop=01000h \
  -psmallconst=SMALLCONST -pmediumconst=MEDIUMCONST -pconst=CONST \
  -AFARRAM=00h-00h -pjflash_buffer=01F800h \
  -prdata=COMRAM,nvrram=COMRAM,nvbit=COMRAM,rbss=COMRAM,rbit=COMRAM \
  -pfarbss=FARRAM,fardata=FARRAM,nvFARRAM=FARRAM \
  -pintsave_regs=BIGRAM,bigbss=BIGRAM,bigdata=BIGRAM -pbss=RAM \
  -pidata=CODE,irdata=CODE,ibigdata=CODE,ifardata=CODE -prparam=COMRAM \
  C:\Users\LPC-user\AppData\Local\Temp\xcAsbi4.o \
  dist/default/production\battery-tester.X.production.o 

Object code version is 3.11

Machine type is 18F67J50



                Name                               Link     Load   Length Selector   Space Scale
C:\Users\LPC-user\AppData\Local\Temp\xcAsbi4.o
                config                            1FFF8    1FFF8        6        0       4
                init                                 62       62        4        4       0
                reset_vec                             0        0        4        0       0
dist/default/production\battery-tester.X.production.o
                intcode                               8        8       5A        4       0
                config                            1FFF8    1FFF8        6        0       4
                temp                                 5F       5F        1        1       1
                mediumconst                        C95E     C95E     36A2     64AF       0
                text116                           155CA    155CA      1C2     8000       0
                text115                           1921A    1921A       18     C6EE       0
                text114                           191E8    191E8       1A     C6EE       0
                text113                           19318    19318       10     C984       0
                text112                           192E4    192E4       12     C6EE       0
                text111                           17DFE    17DFE       B8     8000       0
                text110                           18E5C    18E5C       3E     C6EE       0
                text109                           18A3A    18A3A       5A     8000       0
                text108                           18E9A    18E9A       3C     C6EE       0
                text107                           186B2    186B2       88     8000       0
                text106                           15AAE    15AAE      182     8000       0
                text105                           192AC    192AC       14     C6EE       0
                text104                           18FB8    18FB8       38     C6EE       0
                text103                           18BE6    18BE6       50     8000       0
                text102                           19298    19298       14     C6EE       0
                text101                           19284    19284       14     C6EE       0
                text100                           19270    19270       14     C6EE       0
                text99                            1925C    1925C       14     C6EE       0
                text98                            19248    19248       14     C6EE       0
                text97                            189DE    189DE       5C     8000       0
                text96                            188A6    188A6       74     8000       0
                text95                            143C6    143C6      420     8000       0
                text94                            19058    19058       32     C6EE       0
                text93                            187BC    187BC       76     8000       0
                text92                            1835A    1835A       9A     8000       0
                text91                            17D3A    17D3A       C4     8000       0
                text90                            18ED6    18ED6       3A     C6EE       0
                text89                            1897E    1897E       60     8000       0
                text88                            19024    19024       34     C6EE       0
                text87                            1873A    1873A       82     8000       0
                text86                            18C84    18C84       48     8000       0
                text85                            14A9E    14A9E      270     8000       0
                text84                            18F80    18F80       38     C6EE       0
                text83                            18516    18516       8C     8000       0
                text82                            191CE    191CE       1A     C6EE       0
                text81                            19162    19162       26     C6EE       0
                text80                            13608    13608      4C8     8000       0
                text79                            183F4    183F4       92     8000       0
                text78                            18486    18486       90     8000       0
                text77                            15C30    15C30      174     8000       0
                text76                            14F56    14F56      248     8000       0
                text75                            13AD0    13AD0      47E     8000       0
                text74                            14D0E    14D0E      248     8000       0
                text73                            1910E    1910E       2C     C6EE       0
                text72                            18CCC    18CCC       46     8000       0
                text71                            15F08    15F08      15E     8000       0
                text70                            15926    15926      188     8000       0
                text69                            15DA4    15DA4      164     8000       0
                text68                            18E1C    18E1C       40     C6EE       0
                text67                            19232    19232       16     C6EE       0
                text66                            19336    19336        A     C984       0
                text65                            17C70    17C70       CA     8000       0
                text64                            18D56    18D56       44     8000       0
                text63                            17F66    17F66       AE     8000       0
                text62                            147E6    147E6      2B8     8000       0
                text61                            1782C    1782C       F0     8000       0
                text60                            17BA0    17BA0       D0     8000       0
                text59                            153CE    153CE      1FC     8000       0
                text58                            18F48    18F48       38     C6EE       0
                text57                            190E2    190E2       2C     C6EE       0
                text56                            190B6    190B6       2C     C6EE       0
                text55                            18F10    18F10       38     C6EE       0
                text54                            1519E    1519E      230     8000       0
                text53                            13F4E    13F4E      478     8000       0
                text52                            18B40    18B40       54     8000       0
                text51                            18B94    18B94       52     8000       0
                text50                            17206    17206      10A     8000       0
                text49                            16EA8    16EA8      138     8000       0
                text48                            16D70    16D70      138     8000       0
                text47                            17628    17628      106     8000       0
                text46                            18DDC    18DDC       40     C6EE       0
                text45                            19188    19188       24     C6EE       0
                text44                            1816C    1816C       A8     8000       0
                text43                            1891A    1891A       64     8000       0
                text42                            16C2A    16C2A      146     8000       0
                text41                            16AE4    16AE4      146     8000       0
                text40                            17520    17520      108     8000       0
                text39                            1699E    1699E      146     8000       0
                text38                            180C0    180C0       AC     8000       0
                text37                            16858    16858      146     8000       0
                text36                            170FC    170FC      10A     8000       0
                text35                            1862A    1862A       88     8000       0
                text34                            17418    17418      108     8000       0
                text33                            1630E    1630E      154     8000       0
                text32                            17310    17310      108     8000       0
                text31                            16706    16706      152     8000       0
                text30                            18014    18014       AC     8000       0
                text29                            161BA    161BA      154     8000       0
                text28                            16066    16066      154     8000       0
                text27                            165B4    165B4      152     8000       0
                text26                            16462    16462      152     8000       0
                text25                            17ACC    17ACC       D4     8000       0
                text24                            1578C    1578C      19A     8000       0
                text23                            18AEA    18AEA       56     8000       0
                text22                            18A94    18A94       56     8000       0
                text21                            18D12    18D12       44     8000       0
                text20                            18214    18214       A4     8000       0
                text19                            185A2    185A2       88     8000       0
                text18                            1772E    1772E       FE     8000       0
                text17                            179F8    179F8       D4     8000       0
                text16                            17EB6    17EB6       B0     8000       0
                text15                            1791C    1791C       DC     8000       0
                text14                            10000    10000     3608     8000       0
                text13                            19202    19202       18     C6EE       0
                text12                            18C36    18C36       4E     8000       0
                text11                            191AC    191AC       22     C6EE       0
                text10                            1908A    1908A       2C     C6EE       0
                text9                             18FF0    18FF0       34     C6EE       0
                text8                             182B8    182B8       A2     8000       0
                text7                             1913A    1913A       28     C6EE       0
                text6                             192D2    192D2       12     C6EE       0
                text5                             19328    19328        E     C984       0
                text4                             19348    19348        6     C984       0
                text3                             192C0    192C0       12     C6EE       0
                text2                             19340    19340        8     C984       0
                text1                             19308    19308       10     C984       0
                text0                             16FE0    16FE0      11C     8000       0
                cstackCOMRAM                          1        1       5C        1       1
                cstackBANK0                          A6       A6       2C       60       1
                cstackBANK1                         100      100       81      100       1
                bssBIGRAM                           1C4      1C4      400      1C4       1
                dataBANK1                           181      181       41      100       1
                bssBANK1                            1C2      1C2        2      100       1
                dataBANK0                            D2       D2       11       60       1
                bssBANK0                             60       60       46       60       1
                bssCOMRAM                            5D       5D        2        1       1
                cinit                             18832    18832       74     8000       0
                idataBANK1                        18D9A    18D9A       41     8000       0
                idataBANK0                        192F6    192F6       11     C6EE       0

TOTAL           Name                               Link     Load   Length     Space
        CLASS   CODE           
                intcode                               8        8       5A         0
                init                                 62       62        4         0
                reset_vec                             0        0        4         0
                text116                           155CA    155CA      1C2         0
                text115                           1921A    1921A       18         0
                text114                           191E8    191E8       1A         0
                text113                           19318    19318       10         0
                text112                           192E4    192E4       12         0
                text111                           17DFE    17DFE       B8         0
                text110                           18E5C    18E5C       3E         0
                text109                           18A3A    18A3A       5A         0
                text108                           18E9A    18E9A       3C         0
                text107                           186B2    186B2       88         0
                text106                           15AAE    15AAE      182         0
                text105                           192AC    192AC       14         0
                text104                           18FB8    18FB8       38         0
                text103                           18BE6    18BE6       50         0
                text102                           19298    19298       14         0
                text101                           19284    19284       14         0
                text100                           19270    19270       14         0
                text99                            1925C    1925C       14         0
                text98                            19248    19248       14         0
                text97                            189DE    189DE       5C         0
                text96                            188A6    188A6       74         0
                text95                            143C6    143C6      420         0
                text94                            19058    19058       32         0
                text93                            187BC    187BC       76         0
                text92                            1835A    1835A       9A         0
                text91                            17D3A    17D3A       C4         0
                text90                            18ED6    18ED6       3A         0
                text89                            1897E    1897E       60         0
                text88                            19024    19024       34         0
                text87                            1873A    1873A       82         0
                text86                            18C84    18C84       48         0
                text85                            14A9E    14A9E      270         0
                text84                            18F80    18F80       38         0
                text83                            18516    18516       8C         0
                text82                            191CE    191CE       1A         0
                text81                            19162    19162       26         0
                text80                            13608    13608      4C8         0
                text79                            183F4    183F4       92         0
                text78                            18486    18486       90         0
                text77                            15C30    15C30      174         0
                text76                            14F56    14F56      248         0
                text75                            13AD0    13AD0      47E         0
                text74                            14D0E    14D0E      248         0
                text73                            1910E    1910E       2C         0
                text72                            18CCC    18CCC       46         0
                text71                            15F08    15F08      15E         0
                text70                            15926    15926      188         0
                text69                            15DA4    15DA4      164         0
                text68                            18E1C    18E1C       40         0
                text67                            19232    19232       16         0
                text66                            19336    19336        A         0
                text65                            17C70    17C70       CA         0
                text64                            18D56    18D56       44         0
                text63                            17F66    17F66       AE         0
                text62                            147E6    147E6      2B8         0
                text61                            1782C    1782C       F0         0
                text60                            17BA0    17BA0       D0         0
                text59                            153CE    153CE      1FC         0
                text58                            18F48    18F48       38         0
                text57                            190E2    190E2       2C         0
                text56                            190B6    190B6       2C         0
                text55                            18F10    18F10       38         0
                text54                            1519E    1519E      230         0
                text53                            13F4E    13F4E      478         0
                text52                            18B40    18B40       54         0
                text51                            18B94    18B94       52         0
                text50                            17206    17206      10A         0
                text49                            16EA8    16EA8      138         0
                text48                            16D70    16D70      138         0
                text47                            17628    17628      106         0
                text46                            18DDC    18DDC       40         0
                text45                            19188    19188       24         0
                text44                            1816C    1816C       A8         0
                text43                            1891A    1891A       64         0
                text42                            16C2A    16C2A      146         0
                text41                            16AE4    16AE4      146         0
                text40                            17520    17520      108         0
                text39                            1699E    1699E      146         0
                text38                            180C0    180C0       AC         0
                text37                            16858    16858      146         0
                text36                            170FC    170FC      10A         0
                text35                            1862A    1862A       88         0
                text34                            17418    17418      108         0
                text33                            1630E    1630E      154         0
                text32                            17310    17310      108         0
                text31                            16706    16706      152         0
                text30                            18014    18014       AC         0
                text29                            161BA    161BA      154         0
                text28                            16066    16066      154         0
                text27                            165B4    165B4      152         0
                text26                            16462    16462      152         0
                text25                            17ACC    17ACC       D4         0
                text24                            1578C    1578C      19A         0
                text23                            18AEA    18AEA       56         0
                text22                            18A94    18A94       56         0
                text21                            18D12    18D12       44         0
                text20                            18214    18214       A4         0
                text19                            185A2    185A2       88         0
                text18                            1772E    1772E       FE         0
                text17                            179F8    179F8       D4         0
                text16                            17EB6    17EB6       B0         0
                text15                            1791C    1791C       DC         0
                text14                            10000    10000     3608         0
                text13                            19202    19202       18         0
                text12                            18C36    18C36       4E         0
                text11                            191AC    191AC       22         0
                text10                            1908A    1908A       2C         0
                text9                             18FF0    18FF0       34         0
                text8                             182B8    182B8       A2         0
                text7                             1913A    1913A       28         0
                text6                             192D2    192D2       12         0
                text5                             19328    19328        E         0
                text4                             19348    19348        6         0
                text3                             192C0    192C0       12         0
                text2                             19340    19340        8         0
                text1                             19308    19308       10         0
                text0                             16FE0    16FE0      11C         0
                cinit                             18832    18832       74         0
                idataBANK1                        18D9A    18D9A       41         0
                idataBANK0                        192F6    192F6       11         0

        CLASS   CONST          

        CLASS   SMALLCONST     

        CLASS   MEDIUMCONST    
                mediumconst                        C95E     C95E     36A2         0

        CLASS   COMRAM         
                temp                                 5F       5F        1         1
                cstackCOMRAM                          1        1       5C         1
                bssCOMRAM                            5D       5D        2         1

        CLASS   ABS1           

        CLASS   BIGRAM         
                bssBIGRAM                           1C4      1C4      400         1

        CLASS   RAM            

        CLASS   BANK0          
                cstackBANK0                          A6       A6       2C         1
                dataBANK0                            D2       D2       11         1
                bssBANK0                             60       60       46         1

        CLASS   BANK1          
                cstackBANK1                         100      100       81         1
                dataBANK1                           181      181       41         1
                bssBANK1                            1C2      1C2        2         1

        CLASS   BANK2          

        CLASS   BANK3          

        CLASS   BANK4          

        CLASS   BANK5          

        CLASS   BANK6          

        CLASS   BANK7          

        CLASS   BANK8          

        CLASS   BANK9          

        CLASS   BANK10         

        CLASS   BANK11         

        CLASS   BANK12         

        CLASS   BANK13         

        CLASS   BANK14         

        CLASS   BANK15         

        CLASS   SFR            

        CLASS   BIGSFR         

        CLASS   CONFIG         
                config                            1FFF8    1FFF8        6         4

        CLASS   FARRAM         

        CLASS   HEAP           

        CLASS   STACK          

        CLASS   IDLOC          



SEGMENTS        Name                           Load    Length   Top    Selector   Space  Class

                reset_vec                      000000  000004  000004         0       0  CODE    
                cstackCOMRAM                   000001  00005F  000060         1       1  COMRAM  
                intcode                        000008  00005E  000066         4       0  CODE    
                bssBANK0                       000060  000083  0000E3        60       1  BANK0   
                cstackBANK1                    000100  0000C4  0001C4       100       1  BANK1   
                bssBIGRAM                      0001C4  000400  0005C4       1C4       1  BIGRAM  
                mediumconst                    00C95E  0036A2  010000      64AF       0  MEDIUMCO
                text14                         010000  008DDB  018DDB      8000       0  CODE    
                text46                         018DDC  00052B  019307      C6EE       0  CODE    
                text1                          019308  000046  01934E      C984       0  CODE    


UNUSED ADDRESS RANGES

        Name                Unused          Largest block    Delta
        BANK0            000E3-000FF              1D
        BANK10           00A00-00AFF             100
        BANK11           00B00-00BFF             100
        BANK12           00C00-00CFF             100
        BANK13           00D00-00DFF             100
        BANK14           00E00-00EFF             100
        BANK15           00F00-00F3F              40
        BANK5            005C4-005FF              3C
        BANK6            00600-006FF             100
        BANK7            00700-007FF             100
        BANK8            00800-008FF             100
        BANK9            00900-009FF             100
        BIGRAM           000E3-000FF              1D
                         005C4-00F3F             97C
        BIGSFR           00F40-00FFF              C0
        CODE             00004-00007               4
                         00066-0C95D            C8F8
                         18DDB-18DDB               1
                         19307-19307               1
                         1934E-1FFF7            6CAA
        CONST            00004-00007               4
                         00066-0C95D            C8F8
                         18DDB-18DDB               1
                         19307-19307               1
                         1934E-1FFF7            6CAA
        MEDIUMCONST      01000-0C95D            B95E
                         18DDB-18DDB               1
                         19307-19307               1
                         1934E-1FFF7            6CAA
        RAM              000E3-000FF              1D
                         005C4-00F3F             100
        SFR              00F40-00FFF              20
        SMALLCONST       01000-0C95D             100
                         18DDB-18DDB               1
                         19307-19307               1
                         1934E-1FFF7             100

                                  Symbol Table

?___aodiv                                    cstackCOMRAM  00001
?___aomod                                    cstackCOMRAM  00001
?___awdiv                                    cstackCOMRAM  00001
?___lldiv                                    cstackCOMRAM  0000A
?___llmod                                    cstackCOMRAM  00001
?___lodiv                                    cstackCOMRAM  00001
?___lomod                                    cstackCOMRAM  00001
?___lwdiv                                    cstackCOMRAM  00001
?___lwmod                                    cstackCOMRAM  00001
?___wmul                                     cstackCOMRAM  00001
?_abs                                        cstackCOMRAM  00013
?_atoi                                       cstackCOMRAM  00007
?_isalpha                                    cstackCOMRAM  00001
?_isdigit                                    cstackCOMRAM  00001
?_islower                                    cstackCOMRAM  00001
?_isspace                                    cstackCOMRAM  00001
?_isupper                                    cstackCOMRAM  00001
?_printf                                     cstackBANK0   000AC
?_sprintf                                    cstackBANK0   000AC
?_toupper                                    cstackCOMRAM  00005
?_vfprintf                                   cstackBANK0   000A6
Button_EventGet@key                          cstackCOMRAM  00003
Button_Init@i                                cstackCOMRAM  0000F
Button_Update@key                            cstackCOMRAM  00013
Button_Update@now_pressed                    cstackCOMRAM  00012
CapacitanceDisplay@bat_param                 cstackBANK0   000C5
CellCount@bat_param                          cstackBANK0   000C5
CellCount@set_mode                           cstackBANK0   000C7
ChargerMode@bat_param                        cstackCOMRAM  00022
ChargerMode@set_mode                         cstackCOMRAM  00024
CheckBusy@StatusRegisterByte                 cstackCOMRAM  00002
CheckWriteEN@StatusRegisterByte              cstackCOMRAM  00003
ChemistryDisplay@bat_param                   cstackCOMRAM  00022
ChemistryDisplay@set_mode                    cstackCOMRAM  00024
CurrentDisplay@bat_param                     cstackBANK0   000C5
CycleDisplay@bat_param                       cstackBANK0   000C5
CycleSet@bat_param                           cstackBANK0   000C5
CycleSet@set_mode                            cstackBANK0   000C7
GLCD_BufferRead@X                            cstackCOMRAM  00005
GLCD_BufferRead@Y                            cstackCOMRAM  00001
GLCD_BufferWrite@Data                        cstackCOMRAM  00002
GLCD_BufferWrite@X                           cstackCOMRAM  00006
GLCD_BufferWrite@Y                           cstackCOMRAM  00001
GLCD_DrawHLine@Color                         cstackCOMRAM  0000F
GLCD_DrawHLine@X1                            cstackCOMRAM  00011
GLCD_DrawHLine@X2                            cstackCOMRAM  0000D
GLCD_DrawHLine@Y                             cstackCOMRAM  0000E
GLCD_DrawHLine@t                             cstackCOMRAM  00010
GLCD_DrawRectangle@Color                     cstackCOMRAM  00024
GLCD_DrawRectangle@X1                        cstackCOMRAM  00025
GLCD_DrawRectangle@X2                        cstackCOMRAM  00022
GLCD_DrawRectangle@Y1                        cstackCOMRAM  00021
GLCD_DrawRectangle@Y2                        cstackCOMRAM  00023
GLCD_DrawVLine@Color                         cstackCOMRAM  0001E
GLCD_DrawVLine@X                             cstackCOMRAM  0001D
GLCD_DrawVLine@Y1                            cstackCOMRAM  00020
GLCD_DrawVLine@Y2                            cstackCOMRAM  0001C
GLCD_DrawVLine@t                             cstackCOMRAM  0001F
GLCD_FillRectangle@Color                     cstackCOMRAM  0001F
GLCD_FillRectangle@X1                        cstackCOMRAM  00020
GLCD_FillRectangle@X2                        cstackCOMRAM  0001D
GLCD_FillRectangle@Y1                        cstackCOMRAM  0001C
GLCD_FillRectangle@Y2                        cstackCOMRAM  0001E
GLCD_FillScreen@Color                        cstackCOMRAM  00007
GLCD_FillScreen@i                            cstackCOMRAM  00008
GLCD_FillScreen@j                            cstackCOMRAM  00009
GLCD_GotoX@X                                 cstackCOMRAM  00001
GLCD_GotoXY@X                                cstackCOMRAM  00003
GLCD_GotoXY@Y                                cstackCOMRAM  00002
GLCD_GotoY@Y                                 cstackCOMRAM  00001
GLCD_PrintChar@Character                     cstackCOMRAM  0000F
GLCD_PrintChar@data                          cstackCOMRAM  0001D
GLCD_PrintChar@data_next                     cstackCOMRAM  00012
GLCD_PrintChar@fontRead                      cstackCOMRAM  00018
GLCD_PrintChar@fontStart                     cstackCOMRAM  00014
GLCD_PrintChar@i                             cstackCOMRAM  0001B
GLCD_PrintChar@j                             cstackCOMRAM  0001C
GLCD_PrintChar@lines                         cstackCOMRAM  00017
GLCD_PrintChar@overflow                      cstackCOMRAM  0001A
GLCD_PrintChar@width                         cstackCOMRAM  00016
GLCD_PrintChar@x                             cstackCOMRAM  00013
GLCD_PrintChar@y                             cstackCOMRAM  00011
GLCD_PrintChar@y2                            cstackCOMRAM  00010
GLCD_PrintString@Text                        cstackCOMRAM  0001E
GLCD_Render@i                                cstackCOMRAM  00016
GLCD_Render@j                                cstackCOMRAM  00015
GLCD_SelectChip@Chip                         cstackCOMRAM  00001
GLCD_SelectChip@off                          cstackCOMRAM  00002
GLCD_Send@Data                               cstackCOMRAM  00001
GLCD_SendCommand@Chip                        cstackCOMRAM  00006
GLCD_SendCommand@Command                     cstackCOMRAM  00007
GLCD_SendData@Chip                           cstackCOMRAM  0000F
GLCD_SendData@Data                           cstackCOMRAM  00014
GLCD_SetFont@Height                          cstackCOMRAM  0000C
GLCD_SetFont@Invert                          cstackCOMRAM  0000E
GLCD_SetFont@Mode                            cstackCOMRAM  0000D
GLCD_SetFont@Name                            cstackCOMRAM  00009
GLCD_SetFont@Width                           cstackCOMRAM  0000B
GLCD_SetPixel@Color                          cstackCOMRAM  00008
GLCD_SetPixel@X                              cstackCOMRAM  0000B
GLCD_SetPixel@Y                              cstackCOMRAM  00007
GLCD_SetPixel@data                           cstackCOMRAM  0000C
GLCD_SetPixels@Color                         cstackCOMRAM  0000A
GLCD_SetPixels@X1                            cstackCOMRAM  00018
GLCD_SetPixels@X2                            cstackCOMRAM  00008
GLCD_SetPixels@Y1                            cstackCOMRAM  00007
GLCD_SetPixels@Y2                            cstackCOMRAM  00009
GLCD_SetPixels@data                          cstackCOMRAM  0001B
GLCD_SetPixels@h                             cstackCOMRAM  00015
GLCD_SetPixels@height                        cstackCOMRAM  0001A
GLCD_SetPixels@i                             cstackCOMRAM  00017
GLCD_SetPixels@mask                          cstackCOMRAM  00019
GLCD_SetPixels@offset                        cstackCOMRAM  00016
GLCD_SetPixels@width                         cstackCOMRAM  00014
GLCD_WaitBusy@Chip                           cstackCOMRAM  00004
GLCD_WaitBusy@status                         cstackCOMRAM  00005
Handle_Main_MenuNavigation@option            cstackCOMRAM  00026
Handle_Setting1_MenuNavigation@option        cstackCOMRAM  00026
Handle_Setting23_MenuNavigation@option       cstackCOMRAM  00026
Handle_Setting5_MenuNavigation@option        cstackCOMRAM  00026
ISR@counter_second                           bssBANK0      0007C
InitBattParameters@bat_param                 cstackCOMRAM  00001
Menu@bat_param                               cstackBANK0   000CA
Menu@menu_change                             dataBANK0     000E2
Menu@menu_init                               bssBANK0      00083
Menu@menu_pos                                bssBANK0      00082
Menu@menu_selection                          bssBANK0      00084
Menu@menu_type                               bssBANK0      00085
Menu@param_pos                               dataBANK0     000E1
Menu@switch_param                            bssBANK0      00081
Menu@val                                     cstackBANK0   000D0
MinimumDischargeVoltage@bat_param            cstackBANK0   000C5
MinimumDischargeVoltage@set_mode             cstackBANK0   000C7
Options1_Menu@bat_param                      cstackBANK0   000C8
Options2_Menu@bat_param                      cstackBANK0   000C8
Options3_Menu@bat_param                      cstackBANK0   000C8
Options4_Menu@bat_param                      cstackBANK0   000C8
Options5_Menu@bat_param                      cstackBANK0   000C8
ReadBytes@Add                                cstackCOMRAM  00002
ReadBytes@BytesCount                         cstackCOMRAM  00008
ReadBytes@data                               cstackCOMRAM  00006
ReadBytes@i                                  cstackCOMRAM  00009
SPI_Exchange@data                            cstackCOMRAM  00001
SetCellVotage@bat_param                      cstackBANK0   000C5
SetCellVotage@set_mode                       cstackBANK0   000C7
SetChargingCurrent_1@bat_param               cstackBANK0   000C5
SetChargingCurrent_1@set_mode                cstackBANK0   000C7
SetChargingCurrent_2@bat_param               cstackBANK0   000C5
SetChargingCurrent_2@set_mode                cstackBANK0   000C7
SetChargingCurrent_3@bat_param               cstackBANK0   000C5
SetChargingCurrent_3@set_mode                cstackBANK0   000C7
SetChargingCurrent_4@bat_param               cstackBANK0   000C5
SetChargingCurrent_4@set_mode                cstackBANK0   000C7
SetDischargingCurrent_1@bat_param            cstackBANK0   000C5
SetDischargingCurrent_1@set_mode             cstackBANK0   000C7
SetDischargingCurrent_2@bat_param            cstackBANK0   000C5
SetDischargingCurrent_2@set_mode             cstackBANK0   000C7
SetDischargingCurrent_3@bat_param            cstackBANK0   000C5
SetDischargingCurrent_3@set_mode             cstackBANK0   000C7
SetDischargingCurrent_4@bat_param            cstackBANK0   000C5
SetDischargingCurrent_4@set_mode             cstackBANK0   000C7
SetMaxTime@bat_param                         cstackBANK0   000C5
SetMaxTime@set_mode                          cstackBANK0   000C7
SetTemp@bat_param                            cstackBANK0   000C5
SetTemp@set_mode                             cstackBANK0   000C7
SingleBat_Menu@bat_param                     cstackBANK0   000C7
TempDisplay@bat_param                        cstackBANK0   000C5
TimeDisplay@bat_param                        cstackBANK0   000C5
TrickleCurrent@bat_param                     cstackBANK0   000C5
TrickleCurrent@set_mode                      cstackBANK0   000C7
TrickleVoltage@bat_param                     cstackBANK0   000C5
TrickleVoltage@set_mode                      cstackBANK0   000C7
TwoBatMenu@F6069                             mediumconst   0C97E
TwoBatMenu@F6071                             mediumconst   0C974
TwoBatMenu@F6073                             mediumconst   0C95F
TwoBatMenu@F6075                             mediumconst   0C96A
UART_SendChar@data                           cstackCOMRAM  00001
VoltageDisplay@bat_param                     cstackBANK0   000C5
WriteByteTable_AutoAddressIncrement@Add      cstackCOMRAM  00004
WriteByteTable_AutoAddressIncrement@data     cstackCOMRAM  00008
WriteByteTable_AutoAddressIncrement@i        cstackCOMRAM  0000D
WriteByteTable_AutoAddressIncrement@lenght   cstackCOMRAM  0000A
_ButtonDown                                  text99        1925C
_ButtonLeft                                  text100       19270
_ButtonOK                                    text98        19248
_ButtonRight                                 text101       19284
_ButtonUp                                    text102       19298
_Button_EventGet                             text104       18FB8
_Button_Event_Reset                          text103       18BE6
_Button_Init                                 text116       155CA
_Button_Init$1656                            cstackCOMRAM  00007
_Button_Init$1657                            cstackCOMRAM  00009
_Button_Init$1658                            cstackCOMRAM  0000B
_Button_Init$1668                            cstackCOMRAM  0000D
_Button_Update                               text95        143C6
_CCP3CONbits                                 (abs)         00FB1
_CCPR3L                                      (abs)         00FB2
_CapacitanceDisplay                          text24        1578C
_CellCount                                   text50        17206
_ChargerMode                                 text49        16EA8
_CheckBusy                                   text10        1908A
_CheckWriteEN                                text9         18FF0
_ChemistryDisplay                            text48        16D70
_CurrentDisplay                              text23        18AEA
_CycleDisplay                                text22        18A94
_CycleSet                                    text47        17628
_Font5x8                                     mediumconst   0FB08
_GLCD_BufferRead                             text94        19058
_GLCD_BufferWrite                            text88        19024
_GLCD_Clear                                  text45        19188
_GLCD_Clear$173                              cstackCOMRAM  0000A
_GLCD_DrawHLine                              text86        18C84
_GLCD_DrawRectangle                          text83        18516
_GLCD_DrawVLine                              text84        18F80
_GLCD_FillRectangle                          text82        191CE
_GLCD_FillScreen                             text46        18DDC
_GLCD_GotoX                                  text115       1921A
_GLCD_GotoXY                                 text113       19318
_GLCD_GotoY                                  text114       191E8
_GLCD_PrintChar                              text80        13608
_GLCD_PrintString                            text79        183F4
_GLCD_Render                                 text89        1897E
_GLCD_SelectChip                             text110       18E5C
_GLCD_Send                                   text111       17DFE
_GLCD_SendCommand                            text108       18E9A
_GLCD_SendData                               text92        1835A
_GLCD_SendData$160                           cstackCOMRAM  00012
_GLCD_SetFont                                text78        18486
_GLCD_SetPixel                               text87        1873A
_GLCD_SetPixels                              text85        14A9E
_GLCD_SetPixels$210                          cstackCOMRAM  00010
_GLCD_SetPixels$211                          cstackCOMRAM  00012
_GLCD_Setup                                  text107       186B2
_GLCD_WaitBusy                               text109       18A3A
_Handle_Main_MenuNavigation                  text77        15C30
_Handle_Setting1_MenuNavigation              text76        14F56
_Handle_Setting23_MenuNavigation             text75        13AD0
_Handle_Setting5_MenuNavigation              text74        14D0E
_INTCONbits                                  (abs)         00FF2
_ISR                                         intcode       00008
_InitBattParameters                          text106       15AAE
_Init_Timer0                                 text105       192AC
_LATAbits                                    (abs)         00F89
_LATD                                        (abs)         00F8C
_LATE                                        (abs)         00F8D
_LATFbits                                    (abs)         00F8E
_Menu                                        text14        10000
_MinimumDischargeVoltage                     text42        16C2A
_OSCCONbits                                  (abs)         00FD3
_OSCTUNEbits                                 (abs)         00F9B
_Options1_Menu                               text44        1816C
_Options2_Menu                               text38        180C0
_Options3_Menu                               text35        1862A
_Options4_Menu                               text30        18014
_Options5_Menu                               text25        17ACC
_PORTC                                       (abs)         00F82
_PORTE                                       (abs)         00F84
_PORTG                                       (abs)         00F86
_PR2                                         (abs)         00FCB
_Pulse_En                                    text112       192E4
_RCSTA2bits                                  (abs)         00F9C
_ReadBytes                                   text12        18C36
_SPBRG2                                      (abs)         00FAB
_SPI_Exchange                                text13        19202
_SSP1BUF                                     (abs)         00FC9
_SSP1CON1bits                                (abs)         00FC6
_SSP1STATbits                                (abs)         00FC7
_SST25VF_init_Enable_Write                   text11        191AC
_SetCellVotage                               text41        16AE4
_SetChargingCurrent_1                        text34        17418
_SetChargingCurrent_2                        text33        1630E
_SetChargingCurrent_3                        text29        161BA
_SetChargingCurrent_4                        text28        16066
_SetDischargingCurrent_1                     text32        17310
_SetDischargingCurrent_2                     text31        16706
_SetDischargingCurrent_3                     text27        165B4
_SetDischargingCurrent_4                     text26        16462
_SetMaxTime                                  text37        16858
_SetTemp                                     text36        170FC
_SingleBat_Menu                              text15        1791C
_T0CONbits                                   (abs)         00FD5
_T2CONbits                                   (abs)         00FCA
_TMR0                                        (abs)         00FD6
_TRISAbits                                   (abs)         00F92
_TRISC                                       (abs)         00F94
_TRISCbits                                   (abs)         00F94
_TRISD                                       (abs)         00F95
_TRISDbits                                   (abs)         00F95
_TRISE                                       (abs)         00F96
_TRISFbits                                   (abs)         00F97
_TRISG                                       (abs)         00F98
_TRISGbits                                   (abs)         00F98
_TXREG2                                      (abs)         00FA9
_TXSTA2bits                                  (abs)         00FA8
_Tahoma11x13                                 mediumconst   0F268
_Tekton_Pro_Ext27x28                         mediumconst   0C988
_TempDisplay                                 text21        18D12
_TimeDisplay                                 text18        1772E
_TrickleCurrent                              text40        17520
_TrickleVoltage                              text39        1699E
_UART_SendChar                               text67        19232
_VoltageDisplay                              text17        179F8
_WriteByteTable_AutoAddressIncrement         text8         182B8
__HRAM                                       (abs)         00000
__Habs1                                      abs1          00000
__Hbank0                                     bank0         00000
__Hbank1                                     bank1         00000
__Hbank10                                    bank10        00000
__Hbank11                                    bank11        00000
__Hbank12                                    bank12        00000
__Hbank13                                    bank13        00000
__Hbank14                                    bank14        00000
__Hbank15                                    bank15        00000
__Hbank2                                     bank2         00000
__Hbank3                                     bank3         00000
__Hbank4                                     bank4         00000
__Hbank5                                     bank5         00000
__Hbank6                                     bank6         00000
__Hbank7                                     bank7         00000
__Hbank8                                     bank8         00000
__Hbank9                                     bank9         00000
__Hbigbss                                    bigbss        00000
__Hbigdata                                   bigdata       00000
__Hbigram                                    bigram        00000
__Hbigsfr                                    bigsfr        00000
__Hbss                                       bss           00000
__HbssBANK0                                  bssBANK0      00000
__HbssBANK1                                  bssBANK1      00000
__HbssBIGRAM                                 bssBIGRAM     00000
__HbssCOMRAM                                 bssCOMRAM     00000
__Hcinit                                     cinit         00000
__Hclrtext                                   clrtext       00000
__Hcomram                                    comram        00000
__Hconfig                                    config        1FFFE
__Hconst                                     const         00000
__HcstackBANK0                               cstackBANK0   00000
__HcstackBANK1                               cstackBANK1   00000
__HcstackCOMRAM                              cstackCOMRAM  00000
__Hdata                                      data          00000
__HdataBANK0                                 dataBANK0     00000
__HdataBANK1                                 dataBANK1     00000
__Hfarbss                                    farbss        00000
__Hfardata                                   fardata       00000
__Hheap                                      heap          00000
__Hibigdata                                  ibigdata      00000
__Hidata                                     idata         00000
__HidataBANK0                                idataBANK0    00000
__HidataBANK1                                idataBANK1    00000
__Hidloc                                     idloc         00000
__Hifardata                                  ifardata      00000
__Hinit                                      init          00066
__Hintcode                                   intcode       00062
__Hintcode_body                              intcode_body  00000
__Hintcodelo                                 intcodelo     00062
__Hintentry                                  intentry      00000
__Hintret                                    intret        00000
__Hintsave_regs                              intsave_regs  00000
__Hirdata                                    irdata        00000
__Hjflash_buffer                             jflash_buffer 1F800
__Hmediumconst                               mediumconst   10000
__HnvFARRAM                                  nvFARRAM      00000
__Hnvbit                                     nvbit         00000
__Hnvrram                                    nvrram        00000
__Hparam                                     rparam        00000
__Hpowerup                                   powerup       00062
__Hram                                       ram           00000
__Hramtop                                    ramtop        01000
__Hrbit                                      rbit          00000
__Hrbss                                      rbss          00000
__Hrdata                                     rdata         00000
__Hreset_vec                                 reset_vec     00004
__Hrparam                                    rparam        00000
__Hsfr                                       sfr           00000
__Hsmallconst                                smallconst    00000
__Hspace_0                                   (abs)         1F800
__Hspace_1                                   (abs)         005C4
__Hspace_2                                   (abs)         00000
__Hspace_4                                   (abs)         3FFF6
__Hstack                                     stack         00000
__Hstruct                                    struct        00000
__Htemp                                      temp          00060
__Htext                                      text          00000
__Htext0                                     text0         00000
__Htext1                                     text1         00000
__Htext10                                    text10        00000
__Htext100                                   text100       00000
__Htext101                                   text101       00000
__Htext102                                   text102       00000
__Htext103                                   text103       00000
__Htext104                                   text104       00000
__Htext105                                   text105       00000
__Htext106                                   text106       00000
__Htext107                                   text107       00000
__Htext108                                   text108       00000
__Htext109                                   text109       00000
__Htext11                                    text11        00000
__Htext110                                   text110       00000
__Htext111                                   text111       00000
__Htext112                                   text112       00000
__Htext113                                   text113       00000
__Htext114                                   text114       00000
__Htext115                                   text115       00000
__Htext116                                   text116       00000
__Htext12                                    text12        00000
__Htext13                                    text13        00000
__Htext14                                    text14        00000
__Htext15                                    text15        00000
__Htext16                                    text16        00000
__Htext17                                    text17        00000
__Htext18                                    text18        00000
__Htext19                                    text19        00000
__Htext2                                     text2         00000
__Htext20                                    text20        00000
__Htext21                                    text21        00000
__Htext22                                    text22        00000
__Htext23                                    text23        00000
__Htext24                                    text24        00000
__Htext25                                    text25        00000
__Htext26                                    text26        00000
__Htext27                                    text27        00000
__Htext28                                    text28        00000
__Htext29                                    text29        00000
__Htext3                                     text3         00000
__Htext30                                    text30        00000
__Htext31                                    text31        00000
__Htext32                                    text32        00000
__Htext33                                    text33        00000
__Htext34                                    text34        00000
__Htext35                                    text35        00000
__Htext36                                    text36        00000
__Htext37                                    text37        00000
__Htext38                                    text38        00000
__Htext39                                    text39        00000
__Htext4                                     text4         00000
__Htext40                                    text40        00000
__Htext41                                    text41        00000
__Htext42                                    text42        00000
__Htext43                                    text43        00000
__Htext44                                    text44        00000
__Htext45                                    text45        00000
__Htext46                                    text46        00000
__Htext47                                    text47        00000
__Htext48                                    text48        00000
__Htext49                                    text49        00000
__Htext5                                     text5         00000
__Htext50                                    text50        00000
__Htext51                                    text51        00000
__Htext52                                    text52        00000
__Htext53                                    text53        00000
__Htext54                                    text54        00000
__Htext55                                    text55        00000
__Htext56                                    text56        00000
__Htext57                                    text57        00000
__Htext58                                    text58        00000
__Htext59                                    text59        00000
__Htext6                                     text6         00000
__Htext60                                    text60        00000
__Htext61                                    text61        00000
__Htext62                                    text62        00000
__Htext63                                    text63        00000
__Htext64                                    text64        00000
__Htext65                                    text65        00000
__Htext66                                    text66        00000
__Htext67                                    text67        00000
__Htext68                                    text68        00000
__Htext69                                    text69        00000
__Htext7                                     text7         00000
__Htext70                                    text70        00000
__Htext71                                    text71        00000
__Htext72                                    text72        00000
__Htext73                                    text73        00000
__Htext74                                    text74        00000
__Htext75                                    text75        00000
__Htext76                                    text76        00000
__Htext77                                    text77        00000
__Htext78                                    text78        00000
__Htext79                                    text79        00000
__Htext8                                     text8         00000
__Htext80                                    text80        00000
__Htext81                                    text81        00000
__Htext82                                    text82        00000
__Htext83                                    text83        00000
__Htext84                                    text84        00000
__Htext85                                    text85        00000
__Htext86                                    text86        00000
__Htext87                                    text87        00000
__Htext88                                    text88        00000
__Htext89                                    text89        00000
__Htext9                                     text9         00000
__Htext90                                    text90        00000
__Htext91                                    text91        00000
__Htext92                                    text92        00000
__Htext93                                    text93        00000
__Htext94                                    text94        00000
__Htext95                                    text95        00000
__Htext96                                    text96        00000
__Htext97                                    text97        00000
__Htext98                                    text98        00000
__Htext99                                    text99        00000
__LRAM                                       (abs)         00001
__Labs1                                      abs1          00000
__Lbank0                                     bank0         00000
__Lbank1                                     bank1         00000
__Lbank10                                    bank10        00000
__Lbank11                                    bank11        00000
__Lbank12                                    bank12        00000
__Lbank13                                    bank13        00000
__Lbank14                                    bank14        00000
__Lbank15                                    bank15        00000
__Lbank2                                     bank2         00000
__Lbank3                                     bank3         00000
__Lbank4                                     bank4         00000
__Lbank5                                     bank5         00000
__Lbank6                                     bank6         00000
__Lbank7                                     bank7         00000
__Lbank8                                     bank8         00000
__Lbank9                                     bank9         00000
__Lbigbss                                    bigbss        00000
__Lbigdata                                   bigdata       00000
__Lbigram                                    bigram        00000
__Lbigsfr                                    bigsfr        00000
__Lbss                                       bss           00000
__LbssBANK0                                  bssBANK0      00000
__LbssBANK1                                  bssBANK1      00000
__LbssBIGRAM                                 bssBIGRAM     00000
__LbssCOMRAM                                 bssCOMRAM     00000
__Lcinit                                     cinit         00000
__Lclrtext                                   clrtext       00000
__Lcomram                                    comram        00000
__Lconfig                                    config        00000
__Lconst                                     const         00000
__LcstackBANK0                               cstackBANK0   00000
__LcstackBANK1                               cstackBANK1   00000
__LcstackCOMRAM                              cstackCOMRAM  00000
__Ldata                                      data          00000
__LdataBANK0                                 dataBANK0     00000
__LdataBANK1                                 dataBANK1     00000
__Lfarbss                                    farbss        00000
__Lfardata                                   fardata       00000
__Lheap                                      heap          00000
__Libigdata                                  ibigdata      00000
__Lidata                                     idata         00000
__LidataBANK0                                idataBANK0    00000
__LidataBANK1                                idataBANK1    00000
__Lidloc                                     idloc         00000
__Lifardata                                  ifardata      00000
__Linit                                      init          00062
__Lintcode                                   intcode       00008
__Lintcode_body                              intcode_body  00000
__Lintcodelo                                 intcodelo     00062
__Lintentry                                  intentry      00000
__Lintret                                    intret        00000
__Lintsave_regs                              intsave_regs  00000
__Lirdata                                    irdata        00000
__Ljflash_buffer                             jflash_buffer 1F800
__Lmediumconst                               mediumconst   0C95E
__LnvFARRAM                                  nvFARRAM      00000
__Lnvbit                                     nvbit         00000
__Lnvrram                                    nvrram        00000
__Lparam                                     rparam        00000
__Lpowerup                                   powerup       00062
__Lram                                       ram           00000
__Lramtop                                    ramtop        01000
__Lrbit                                      rbit          00000
__Lrbss                                      rbss          00000
__Lrdata                                     rdata         00000
__Lreset_vec                                 reset_vec     00000
__Lrparam                                    rparam        00000
__Lsfr                                       sfr           00000
__Lsmallconst                                smallconst    00000
__Lspace_0                                   (abs)         00000
__Lspace_1                                   (abs)         00000
__Lspace_2                                   (abs)         00000
__Lspace_4                                   (abs)         00000
__Lstack                                     stack         00000
__Lstruct                                    struct        00000
__Ltemp                                      temp          0005F
__Ltext                                      text          00000
__Ltext0                                     text0         00000
__Ltext1                                     text1         00000
__Ltext10                                    text10        00000
__Ltext100                                   text100       00000
__Ltext101                                   text101       00000
__Ltext102                                   text102       00000
__Ltext103                                   text103       00000
__Ltext104                                   text104       00000
__Ltext105                                   text105       00000
__Ltext106                                   text106       00000
__Ltext107                                   text107       00000
__Ltext108                                   text108       00000
__Ltext109                                   text109       00000
__Ltext11                                    text11        00000
__Ltext110                                   text110       00000
__Ltext111                                   text111       00000
__Ltext112                                   text112       00000
__Ltext113                                   text113       00000
__Ltext114                                   text114       00000
__Ltext115                                   text115       00000
__Ltext116                                   text116       00000
__Ltext12                                    text12        00000
__Ltext13                                    text13        00000
__Ltext14                                    text14        00000
__Ltext15                                    text15        00000
__Ltext16                                    text16        00000
__Ltext17                                    text17        00000
__Ltext18                                    text18        00000
__Ltext19                                    text19        00000
__Ltext2                                     text2         00000
__Ltext20                                    text20        00000
__Ltext21                                    text21        00000
__Ltext22                                    text22        00000
__Ltext23                                    text23        00000
__Ltext24                                    text24        00000
__Ltext25                                    text25        00000
__Ltext26                                    text26        00000
__Ltext27                                    text27        00000
__Ltext28                                    text28        00000
__Ltext29                                    text29        00000
__Ltext3                                     text3         00000
__Ltext30                                    text30        00000
__Ltext31                                    text31        00000
__Ltext32                                    text32        00000
__Ltext33                                    text33        00000
__Ltext34                                    text34        00000
__Ltext35                                    text35        00000
__Ltext36                                    text36        00000
__Ltext37                                    text37        00000
__Ltext38                                    text38        00000
__Ltext39                                    text39        00000
__Ltext4                                     text4         00000
__Ltext40                                    text40        00000
__Ltext41                                    text41        00000
__Ltext42                                    text42        00000
__Ltext43                                    text43        00000
__Ltext44                                    text44        00000
__Ltext45                                    text45        00000
__Ltext46                                    text46        00000
__Ltext47                                    text47        00000
__Ltext48                                    text48        00000
__Ltext49                                    text49        00000
__Ltext5                                     text5         00000
__Ltext50                                    text50        00000
__Ltext51                                    text51        00000
__Ltext52                                    text52        00000
__Ltext53                                    text53        00000
__Ltext54                                    text54        00000
__Ltext55                                    text55        00000
__Ltext56                                    text56        00000
__Ltext57                                    text57        00000
__Ltext58                                    text58        00000
__Ltext59                                    text59        00000
__Ltext6                                     text6         00000
__Ltext60                                    text60        00000
__Ltext61                                    text61        00000
__Ltext62                                    text62        00000
__Ltext63                                    text63        00000
__Ltext64                                    text64        00000
__Ltext65                                    text65        00000
__Ltext66                                    text66        00000
__Ltext67                                    text67        00000
__Ltext68                                    text68        00000
__Ltext69                                    text69        00000
__Ltext7                                     text7         00000
__Ltext70                                    text70        00000
__Ltext71                                    text71        00000
__Ltext72                                    text72        00000
__Ltext73                                    text73        00000
__Ltext74                                    text74        00000
__Ltext75                                    text75        00000
__Ltext76                                    text76        00000
__Ltext77                                    text77        00000
__Ltext78                                    text78        00000
__Ltext79                                    text79        00000
__Ltext8                                     text8         00000
__Ltext80                                    text80        00000
__Ltext81                                    text81        00000
__Ltext82                                    text82        00000
__Ltext83                                    text83        00000
__Ltext84                                    text84        00000
__Ltext85                                    text85        00000
__Ltext86                                    text86        00000
__Ltext87                                    text87        00000
__Ltext88                                    text88        00000
__Ltext89                                    text89        00000
__Ltext9                                     text9         00000
__Ltext90                                    text90        00000
__Ltext91                                    text91        00000
__Ltext92                                    text92        00000
__Ltext93                                    text93        00000
__Ltext94                                    text94        00000
__Ltext95                                    text95        00000
__Ltext96                                    text96        00000
__Ltext97                                    text97        00000
__Ltext98                                    text98        00000
__Ltext99                                    text99        00000
__S0                                         (abs)         1934E
__S1                                         (abs)         005C4
__S4                                         (abs)         00000
___GLCD                                      bssBANK0      0006C
___GLCD_Buffer                               bssBIGRAM     001C4
___GLCD_GotoX                                text93        187BC
___GLCD_GotoX$424                            cstackCOMRAM  0000A
___GLCD_GotoX@X                              cstackCOMRAM  0000E
___GLCD_GotoX@chip                           cstackCOMRAM  0000D
___GLCD_GotoX@cmd                            cstackCOMRAM  0000C
___GLCD_GotoY                                text90        18ED6
___GLCD_GotoY@Y                              cstackCOMRAM  0000A
___GLCD_GotoY@cmd                            cstackCOMRAM  00009
___aodiv                                     text70        15926
___aodiv@counter                             cstackCOMRAM  00011
___aodiv@dividend                            cstackCOMRAM  00001
___aodiv@divisor                             cstackCOMRAM  00009
___aodiv@quotient                            cstackCOMRAM  00013
___aodiv@sign                                cstackCOMRAM  00012
___aomod                                     text69        15DA4
___aomod@counter                             cstackCOMRAM  00011
___aomod@dividend                            cstackCOMRAM  00001
___aomod@divisor                             cstackCOMRAM  00009
___aomod@sign                                cstackCOMRAM  00012
___awdiv                                     text91        17D3A
___awdiv@counter                             cstackCOMRAM  00005
___awdiv@dividend                            cstackCOMRAM  00001
___awdiv@divisor                             cstackCOMRAM  00003
___awdiv@quotient                            cstackCOMRAM  00007
___awdiv@sign                                cstackCOMRAM  00006
___extmem_base                               (abs)         20000
___heap_hi                                   (abs)         00000
___heap_lo                                   (abs)         00000
___inthi_sp                                  stack         00000
___intlo_sp                                  stack         00000
___lbdiv                                     text97        189DE
___lbdiv@counter                             cstackCOMRAM  00003
___lbdiv@dividend                            cstackCOMRAM  00002
___lbdiv@divisor                             cstackCOMRAM  00001
___lbdiv@quotient                            cstackCOMRAM  00004
___lldiv                                     text20        18214
___lldiv@counter                             cstackCOMRAM  00016
___lldiv@dividend                            cstackCOMRAM  0000A
___lldiv@divisor                             cstackCOMRAM  0000E
___lldiv@quotient                            cstackCOMRAM  00012
___llmod                                     text19        185A2
___llmod@counter                             cstackCOMRAM  00009
___llmod@dividend                            cstackCOMRAM  00001
___llmod@divisor                             cstackCOMRAM  00005
___lodiv                                     text61        1782C
___lodiv@counter                             cstackCOMRAM  00019
___lodiv@dividend                            cstackCOMRAM  00001
___lodiv@divisor                             cstackCOMRAM  00009
___lodiv@quotient                            cstackCOMRAM  00011
___lomod                                     text60        17BA0
___lomod@counter                             cstackCOMRAM  00011
___lomod@dividend                            cstackCOMRAM  00001
___lomod@divisor                             cstackCOMRAM  00009
___lwdiv                                     text96        188A6
___lwdiv@counter                             cstackCOMRAM  00007
___lwdiv@dividend                            cstackCOMRAM  00001
___lwdiv@divisor                             cstackCOMRAM  00003
___lwdiv@quotient                            cstackCOMRAM  00005
___lwmod                                     text43        1891A
___lwmod@counter                             cstackCOMRAM  00005
___lwmod@dividend                            cstackCOMRAM  00001
___lwmod@divisor                             cstackCOMRAM  00003
___param_bank                                (abs)         00000
___rparam_used                               (abs)         00001
___sp                                        stack         00000
___wmul                                      text81        19162
___wmul@multiplicand                         cstackCOMRAM  00003
___wmul@multiplier                           cstackCOMRAM  00001
___wmul@product                              cstackCOMRAM  00005
[...]
__ptext85                                    text85        14A9E
__ptext86                                    text86        18C84
__ptext87                                    text87        1873A
__ptext88                                    text88        19024
__ptext89                                    text89        1897E
__ptext9                                     text9         18FF0
__ptext90                                    text90        18ED6
__ptext91                                    text91        17D3A
__ptext92                                    text92        1835A
__ptext93                                    text93        187BC
__ptext94                                    text94        19058
__ptext95                                    text95        143C6
__ptext96                                    text96        188A6
__ptext97                                    text97        189DE
__ptext98                                    text98        19248
__ptext99                                    text99        1925C
__ramtop                                     ramtop        01000
__smallconst                                 smallconst    00000
_abs                                         text68        18E1C
_atoi                                        text71        15F08
_batState                                    text16        17EB6
_button_counter                              bssBANK0      0007E
_counter_test                                bssBANK1      001C2
_dbuf                                        bssBANK0      00086
_dtoa                                        text62        147E6
_dtoa$3939                                   cstackCOMRAM  00030
_flags                                       bssBANK0      00080
_fputc                                       text65        17C70
_fputs                                       text64        18D56
_instance                                    dataBANK1     00195
_isalpha                                     text58        18F48
_isdigit                                     text73        1910E
_islower                                     text56        190B6
_isspace                                     text72        18CCC
_isspace$4016                                cstackCOMRAM  00005
_isupper                                     text57        190E2
_main                                        text0         16FE0
_pad                                         text63        17F66
_prec                                        bssCOMRAM     0005D
_printf                                      text7         1913A
_putch                                       text66        19336
_setSPI_Interface                            text6         192D2
_setupClock                                  text5         19328
_setupInterrupts                             text4         19348
_setupPWM                                    text3         192C0
_setupPorts                                  text2         19340
_setupUART                                   text1         19308
_sprintf                                     text51        18B94
_this                                        dataBANK0     000D2
_time                                        bssBANK0      00076
_toupper                                     text55        18F10
_utoa                                        text59        153CE
_vfpfcnvrt                                   text53        13F4E
_vfprintf                                    text52        18B40
_width                                       bssBANK0      0007A
_xtoa                                        text54        1519E
_xtoa$3957                                   cstackCOMRAM  00031
abs@a                                        cstackCOMRAM  00013
atoi@n                                       cstackCOMRAM  0000E
atoi@neg                                     cstackCOMRAM  0000C
atoi@s                                       cstackCOMRAM  00007
batState@battery_number                      cstackCOMRAM  00022
batState@state                               cstackCOMRAM  00025
btemp                                        temp          0005F
dtoa@d                                       cstackCOMRAM  00020
dtoa@fp                                      cstackCOMRAM  0001E
dtoa@i                                       cstackCOMRAM  0003F
dtoa@n                                       cstackCOMRAM  00036
dtoa@p                                       cstackCOMRAM  00032
dtoa@s                                       cstackCOMRAM  0003E
dtoa@w                                       cstackCOMRAM  00034
end_of_initialization                        cinit         1889C
fputc@c                                      cstackCOMRAM  00003
fputc@fp                                     cstackCOMRAM  00005
fputs@c                                      cstackCOMRAM  00010
fputs@fp                                     cstackCOMRAM  0000E
fputs@i                                      cstackCOMRAM  00011
fputs@s                                      cstackCOMRAM  0000C
int$flags                                    temp          0005F
intlevel0                                    text          00000
intlevel1                                    text          00000
intlevel2                                    text          00000
intlevel3                                    text          00000
isa$std                                      (abs)         00001
isa$xinst                                    (abs)         00000
isalpha@c                                    cstackCOMRAM  00001
isdigit@c                                    cstackCOMRAM  00001
islower@c                                    cstackCOMRAM  00001
isspace@c                                    cstackCOMRAM  00001
isupper@c                                    cstackCOMRAM  00001
main@F6080                                   dataBANK1     00181
main@bat_param                               cstackBANK1   0012A
main@i                                       cstackBANK1   00128
main@tab                                     cstackBANK1   00100
main@taba                                    cstackBANK1   00114
pad@buf                                      cstackCOMRAM  00015
pad@fp                                       cstackCOMRAM  00013
pad@i                                        cstackCOMRAM  0001A
pad@p                                        cstackCOMRAM  00017
pad@w                                        cstackCOMRAM  0001C
printf@ap                                    cstackCOMRAM  0005A
printf@fmt                                   cstackBANK0   000AC
putch@txData                                 cstackCOMRAM  00002
sprintf@ap                                   cstackBANK0   000B8
sprintf@f                                    cstackBANK0   000BA
sprintf@fmt                                  cstackBANK0   000AE
sprintf@s                                    cstackBANK0   000AC
stackhi                                      (abs)         00000
stacklo                                      (abs)         00000
start                                        init          00062
start_initialization                         cinit         18832
toupper@c                                    cstackCOMRAM  00005
ttemp5                                       temp          00060
ttemp6                                       temp          00063
ttemp7                                       temp          00067
utoa@d                                       cstackCOMRAM  00020
utoa@fp                                      cstackCOMRAM  0001E
utoa@i                                       cstackCOMRAM  0003C
utoa@n                                       cstackCOMRAM  00034
utoa@p                                       cstackCOMRAM  00030
utoa@w                                       cstackCOMRAM  00032
vfpfcnvrt@ap                                 cstackCOMRAM  00046
vfpfcnvrt@convarg                            cstackCOMRAM  0004E
vfpfcnvrt@cp                                 cstackCOMRAM  00056
vfpfcnvrt@done                               cstackCOMRAM  0004C
vfpfcnvrt@fmt                                cstackCOMRAM  00044
vfpfcnvrt@fp                                 cstackCOMRAM  00042
vfprintf@ap                                  cstackBANK0   000AA
vfprintf@cfmt                                cstackCOMRAM  00058
vfprintf@fmt                                 cstackBANK0   000A8
vfprintf@fp                                  cstackBANK0   000A6
wtemp8                                       temp          00060
xtoa@c                                       cstackCOMRAM  00041
xtoa@d                                       cstackCOMRAM  00020
xtoa@fp                                      cstackCOMRAM  0001E
xtoa@i                                       cstackCOMRAM  0003F
xtoa@n                                       cstackCOMRAM  00037
xtoa@p                                       cstackCOMRAM  00033
xtoa@w                                       cstackCOMRAM  00035
xtoa@x                                       cstackCOMRAM  00028


MODULE INFORMATION

Module		Function		Class		Link	Load	Size
C:\Program Files\Microchip\xc8\v2.40\pic\sources\c99\common\nf_fputc.c
		_fputc         		CODE           	17C70	0000	202

C:\Program Files\Microchip\xc8\v2.40\pic\sources\c99\common\nf_fputc.c estimated size: 202

C:\Program Files\Microchip\xc8\v2.40\pic\sources\c99\common\toupper.c
		_toupper       		CODE           	18F10	0000	56

C:\Program Files\Microchip\xc8\v2.40\pic\sources\c99\common\toupper.c estimated size: 56

C:\Program Files\Microchip\xc8\v2.40\pic\sources\c99\common\nf_sprintf.c
		_sprintf       		CODE           	18B94	0000	82

C:\Program Files\Microchip\xc8\v2.40\pic\sources\c99\common\nf_sprintf.c estimated size: 82

C:\Program Files\Microchip\xc8\v2.40\pic\sources\c99\common\lwdiv.c
		___lwdiv       		CODE           	188A6	0000	116

C:\Program Files\Microchip\xc8\v2.40\pic\sources\c99\common\lwdiv.c estimated size: 116

C:\Program Files\Microchip\xc8\v2.40\pic\sources\c99\common\isalpha.c
		_isalpha       		CODE           	18F48	0000	56

C:\Program Files\Microchip\xc8\v2.40\pic\sources\c99\common\isalpha.c estimated size: 56

C:\Program Files\Microchip\xc8\v2.40\pic\sources\c99\common\awdiv.c
		___awdiv       		CODE           	17D3A	0000	196

C:\Program Files\Microchip\xc8\v2.40\pic\sources\c99\common\awdiv.c estimated size: 196

button.c
		_Button_EventGet		CODE           	18FB8	0000	56
		_Button_Event_Reset		CODE           	18BE6	0000	80
		_ButtonLeft    		CODE           	19270	0000	20
		_ButtonOK      		CODE           	19248	0000	20
		_Button_Init   		CODE           	155CA	0000	450
		_ButtonRight   		CODE           	19284	0000	20
		_ButtonUp      		CODE           	19298	0000	20
		_Button_Update 		CODE           	143C6	0000	1056
		_ButtonDown    		CODE           	1925C	0000	20

button.c estimated size: 1742

C:\Program Files\Microchip\xc8\v2.40\pic\sources\c99\common\isspace.c
		_isspace       		CODE           	18CCC	0000	70

C:\Program Files\Microchip\xc8\v2.40\pic\sources\c99\common\isspace.c estimated size: 70

settings.c
		_setupClock    		CODE           	19328	0000	14
		_setupPWM      		CODE           	192C0	0000	18
		_setupInterrupts		CODE           	19348	0000	6
		_setupPorts    		CODE           	19340	0000	8
		_setupUART     		CODE           	19308	0000	16

settings.c estimated size: 62

C:\Program Files\Microchip\xc8\v2.40\pic\sources\c99\common\atoi.c
		_atoi          		CODE           	15F08	0000	350

C:\Program Files\Microchip\xc8\v2.40\pic\sources\c99\common\atoi.c estimated size: 350

C:\Program Files\Microchip\xc8\v2.40\pic\sources\c99\common\Umul16.c
		___wmul        		CODE           	19162	0000	38

C:\Program Files\Microchip\xc8\v2.40\pic\sources\c99\common\Umul16.c estimated size: 38

LCD-KS0108/KS0108.c
		___GLCD_GotoX  		CODE           	187BC	0000	118
		___GLCD_GotoY  		CODE           	18ED6	0000	58
		_GLCD_SelectChip		CODE           	18E5C	0000	62
		_GLCD_BufferRead		CODE           	19058	0000	50
		_GLCD_Render   		CODE           	1897E	0000	96
		_GLCD_FillRectangle		CODE           	191CE	0000	26
		_GLCD_GotoX    		CODE           	1921A	0000	24
		_GLCD_GotoY    		CODE           	191E8	0000	26
		_GLCD_WaitBusy 		CODE           	18A3A	0000	90
		_GLCD_GotoXY   		CODE           	19318	0000	16
		_GLCD_FillScreen		CODE           	18DDC	0000	64
		_Pulse_En      		CODE           	192E4	0000	18
		_GLCD_Send     		CODE           	17DFE	0000	184
		_GLCD_Setup    		CODE           	186B2	0000	136
		_GLCD_PrintString		CODE           	183F4	0000	146
		_GLCD_DrawHLine		CODE           	18C84	0000	72
		_GLCD_DrawVLine		CODE           	18F80	0000	56
		_GLCD_SetFont  		CODE           	18486	0000	144
		_GLCD_SendCommand		CODE           	18E9A	0000	60
		_GLCD_SendData 		CODE           	1835A	0000	154
		_GLCD_SetPixel 		CODE           	1873A	0000	130
		_GLCD_PrintChar		CODE           	13608	0000	1224
		_GLCD_DrawRectangle		CODE           	18516	0000	140
		_GLCD_BufferWrite		CODE           	19024	0000	52
		_GLCD_SetPixels		CODE           	14A9E	0000	624
		_GLCD_Clear    		CODE           	19188	0000	36

LCD-KS0108/KS0108.c estimated size: 3806

interrupts.c
		_ISR           		CODE           	0008	0000	90
		_Init_Timer0   		CODE           	192AC	0000	20

interrupts.c estimated size: 110

C:\Program Files\Microchip\xc8\v2.40\pic\sources\c99\common\__lldiv.c
		___lldiv       		CODE           	18214	0000	164

C:\Program Files\Microchip\xc8\v2.40\pic\sources\c99\common\__lldiv.c estimated size: 164

C:\Program Files\Microchip\xc8\v2.40\pic\sources\c99\common\abs.c
		_abs           		CODE           	18E1C	0000	64

C:\Program Files\Microchip\xc8\v2.40\pic\sources\c99\common\abs.c estimated size: 64

C:\Program Files\Microchip\xc8\v2.40\pic\sources\c99\common\printf.c
		_printf        		CODE           	1913A	0000	40

C:\Program Files\Microchip\xc8\v2.40\pic\sources\c99\common\printf.c estimated size: 40

menu_definitions.c
		_CycleDisplay  		CODE           	18A94	0000	86
		_InitBattParameters		CODE           	15AAE	0000	386
		_CellCount     		CODE           	17206	0000	266
		_SetTemp       		CODE           	170FC	0000	266
		_SetDischargingCurrent_2		CODE           	16706	0000	338
		_CurrentDisplay		CODE           	18AEA	0000	86
		_CycleSet      		CODE           	17628	0000	262
		_ChemistryDisplay		CODE           	16D70	0000	312
		_TempDisplay   		CODE           	18D12	0000	68
		_batState      		CODE           	17EB6	0000	176
		_SetMaxTime    		CODE           	16858	0000	326
		_MinimumDischargeVoltage		CODE           	16C2A	0000	326
		_Options1_Menu 		CODE           	1816C	0000	168
		_Options2_Menu 		CODE           	180C0	0000	172
		_Options3_Menu 		CODE           	1862A	0000	136
		_Options4_Menu 		CODE           	18014	0000	172
		_Options5_Menu 		CODE           	17ACC	0000	212
		_TimeDisplay   		CODE           	1772E	0000	254
		_SetDischargingCurrent_1		CODE           	17310	0000	264
		_SetDischargingCurrent_4		CODE           	16462	0000	338
		_SetChargingCurrent_1		CODE           	17418	0000	264
		_TrickleVoltage		CODE           	1699E	0000	326
		_SetChargingCurrent_2		CODE           	1630E	0000	340
		_CapacitanceDisplay		CODE           	1578C	0000	410
		_TrickleCurrent		CODE           	17520	0000	264
		_SingleBat_Menu		CODE           	1791C	0000	220
		_SetCellVotage 		CODE           	16AE4	0000	326
		_SetChargingCurrent_3		CODE           	161BA	0000	340
		_VoltageDisplay		CODE           	179F8	0000	212
		_ChargerMode   		CODE           	16EA8	0000	312
		_SetChargingCurrent_4		CODE           	16066	0000	340
		_SetDischargingCurrent_3		CODE           	165B4	0000	338

menu_definitions.c estimated size: 8306

menu_navigation.c
		_Handle_Main_MenuNavigation		CODE           	15C30	0000	372
		_Handle_Setting23_MenuNavigation		CODE           	13AD0	0000	1150
		_Menu          		CODE           	10000	0000	13832
		_Handle_Setting1_MenuNavigation		CODE           	14F56	0000	584
		_Handle_Setting5_MenuNavigation		CODE           	14D0E	0000	584

menu_navigation.c estimated size: 16522

C:\Program Files\Microchip\xc8\v2.40\pic\sources\c99\common\isdigit.c
		_isdigit       		CODE           	1910E	0000	44

C:\Program Files\Microchip\xc8\v2.40\pic\sources\c99\common\isdigit.c estimated size: 44

MMSP.c
		_SPI_Exchange  		CODE           	19202	0000	24
		_setSPI_Interface		CODE           	192D2	0000	18

MMSP.c estimated size: 42

C:\Program Files\Microchip\xc8\v2.40\pic\sources\c99\common\lbdiv.c
		___lbdiv       		CODE           	189DE	0000	92

C:\Program Files\Microchip\xc8\v2.40\pic\sources\c99\common\lbdiv.c estimated size: 92

C:\Program Files\Microchip\xc8\v2.40\pic\sources\c99\common\nf_fputs.c
		_fputs         		CODE           	18D56	0000	68

C:\Program Files\Microchip\xc8\v2.40\pic\sources\c99\common\nf_fputs.c estimated size: 68

C:\Program Files\Microchip\xc8\v2.40\pic\sources\c99\common\lomod.c
		___lomod       		CODE           	17BA0	0000	208

C:\Program Files\Microchip\xc8\v2.40\pic\sources\c99\common\lomod.c estimated size: 208

C:\Program Files\Microchip\xc8\v2.40\pic\sources\c99\common\aomod.c
		___aomod       		CODE           	15DA4	0000	356

C:\Program Files\Microchip\xc8\v2.40\pic\sources\c99\common\aomod.c estimated size: 356

shared
		TwoBatMenu@F6071		MEDIUMCONST    	C974	0000	10
		TwoBatMenu@F6073		MEDIUMCONST    	C95F	0000	11
		TwoBatMenu@F6075		MEDIUMCONST    	C96A	0000	10
		TwoBatMenu@F6069		MEDIUMCONST    	C97E	0000	10
		__initialization		CODE           	18832	0000	106
		_Tekton_Pro_Ext27x28		MEDIUMCONST    	C988	0000	10464
		_Font5x8       		MEDIUMCONST    	FB08	0000	576
		_Tahoma11x13   		MEDIUMCONST    	F268	0000	2208

shared estimated size: 13395

C:\Program Files\Microchip\xc8\v2.40\pic\sources\c99\common\lwmod.c
		___lwmod       		CODE           	1891A	0000	100

C:\Program Files\Microchip\xc8\v2.40\pic\sources\c99\common\lwmod.c estimated size: 100

C:\Program Files\Microchip\xc8\v2.40\pic\sources\c99\common\llmod.c
		___llmod       		CODE           	185A2	0000	136

C:\Program Files\Microchip\xc8\v2.40\pic\sources\c99\common\llmod.c estimated size: 136

peripherials/UART.c
		_putch         		CODE           	19336	0000	10
		_UART_SendChar 		CODE           	19232	0000	22

peripherials/UART.c estimated size: 32

C:\Program Files\Microchip\xc8\v2.40\pic\sources\c99\common\isupper.c
		_isupper       		CODE           	190E2	0000	44

C:\Program Files\Microchip\xc8\v2.40\pic\sources\c99\common\isupper.c estimated size: 44

C:\Program Files\Microchip\xc8\v2.40\pic\sources\c99\common\doprnt.c
		_vfpfcnvrt     		CODE           	13F4E	0000	1144
		_pad           		CODE           	17F66	0000	174
		_dtoa          		CODE           	147E6	0000	696
		_vfprintf      		CODE           	18B40	0000	84
		_utoa          		CODE           	153CE	0000	508
		_xtoa          		CODE           	1519E	0000	560

C:\Program Files\Microchip\xc8\v2.40\pic\sources\c99\common\doprnt.c estimated size: 3166

main.c
		_main          		CODE           	16FE0	0000	284

main.c estimated size: 284

SST25VF.c
		_CheckBusy     		CODE           	1908A	0000	44
		_ReadBytes     		CODE           	18C36	0000	78
		_CheckWriteEN  		CODE           	18FF0	0000	52
		_WriteByteTable_AutoAddressIncrement		CODE           	182B8	0000	162
		_SST25VF_init_Enable_Write		CODE           	191AC	0000	34

SST25VF.c estimated size: 370

C:\Program Files\Microchip\xc8\v2.40\pic\sources\c99\common\lodiv.c
		___lodiv       		CODE           	1782C	0000	240

C:\Program Files\Microchip\xc8\v2.40\pic\sources\c99\common\lodiv.c estimated size: 240

C:\Program Files\Microchip\xc8\v2.40\pic\sources\c99\common\islower.c
		_islower       		CODE           	190B6	0000	44

C:\Program Files\Microchip\xc8\v2.40\pic\sources\c99\common\islower.c estimated size: 44

C:\Program Files\Microchip\xc8\v2.40\pic\sources\c99\common\aodiv.c
		___aodiv       		CODE           	15926	0000	392

C:\Program Files\Microchip\xc8\v2.40\pic\sources\c99\common\aodiv.c estimated size: 392

