Microchip MPLAB XC8 Compiler V2.40

Linker command line:

-W5 \
  --edf=C:/Users/LPC-user/.mchp_packs/Microchip/PIC18F-J_DFP/1.7.159/xc8\pic\dat\20230817221043_en.msgs \
  -cn -h+dist/default/production\battery-tester.X.production.sym \
  --cmf=dist/default/production\battery-tester.X.production.cmf -z \
  -Q18F67J50 -oC:\Users\LPC-user\AppData\Local\Temp\xcAs6pk.5 \
  --defsym=__MPLAB_BUILD=1 --fixupoverflow=error \
  -Mdist/default/production/battery-tester.X.production.map \
  --md=C:\Users\LPC-user\AppData\Local\Temp\xcAs6pk.dat -E1 \
  -ver=XC8 Compiler --acfsm=1493 -ACODE=00h-01FFF7h -ACONST=00h-01FFF7h \
  -ASMALLCONST=01000h-010FFhx495,01FF00h-01FFF7h \
  -AMEDIUMCONST=01000h-0FFFFh,011000h-01FFF7h -ACOMRAM=01h-05Fh \
  -AABS1=00h-0F3Fh -ABIGRAM=01h-0F3Fh \
  -ARAM=060h-0FFh,0100h-01FFhx14,0F00h-0F3Fh -ABANK0=060h-0FFh \
  -ABANK1=0100h-01FFh -ABANK2=0200h-02FFh -ABANK3=0300h-03FFh \
  -ABANK4=0400h-04FFh -ABANK5=0500h-05FFh -ABANK6=0600h-06FFh \
  -ABANK7=0700h-07FFh -ABANK8=0800h-08FFh -ABANK9=0900h-09FFh \
  -ABANK10=0A00h-0AFFh -ABANK11=0B00h-0BFFh -ABANK12=0C00h-0CFFh \
  -ABANK13=0D00h-0DFFh -ABANK14=0E00h-0EFFh -ABANK15=0F00h-0F3Fh \
  -ASFR=0F40h-0F5Fh,0F60h-0FFFh -ABIGSFR=0F40h-0FFFh \
  -ACONFIG=01FFF8h-01FFFDh \
  -preset_vec=00h,intcode=08h,intcodelo,powerup,init -pramtop=01000h \
  -psmallconst=SMALLCONST -pmediumconst=MEDIUMCONST -pconst=CONST \
  -AFARRAM=00h-00h -pjflash_buffer=01F800h \
  -prdata=COMRAM,nvrram=COMRAM,nvbit=COMRAM,rbss=COMRAM,rbit=COMRAM \
  -pfarbss=FARRAM,fardata=FARRAM,nvFARRAM=FARRAM \
  -pintsave_regs=BIGRAM,bigbss=BIGRAM,bigdata=BIGRAM -pbss=RAM \
  -pidata=CODE,irdata=CODE,ibigdata=CODE,ifardata=CODE -prparam=COMRAM \
  C:\Users\LPC-user\AppData\Local\Temp\xcAs6pk.o \
  dist/default/production\battery-tester.X.production.o 

Object code version is 3.11

Machine type is 18F67J50



                Name                               Link     Load   Length Selector   Space Scale
C:\Users\LPC-user\AppData\Local\Temp\xcAs6pk.o
                config                            1FFF8    1FFF8        6        0       4
                init                                 5C       5C        4        4       0
                reset_vec                             0        0        4        0       0
dist/default/production\battery-tester.X.production.o
                intcode                               8        8       54        4       0
                config                            1FFF8    1FFF8        6        0       4
                temp                                 5F       5F        1        1       1
                mediumconst                        CA10     CA10     35F0     6508       0
                text99                            141E8    141E8      1C2     8000       0
                text98                            1765A    1765A       18     BAD8       0
                text97                            17640    17640       1A     BAD8       0
                text96                            17746    17746       10     BB9B       0
                text95                            17712    17712       12     BAD8       0
                text94                            1647A    1647A       B8     8000       0
                text93                            173F8    173F8       3E     8000       0
                text92                            17014    17014       5A     8000       0
                text91                            17436    17436       3C     8000       0
                text90                            16C88    16C88       88     8000       0
                text89                            143AA    143AA      182     8000       0
                text88                            176EC    176EC       14     BAD8       0
                text87                            174E4    174E4       38     8000       0
                text86                            17210    17210       50     8000       0
                text85                            176D8    176D8       14     BAD8       0
                text84                            176C4    176C4       14     BAD8       0
                text83                            176B0    176B0       14     BAD8       0
                text82                            1769C    1769C       14     BAD8       0
                text81                            17688    17688       14     BAD8       0
                text80                            16FB8    16FB8       5C     8000       0
                text79                            16E80    16E80       74     8000       0
                text78                            131B0    131B0      420     8000       0
                text77                            17550    17550       32     8000       0
                text76                            16E0A    16E0A       76     8000       0
                text75                            16930    16930       9A     8000       0
                text74                            163B6    163B6       C4     8000       0
                text73                            17472    17472       3A     8000       0
                text72                            16F58    16F58       60     8000       0
                text71                            1751C    1751C       34     8000       0
                text70                            16D10    16D10       82     8000       0
                text69                            17260    17260       48     8000       0
                text68                            138EE    138EE      270     8000       0
                text67                            174AC    174AC       38     8000       0
                text66                            16AEC    16AEC       8C     8000       0
                text65                            17626    17626       1A     BAD8       0
                text64                            175DC    175DC       26     BAD8       0
                text63                            1286A    1286A      4C8     8000       0
                text62                            169CA    169CA       92     8000       0
                text61                            16A5C    16A5C       90     8000       0
                text60                            1452C    1452C      174     8000       0
                text59                            13DA6    13DA6      248     8000       0
                text58                            12D32    12D32      47E     8000       0
                text57                            13B5E    13B5E      248     8000       0
                text56                            175B0    175B0       2C     BAD8       0
                text55                            172A8    172A8       46     8000       0
                text54                            146A0    146A0      15E     8000       0
                text53                            15EA8    15EA8       F0     8000       0
                text52                            1621C    1621C       D0     8000       0
                text51                            17672    17672       16     BAD8       0
                text50                            17764    17764        A     BB9B       0
                text49                            162EC    162EC       CA     8000       0
                text48                            17332    17332       44     8000       0
                text47                            1673A    1673A       AA     8000       0
                text46                            13FEE    13FEE      1FA     8000       0
                text45                            135D0    135D0      31E     8000       0
                text44                            171BE    171BE       52     8000       0
                text43                            1716C    1716C       52     8000       0
                text42                            15882    15882      10A     8000       0
                text41                            15640    15640      138     8000       0
                text40                            15508    15508      138     8000       0
                text39                            15CA4    15CA4      106     8000       0
                text38                            173B8    173B8       40     8000       0
                text37                            17602    17602       24     BAD8       0
                text36                            167E4    167E4       A8     8000       0
                text35                            16EF4    16EF4       64     8000       0
                text34                            153C2    153C2      146     8000       0
                text33                            1527C    1527C      146     8000       0
                text32                            15B9C    15B9C      108     8000       0
                text31                            15136    15136      146     8000       0
                text30                            1668E    1668E       AC     8000       0
                text29                            14FF0    14FF0      146     8000       0
                text28                            15778    15778      10A     8000       0
                text27                            16C00    16C00       88     8000       0
                text26                            15A94    15A94      108     8000       0
                text25                            14AA6    14AA6      154     8000       0
                text24                            1598C    1598C      108     8000       0
                text23                            14E9E    14E9E      152     8000       0
                text22                            165E2    165E2       AC     8000       0
                text21                            14952    14952      154     8000       0
                text20                            147FE    147FE      154     8000       0
                text19                            14D4C    14D4C      152     8000       0
                text18                            14BFA    14BFA      152     8000       0
                text17                            16148    16148       D4     8000       0
                text16                            17376    17376       42     8000       0
                text15                            170C4    170C4       56     8000       0
                text14                            1706E    1706E       56     8000       0
                text13                            172EE    172EE       44     8000       0
                text12                            1688C    1688C       A4     8000       0
                text11                            16B78    16B78       88     8000       0
                text10                            15DAA    15DAA       FE     8000       0
                text9                             16074    16074       D4     8000       0
                text8                             16532    16532       B0     8000       0
                text7                             15F98    15F98       DC     8000       0
                text6                             10000    10000     286A     8000       0
                text5                             17756    17756        E     BB9B       0
                text4                             17774    17774        6     BB9B       0
                text3                             17700    17700       12     BAD8       0
                text2                             1776E    1776E        6     BB9B       0
                text1                             17736    17736       10     BB9B       0
                text0                             1711A    1711A       52     8000       0
                cstackCOMRAM                          1        1       5D        1       1
                cstackBANK0                          60       60       77       60       1
                bssBIGRAM                           15F      15F      400      15F       1
                dataBANK1                           132      132       2D      100       1
                bssBANK1                            100      100       32      100       1
                dataBANK0                            EC       EC       11       60       1
                bssBANK0                             D7       D7       15       60       1
                bssCOMRAM                            5E       5E        1        1       1
                cinit                             16D92    16D92       78     8000       0
                idataBANK1                        17582    17582       2D     8000       0
                idataBANK0                        17724    17724       11     BAD8       0

TOTAL           Name                               Link     Load   Length     Space
        CLASS   CODE           
                intcode                               8        8       54         0
                init                                 5C       5C        4         0
                reset_vec                             0        0        4         0
                text99                            141E8    141E8      1C2         0
                text98                            1765A    1765A       18         0
                text97                            17640    17640       1A         0
                text96                            17746    17746       10         0
                text95                            17712    17712       12         0
                text94                            1647A    1647A       B8         0
                text93                            173F8    173F8       3E         0
                text92                            17014    17014       5A         0
                text91                            17436    17436       3C         0
                text90                            16C88    16C88       88         0
                text89                            143AA    143AA      182         0
                text88                            176EC    176EC       14         0
                text87                            174E4    174E4       38         0
                text86                            17210    17210       50         0
                text85                            176D8    176D8       14         0
                text84                            176C4    176C4       14         0
                text83                            176B0    176B0       14         0
                text82                            1769C    1769C       14         0
                text81                            17688    17688       14         0
                text80                            16FB8    16FB8       5C         0
                text79                            16E80    16E80       74         0
                text78                            131B0    131B0      420         0
                text77                            17550    17550       32         0
                text76                            16E0A    16E0A       76         0
                text75                            16930    16930       9A         0
                text74                            163B6    163B6       C4         0
                text73                            17472    17472       3A         0
                text72                            16F58    16F58       60         0
                text71                            1751C    1751C       34         0
                text70                            16D10    16D10       82         0
                text69                            17260    17260       48         0
                text68                            138EE    138EE      270         0
                text67                            174AC    174AC       38         0
                text66                            16AEC    16AEC       8C         0
                text65                            17626    17626       1A         0
                text64                            175DC    175DC       26         0
                text63                            1286A    1286A      4C8         0
                text62                            169CA    169CA       92         0
                text61                            16A5C    16A5C       90         0
                text60                            1452C    1452C      174         0
                text59                            13DA6    13DA6      248         0
                text58                            12D32    12D32      47E         0
                text57                            13B5E    13B5E      248         0
                text56                            175B0    175B0       2C         0
                text55                            172A8    172A8       46         0
                text54                            146A0    146A0      15E         0
                text53                            15EA8    15EA8       F0         0
                text52                            1621C    1621C       D0         0
                text51                            17672    17672       16         0
                text50                            17764    17764        A         0
                text49                            162EC    162EC       CA         0
                text48                            17332    17332       44         0
                text47                            1673A    1673A       AA         0
                text46                            13FEE    13FEE      1FA         0
                text45                            135D0    135D0      31E         0
                text44                            171BE    171BE       52         0
                text43                            1716C    1716C       52         0
                text42                            15882    15882      10A         0
                text41                            15640    15640      138         0
                text40                            15508    15508      138         0
                text39                            15CA4    15CA4      106         0
                text38                            173B8    173B8       40         0
                text37                            17602    17602       24         0
                text36                            167E4    167E4       A8         0
                text35                            16EF4    16EF4       64         0
                text34                            153C2    153C2      146         0
                text33                            1527C    1527C      146         0
                text32                            15B9C    15B9C      108         0
                text31                            15136    15136      146         0
                text30                            1668E    1668E       AC         0
                text29                            14FF0    14FF0      146         0
                text28                            15778    15778      10A         0
                text27                            16C00    16C00       88         0
                text26                            15A94    15A94      108         0
                text25                            14AA6    14AA6      154         0
                text24                            1598C    1598C      108         0
                text23                            14E9E    14E9E      152         0
                text22                            165E2    165E2       AC         0
                text21                            14952    14952      154         0
                text20                            147FE    147FE      154         0
                text19                            14D4C    14D4C      152         0
                text18                            14BFA    14BFA      152         0
                text17                            16148    16148       D4         0
                text16                            17376    17376       42         0
                text15                            170C4    170C4       56         0
                text14                            1706E    1706E       56         0
                text13                            172EE    172EE       44         0
                text12                            1688C    1688C       A4         0
                text11                            16B78    16B78       88         0
                text10                            15DAA    15DAA       FE         0
                text9                             16074    16074       D4         0
                text8                             16532    16532       B0         0
                text7                             15F98    15F98       DC         0
                text6                             10000    10000     286A         0
                text5                             17756    17756        E         0
                text4                             17774    17774        6         0
                text3                             17700    17700       12         0
                text2                             1776E    1776E        6         0
                text1                             17736    17736       10         0
                text0                             1711A    1711A       52         0
                cinit                             16D92    16D92       78         0
                idataBANK1                        17582    17582       2D         0
                idataBANK0                        17724    17724       11         0

        CLASS   CONST          

        CLASS   SMALLCONST     

        CLASS   MEDIUMCONST    
                mediumconst                        CA10     CA10     35F0         0

        CLASS   COMRAM         
                temp                                 5F       5F        1         1
                cstackCOMRAM                          1        1       5D         1
                bssCOMRAM                            5E       5E        1         1

        CLASS   ABS1           

        CLASS   BIGRAM         
                bssBIGRAM                           15F      15F      400         1

        CLASS   RAM            

        CLASS   BANK0          
                cstackBANK0                          60       60       77         1
                dataBANK0                            EC       EC       11         1
                bssBANK0                             D7       D7       15         1

        CLASS   BANK1          
                dataBANK1                           132      132       2D         1
                bssBANK1                            100      100       32         1

        CLASS   BANK2          

        CLASS   BANK3          

        CLASS   BANK4          

        CLASS   BANK5          

        CLASS   BANK6          

        CLASS   BANK7          

        CLASS   BANK8          

        CLASS   BANK9          

        CLASS   BANK10         

        CLASS   BANK11         

        CLASS   BANK12         

        CLASS   BANK13         

        CLASS   BANK14         

        CLASS   BANK15         

        CLASS   SFR            

        CLASS   BIGSFR         

        CLASS   CONFIG         
                config                            1FFF8    1FFF8        6         4

        CLASS   FARRAM         

        CLASS   HEAP           

        CLASS   STACK          

        CLASS   IDLOC          



SEGMENTS        Name                           Load    Length   Top    Selector   Space  Class

                reset_vec                      000000  000004  000004         0       0  CODE    
                cstackCOMRAM                   000001  00005F  000060         1       1  COMRAM  
                intcode                        000008  000058  000060         4       0  CODE    
                cstackBANK0                    000060  00009D  0000FD        60       1  BANK0   
                bssBANK1                       000100  00005F  00015F       100       1  BANK1   
                bssBIGRAM                      00015F  000400  00055F       15F       1  BIGRAM  
                mediumconst                    00CA10  0035F0  010000      6508       0  MEDIUMCO
                text6                          010000  0075AF  0175AF      8000       0  CODE    
                text56                         0175B0  000185  017735      BAD8       0  CODE    
                text1                          017736  000044  01777A      BB9B       0  CODE    


UNUSED ADDRESS RANGES

        Name                Unused          Largest block    Delta
        BANK0            000FD-000FF               3
        BANK10           00A00-00AFF             100
        BANK11           00B00-00BFF             100
        BANK12           00C00-00CFF             100
        BANK13           00D00-00DFF             100
        BANK14           00E00-00EFF             100
        BANK15           00F00-00F3F              40
        BANK5            0055F-005FF              A1
        BANK6            00600-006FF             100
        BANK7            00700-007FF             100
        BANK8            00800-008FF             100
        BANK9            00900-009FF             100
        BIGRAM           000FD-000FF               3
                         0055F-00F3F             9E1
        BIGSFR           00F40-00FFF              C0
        CODE             00004-00007               4
                         00060-0CA0F            C9B0
                         175AF-175AF               1
                         17735-17735               1
                         1777A-1FFF7            887E
        CONST            00004-00007               4
                         00060-0CA0F            C9B0
                         175AF-175AF               1
                         17735-17735               1
                         1777A-1FFF7            887E
        MEDIUMCONST      01000-0CA0F            BA10
                         175AF-175AF               1
                         17735-17735               1
                         1777A-1FFF7            887E
        RAM              000FD-000FF               3
                         0055F-00F3F             100
        SFR              00F40-00FFF              20
        SMALLCONST       01000-0CA0F             100
                         175AF-175AF               1
                         17735-17735               1
                         1777A-1FFF7             100

                                  Symbol Table

?___awdiv                                cstackCOMRAM  00001
?___lldiv                                cstackCOMRAM  0000A
?___llmod                                cstackCOMRAM  00001
?___lodiv                                cstackCOMRAM  00001
?___lomod                                cstackCOMRAM  00001
?___lwdiv                                cstackCOMRAM  00001
?___lwmod                                cstackCOMRAM  00001
?___wmul                                 cstackCOMRAM  00001
?_atoi                                   cstackCOMRAM  00007
?_isdigit                                cstackCOMRAM  00001
?_isspace                                cstackCOMRAM  00001
?_sprintf                                cstackBANK0   00060
?_vfprintf                               cstackCOMRAM  00054
Button_EventGet@key                      cstackCOMRAM  00003
Button_Init@i                            cstackCOMRAM  0000F
Button_Update@key                        cstackCOMRAM  00013
Button_Update@now_pressed                cstackCOMRAM  00012
CapacitanceDisplay@bat_param             cstackBANK0   00079
CellCount@bat_param                      cstackBANK0   00079
CellCount@set_mode                       cstackBANK0   0007B
ChargerMode@bat_param                    cstackCOMRAM  00022
ChargerMode@set_mode                     cstackCOMRAM  00024
ChemistryDisplay@bat_param               cstackCOMRAM  00022
ChemistryDisplay@set_mode                cstackCOMRAM  00024
CurrentDisplay@bat_param                 cstackBANK0   00079
CycleDisplay@bat_param                   cstackBANK0   00079
CycleSet@bat_param                       cstackBANK0   00079
CycleSet@set_mode                        cstackBANK0   0007B
GLCD_BufferRead@X                        cstackCOMRAM  00005
GLCD_BufferRead@Y                        cstackCOMRAM  00001
GLCD_BufferWrite@Data                    cstackCOMRAM  00002
GLCD_BufferWrite@X                       cstackCOMRAM  00006
GLCD_BufferWrite@Y                       cstackCOMRAM  00001
GLCD_DrawHLine@Color                     cstackCOMRAM  0000F
GLCD_DrawHLine@X1                        cstackCOMRAM  00011
GLCD_DrawHLine@X2                        cstackCOMRAM  0000D
GLCD_DrawHLine@Y                         cstackCOMRAM  0000E
GLCD_DrawHLine@t                         cstackCOMRAM  00010
GLCD_DrawRectangle@Color                 cstackCOMRAM  00024
GLCD_DrawRectangle@X1                    cstackCOMRAM  00025
GLCD_DrawRectangle@X2                    cstackCOMRAM  00022
GLCD_DrawRectangle@Y1                    cstackCOMRAM  00021
GLCD_DrawRectangle@Y2                    cstackCOMRAM  00023
GLCD_DrawVLine@Color                     cstackCOMRAM  0001E
GLCD_DrawVLine@X                         cstackCOMRAM  0001D
GLCD_DrawVLine@Y1                        cstackCOMRAM  00020
GLCD_DrawVLine@Y2                        cstackCOMRAM  0001C
GLCD_DrawVLine@t                         cstackCOMRAM  0001F
GLCD_FillRectangle@Color                 cstackCOMRAM  0001F
GLCD_FillRectangle@X1                    cstackCOMRAM  00020
GLCD_FillRectangle@X2                    cstackCOMRAM  0001D
GLCD_FillRectangle@Y1                    cstackCOMRAM  0001C
GLCD_FillRectangle@Y2                    cstackCOMRAM  0001E
GLCD_FillScreen@Color                    cstackCOMRAM  00007
GLCD_FillScreen@i                        cstackCOMRAM  00008
GLCD_FillScreen@j                        cstackCOMRAM  00009
GLCD_GotoX@X                             cstackCOMRAM  00001
GLCD_GotoXY@X                            cstackCOMRAM  00003
GLCD_GotoXY@Y                            cstackCOMRAM  00002
GLCD_GotoY@Y                             cstackCOMRAM  00001
GLCD_PrintChar@Character                 cstackCOMRAM  0000F
GLCD_PrintChar@data                      cstackCOMRAM  0001D
GLCD_PrintChar@data_next                 cstackCOMRAM  00012
GLCD_PrintChar@fontRead                  cstackCOMRAM  00018
GLCD_PrintChar@fontStart                 cstackCOMRAM  00014
GLCD_PrintChar@i                         cstackCOMRAM  0001B
GLCD_PrintChar@j                         cstackCOMRAM  0001C
GLCD_PrintChar@lines                     cstackCOMRAM  00017
GLCD_PrintChar@overflow                  cstackCOMRAM  0001A
GLCD_PrintChar@width                     cstackCOMRAM  00016
GLCD_PrintChar@x                         cstackCOMRAM  00013
GLCD_PrintChar@y                         cstackCOMRAM  00011
GLCD_PrintChar@y2                        cstackCOMRAM  00010
GLCD_PrintString@Text                    cstackCOMRAM  0001E
GLCD_Render@i                            cstackCOMRAM  00016
GLCD_Render@j                            cstackCOMRAM  00015
GLCD_SelectChip@Chip                     cstackCOMRAM  00001
GLCD_SelectChip@off                      cstackCOMRAM  00002
GLCD_Send@Data                           cstackCOMRAM  00001
GLCD_SendCommand@Chip                    cstackCOMRAM  00006
GLCD_SendCommand@Command                 cstackCOMRAM  00007
GLCD_SendData@Chip                       cstackCOMRAM  0000F
GLCD_SendData@Data                       cstackCOMRAM  00014
GLCD_SetFont@Height                      cstackCOMRAM  0000C
GLCD_SetFont@Invert                      cstackCOMRAM  0000E
GLCD_SetFont@Mode                        cstackCOMRAM  0000D
GLCD_SetFont@Name                        cstackCOMRAM  00009
GLCD_SetFont@Width                       cstackCOMRAM  0000B
GLCD_SetPixel@Color                      cstackCOMRAM  00008
GLCD_SetPixel@X                          cstackCOMRAM  0000B
GLCD_SetPixel@Y                          cstackCOMRAM  00007
GLCD_SetPixel@data                       cstackCOMRAM  0000C
GLCD_SetPixels@Color                     cstackCOMRAM  0000A
GLCD_SetPixels@X1                        cstackCOMRAM  00018
GLCD_SetPixels@X2                        cstackCOMRAM  00008
GLCD_SetPixels@Y1                        cstackCOMRAM  00007
GLCD_SetPixels@Y2                        cstackCOMRAM  00009
GLCD_SetPixels@data                      cstackCOMRAM  0001B
GLCD_SetPixels@h                         cstackCOMRAM  00015
GLCD_SetPixels@height                    cstackCOMRAM  0001A
GLCD_SetPixels@i                         cstackCOMRAM  00017
GLCD_SetPixels@mask                      cstackCOMRAM  00019
GLCD_SetPixels@offset                    cstackCOMRAM  00016
GLCD_SetPixels@width                     cstackCOMRAM  00014
GLCD_WaitBusy@Chip                       cstackCOMRAM  00004
GLCD_WaitBusy@status                     cstackCOMRAM  00005
Handle_Main_MenuNavigation@option        cstackCOMRAM  00026
Handle_Setting1_MenuNavigation@option    cstackCOMRAM  00026
Handle_Setting23_MenuNavigation@option   cstackCOMRAM  00026
Handle_Setting5_MenuNavigation@option    cstackCOMRAM  00026
ISR@counter_second                       bssBANK1      00110
InitBattParameters@bat_param             cstackCOMRAM  00001
Menu@bat_param                           cstackBANK0   0007E
Menu@menu_change                         dataBANK0     000FC
Menu@menu_init                           bssBANK0      000E9
Menu@menu_pos                            bssBANK0      000E8
Menu@menu_selection                      bssBANK0      000EA
Menu@menu_type                           bssBANK0      000EB
Menu@param_pos                           dataBANK0     000FB
Menu@switch_param                        bssBANK0      000E7
Menu@val                                 cstackBANK0   00084
MinimumDischargeVoltage@bat_param        cstackBANK0   00079
MinimumDischargeVoltage@set_mode         cstackBANK0   0007B
Options1_Menu@bat_param                  cstackBANK0   0007C
Options2_Menu@bat_param                  cstackBANK0   0007C
Options3_Menu@bat_param                  cstackBANK0   0007C
Options4_Menu@bat_param                  cstackBANK0   0007C
Options5_Menu@bat_param                  cstackBANK0   0007C
SetCellVotage@bat_param                  cstackBANK0   00079
SetCellVotage@set_mode                   cstackBANK0   0007B
SetChargingCurrent_1@bat_param           cstackBANK0   00079
SetChargingCurrent_1@set_mode            cstackBANK0   0007B
SetChargingCurrent_2@bat_param           cstackBANK0   00079
SetChargingCurrent_2@set_mode            cstackBANK0   0007B
SetChargingCurrent_3@bat_param           cstackBANK0   00079
SetChargingCurrent_3@set_mode            cstackBANK0   0007B
SetChargingCurrent_4@bat_param           cstackBANK0   00079
SetChargingCurrent_4@set_mode            cstackBANK0   0007B
SetDischargingCurrent_1@bat_param        cstackBANK0   00079
SetDischargingCurrent_1@set_mode         cstackBANK0   0007B
SetDischargingCurrent_2@bat_param        cstackBANK0   00079
SetDischargingCurrent_2@set_mode         cstackBANK0   0007B
SetDischargingCurrent_3@bat_param        cstackBANK0   00079
SetDischargingCurrent_3@set_mode         cstackBANK0   0007B
SetDischargingCurrent_4@bat_param        cstackBANK0   00079
SetDischargingCurrent_4@set_mode         cstackBANK0   0007B
SetMaxTime@bat_param                     cstackBANK0   00079
SetMaxTime@set_mode                      cstackBANK0   0007B
SetTemp@bat_param                        cstackBANK0   00079
SetTemp@set_mode                         cstackBANK0   0007B
SingleBat_Menu@bat_param                 cstackBANK0   0007B
TempDisplay@bat_param                    cstackBANK0   00079
TimeDisplay@bat_param                    cstackBANK0   00079
TrickleCurrent@bat_param                 cstackBANK0   00079
TrickleCurrent@set_mode                  cstackBANK0   0007B
TrickleVoltage@bat_param                 cstackBANK0   00079
TrickleVoltage@set_mode                  cstackBANK0   0007B
TwoBatMenu@F6066                         mediumconst   0CA30
TwoBatMenu@F6068                         mediumconst   0CA26
TwoBatMenu@F6070                         mediumconst   0CA11
TwoBatMenu@F6072                         mediumconst   0CA1C
UART_SendChar@data                       cstackCOMRAM  00001
VoltageDisplay@bat_param                 cstackBANK0   00079
_ButtonDown                              text82        1769C
_ButtonLeft                              text83        176B0
_ButtonOK                                text81        17688
_ButtonRight                             text84        176C4
_ButtonUp                                text85        176D8
_Button_EventGet                         text87        174E4
_Button_Event_Reset                      text86        17210
_Button_Init                             text99        141E8
_Button_Init$1303                        cstackCOMRAM  00007
_Button_Init$1304                        cstackCOMRAM  00009
_Button_Init$1305                        cstackCOMRAM  0000B
_Button_Init$1315                        cstackCOMRAM  0000D
_Button_Update                           text78        131B0
_CCP3CONbits                             (abs)         00FB1
_CCPR3L                                  (abs)         00FB2
_CapacitanceDisplay                      text16        17376
_CellCount                               text42        15882
_ChargerMode                             text41        15640
_ChemistryDisplay                        text40        15508
_CurrentDisplay                          text15        170C4
_CycleDisplay                            text14        1706E
_CycleSet                                text39        15CA4
_Font5x8                                 mediumconst   0FBBA
_GLCD_BufferRead                         text77        17550
_GLCD_BufferWrite                        text71        1751C
_GLCD_Clear                              text37        17602
_GLCD_Clear$173                          cstackCOMRAM  0000A
_GLCD_DrawHLine                          text69        17260
_GLCD_DrawRectangle                      text66        16AEC
_GLCD_DrawVLine                          text67        174AC
_GLCD_FillRectangle                      text65        17626
_GLCD_FillScreen                         text38        173B8
_GLCD_GotoX                              text98        1765A
_GLCD_GotoXY                             text96        17746
_GLCD_GotoY                              text97        17640
_GLCD_PrintChar                          text63        1286A
_GLCD_PrintString                        text62        169CA
_GLCD_Render                             text72        16F58
_GLCD_SelectChip                         text93        173F8
_GLCD_Send                               text94        1647A
_GLCD_SendCommand                        text91        17436
_GLCD_SendData                           text75        16930
_GLCD_SendData$160                       cstackCOMRAM  00012
_GLCD_SetFont                            text61        16A5C
_GLCD_SetPixel                           text70        16D10
_GLCD_SetPixels                          text68        138EE
_GLCD_SetPixels$210                      cstackCOMRAM  00010
_GLCD_SetPixels$211                      cstackCOMRAM  00012
_GLCD_Setup                              text90        16C88
_GLCD_WaitBusy                           text92        17014
_Handle_Main_MenuNavigation              text60        1452C
_Handle_Setting1_MenuNavigation          text59        13DA6
_Handle_Setting23_MenuNavigation         text58        12D32
_Handle_Setting5_MenuNavigation          text57        13B5E
_INTCONbits                              (abs)         00FF2
_ISR                                     intcode       00008
_InitBattParameters                      text89        143AA
_Init_Timer0                             text88        176EC
_LATAbits                                (abs)         00F89
_LATD                                    (abs)         00F8C
_LATE                                    (abs)         00F8D
_Menu                                    text6         10000
_MinimumDischargeVoltage                 text34        153C2
_OSCCONbits                              (abs)         00FD3
_OSCTUNEbits                             (abs)         00F9B
_Options1_Menu                           text36        167E4
_Options2_Menu                           text30        1668E
_Options3_Menu                           text27        16C00
_Options4_Menu                           text22        165E2
_Options5_Menu                           text17        16148
_PORTC                                   (abs)         00F82
_PORTE                                   (abs)         00F84
_PORTG                                   (abs)         00F86
_PR2                                     (abs)         00FCB
_Pulse_En                                text95        17712
_RCSTA2bits                              (abs)         00F9C
_SPBRG2                                  (abs)         00FAB
_SetCellVotage                           text33        1527C
_SetChargingCurrent_1                    text26        15A94
_SetChargingCurrent_2                    text25        14AA6
_SetChargingCurrent_3                    text21        14952
_SetChargingCurrent_4                    text20        147FE
_SetDischargingCurrent_1                 text24        1598C
_SetDischargingCurrent_2                 text23        14E9E
_SetDischargingCurrent_3                 text19        14D4C
_SetDischargingCurrent_4                 text18        14BFA
_SetMaxTime                              text29        14FF0
_SetTemp                                 text28        15778
_SingleBat_Menu                          text7         15F98
_T0CONbits                               (abs)         00FD5
_T2CONbits                               (abs)         00FCA
_TMR0                                    (abs)         00FD6
_TRISAbits                               (abs)         00F92
_TRISC                                   (abs)         00F94
_TRISD                                   (abs)         00F95
_TRISDbits                               (abs)         00F95
_TRISE                                   (abs)         00F96
_TRISG                                   (abs)         00F98
_TRISGbits                               (abs)         00F98
_TXREG2                                  (abs)         00FA9
_TXSTA2bits                              (abs)         00FA8
_Tahoma11x13                             mediumconst   0F31A
_Tekton_Pro_Ext27x28                     mediumconst   0CA3A
_TempDisplay                             text13        172EE
_TimeDisplay                             text10        15DAA
_TrickleCurrent                          text32        15B9C
_TrickleVoltage                          text31        15136
_UART_SendChar                           text51        17672
_VoltageDisplay                          text9         16074
__HRAM                                   (abs)         00000
__Habs1                                  abs1          00000
__Hbank0                                 bank0         00000
__Hbank1                                 bank1         00000
__Hbank10                                bank10        00000
__Hbank11                                bank11        00000
__Hbank12                                bank12        00000
__Hbank13                                bank13        00000
__Hbank14                                bank14        00000
__Hbank15                                bank15        00000
__Hbank2                                 bank2         00000
__Hbank3                                 bank3         00000
__Hbank4                                 bank4         00000
__Hbank5                                 bank5         00000
__Hbank6                                 bank6         00000
__Hbank7                                 bank7         00000
__Hbank8                                 bank8         00000
__Hbank9                                 bank9         00000
__Hbigbss                                bigbss        00000
__Hbigdata                               bigdata       00000
__Hbigram                                bigram        00000
__Hbigsfr                                bigsfr        00000
__Hbss                                   bss           00000
__HbssBANK0                              bssBANK0      00000
__HbssBANK1                              bssBANK1      00000
__HbssBIGRAM                             bssBIGRAM     00000
__HbssCOMRAM                             bssCOMRAM     00000
__Hcinit                                 cinit         00000
__Hclrtext                               clrtext       00000
__Hcomram                                comram        00000
__Hconfig                                config        1FFFE
__Hconst                                 const         00000
__HcstackBANK0                           cstackBANK0   00000
__HcstackCOMRAM                          cstackCOMRAM  00000
__Hdata                                  data          00000
__HdataBANK0                             dataBANK0     00000
__HdataBANK1                             dataBANK1     00000
__Hfarbss                                farbss        00000
__Hfardata                               fardata       00000
__Hheap                                  heap          00000
__Hibigdata                              ibigdata      00000
__Hidata                                 idata         00000
__HidataBANK0                            idataBANK0    00000
__HidataBANK1                            idataBANK1    00000
__Hidloc                                 idloc         00000
__Hifardata                              ifardata      00000
__Hinit                                  init          00060
__Hintcode                               intcode       0005C
__Hintcode_body                          intcode_body  00000
__Hintcodelo                             intcodelo     0005C
__Hintentry                              intentry      00000
__Hintret                                intret        00000
__Hintsave_regs                          intsave_regs  00000
__Hirdata                                irdata        00000
__Hjflash_buffer                         jflash_buffer 1F800
__Hmediumconst                           mediumconst   10000
__HnvFARRAM                              nvFARRAM      00000
__Hnvbit                                 nvbit         00000
__Hnvrram                                nvrram        00000
__Hparam                                 rparam        00000
__Hpowerup                               powerup       0005C
__Hram                                   ram           00000
__Hramtop                                ramtop        01000
__Hrbit                                  rbit          00000
__Hrbss                                  rbss          00000
__Hrdata                                 rdata         00000
__Hreset_vec                             reset_vec     00004
__Hrparam                                rparam        00000
__Hsfr                                   sfr           00000
__Hsmallconst                            smallconst    00000
__Hspace_0                               (abs)         1F800
__Hspace_1                               (abs)         0055F
__Hspace_2                               (abs)         00000
__Hspace_4                               (abs)         3FFF6
__Hstack                                 stack         00000
__Hstruct                                struct        00000
__Htemp                                  temp          00060
__Htext                                  text          00000
__Htext0                                 text0         00000
__Htext1                                 text1         00000
__Htext10                                text10        00000
__Htext11                                text11        00000
__Htext12                                text12        00000
__Htext13                                text13        00000
__Htext14                                text14        00000
__Htext15                                text15        00000
__Htext16                                text16        00000
__Htext17                                text17        00000
__Htext18                                text18        00000
__Htext19                                text19        00000
__Htext2                                 text2         00000
__Htext20                                text20        00000
__Htext21                                text21        00000
__Htext22                                text22        00000
__Htext23                                text23        00000
__Htext24                                text24        00000
__Htext25                                text25        00000
__Htext26                                text26        00000
__Htext27                                text27        00000
__Htext28                                text28        00000
__Htext29                                text29        00000
__Htext3                                 text3         00000
__Htext30                                text30        00000
__Htext31                                text31        00000
__Htext32                                text32        00000
__Htext33                                text33        00000
__Htext34                                text34        00000
__Htext35                                text35        00000
__Htext36                                text36        00000
__Htext37                                text37        00000
__Htext38                                text38        00000
__Htext39                                text39        00000
__Htext4                                 text4         00000
__Htext40                                text40        00000
__Htext41                                text41        00000
__Htext42                                text42        00000
__Htext43                                text43        00000
__Htext44                                text44        00000
__Htext45                                text45        00000
__Htext46                                text46        00000
__Htext47                                text47        00000
__Htext48                                text48        00000
__Htext49                                text49        00000
__Htext5                                 text5         00000
__Htext50                                text50        00000
__Htext51                                text51        00000
__Htext52                                text52        00000
__Htext53                                text53        00000
__Htext54                                text54        00000
__Htext55                                text55        00000
__Htext56                                text56        00000
__Htext57                                text57        00000
__Htext58                                text58        00000
__Htext59                                text59        00000
__Htext6                                 text6         00000
__Htext60                                text60        00000
__Htext61                                text61        00000
__Htext62                                text62        00000
__Htext63                                text63        00000
__Htext64                                text64        00000
__Htext65                                text65        00000
__Htext66                                text66        00000
__Htext67                                text67        00000
__Htext68                                text68        00000
__Htext69                                text69        00000
__Htext7                                 text7         00000
__Htext70                                text70        00000
__Htext71                                text71        00000
__Htext72                                text72        00000
__Htext73                                text73        00000
__Htext74                                text74        00000
__Htext75                                text75        00000
__Htext76                                text76        00000
__Htext77                                text77        00000
__Htext78                                text78        00000
__Htext79                                text79        00000
__Htext8                                 text8         00000
__Htext80                                text80        00000
__Htext81                                text81        00000
__Htext82                                text82        00000
__Htext83                                text83        00000
__Htext84                                text84        00000
__Htext85                                text85        00000
__Htext86                                text86        00000
__Htext87                                text87        00000
__Htext88                                text88        00000
__Htext89                                text89        00000
__Htext9                                 text9         00000
__Htext90                                text90        00000
__Htext91                                text91        00000
__Htext92                                text92        00000
__Htext93                                text93        00000
__Htext94                                text94        00000
__Htext95                                text95        00000
__Htext96                                text96        00000
__Htext97                                text97        00000
__Htext98                                text98        00000
__Htext99                                text99        00000
__LRAM                                   (abs)         00001
__Labs1                                  abs1          00000
__Lbank0                                 bank0         00000
__Lbank1                                 bank1         00000
__Lbank10                                bank10        00000
__Lbank11                                bank11        00000
__Lbank12                                bank12        00000
__Lbank13                                bank13        00000
__Lbank14                                bank14        00000
__Lbank15                                bank15        00000
__Lbank2                                 bank2         00000
__Lbank3                                 bank3         00000
__Lbank4                                 bank4         00000
__Lbank5                                 bank5         00000
__Lbank6                                 bank6         00000
__Lbank7                                 bank7         00000
__Lbank8                                 bank8         00000
__Lbank9                                 bank9         00000
__Lbigbss                                bigbss        00000
__Lbigdata                               bigdata       00000
__Lbigram                                bigram        00000
__Lbigsfr                                bigsfr        00000
__Lbss                                   bss           00000
__LbssBANK0                              bssBANK0      00000
__LbssBANK1                              bssBANK1      00000
__LbssBIGRAM                             bssBIGRAM     00000
__LbssCOMRAM                             bssCOMRAM     00000
__Lcinit                                 cinit         00000
__Lclrtext                               clrtext       00000
__Lcomram                                comram        00000
__Lconfig                                config        00000
__Lconst                                 const         00000
__LcstackBANK0                           cstackBANK0   00000
__LcstackCOMRAM                          cstackCOMRAM  00000
__Ldata                                  data          00000
__LdataBANK0                             dataBANK0     00000
__LdataBANK1                             dataBANK1     00000
__Lfarbss                                farbss        00000
__Lfardata                               fardata       00000
__Lheap                                  heap          00000
__Libigdata                              ibigdata      00000
__Lidata                                 idata         00000
__LidataBANK0                            idataBANK0    00000
__LidataBANK1                            idataBANK1    00000
__Lidloc                                 idloc         00000
__Lifardata                              ifardata      00000
__Linit                                  init          0005C
__Lintcode                               intcode       00008
__Lintcode_body                          intcode_body  00000
__Lintcodelo                             intcodelo     0005C
__Lintentry                              intentry      00000
__Lintret                                intret        00000
__Lintsave_regs                          intsave_regs  00000
__Lirdata                                irdata        00000
__Ljflash_buffer                         jflash_buffer 1F800
__Lmediumconst                           mediumconst   0CA10
__LnvFARRAM                              nvFARRAM      00000
__Lnvbit                                 nvbit         00000
__Lnvrram                                nvrram        00000
__Lparam                                 rparam        00000
__Lpowerup                               powerup       0005C
__Lram                                   ram           00000
__Lramtop                                ramtop        01000
__Lrbit                                  rbit          00000
__Lrbss                                  rbss          00000
__Lrdata                                 rdata         00000
__Lreset_vec                             reset_vec     00000
__Lrparam                                rparam        00000
__Lsfr                                   sfr           00000
__Lsmallconst                            smallconst    00000
__Lspace_0                               (abs)         00000
__Lspace_1                               (abs)         00000
__Lspace_2                               (abs)         00000
__Lspace_4                               (abs)         00000
__Lstack                                 stack         00000
__Lstruct                                struct        00000
__Ltemp                                  temp          0005F
__Ltext                                  text          00000
__Ltext0                                 text0         00000
__Ltext1                                 text1         00000
__Ltext10                                text10        00000
__Ltext11                                text11        00000
__Ltext12                                text12        00000
__Ltext13                                text13        00000
__Ltext14                                text14        00000
__Ltext15                                text15        00000
__Ltext16                                text16        00000
__Ltext17                                text17        00000
__Ltext18                                text18        00000
__Ltext19                                text19        00000
__Ltext2                                 text2         00000
__Ltext20                                text20        00000
__Ltext21                                text21        00000
__Ltext22                                text22        00000
__Ltext23                                text23        00000
__Ltext24                                text24        00000
__Ltext25                                text25        00000
__Ltext26                                text26        00000
__Ltext27                                text27        00000
__Ltext28                                text28        00000
__Ltext29                                text29        00000
__Ltext3                                 text3         00000
__Ltext30                                text30        00000
__Ltext31                                text31        00000
__Ltext32                                text32        00000
__Ltext33                                text33        00000
__Ltext34                                text34        00000
__Ltext35                                text35        00000
__Ltext36                                text36        00000
__Ltext37                                text37        00000
__Ltext38                                text38        00000
__Ltext39                                text39        00000
__Ltext4                                 text4         00000
__Ltext40                                text40        00000
__Ltext41                                text41        00000
__Ltext42                                text42        00000
__Ltext43                                text43        00000
__Ltext44                                text44        00000
__Ltext45                                text45        00000
__Ltext46                                text46        00000
__Ltext47                                text47        00000
__Ltext48                                text48        00000
__Ltext49                                text49        00000
__Ltext5                                 text5         00000
__Ltext50                                text50        00000
__Ltext51                                text51        00000
__Ltext52                                text52        00000
__Ltext53                                text53        00000
__Ltext54                                text54        00000
__Ltext55                                text55        00000
__Ltext56                                text56        00000
__Ltext57                                text57        00000
__Ltext58                                text58        00000
__Ltext59                                text59        00000
__Ltext6                                 text6         00000
__Ltext60                                text60        00000
__Ltext61                                text61        00000
__Ltext62                                text62        00000
__Ltext63                                text63        00000
__Ltext64                                text64        00000
__Ltext65                                text65        00000
__Ltext66                                text66        00000
__Ltext67                                text67        00000
__Ltext68                                text68        00000
__Ltext69                                text69        00000
__Ltext7                                 text7         00000
__Ltext70                                text70        00000
__Ltext71                                text71        00000
__Ltext72                                text72        00000
__Ltext73                                text73        00000
__Ltext74                                text74        00000
__Ltext75                                text75        00000
__Ltext76                                text76        00000
__Ltext77                                text77        00000
__Ltext78                                text78        00000
__Ltext79                                text79        00000
__Ltext8                                 text8         00000
__Ltext80                                text80        00000
__Ltext81                                text81        00000
__Ltext82                                text82        00000
__Ltext83                                text83        00000
__Ltext84                                text84        00000
__Ltext85                                text85        00000
__Ltext86                                text86        00000
__Ltext87                                text87        00000
__Ltext88                                text88        00000
__Ltext89                                text89        00000
__Ltext9                                 text9         00000
__Ltext90                                text90        00000
__Ltext91                                text91        00000
__Ltext92                                text92        00000
__Ltext93                                text93        00000
__Ltext94                                text94        00000
__Ltext95                                text95        00000
__Ltext96                                text96        00000
__Ltext97                                text97        00000
__Ltext98                                text98        00000
__Ltext99                                text99        00000
__S0                                     (abs)         1777A
__S1                                     (abs)         0055F
__S4                                     (abs)         00000
___GLCD                                  bssBANK0      000D7
___GLCD_Buffer                           bssBIGRAM     0015F
___GLCD_GotoX                            text76        16E0A
___GLCD_GotoX$424                        cstackCOMRAM  0000A
___GLCD_GotoX@X                          cstackCOMRAM  0000E
___GLCD_GotoX@chip                       cstackCOMRAM  0000D
___GLCD_GotoX@cmd                        cstackCOMRAM  0000C
___GLCD_GotoY                            text73        17472
___GLCD_GotoY@Y                          cstackCOMRAM  0000A
___GLCD_GotoY@cmd                        cstackCOMRAM  00009
___awdiv                                 text74        163B6
___awdiv@counter                         cstackCOMRAM  00005
___awdiv@dividend                        cstackCOMRAM  00001
___awdiv@divisor                         cstackCOMRAM  00003
___awdiv@quotient                        cstackCOMRAM  00007
___awdiv@sign                            cstackCOMRAM  00006
___extmem_base                           (abs)         20000
___heap_hi                               (abs)         00000
___heap_lo                               (abs)         00000
___inthi_sp                              stack         00000
___intlo_sp                              stack         00000
___lbdiv                                 text80        16FB8
___lbdiv@counter                         cstackCOMRAM  00003
___lbdiv@dividend                        cstackCOMRAM  00002
___lbdiv@divisor                         cstackCOMRAM  00001
___lbdiv@quotient                        cstackCOMRAM  00004
___lldiv                                 text12        1688C
___lldiv@counter                         cstackCOMRAM  00016
___lldiv@dividend                        cstackCOMRAM  0000A
___lldiv@divisor                         cstackCOMRAM  0000E
___lldiv@quotient                        cstackCOMRAM  00012
___llmod                                 text11        16B78
___llmod@counter                         cstackCOMRAM  00009
___llmod@dividend                        cstackCOMRAM  00001
___llmod@divisor                         cstackCOMRAM  00005
___lodiv                                 text53        15EA8
___lodiv@counter                         cstackCOMRAM  00019
___lodiv@dividend                        cstackCOMRAM  00001
___lodiv@divisor                         cstackCOMRAM  00009
___lodiv@quotient                        cstackCOMRAM  00011
___lomod                                 text52        1621C
___lomod@counter                         cstackCOMRAM  00011
___lomod@dividend                        cstackCOMRAM  00001
___lomod@divisor                         cstackCOMRAM  00009
___lwdiv                                 text79        16E80
___lwdiv@counter                         cstackCOMRAM  00007
___lwdiv@dividend                        cstackCOMRAM  00001
___lwdiv@divisor                         cstackCOMRAM  00003
___lwdiv@quotient                        cstackCOMRAM  00005
___lwmod                                 text35        16EF4
___lwmod@counter                         cstackCOMRAM  00005
___lwmod@dividend                        cstackCOMRAM  00001
___lwmod@divisor                         cstackCOMRAM  00003
___param_bank                            (abs)         00000
___rparam_used                           (abs)         00001
___sp                                    stack         00000
___wmul                                  text64        175DC
___wmul@multiplicand                     cstackCOMRAM  00003
___wmul@multiplier                       cstackCOMRAM  00001
___wmul@product                          cstackCOMRAM  00005
__accesstop                              (abs)         00060
__activetblptr                           (abs)         00003
__end_ofTwoBatMenu@F6066                 mediumconst   0CA3A
__end_ofTwoBatMenu@F6068                 mediumconst   0CA30
__end_ofTwoBatMenu@F6070                 mediumconst   0CA1C
__end_ofTwoBatMenu@F6072                 mediumconst   0CA26
__end_of_ButtonDown                      text82        176B0
__end_of_ButtonLeft                      text83        176C4
__end_of_ButtonOK                        text81        1769C
__end_of_ButtonRight                     text84        176D8
__end_of_ButtonUp                        text85        176EC
__end_of_Button_EventGet                 text87        1751C
__end_of_Button_Event_Reset              text86        17260
__end_of_Button_Init                     text99        143AA
__end_of_Button_Update                   text78        135D0
__end_of_CapacitanceDisplay              text16        173B8
__end_of_CellCount                       text42        1598C
__end_of_ChargerMode                     text41        15778
__end_of_ChemistryDisplay                text40        15640
__end_of_CurrentDisplay                  text15        1711A
__end_of_CycleDisplay                    text14        170C4
__end_of_CycleSet                        text39        15DAA
__end_of_Font5x8                         mediumconst   0FDFA
__end_of_GLCD_BufferRead                 text77        17582
__end_of_GLCD_BufferWrite                text71        17550
__end_of_GLCD_Clear                      text37        17626
__end_of_GLCD_DrawHLine                  text69        172A8
__end_of_GLCD_DrawRectangle              text66        16B78
__end_of_GLCD_DrawVLine                  text67        174E4
__end_of_GLCD_FillRectangle              text65        17640
__end_of_GLCD_FillScreen                 text38        173F8
__end_of_GLCD_GotoX                      text98        17672
__end_of_GLCD_GotoXY                     text96        17756
__end_of_GLCD_GotoY                      text97        1765A
__end_of_GLCD_PrintChar                  text63        12D32
__end_of_GLCD_PrintString                text62        16A5C
__end_of_GLCD_Render                     text72        16FB8
__end_of_GLCD_SelectChip                 text93        17436
__end_of_GLCD_Send                       text94        16532
__end_of_GLCD_SendCommand                text91        17472
__end_of_GLCD_SendData                   text75        169CA
__end_of_GLCD_SetFont                    text61        16AEC
__end_of_GLCD_SetPixel                   text70        16D92
__end_of_GLCD_SetPixels                  text68        13B5E
__end_of_GLCD_Setup                      text90        16D10
__end_of_GLCD_WaitBusy                   text92        1706E
__end_of_Handle_Main_MenuNavigation      text60        146A0
__end_of_Handle_Setting1_MenuNavigation  text59        13FEE
__end_of_Handle_Setting23_MenuNavigation text58        131B0
__end_of_Handle_Setting5_MenuNavigation  text57        13DA6
__end_of_ISR                             intcode       0005C
__end_of_InitBattParameters              text89        1452C
__end_of_Init_Timer0                     text88        17700
__end_of_Menu                            text6         1286A
__end_of_MinimumDischargeVoltage         text34        15508
__end_of_Options1_Menu                   text36        1688C
__end_of_Options2_Menu                   text30        1673A
__end_of_Options3_Menu                   text27        16C88
__end_of_Options4_Menu                   text22        1668E
__end_of_Options5_Menu                   text17        1621C
__end_of_Pulse_En                        text95        17724
__end_of_SetCellVotage                   text33        153C2
__end_of_SetChargingCurrent_1            text26        15B9C
__end_of_SetChargingCurrent_2            text25        14BFA
__end_of_SetChargingCurrent_3            text21        14AA6
__end_of_SetChargingCurrent_4            text20        14952
__end_of_SetDischargingCurrent_1         text24        15A94
__end_of_SetDischargingCurrent_2         text23        14FF0
__end_of_SetDischargingCurrent_3         text19        14E9E
__end_of_SetDischargingCurrent_4         text18        14D4C
__end_of_SetMaxTime                      text29        15136
__end_of_SetTemp                         text28        15882
__end_of_SingleBat_Menu                  text7         16074
__end_of_Tahoma11x13                     mediumconst   0FBBA
__end_of_Tekton_Pro_Ext27x28             mediumconst   0F31A
__end_of_TempDisplay                     text13        17332
__end_of_TimeDisplay                     text10        15EA8
__end_of_TrickleCurrent                  text32        15CA4
__end_of_TrickleVoltage                  text31        1527C
__end_of_UART_SendChar                   text51        17688
__end_of_VoltageDisplay                  text9         16148
__end_of___GLCD_GotoX                    text76        16E80
__end_of___GLCD_GotoY                    text73        174AC
__end_of___awdiv                         text74        1647A
__end_of___lbdiv                         text80        17014
__end_of___lldiv                         text12        16930
__end_of___llmod                         text11        16C00
__end_of___lodiv                         text53        15F98
__end_of___lomod                         text52        162EC
__end_of___lwdiv                         text79        16EF4
__end_of___lwmod                         text35        16F58
__end_of___wmul                          text64        17602
__end_of__initialization                 cinit         16E00
__end_of_atoi                            text54        147FE
__end_of_batState                        text8         165E2
__end_of_fputc                           text49        163B6
__end_of_fputs                           text48        17376
__end_of_isdigit                         text56        175DC
__end_of_isspace                         text55        172EE
__end_of_main                            text0         1716C
__end_of_pad                             text47        167E4
__end_of_putch                           text50        1776E
__end_of_setupClock                      text5         17764
__end_of_setupInterrupts                 text4         1777A
__end_of_setupPWM                        text3         17712
__end_of_setupPorts                      text2         17774
__end_of_setupUART                       text1         17746
__end_of_sprintf                         text43        171BE
__end_of_utoa                            text46        141E8
__end_of_vfpfcnvrt                       text45        138EE
__end_of_vfprintf                        text44        17210
__initialization                         cinit         16D92
__mediumconst                            mediumconst   0CA10
__pbssBANK0                              bssBANK0      000D7
__pbssBANK1                              bssBANK1      00100
__pbssBIGRAM                             bssBIGRAM     0015F
__pbssCOMRAM                             bssCOMRAM     0005E
__pcinit                                 cinit         16D92
__pcstackBANK0                           cstackBANK0   00060
__pcstackCOMRAM                          cstackCOMRAM  00001
__pdataBANK0                             dataBANK0     000EC
__pdataBANK1                             dataBANK1     00132
__pidataBANK0                            idataBANK0    17724
__pidataBANK1                            idataBANK1    17582
__pintcode                               intcode       00008
__pmediumconst                           mediumconst   0CA10
__ptext0                                 text0         1711A
__ptext1                                 text1         17736
__ptext10                                text10        15DAA
__ptext11                                text11        16B78
__ptext12                                text12        1688C
__ptext13                                text13        172EE
__ptext14                                text14        1706E
__ptext15                                text15        170C4
__ptext16                                text16        17376
__ptext17                                text17        16148
__ptext18                                text18        14BFA
__ptext19                                text19        14D4C
__ptext2                                 text2         1776E
__ptext20                                text20        147FE
__ptext21                                text21        14952
__ptext22                                text22        165E2
__ptext23                                text23        14E9E
__ptext24                                text24        1598C
__ptext25                                text25        14AA6
__ptext26                                text26        15A94
__ptext27                                text27        16C00
__ptext28                                text28        15778
__ptext29                                text29        14FF0
__ptext3                                 text3         17700
__ptext30                                text30        1668E
__ptext31                                text31        15136
__ptext32                                text32        15B9C
__ptext33                                text33        1527C
__ptext34                                text34        153C2
__ptext35                                text35        16EF4
__ptext36                                text36        167E4
__ptext37                                text37        17602
__ptext38                                text38        173B8
__ptext39                                text39        15CA4
__ptext4                                 text4         17774
__ptext40                                text40        15508
__ptext41                                text41        15640
__ptext42                                text42        15882
__ptext43                                text43        1716C
__ptext44                                text44        171BE
__ptext45                                text45        135D0
__ptext46                                text46        13FEE
__ptext47                                text47        1673A
__ptext48                                text48        17332
__ptext49                                text49        162EC
__ptext5                                 text5         17756
__ptext50                                text50        17764
__ptext51                                text51        17672
__ptext52                                text52        1621C
__ptext53                                text53        15EA8
__ptext54                                text54        146A0
__ptext55                                text55        172A8
__ptext56                                text56        175B0
__ptext57                                text57        13B5E
__ptext58                                text58        12D32
__ptext59                                text59        13DA6
__ptext6                                 text6         10000
__ptext60                                text60        1452C
__ptext61                                text61        16A5C
__ptext62                                text62        169CA
__ptext63                                text63        1286A
__ptext64                                text64        175DC
__ptext65                                text65        17626
__ptext66                                text66        16AEC
__ptext67                                text67        174AC
__ptext68                                text68        138EE
__ptext69                                text69        17260
__ptext7                                 text7         15F98
__ptext70                                text70        16D10
__ptext71                                text71        1751C
__ptext72                                text72        16F58
__ptext73                                text73        17472
__ptext74                                text74        163B6
__ptext75                                text75        16930
__ptext76                                text76        16E0A
__ptext77                                text77        17550
__ptext78                                text78        131B0
__ptext79                                text79        16E80
__ptext8                                 text8         16532
__ptext80                                text80        16FB8
__ptext81                                text81        17688
__ptext82                                text82        1769C
__ptext83                                text83        176B0
__ptext84                                text84        176C4
__ptext85                                text85        176D8
__ptext86                                text86        17210
__ptext87                                text87        174E4
__ptext88                                text88        176EC
__ptext89                                text89        143AA
__ptext9                                 text9         16074
__ptext90                                text90        16C88
__ptext91                                text91        17436
__ptext92                                text92        17014
__ptext93                                text93        173F8
__ptext94                                text94        1647A
__ptext95                                text95        17712
__ptext96                                text96        17746
__ptext97                                text97        17640
__ptext98                                text98        1765A
__ptext99                                text99        141E8
__ramtop                                 ramtop        01000
__smallconst                             smallconst    00000
_atoi                                    text54        146A0
_batState                                text8         16532
_button_counter                          bssBANK0      000E5
_dbuf                                    bssBANK1      00112
_flags                                   bssCOMRAM     0005E
_fputc                                   text49        162EC
_fputs                                   text48        17332
_instance                                dataBANK1     00132
_isdigit                                 text56        175B0
_isspace                                 text55        172A8
_isspace$3331                            cstackCOMRAM  00005
_main                                    text0         1711A
_pad                                     text47        1673A
_prec                                    bssBANK0      000E3
_putch                                   text50        17764
_setupClock                              text5         17756
_setupInterrupts                         text4         17774
_setupPWM                                text3         17700
_setupPorts                              text2         1776E
_setupUART                               text1         17736
_sprintf                                 text43        1716C
_this                                    dataBANK0     000EC
_time                                    bssBANK1      0010C
_utoa                                    text46        13FEE
_vfpfcnvrt                               text45        135D0
_vfprintf                                text44        171BE
_width                                   bssBANK0      000E1
atoi@n                                   cstackCOMRAM  0000E
atoi@neg                                 cstackCOMRAM  0000C
atoi@s                                   cstackCOMRAM  00007
batState@battery_number                  cstackCOMRAM  00022
batState@state                           cstackCOMRAM  00025
btemp                                    temp          0005F
end_of_initialization                    cinit         16E00
fputc@c                                  cstackCOMRAM  00003
fputc@fp                                 cstackCOMRAM  00005
fputs@c                                  cstackCOMRAM  00010
fputs@fp                                 cstackCOMRAM  0000E
fputs@i                                  cstackCOMRAM  00011
fputs@s                                  cstackCOMRAM  0000C
int$flags                                temp          0005F
intlevel0                                text          00000
intlevel1                                text          00000
intlevel2                                text          00000
intlevel3                                text          00000
isa$std                                  (abs)         00001
isa$xinst                                (abs)         00000
isdigit@c                                cstackCOMRAM  00001
isspace@c                                cstackCOMRAM  00001
main@bat_param                           cstackBANK0   00086
pad@buf                                  cstackCOMRAM  00015
pad@fp                                   cstackCOMRAM  00013
pad@i                                    cstackCOMRAM  0001A
pad@p                                    cstackCOMRAM  00017
pad@w                                    cstackCOMRAM  0001C
putch@txData                             cstackCOMRAM  00002
sprintf@ap                               cstackBANK0   0006C
sprintf@f                                cstackBANK0   0006E
sprintf@fmt                              cstackBANK0   00062
sprintf@s                                cstackBANK0   00060
stackhi                                  (abs)         00000
stacklo                                  (abs)         00000
start                                    init          0005C
start_initialization                     cinit         16D92
ttemp5                                   temp          00060
ttemp6                                   temp          00063
ttemp7                                   temp          00067
utoa@d                                   cstackCOMRAM  00020
utoa@fp                                  cstackCOMRAM  0001E
utoa@i                                   cstackCOMRAM  0003C
utoa@n                                   cstackCOMRAM  00034
utoa@p                                   cstackCOMRAM  00030
utoa@w                                   cstackCOMRAM  00032
vfpfcnvrt@ap                             cstackCOMRAM  00042
vfpfcnvrt@convarg                        cstackCOMRAM  00048
vfpfcnvrt@cp                             cstackCOMRAM  00052
vfpfcnvrt@done                           cstackCOMRAM  00050
vfpfcnvrt@fmt                            cstackCOMRAM  00040
vfpfcnvrt@fp                             cstackCOMRAM  0003E
vfprintf@ap                              cstackCOMRAM  00058
vfprintf@cfmt                            cstackCOMRAM  0005A
vfprintf@fmt                             cstackCOMRAM  00056
vfprintf@fp                              cstackCOMRAM  00054
wtemp8                                   temp          00060


MODULE INFORMATION

Module		Function		Class		Link	Load	Size
C:\Program Files\Microchip\xc8\v2.40\pic\sources\c99\common\nf_fputc.c
		_fputc         		CODE           	162EC	0000	202

C:\Program Files\Microchip\xc8\v2.40\pic\sources\c99\common\nf_fputc.c estimated size: 202

C:\Program Files\Microchip\xc8\v2.40\pic\sources\c99\common\nf_sprintf.c
		_sprintf       		CODE           	1716C	0000	82

C:\Program Files\Microchip\xc8\v2.40\pic\sources\c99\common\nf_sprintf.c estimated size: 82

C:\Program Files\Microchip\xc8\v2.40\pic\sources\c99\common\lwdiv.c
		___lwdiv       		CODE           	16E80	0000	116

C:\Program Files\Microchip\xc8\v2.40\pic\sources\c99\common\lwdiv.c estimated size: 116

C:\Program Files\Microchip\xc8\v2.40\pic\sources\c99\common\awdiv.c
		___awdiv       		CODE           	163B6	0000	196

C:\Program Files\Microchip\xc8\v2.40\pic\sources\c99\common\awdiv.c estimated size: 196

button.c
		_Button_EventGet		CODE           	174E4	0000	56
		_Button_Event_Reset		CODE           	17210	0000	80
		_ButtonLeft    		CODE           	176B0	0000	20
		_ButtonOK      		CODE           	17688	0000	20
		_Button_Init   		CODE           	141E8	0000	450
		_ButtonRight   		CODE           	176C4	0000	20
		_ButtonUp      		CODE           	176D8	0000	20
		_Button_Update 		CODE           	131B0	0000	1056
		_ButtonDown    		CODE           	1769C	0000	20

button.c estimated size: 1742

C:\Program Files\Microchip\xc8\v2.40\pic\sources\c99\common\isspace.c
		_isspace       		CODE           	172A8	0000	70

C:\Program Files\Microchip\xc8\v2.40\pic\sources\c99\common\isspace.c estimated size: 70

settings.c
		_setupClock    		CODE           	17756	0000	14
		_setupPWM      		CODE           	17700	0000	18
		_setupInterrupts		CODE           	17774	0000	6
		_setupPorts    		CODE           	1776E	0000	6
		_setupUART     		CODE           	17736	0000	16

settings.c estimated size: 60

C:\Program Files\Microchip\xc8\v2.40\pic\sources\c99\common\atoi.c
		_atoi          		CODE           	146A0	0000	350

C:\Program Files\Microchip\xc8\v2.40\pic\sources\c99\common\atoi.c estimated size: 350

C:\Program Files\Microchip\xc8\v2.40\pic\sources\c99\common\Umul16.c
		___wmul        		CODE           	175DC	0000	38

C:\Program Files\Microchip\xc8\v2.40\pic\sources\c99\common\Umul16.c estimated size: 38

LCD-KS0108/KS0108.c
		___GLCD_GotoX  		CODE           	16E0A	0000	118
		___GLCD_GotoY  		CODE           	17472	0000	58
		_GLCD_SelectChip		CODE           	173F8	0000	62
		_GLCD_BufferRead		CODE           	17550	0000	50
		_GLCD_Render   		CODE           	16F58	0000	96
		_GLCD_FillRectangle		CODE           	17626	0000	26
		_GLCD_GotoX    		CODE           	1765A	0000	24
		_GLCD_GotoY    		CODE           	17640	0000	26
		_GLCD_WaitBusy 		CODE           	17014	0000	90
		_GLCD_GotoXY   		CODE           	17746	0000	16
		_GLCD_FillScreen		CODE           	173B8	0000	64
		_Pulse_En      		CODE           	17712	0000	18
		_GLCD_Send     		CODE           	1647A	0000	184
		_GLCD_Setup    		CODE           	16C88	0000	136
		_GLCD_PrintString		CODE           	169CA	0000	146
		_GLCD_DrawHLine		CODE           	17260	0000	72
		_GLCD_DrawVLine		CODE           	174AC	0000	56
		_GLCD_SetFont  		CODE           	16A5C	0000	144
		_GLCD_SendCommand		CODE           	17436	0000	60
		_GLCD_SendData 		CODE           	16930	0000	154
		_GLCD_SetPixel 		CODE           	16D10	0000	130
		_GLCD_PrintChar		CODE           	1286A	0000	1224
		_GLCD_DrawRectangle		CODE           	16AEC	0000	140
		_GLCD_BufferWrite		CODE           	1751C	0000	52
		_GLCD_SetPixels		CODE           	138EE	0000	624
		_GLCD_Clear    		CODE           	17602	0000	36

LCD-KS0108/KS0108.c estimated size: 3806

interrupts.c
		_ISR           		CODE           	0008	0000	84
		_Init_Timer0   		CODE           	176EC	0000	20

interrupts.c estimated size: 104

C:\Program Files\Microchip\xc8\v2.40\pic\sources\c99\common\__lldiv.c
		___lldiv       		CODE           	1688C	0000	164

C:\Program Files\Microchip\xc8\v2.40\pic\sources\c99\common\__lldiv.c estimated size: 164

menu_definitions.c
		_CycleDisplay  		CODE           	1706E	0000	86
		_InitBattParameters		CODE           	143AA	0000	386
		_CellCount     		CODE           	15882	0000	266
		_SetTemp       		CODE           	15778	0000	266
		_SetDischargingCurrent_2		CODE           	14E9E	0000	338
		_CurrentDisplay		CODE           	170C4	0000	86
		_CycleSet      		CODE           	15CA4	0000	262
		_ChemistryDisplay		CODE           	15508	0000	312
		_TempDisplay   		CODE           	172EE	0000	68
		_batState      		CODE           	16532	0000	176
		_SetMaxTime    		CODE           	14FF0	0000	326
		_MinimumDischargeVoltage		CODE           	153C2	0000	326
		_Options1_Menu 		CODE           	167E4	0000	168
		_Options2_Menu 		CODE           	1668E	0000	172
		_Options3_Menu 		CODE           	16C00	0000	136
		_Options4_Menu 		CODE           	165E2	0000	172
		_Options5_Menu 		CODE           	16148	0000	212
		_TimeDisplay   		CODE           	15DAA	0000	254
		_SetDischargingCurrent_1		CODE           	1598C	0000	264
		_SetDischargingCurrent_4		CODE           	14BFA	0000	338
		_SetChargingCurrent_1		CODE           	15A94	0000	264
		_TrickleVoltage		CODE           	15136	0000	326
		_SetChargingCurrent_2		CODE           	14AA6	0000	340
		_CapacitanceDisplay		CODE           	17376	0000	66
		_TrickleCurrent		CODE           	15B9C	0000	264
		_SingleBat_Menu		CODE           	15F98	0000	220
		_SetCellVotage 		CODE           	1527C	0000	326
		_SetChargingCurrent_3		CODE           	14952	0000	340
		_VoltageDisplay		CODE           	16074	0000	212
		_ChargerMode   		CODE           	15640	0000	312
		_SetChargingCurrent_4		CODE           	147FE	0000	340
		_SetDischargingCurrent_3		CODE           	14D4C	0000	338

menu_definitions.c estimated size: 7962

menu_navigation.c
		_Handle_Main_MenuNavigation		CODE           	1452C	0000	372
		_Handle_Setting23_MenuNavigation		CODE           	12D32	0000	1150
		_Menu          		CODE           	10000	0000	10346
		_Handle_Setting1_MenuNavigation		CODE           	13DA6	0000	584
		_Handle_Setting5_MenuNavigation		CODE           	13B5E	0000	584

menu_navigation.c estimated size: 13036

C:\Program Files\Microchip\xc8\v2.40\pic\sources\c99\common\isdigit.c
		_isdigit       		CODE           	175B0	0000	44

C:\Program Files\Microchip\xc8\v2.40\pic\sources\c99\common\isdigit.c estimated size: 44

C:\Program Files\Microchip\xc8\v2.40\pic\sources\c99\common\lbdiv.c
		___lbdiv       		CODE           	16FB8	0000	92

C:\Program Files\Microchip\xc8\v2.40\pic\sources\c99\common\lbdiv.c estimated size: 92

C:\Program Files\Microchip\xc8\v2.40\pic\sources\c99\common\nf_fputs.c
		_fputs         		CODE           	17332	0000	68

C:\Program Files\Microchip\xc8\v2.40\pic\sources\c99\common\nf_fputs.c estimated size: 68

C:\Program Files\Microchip\xc8\v2.40\pic\sources\c99\common\lomod.c
		___lomod       		CODE           	1621C	0000	208

C:\Program Files\Microchip\xc8\v2.40\pic\sources\c99\common\lomod.c estimated size: 208

shared
		TwoBatMenu@F6070		MEDIUMCONST    	CA11	0000	11
		TwoBatMenu@F6072		MEDIUMCONST    	CA1C	0000	10
		TwoBatMenu@F6066		MEDIUMCONST    	CA30	0000	10
		TwoBatMenu@F6068		MEDIUMCONST    	CA26	0000	10
		__initialization		CODE           	16D92	0000	110
		_Tekton_Pro_Ext27x28		MEDIUMCONST    	CA3A	0000	10464
		_Font5x8       		MEDIUMCONST    	FBBA	0000	576
		_Tahoma11x13   		MEDIUMCONST    	F31A	0000	2208

shared estimated size: 13399

C:\Program Files\Microchip\xc8\v2.40\pic\sources\c99\common\lwmod.c
		___lwmod       		CODE           	16EF4	0000	100

C:\Program Files\Microchip\xc8\v2.40\pic\sources\c99\common\lwmod.c estimated size: 100

C:\Program Files\Microchip\xc8\v2.40\pic\sources\c99\common\llmod.c
		___llmod       		CODE           	16B78	0000	136

C:\Program Files\Microchip\xc8\v2.40\pic\sources\c99\common\llmod.c estimated size: 136

peripherials/UART.c
		_putch         		CODE           	17764	0000	10
		_UART_SendChar 		CODE           	17672	0000	22

peripherials/UART.c estimated size: 32

C:\Program Files\Microchip\xc8\v2.40\pic\sources\c99\common\doprnt.c
		_vfpfcnvrt     		CODE           	135D0	0000	798
		_pad           		CODE           	1673A	0000	170
		_vfprintf      		CODE           	171BE	0000	82
		_utoa          		CODE           	13FEE	0000	506

C:\Program Files\Microchip\xc8\v2.40\pic\sources\c99\common\doprnt.c estimated size: 1556

main.c
		_main          		CODE           	1711A	0000	82

main.c estimated size: 82

C:\Program Files\Microchip\xc8\v2.40\pic\sources\c99\common\lodiv.c
		___lodiv       		CODE           	15EA8	0000	240

C:\Program Files\Microchip\xc8\v2.40\pic\sources\c99\common\lodiv.c estimated size: 240

